# scripts/vscode-e2e.sh — VS Code 1.138.0 · extension v0.73.0 · 5cd382ba571fb930a9cd18fb6cd09ba21e39ff51
# 结果：32 passing / 0 failing / 0 pending（exit=0）

## doctor（服务器解析与版本自述）
--- doctor ---
sokonanoda doctor — 扩展 v0.73.0 (6 checks)
[ok] 1/6 resolution：bundled — /home/runner/work/sokonanoda-lang/sokonanoda-lang/editor/vscode/bin/linux-x64/sokonanoda-lsp (source=bundled)
[ok] 2/6 server-version：0.73.0 (pid 3113) == 扩展 v0.73.0 (source=bundled)
[ok] 3/6 host-version：运行宿主 v0.73.0
[ok] 4/6 ignored-override：没有被忽略的 serverPath/env 覆盖
[info] 5/6 download-cache：无下载缓存（仅影响 CLI/universal 兜底，不影响内置服务器）
[info] 6/6 obsolete-versions：检测到 0 个扩展版本快照、0 个 .obsolete 条目；完整重启 VS Code 会自动清理

## 用例
    ✔ .sokonanoda files get the sokonanoda language id (112ms)
    ✔ confusable-character highlight is off for sokonanoda files
    ✔ #check results appear as inlay hints (318ms)
    ✔ clean lesson publishes empty diagnostics (194ms)
    ✔ kernel-rejected declaration carries the kernel-rejected code (165ms)
    ✔ open exercise carries a sorry warning, not an error (236ms)
    ✔ a declaration named Prop warns, not errors (58ms)
    ✔ open exercise shows a hover on the hole (122ms)
    ✔ hover 的类型文本折成记法（T-U12 面 #3，e2e 那一份） (166ms)
    ✔ notation input: the rewriter produces ∧ and hover teaches \and (220ms)
    ✔ restart server command re-syncs open documents (225ms)
    ✔ infoview command is registered and revealable (178ms)
    ✔ the project tree shows the real closure of an imported module (364ms)
    ✔ the project tree names the file a single-file document is (163ms)
    ✔ the project tree marks a broken import as the root cause (143ms)
    ✔ build / rebuild commands warm the compile cache through the CLI (130ms)
    ✔ doctor command returns a read-only source + version report (53ms)
    ✔ declarations panel lists a project unit's declarations (45ms)
    ✔ open declaration ships coloured goal runs to the Infoview (39ms)
    ✔ next hole jumps inside a project unit
    ✔ warmCacheOnOpen pre-builds the workspace at activation
    ✔ reopening a project unit hits the compile cache (4003ms)
    ✔ rewriting an unchanged project unit does not recompile (1536ms)
    ✔ editing a dependency refreshes the open unit once (6547ms)
    ✔ goal text uses the file's notation (728ms)
    ✔ goal text folds a binder notation whose type contains a lambda (332ms)
    ✔ Infoview 的 `⊢` 用记法箭头 `→`，且 runs 与 text 同源 (347ms)
    ✔ Infoview 里集合字面量显示成 `{a}`（不是 `Set.singleton α a`） (341ms)
    ✔ go to definition on a `{a}` set literal lands on `Set.singleton` (95ms)
    ✔ go to definition on a prelude name lands in the prelude source (76ms)
    ✔ go to definition on a notation symbol lands on its declaration (107ms)
    ✔ hover on a notation symbol shows the target's signature (86ms)

## 扩展接线日志（SOKO_E2E_LOG）
2026-09-27T11:37:01.063Z server command: /home/runner/work/sokonanoda-lang/sokonanoda-lang/editor/vscode/bin/linux-x64/sokonanoda-lsp (source=bundled)
2026-09-27T11:37:01.065Z client state: starting
2026-09-27T11:37:01.111Z client state: running
2026-09-27T11:37:01.141Z loadProject: no active .sokonanoda document
2026-09-27T11:37:01.482Z active document changed: file:///tmp/sokonanoda-vscode-test-BJ3xxJ/check.sokonanoda
2026-09-27T11:37:01.495Z soko/project ok: project=null reason=no-imports
2026-09-27T11:37:01.680Z soko/project ok: project=null reason=no-imports
2026-09-27T11:37:01.692Z active document changed: (none)
2026-09-27T11:37:01.692Z loadProject: no active .sokonanoda document
2026-09-27T11:37:01.755Z active document changed: file:///tmp/sokonanoda-vscode-test-BJ3xxJ/lesson-clean.sokonanoda
2026-09-27T11:37:01.776Z soko/project ok: project=null reason=no-imports
2026-09-27T11:37:01.915Z active document changed: (none)
2026-09-27T11:37:01.915Z loadProject: no active .sokonanoda document
2026-09-27T11:37:01.963Z active document changed: file:///tmp/sokonanoda-vscode-test-BJ3xxJ/kernel-bad.sokonanoda
2026-09-27T11:37:01.984Z soko/project ok: project=null reason=no-imports
2026-09-27T11:37:02.175Z active document changed: (none)
2026-09-27T11:37:02.175Z loadProject: no active .sokonanoda document
2026-09-27T11:37:02.191Z loadProject: no active .sokonanoda document
2026-09-27T11:37:02.301Z active document changed: file:///tmp/sokonanoda-vscode-test-BJ3xxJ/exercise.sokonanoda
2026-09-27T11:37:02.322Z soko/project ok: project=null reason=no-imports
2026-09-27T11:37:02.439Z active document changed: (none)
2026-09-27T11:37:02.440Z loadProject: no active .sokonanoda document
2026-09-27T11:37:02.491Z active document changed: file:///tmp/sokonanoda-vscode-test-BJ3xxJ/reserved.sokonanoda
2026-09-27T11:37:02.505Z soko/project ok: project=null reason=no-imports
2026-09-27T11:37:02.524Z soko/project ok: project=null reason=no-imports
2026-09-27T11:37:02.549Z active document changed: (none)
2026-09-27T11:37:02.549Z loadProject: no active .sokonanoda document
2026-09-27T11:37:02.615Z active document changed: file:///tmp/sokonanoda-vscode-test-BJ3xxJ/exercise-hover.sokonanoda
2026-09-27T11:37:02.625Z soko/project ok: project=null reason=no-imports
2026-09-27T11:37:02.701Z active document changed: (none)
2026-09-27T11:37:02.702Z loadProject: no active .sokonanoda document
2026-09-27T11:37:02.759Z active document changed: file:///home/runner/work/sokonanoda-lang/sokonanoda-lang/editor/vscode/src/test/fixtures/workspace/units/u01.sokonanoda
2026-09-27T11:37:02.789Z soko/project ok: project=units.u01 (2 modules) reason=null
2026-09-27T11:37:02.892Z active document changed: (none)
2026-09-27T11:37:02.892Z loadProject: no active .sokonanoda document
2026-09-27T11:37:02.994Z active document changed: file:///tmp/sokonanoda-vscode-test-BJ3xxJ/notation-input.sokonanoda
2026-09-27T11:37:03.017Z soko/project ok: project=null reason=no-imports
2026-09-27T11:37:03.025Z soko/project ok: project=null reason=no-imports
2026-09-27T11:37:03.156Z active document changed: (none)
2026-09-27T11:37:03.156Z loadProject: no active .sokonanoda document
2026-09-27T11:37:03.225Z active document changed: file:///tmp/sokonanoda-vscode-test-BJ3xxJ/restart.sokonanoda
2026-09-27T11:37:03.237Z soko/project ok: project=null reason=no-imports
2026-09-27T11:37:03.237Z soko/project ok: project=null reason=no-imports
2026-09-27T11:37:03.240Z client state: stopped
2026-09-27T11:37:03.244Z client state: starting
2026-09-27T11:37:03.275Z client state: running
2026-09-27T11:37:03.414Z active document changed: (none)
2026-09-27T11:37:03.414Z loadProject: no active .sokonanoda document
2026-09-27T11:37:03.529Z loadProject: no active .sokonanoda document
2026-09-27T11:37:03.763Z active document changed: file:///tmp/sokonanoda-vscode-test-BJ3xxJ/proj-ok/Main.sokonanoda
2026-09-27T11:37:03.782Z soko/project ok: project=Main (2 modules) reason=null
2026-09-27T11:37:03.795Z soko/project ok: project=Main (2 modules) reason=null
2026-09-27T11:37:03.898Z soko/project ok: project=Main (2 modules) reason=null
2026-09-27T11:37:03.984Z soko/project ok: project=Main (2 modules) reason=null
2026-09-27T11:37:04.079Z active document changed: (none)
2026-09-27T11:37:04.079Z loadProject: no active .sokonanoda document
2026-09-27T11:37:04.133Z active document changed: file:///tmp/sokonanoda-vscode-test-BJ3xxJ/single.sokonanoda
2026-09-27T11:37:04.144Z soko/project ok: project=null reason=no-imports
2026-09-27T11:37:04.148Z soko/project ok: project=null reason=no-imports
2026-09-27T11:37:04.255Z active document changed: (none)
2026-09-27T11:37:04.255Z loadProject: no active .sokonanoda document
2026-09-27T11:37:04.287Z active document changed: file:///tmp/sokonanoda-vscode-test-BJ3xxJ/proj-broken/Main.sokonanoda
2026-09-27T11:37:04.298Z soko/project ok: project=Main (1 modules) reason=null
2026-09-27T11:37:04.302Z soko/project ok: project=Main (1 modules) reason=null
2026-09-27T11:37:04.327Z soko/project ok: project=Main (1 modules) reason=null
2026-09-27T11:37:04.407Z active document changed: (none)
2026-09-27T11:37:04.407Z loadProject: no active .sokonanoda document
2026-09-27T11:37:04.446Z active document changed: file:///tmp/sokonanoda-vscode-test-BJ3xxJ/build-smoke.sokonanoda
2026-09-27T11:37:04.456Z soko/project ok: project=null reason=no-imports
2026-09-27T11:37:04.485Z soko/project ok: project=null reason=no-imports
2026-09-27T11:37:04.506Z soko/project ok: project=null reason=no-imports
2026-09-27T11:37:04.544Z soko/project ok: project=null reason=no-imports
2026-09-27T11:37:04.571Z active document changed: (none)
2026-09-27T11:37:04.571Z loadProject: no active .sokonanoda document
2026-09-27T11:37:04.635Z loadProject: no active .sokonanoda document
2026-09-27T11:37:04.669Z active document changed: file:///home/runner/work/sokonanoda-lang/sokonanoda-lang/editor/vscode/src/test/fixtures/workspace/units/u01.sokonanoda
2026-09-27T11:37:04.693Z soko/project ok: project=units.u01 (2 modules) reason=null
2026-09-27T11:37:04.773Z warmCacheOnOpen: exit=0
2026-09-27T11:37:04.781Z active document changed: (none)
2026-09-27T11:37:04.781Z loadProject: no active .sokonanoda document
2026-09-27T11:37:04.819Z active document changed: file:///home/runner/work/sokonanoda-lang/sokonanoda-lang/editor/vscode/src/test/fixtures/workspace/units/u01.sokonanoda
2026-09-27T11:37:04.828Z soko/project ok: project=units.u01 (2 modules) reason=null
2026-09-27T11:37:04.885Z active document changed: (none)
2026-09-27T11:37:04.885Z loadProject: no active .sokonanoda document
2026-09-27T11:37:04.906Z active document changed: file:///home/runner/work/sokonanoda-lang/sokonanoda-lang/editor/vscode/src/test/fixtures/workspace/units/u01.sokonanoda
2026-09-27T11:37:04.919Z soko/project ok: project=units.u01 (2 modules) reason=null
2026-09-27T11:37:04.966Z active document changed: (none)
2026-09-27T11:37:04.966Z loadProject: no active .sokonanoda document
2026-09-27T11:37:04.996Z active document changed: file:///home/runner/work/sokonanoda-lang/sokonanoda-lang/editor/vscode/src/test/fixtures/workspace/units/u02-cold-open.sokonanoda
2026-09-27T11:37:05.007Z soko/project ok: project=null reason=no-imports
2026-09-27T11:37:08.898Z client state: stopped
2026-09-27T11:37:08.900Z client state: starting
2026-09-27T11:37:08.911Z client state: running
PERF e2e cache: cold=3916ms warm=85ms
2026-09-27T11:37:09.005Z active document changed: (none)
2026-09-27T11:37:09.005Z loadProject: no active .sokonanoda document
2026-09-27T11:37:09.026Z active document changed: file:///home/runner/work/sokonanoda-lang/sokonanoda-lang/editor/vscode/src/test/fixtures/workspace/units/u01.sokonanoda
2026-09-27T11:37:09.037Z soko/project ok: project=units.u01 (2 modules) reason=null
2026-09-27T11:37:09.217Z soko/project ok: project=units.u01 (2 modules) reason=null
2026-09-27T11:37:09.567Z soko/project ok: project=units.u01 (2 modules) reason=null
2026-09-27T11:37:10.549Z active document changed: (none)
2026-09-27T11:37:10.549Z loadProject: no active .sokonanoda document
2026-09-27T11:37:10.569Z active document changed: file:///home/runner/work/sokonanoda-lang/sokonanoda-lang/editor/vscode/src/test/fixtures/workspace/units/u01.sokonanoda
2026-09-27T11:37:10.577Z soko/project ok: project=units.u01 (2 modules) reason=null
2026-09-27T11:37:12.792Z soko/project ok: project=units.u01 (2 modules) reason=null
PERF e2e fanout: entry diagnostics signature=152 字节 · 稳定 ✓
2026-09-27T11:37:17.105Z active document changed: (none)
2026-09-27T11:37:17.105Z loadProject: no active .sokonanoda document
2026-09-27T11:37:17.122Z active document changed: file:///home/runner/work/sokonanoda-lang/sokonanoda-lang/editor/vscode/src/test/fixtures/workspace/units/u01.sokonanoda
2026-09-27T11:37:17.132Z soko/project ok: project=units.u01 (2 modules) reason=null
2026-09-27T11:37:17.768Z soko/project ok: project=units.u01 (2 modules) reason=null
2026-09-27T11:37:17.843Z active document changed: (none)
2026-09-27T11:37:17.843Z loadProject: no active .sokonanoda document
2026-09-27T11:37:17.862Z active document changed: file:///home/runner/work/sokonanoda-lang/sokonanoda-lang/editor/vscode/src/test/fixtures/workspace/units/u01.sokonanoda
2026-09-27T11:37:17.877Z soko/project ok: project=units.u01 (2 modules) reason=null
2026-09-27T11:37:18.185Z active document changed: (none)
2026-09-27T11:37:18.185Z loadProject: no active .sokonanoda document
2026-09-27T11:37:18.214Z active document changed: file:///home/runner/work/sokonanoda-lang/sokonanoda-lang/editor/vscode/src/test/fixtures/workspace/units/u01.sokonanoda
2026-09-27T11:37:18.231Z soko/project ok: project=units.u01 (2 modules) reason=null
2026-09-27T11:37:18.548Z active document changed: (none)
2026-09-27T11:37:18.548Z loadProject: no active .sokonanoda document
2026-09-27T11:37:18.576Z active document changed: file:///home/runner/work/sokonanoda-lang/sokonanoda-lang/editor/vscode/src/test/fixtures/workspace/units/u01.sokonanoda
2026-09-27T11:37:18.587Z soko/project ok: project=units.u01 (2 modules) reason=null
2026-09-27T11:37:18.901Z active document changed: (none)
2026-09-27T11:37:18.902Z loadProject: no active .sokonanoda document
2026-09-27T11:37:18.924Z active document changed: file:///home/runner/work/sokonanoda-lang/sokonanoda-lang/editor/vscode/src/test/fixtures/workspace/units/u01.sokonanoda
2026-09-27T11:37:18.938Z soko/project ok: project=units.u01 (2 modules) reason=null
2026-09-27T11:37:19.006Z active document changed: (none)
2026-09-27T11:37:19.006Z loadProject: no active .sokonanoda document
2026-09-27T11:37:19.027Z active document changed: file:///home/runner/work/sokonanoda-lang/sokonanoda-lang/editor/vscode/src/test/fixtures/workspace/units/u01.sokonanoda
2026-09-27T11:37:19.037Z soko/project ok: project=units.u01 (2 modules) reason=null
2026-09-27T11:37:19.092Z active document changed: (none)
2026-09-27T11:37:19.092Z loadProject: no active .sokonanoda document
2026-09-27T11:37:19.116Z active document changed: file:///home/runner/work/sokonanoda-lang/sokonanoda-lang/editor/vscode/src/test/fixtures/workspace/units/u01.sokonanoda
2026-09-27T11:37:19.130Z soko/project ok: project=units.u01 (2 modules) reason=null
2026-09-27T11:37:19.210Z active document changed: (none)
2026-09-27T11:37:19.210Z loadProject: no active .sokonanoda document
2026-09-27T11:37:19.229Z active document changed: file:///home/runner/work/sokonanoda-lang/sokonanoda-lang/editor/vscode/src/test/fixtures/workspace/units/u01.sokonanoda
2026-09-27T11:37:19.244Z soko/project ok: project=units.u01 (2 modules) reason=null
2026-09-27T11:37:19.308Z active document changed: (none)
2026-09-27T11:37:19.308Z loadProject: no active .sokonanoda document
2026-09-27T11:37:19.348Z client state: stopped
