# scripts/vscode-e2e.sh — VS Code 1.138.0 · extension v0.87.3 · 48a2cb4c905588826c26a45313c58364928dbf5f
# 结果：45 passing / 0 failing / 0 pending（exit=0）

## doctor（服务器解析与版本自述）
--- doctor ---
sokonanoda doctor — 扩展 v0.87.3 (6 checks)
[ok] 1/6 resolution：bundled — /Users/penglingwei/Documents/lean/sokonanoda/sokonanoda-lang/editor/vscode/bin/darwin-arm64/sokonanoda-lsp (source=bundled)
[ok] 2/6 server-version：0.87.3 (pid 3164) == 扩展 v0.87.3 (source=bundled)
[ok] 3/6 host-version：运行宿主 v0.87.3
[ok] 4/6 ignored-override：没有被忽略的 serverPath/env 覆盖
[info] 5/6 download-cache：缓存 marker 0.73.0 darwin-arm64 != 扩展 v0.87.3；可运行 sokonanoda update
[info] 6/6 obsolete-versions：检测到 0 个扩展版本快照、0 个 .obsolete 条目；完整重启 VS Code 会自动清理

## 用例
    ✔ .sokonanoda files get the sokonanoda language id
    ✔ confusable-character highlight is off for sokonanoda files
    ✔ `#check` results are NOT inlay hints (they live in the Infoview) (119ms)
    ✔ C3：`#check`/`#print` 的输出出现在 Infoview 的「命令输出」块里 (326ms)
    ✔ C3（项目模式）：带 import 的文件里 `#print` 的输出也要到 Infoview (628ms)
    ✔ C3 重复输出：项目文件里连续编辑，`#check` 的输出始终只有一条 (3590ms)
    ✔ clean lesson publishes empty diagnostics (45ms)
    ✔ kernel-rejected declaration carries the kernel-rejected code
    ✔ open exercise carries a sorry warning, not an error
    ✔ a declaration named Prop warns, not errors
    ✔ open exercise shows a hover on the hole
    ✔ hover 的类型文本折成记法（T-U12 面 #3，e2e 那一份） (45ms)
    ✔ notation input: the rewriter produces ∧ and hover teaches \and
    ✔ notation input: greek letters and the anon-ctor brackets, in a real host (90ms)
    ✔ restart server command re-syncs open documents (142ms)
    ✔ infoview command is registered and revealable
    ✔ the project tree shows the real closure of an imported module (226ms)
    ✔ the project tree names the file a single-file document is (121ms)
    ✔ the project tree marks a broken import as the root cause (121ms)
    ✔ build / rebuild commands warm the compile cache through the CLI (140ms)
    ✔ Clean Cache empties the project store and does not compile (E31) (1653ms)
    ✔ Rebuild shows a non-zero percent while it is still running (②) (231ms)
    ✔ the Infoview receives the project view (E30)
    ✔ Infoview 'definition' lands exactly where the editor F12 lands (E27) (53ms)
    ✔ import 行的模块名是链接，指向被导入的文件（documentLink）
    ✔ doctor command returns a read-only source + version report
    ✔ declarations panel lists a project unit's declarations
    ✔ open declaration ships coloured goal runs to the Infoview
    ✔ next hole jumps inside a project unit
    ✔ warmCacheOnOpen pre-builds the workspace at activation
    ✔ reopening a project unit hits the compile cache (213ms)
    ✔ rewriting an unchanged project unit does not recompile (1922ms)
    ✔ editing a dependency refreshes the open unit once (4747ms)
    ✔ goal text uses the file's notation (329ms)
    ✔ goal text folds a binder notation whose type contains a lambda (215ms)
    ✔ B2：光标在末条 tactic 之内 ⇒ 目标是它**作用后**的状态（闭合 ⇒ 无目标） (324ms)
    ✔ Infoview 的 `⊢` 用记法箭头 `→`，且 runs 与 text 同源 (316ms)
    ✔ Infoview 里集合字面量显示成 `{a}`（不是 `Set.singleton α a`） (316ms)
    ✔ go to definition on a `{a}` set literal lands on `Set.singleton`
    ✔ go to definition on a prelude name lands in the prelude source (68ms)
    ✔ go to definition on a notation symbol lands on its declaration
    ✔ hover on a notation symbol shows the target's signature (41ms)
    ✔ edit responsiveness: last keystroke reaches diagnostics and the goal panel (1558ms)
    ✔ edit responsiveness (project mode): A/B flicker with the show delay off vs on (3249ms)
    ✔ edit responsiveness (project mode): first keystroke after open vs steady state (780ms)

## 扩展接线日志（SOKO_E2E_LOG）
2026-10-10T03:51:15.895Z server command: /Users/penglingwei/Documents/lean/sokonanoda/sokonanoda-lang/editor/vscode/bin/darwin-arm64/sokonanoda-lsp (source=bundled)
2026-10-10T03:51:15.896Z client state: starting
2026-10-10T03:51:16.224Z warmCacheOnOpen: exit=0
2026-10-10T03:51:16.393Z client state: running
2026-10-10T03:51:16.396Z loadProject: no active .sokonanoda document
2026-10-10T03:51:16.469Z active document changed: file:///var/folders/81/6wvjcvys3y300jnj259_2jbw0000gn/T/sokonanoda-vscode-test-wY2B6G/check-no-inlay.sokonanoda
2026-10-10T03:51:16.472Z soko/project ok: project=null reason=no-imports
2026-10-10T03:51:16.561Z active document changed: (none)
2026-10-10T03:51:16.561Z loadProject: no active .sokonanoda document
2026-10-10T03:51:16.583Z active document changed: file:///var/folders/81/6wvjcvys3y300jnj259_2jbw0000gn/T/sokonanoda-vscode-test-wY2B6G/c3-command-output.sokonanoda
2026-10-10T03:51:16.603Z soko/project ok: project=null reason=no-imports
2026-10-10T03:51:16.647Z soko/project ok: project=null reason=no-imports
2026-10-10T03:51:16.802Z soko/project ok: project=null reason=no-imports
2026-10-10T03:51:16.899Z active document changed: (none)
2026-10-10T03:51:16.899Z loadProject: no active .sokonanoda document
2026-10-10T03:51:16.912Z active document changed: file:///var/folders/81/6wvjcvys3y300jnj259_2jbw0000gn/T/sokonanoda-vscode-test-wY2B6G/c3-project/Main.sokonanoda
2026-10-10T03:51:16.914Z soko/project ok: project=Main (2 modules) reason=null
2026-10-10T03:51:17.135Z soko/project ok: project=Main (2 modules) reason=null
2026-10-10T03:51:17.535Z active document changed: (none)
2026-10-10T03:51:17.535Z loadProject: no active .sokonanoda document
2026-10-10T03:51:17.554Z active document changed: file:///var/folders/81/6wvjcvys3y300jnj259_2jbw0000gn/T/sokonanoda-vscode-test-wY2B6G/check-repeat/Main.sokonanoda
2026-10-10T03:51:17.557Z soko/project ok: project=null reason=no-imports
2026-10-10T03:51:17.766Z soko/project ok: project=Main (2 modules) reason=null
2026-10-10T03:51:18.120Z soko/project ok: project=Main (2 modules) reason=null
2026-10-10T03:51:18.428Z soko/project ok: project=Main (2 modules) reason=null
2026-10-10T03:51:18.632Z soko/project ok: project=Main (2 modules) reason=null
2026-10-10T03:51:21.137Z active document changed: (none)
2026-10-10T03:51:21.137Z loadProject: no active .sokonanoda document
2026-10-10T03:51:21.158Z active document changed: file:///var/folders/81/6wvjcvys3y300jnj259_2jbw0000gn/T/sokonanoda-vscode-test-wY2B6G/lesson-clean.sokonanoda
2026-10-10T03:51:21.161Z soko/project ok: project=null reason=no-imports
2026-10-10T03:51:21.191Z active document changed: (none)
2026-10-10T03:51:21.191Z loadProject: no active .sokonanoda document
2026-10-10T03:51:21.218Z active document changed: file:///var/folders/81/6wvjcvys3y300jnj259_2jbw0000gn/T/sokonanoda-vscode-test-wY2B6G/kernel-bad.sokonanoda
2026-10-10T03:51:21.221Z soko/project ok: project=null reason=no-imports
2026-10-10T03:51:21.233Z active document changed: (none)
2026-10-10T03:51:21.233Z loadProject: no active .sokonanoda document
2026-10-10T03:51:21.255Z active document changed: file:///var/folders/81/6wvjcvys3y300jnj259_2jbw0000gn/T/sokonanoda-vscode-test-wY2B6G/exercise.sokonanoda
2026-10-10T03:51:21.257Z soko/project ok: project=null reason=no-imports
2026-10-10T03:51:21.268Z active document changed: (none)
2026-10-10T03:51:21.268Z loadProject: no active .sokonanoda document
2026-10-10T03:51:21.284Z active document changed: file:///var/folders/81/6wvjcvys3y300jnj259_2jbw0000gn/T/sokonanoda-vscode-test-wY2B6G/reserved.sokonanoda
2026-10-10T03:51:21.286Z soko/project ok: project=null reason=no-imports
2026-10-10T03:51:21.299Z active document changed: (none)
2026-10-10T03:51:21.299Z loadProject: no active .sokonanoda document
2026-10-10T03:51:21.311Z active document changed: file:///var/folders/81/6wvjcvys3y300jnj259_2jbw0000gn/T/sokonanoda-vscode-test-wY2B6G/exercise-hover.sokonanoda
2026-10-10T03:51:21.313Z soko/project ok: project=null reason=no-imports
2026-10-10T03:51:21.326Z active document changed: (none)
2026-10-10T03:51:21.326Z loadProject: no active .sokonanoda document
2026-10-10T03:51:21.339Z active document changed: file:///Users/penglingwei/Documents/lean/sokonanoda/sokonanoda-lang/editor/vscode/src/test/fixtures/workspace/units/u01.sokonanoda
2026-10-10T03:51:21.342Z soko/project ok: project=units.u01 (2 modules) reason=null
2026-10-10T03:51:21.378Z active document changed: (none)
2026-10-10T03:51:21.378Z loadProject: no active .sokonanoda document
2026-10-10T03:51:21.389Z active document changed: file:///var/folders/81/6wvjcvys3y300jnj259_2jbw0000gn/T/sokonanoda-vscode-test-wY2B6G/notation-input.sokonanoda
2026-10-10T03:51:21.391Z soko/project ok: project=null reason=no-imports
2026-10-10T03:51:21.417Z active document changed: (none)
2026-10-10T03:51:21.417Z loadProject: no active .sokonanoda document
2026-10-10T03:51:21.440Z active document changed: file:///var/folders/81/6wvjcvys3y300jnj259_2jbw0000gn/T/sokonanoda-vscode-test-wY2B6G/notation-input-greek.sokonanoda
2026-10-10T03:51:21.449Z soko/project ok: project=null reason=no-imports
2026-10-10T03:51:21.518Z active document changed: (none)
2026-10-10T03:51:21.518Z loadProject: no active .sokonanoda document
2026-10-10T03:51:21.535Z active document changed: file:///var/folders/81/6wvjcvys3y300jnj259_2jbw0000gn/T/sokonanoda-vscode-test-wY2B6G/restart.sokonanoda
2026-10-10T03:51:21.537Z soko/project ok: project=null reason=no-imports
2026-10-10T03:51:21.544Z client state: stopped
2026-10-10T03:51:21.546Z client state: starting
2026-10-10T03:51:21.560Z client state: running
2026-10-10T03:51:21.667Z active document changed: (none)
2026-10-10T03:51:21.667Z loadProject: no active .sokonanoda document
2026-10-10T03:51:21.710Z active document changed: file:///var/folders/81/6wvjcvys3y300jnj259_2jbw0000gn/T/sokonanoda-vscode-test-wY2B6G/proj-ok/Main.sokonanoda
2026-10-10T03:51:21.712Z soko/project ok: project=null reason=no-imports
2026-10-10T03:51:21.717Z soko/project ok: project=Main (2 modules) reason=null
2026-10-10T03:51:21.763Z soko/project ok: project=Main (2 modules) reason=null
2026-10-10T03:51:21.820Z soko/project ok: project=Main (2 modules) reason=null
2026-10-10T03:51:21.918Z soko/project ok: project=Main (2 modules) reason=null
2026-10-10T03:51:21.924Z active document changed: (none)
2026-10-10T03:51:21.927Z loadProject: no active .sokonanoda document
2026-10-10T03:51:21.942Z active document changed: file:///var/folders/81/6wvjcvys3y300jnj259_2jbw0000gn/T/sokonanoda-vscode-test-wY2B6G/single.sokonanoda
2026-10-10T03:51:21.943Z soko/project ok: project=null reason=no-imports
2026-10-10T03:51:21.949Z soko/project ok: project=null reason=no-imports
2026-10-10T03:51:22.054Z active document changed: (none)
2026-10-10T03:51:22.054Z loadProject: no active .sokonanoda document
2026-10-10T03:51:22.071Z active document changed: file:///var/folders/81/6wvjcvys3y300jnj259_2jbw0000gn/T/sokonanoda-vscode-test-wY2B6G/proj-broken/Main.sokonanoda
2026-10-10T03:51:22.074Z soko/project ok: project=Main (1 modules) reason=null
2026-10-10T03:51:22.080Z soko/project ok: project=Main (1 modules) reason=null
2026-10-10T03:51:22.184Z active document changed: (none)
2026-10-10T03:51:22.185Z loadProject: no active .sokonanoda document
2026-10-10T03:51:22.194Z active document changed: file:///Users/penglingwei/Documents/lean/sokonanoda/sokonanoda-lang/editor/vscode/src/test/fixtures/workspace/units/u01.sokonanoda
2026-10-10T03:51:22.197Z soko/project ok: project=units.u01 (2 modules) reason=null
2026-10-10T03:51:22.219Z soko/project ok: project=units.u01 (2 modules) reason=null
2026-10-10T03:51:22.275Z soko/project ok: project=units.u01 (2 modules) reason=null
2026-10-10T03:51:22.328Z soko/project ok: project=units.u01 (2 modules) reason=null
2026-10-10T03:51:22.344Z active document changed: (none)
2026-10-10T03:51:22.344Z loadProject: no active .sokonanoda document
2026-10-10T03:51:22.352Z active document changed: file:///Users/penglingwei/Documents/lean/sokonanoda/sokonanoda-lang/editor/vscode/src/test/fixtures/workspace/units/u01.sokonanoda
2026-10-10T03:51:22.354Z soko/project ok: project=units.u01 (2 modules) reason=null
2026-10-10T03:51:22.375Z soko/project ok: project=units.u01 (2 modules) reason=null
2026-10-10T03:51:22.381Z soko/project ok: project=units.u01 (2 modules) reason=null
2026-10-10T03:51:23.999Z soko/project ok: project=units.u01 (2 modules) reason=null
2026-10-10T03:51:24.013Z active document changed: (none)
2026-10-10T03:51:24.014Z loadProject: no active .sokonanoda document
2026-10-10T03:51:24.033Z active document changed: file:///Users/penglingwei/Documents/lean/sokonanoda/sokonanoda-lang/editor/vscode/src/test/fixtures/workspace/units/u01.sokonanoda
2026-10-10T03:51:24.037Z soko/project ok: project=units.u01 (2 modules) reason=null
2026-10-10T03:51:24.065Z soko/project ok: project=units.u01 (2 modules) reason=null
2026-10-10T03:51:24.247Z soko/project ok: project=units.u01 (2 modules) reason=null
2026-10-10T03:51:24.260Z active document changed: (none)
2026-10-10T03:51:24.260Z loadProject: no active .sokonanoda document
2026-10-10T03:51:24.272Z active document changed: file:///Users/penglingwei/Documents/lean/sokonanoda/sokonanoda-lang/editor/vscode/src/test/fixtures/workspace/units/u01.sokonanoda
2026-10-10T03:51:24.274Z soko/project ok: project=units.u01 (2 modules) reason=null
2026-10-10T03:51:24.303Z active document changed: (none)
2026-10-10T03:51:24.303Z loadProject: no active .sokonanoda document
2026-10-10T03:51:24.313Z active document changed: file:///Users/penglingwei/Documents/lean/sokonanoda/sokonanoda-lang/editor/vscode/src/test/fixtures/workspace/units/u01.sokonanoda
2026-10-10T03:51:24.316Z soko/project ok: project=units.u01 (2 modules) reason=null
2026-10-10T03:51:24.348Z active document changed: (none)
2026-10-10T03:51:24.349Z loadProject: no active .sokonanoda document
2026-10-10T03:51:24.352Z active document changed: file:///Users/penglingwei/Documents/lean/sokonanoda/sokonanoda-lang/editor/vscode/src/test/fixtures/workspace/lib/Set.sokonanoda
2026-10-10T03:51:24.355Z soko/project ok: project=null reason=no-imports
2026-10-10T03:51:24.375Z active document changed: (none)
2026-10-10T03:51:24.375Z loadProject: no active .sokonanoda document
2026-10-10T03:51:24.392Z active document changed: file:///var/folders/81/6wvjcvys3y300jnj259_2jbw0000gn/T/sokonanoda-vscode-test-wY2B6G/import-links/Entry.sokonanoda
2026-10-10T03:51:24.394Z soko/project ok: project=Entry (2 modules) reason=null
2026-10-10T03:51:24.417Z active document changed: (none)
2026-10-10T03:51:24.417Z loadProject: no active .sokonanoda document
2026-10-10T03:51:24.432Z active document changed: file:///Users/penglingwei/Documents/lean/sokonanoda/sokonanoda-lang/editor/vscode/src/test/fixtures/workspace/units/u01.sokonanoda
2026-10-10T03:51:24.435Z soko/project ok: project=units.u01 (2 modules) reason=null
2026-10-10T03:51:24.470Z active document changed: (none)
2026-10-10T03:51:24.470Z loadProject: no active .sokonanoda document
2026-10-10T03:51:24.479Z active document changed: file:///Users/penglingwei/Documents/lean/sokonanoda/sokonanoda-lang/editor/vscode/src/test/fixtures/workspace/units/u01.sokonanoda
2026-10-10T03:51:24.482Z soko/project ok: project=units.u01 (2 modules) reason=null
2026-10-10T03:51:24.512Z active document changed: (none)
2026-10-10T03:51:24.512Z loadProject: no active .sokonanoda document
2026-10-10T03:51:24.521Z active document changed: file:///Users/penglingwei/Documents/lean/sokonanoda/sokonanoda-lang/editor/vscode/src/test/fixtures/workspace/units/u01.sokonanoda
2026-10-10T03:51:24.523Z soko/project ok: project=units.u01 (2 modules) reason=null
2026-10-10T03:51:24.550Z soko/project ok: project=units.u01 (2 modules) reason=null
2026-10-10T03:51:24.555Z active document changed: (none)
2026-10-10T03:51:24.555Z loadProject: no active .sokonanoda document
2026-10-10T03:51:24.573Z active document changed: file:///Users/penglingwei/Documents/lean/sokonanoda/sokonanoda-lang/editor/vscode/src/test/fixtures/workspace/units/u02-cold-open.sokonanoda
2026-10-10T03:51:24.576Z soko/project ok: project=null reason=no-imports
2026-10-10T03:51:24.723Z client state: stopped
2026-10-10T03:51:24.724Z client state: starting
2026-10-10T03:51:24.729Z client state: running
PERF e2e cache: cold=159ms warm=53ms
2026-10-10T03:51:24.779Z active document changed: (none)
2026-10-10T03:51:24.779Z loadProject: no active .sokonanoda document
2026-10-10T03:51:24.789Z active document changed: file:///Users/penglingwei/Documents/lean/sokonanoda/sokonanoda-lang/editor/vscode/src/test/fixtures/workspace/units/u01.sokonanoda
2026-10-10T03:51:24.792Z soko/project ok: project=units.u01 (2 modules) reason=null
2026-10-10T03:51:24.981Z soko/project ok: project=units.u01 (2 modules) reason=null
2026-10-10T03:51:25.383Z soko/project ok: project=units.u01 (2 modules) reason=null
2026-10-10T03:51:25.811Z soko/project ok: project=units.u01 (2 modules) reason=null
2026-10-10T03:51:26.706Z active document changed: (none)
2026-10-10T03:51:26.706Z loadProject: no active .sokonanoda document
2026-10-10T03:51:26.717Z active document changed: file:///Users/penglingwei/Documents/lean/sokonanoda/sokonanoda-lang/editor/vscode/src/test/fixtures/workspace/units/u01.sokonanoda
2026-10-10T03:51:26.719Z soko/project ok: project=units.u01 (2 modules) reason=null
2026-10-10T03:51:27.102Z soko/project ok: project=units.u01 (2 modules) reason=null
2026-10-10T03:51:27.266Z soko/project ok: project=units.u01 (2 modules) reason=null
PERF e2e fanout: entry diagnostics signature=152 字节 · 稳定 ✓
2026-10-10T03:51:31.465Z active document changed: (none)
2026-10-10T03:51:31.466Z loadProject: no active .sokonanoda document
2026-10-10T03:51:31.484Z active document changed: file:///Users/penglingwei/Documents/lean/sokonanoda/sokonanoda-lang/editor/vscode/src/test/fixtures/workspace/units/u01.sokonanoda
2026-10-10T03:51:31.487Z soko/project ok: project=units.u01 (2 modules) reason=null
2026-10-10T03:51:31.772Z soko/project ok: project=units.u01 (2 modules) reason=null
2026-10-10T03:51:31.801Z active document changed: (none)
2026-10-10T03:51:31.801Z loadProject: no active .sokonanoda document
2026-10-10T03:51:31.811Z active document changed: file:///Users/penglingwei/Documents/lean/sokonanoda/sokonanoda-lang/editor/vscode/src/test/fixtures/workspace/units/u01.sokonanoda
2026-10-10T03:51:31.813Z soko/project ok: project=units.u01 (2 modules) reason=null
2026-10-10T03:51:32.014Z soko/project ok: project=units.u01 (2 modules) reason=null
2026-10-10T03:51:32.021Z active document changed: (none)
2026-10-10T03:51:32.021Z loadProject: no active .sokonanoda document
2026-10-10T03:51:32.028Z active document changed: file:///Users/penglingwei/Documents/lean/sokonanoda/sokonanoda-lang/editor/vscode/src/test/fixtures/workspace/units/u01.sokonanoda
2026-10-10T03:51:32.032Z soko/project ok: project=units.u01 (2 modules) reason=null
2026-10-10T03:51:32.350Z active document changed: (none)
2026-10-10T03:51:32.351Z loadProject: no active .sokonanoda document
2026-10-10T03:51:32.361Z active document changed: file:///Users/penglingwei/Documents/lean/sokonanoda/sokonanoda-lang/editor/vscode/src/test/fixtures/workspace/units/u01.sokonanoda
2026-10-10T03:51:32.363Z soko/project ok: project=units.u01 (2 modules) reason=null
2026-10-10T03:51:32.673Z active document changed: (none)
2026-10-10T03:51:32.674Z loadProject: no active .sokonanoda document
2026-10-10T03:51:32.681Z active document changed: file:///Users/penglingwei/Documents/lean/sokonanoda/sokonanoda-lang/editor/vscode/src/test/fixtures/workspace/units/u01.sokonanoda
2026-10-10T03:51:32.684Z soko/project ok: project=units.u01 (2 modules) reason=null
2026-10-10T03:51:32.994Z active document changed: (none)
2026-10-10T03:51:32.995Z loadProject: no active .sokonanoda document
2026-10-10T03:51:33.002Z active document changed: file:///Users/penglingwei/Documents/lean/sokonanoda/sokonanoda-lang/editor/vscode/src/test/fixtures/workspace/units/u01.sokonanoda
2026-10-10T03:51:33.005Z soko/project ok: project=units.u01 (2 modules) reason=null
2026-10-10T03:51:33.037Z active document changed: (none)
2026-10-10T03:51:33.037Z loadProject: no active .sokonanoda document
2026-10-10T03:51:33.057Z active document changed: file:///Users/penglingwei/Documents/lean/sokonanoda/sokonanoda-lang/editor/vscode/src/test/fixtures/workspace/units/u01.sokonanoda
2026-10-10T03:51:33.061Z soko/project ok: project=units.u01 (2 modules) reason=null
2026-10-10T03:51:33.121Z active document changed: (none)
2026-10-10T03:51:33.121Z loadProject: no active .sokonanoda document
2026-10-10T03:51:33.131Z active document changed: file:///Users/penglingwei/Documents/lean/sokonanoda/sokonanoda-lang/editor/vscode/src/test/fixtures/workspace/units/u01.sokonanoda
2026-10-10T03:51:33.133Z soko/project ok: project=units.u01 (2 modules) reason=null
2026-10-10T03:51:33.164Z active document changed: (none)
2026-10-10T03:51:33.164Z loadProject: no active .sokonanoda document
2026-10-10T03:51:33.173Z active document changed: file:///Users/penglingwei/Documents/lean/sokonanoda/sokonanoda-lang/editor/vscode/src/test/fixtures/workspace/units/u01.sokonanoda
2026-10-10T03:51:33.175Z soko/project ok: project=units.u01 (2 modules) reason=null
2026-10-10T03:51:33.209Z active document changed: (none)
2026-10-10T03:51:33.209Z loadProject: no active .sokonanoda document
2026-10-10T03:51:33.218Z active document changed: file:///var/folders/81/6wvjcvys3y300jnj259_2jbw0000gn/T/sokonanoda-vscode-test-wY2B6G/typing-latency.sokonanoda
2026-10-10T03:51:33.220Z soko/project ok: project=null reason=no-imports
2026-10-10T03:51:34.082Z soko/project ok: project=null reason=no-imports
2026-10-10T03:51:34.763Z soko/project ok: project=null reason=no-imports
PERF editor_keystroke_latency file=typing-latency.sokonanoda decls=24 diagnostics_ms=104 panel_ms=254 flicker_frames=0 keystrokes=8 lights_per_keystroke=0.00 tree_fires=4 typed=" intro hq"
2026-10-10T03:51:34.773Z active document changed: (none)
2026-10-10T03:51:34.774Z loadProject: no active .sokonanoda document
2026-10-10T03:51:34.783Z active document changed: file:///var/folders/81/6wvjcvys3y300jnj259_2jbw0000gn/T/sokonanoda-vscode-test-wY2B6G/latency-project/units/typing.sokonanoda
2026-10-10T03:51:34.785Z soko/project ok: project=null reason=no-imports
2026-10-10T03:51:35.024Z soko/project ok: project=units.typing (2 modules) reason=null
2026-10-10T03:51:35.994Z soko/project ok: project=units.typing (2 modules) reason=null
2026-10-10T03:51:37.591Z soko/project ok: project=units.typing (2 modules) reason=null
PERF editor_keystroke_latency_project keystrokes=9 lights_showdelay_0=16 lights_default=0
2026-10-10T03:51:38.030Z active document changed: (none)
2026-10-10T03:51:38.030Z loadProject: no active .sokonanoda document
2026-10-10T03:51:38.041Z active document changed: file:///var/folders/81/6wvjcvys3y300jnj259_2jbw0000gn/T/sokonanoda-vscode-test-wY2B6G/latency-steady/units/typing.sokonanoda
2026-10-10T03:51:38.044Z soko/project ok: project=null reason=no-imports
2026-10-10T03:51:38.809Z soko/project ok: project=units.typing (2 modules) reason=null
2026-10-10T03:51:38.821Z active document changed: (none)
2026-10-10T03:51:38.821Z loadProject: no active .sokonanoda document
2026-10-10T03:51:38.842Z client state: stopped
