# scripts/vscode-e2e.sh — VS Code 1.138.0 · extension v0.65.5 · 3b854a4d3e44c2538db29ead5a212ba64288a21e
# 结果：25 passing / 0 failing / 0 pending（exit=0）

## doctor（服务器解析与版本自述）
--- doctor ---
sokonanoda doctor — 扩展 v0.65.5 (6 checks)
[ok] 1/6 resolution：bundled — /home/runner/work/sokonanoda-lang/sokonanoda-lang/editor/vscode/bin/linux-x64/sokonanoda-lsp (source=bundled)
[ok] 2/6 server-version：0.65.5 (pid 3200) == 扩展 v0.65.5 (source=bundled)
[ok] 3/6 host-version：运行宿主 v0.65.5
[ok] 4/6 ignored-override：没有被忽略的 serverPath/env 覆盖
[info] 5/6 download-cache：无下载缓存（仅影响 CLI/universal 兜底，不影响内置服务器）
[info] 6/6 obsolete-versions：检测到 0 个扩展版本快照、0 个 .obsolete 条目；完整重启 VS Code 会自动清理

## 用例
    ✔ .sokonanoda files get the sokonanoda language id (89ms)
    ✔ confusable-character highlight is off for sokonanoda files
    ✔ #check results appear as inlay hints (297ms)
    ✔ clean lesson publishes empty diagnostics (171ms)
    ✔ kernel-rejected declaration carries the kernel-rejected code (147ms)
    ✔ open exercise carries a sorry warning, not an error (76ms)
    ✔ a declaration named Prop warns, not errors (70ms)
    ✔ open exercise shows a hover on the hole (101ms)
    ✔ notation input: the rewriter produces ∧ and hover teaches \and (142ms)
    ✔ restart server command re-syncs open documents (110ms)
    ✔ infoview command is registered and revealable (134ms)
    ✔ the project tree shows the real closure of an imported module (349ms)
    ✔ the project tree names the file a single-file document is (164ms)
    ✔ the project tree marks a broken import as the root cause (167ms)
    ✔ build / rebuild commands warm the compile cache through the CLI (128ms)
    ✔ doctor command returns a read-only source + version report
    ✔ declarations panel lists a project unit's declarations (560ms)
    ✔ next hole jumps inside a project unit
    ✔ warmCacheOnOpen pre-builds the workspace at activation
    ✔ reopening a project unit hits the compile cache (192ms)
    ✔ rewriting an unchanged project unit does not recompile (1534ms)
    ✔ editing a dependency refreshes the open unit once (1543ms)
    ✔ goal text uses the file's notation (735ms)
    ✔ go to definition on a notation symbol lands on its declaration (102ms)
    ✔ hover on a notation symbol shows the target's signature (93ms)

## 扩展接线日志（SOKO_E2E_LOG）
2026-09-24T12:55:08.180Z server command: /home/runner/work/sokonanoda-lang/sokonanoda-lang/editor/vscode/bin/linux-x64/sokonanoda-lsp (source=bundled)
2026-09-24T12:55:08.181Z client state: starting
2026-09-24T12:55:08.224Z client state: running
2026-09-24T12:55:08.235Z loadProject: no active .sokonanoda document
2026-09-24T12:55:08.542Z active document changed: file:///tmp/sokonanoda-vscode-test-qvzyly/check.sokonanoda
2026-09-24T12:55:08.551Z soko/project ok: project=null reason=no-imports
2026-09-24T12:55:08.567Z soko/project ok: project=null reason=no-imports
2026-09-24T12:55:08.720Z soko/project ok: project=null reason=no-imports
2026-09-24T12:55:08.749Z active document changed: (none)
2026-09-24T12:55:08.749Z loadProject: no active .sokonanoda document
2026-09-24T12:55:08.837Z active document changed: file:///tmp/sokonanoda-vscode-test-qvzyly/lesson-clean.sokonanoda
2026-09-24T12:55:08.853Z soko/project ok: project=null reason=no-imports
2026-09-24T12:55:08.937Z active document changed: (none)
2026-09-24T12:55:08.937Z loadProject: no active .sokonanoda document
2026-09-24T12:55:08.975Z active document changed: file:///tmp/sokonanoda-vscode-test-qvzyly/kernel-bad.sokonanoda
2026-09-24T12:55:08.990Z soko/project ok: project=null reason=no-imports
2026-09-24T12:55:09.099Z active document changed: (none)
2026-09-24T12:55:09.099Z loadProject: no active .sokonanoda document
2026-09-24T12:55:09.168Z active document changed: file:///tmp/sokonanoda-vscode-test-qvzyly/exercise.sokonanoda
2026-09-24T12:55:09.187Z soko/project ok: project=null reason=no-imports
2026-09-24T12:55:09.195Z soko/project ok: project=null reason=no-imports
2026-09-24T12:55:09.283Z active document changed: (none)
2026-09-24T12:55:09.284Z loadProject: no active .sokonanoda document
2026-09-24T12:55:09.344Z active document changed: file:///tmp/sokonanoda-vscode-test-qvzyly/reserved.sokonanoda
2026-09-24T12:55:09.354Z soko/project ok: project=null reason=no-imports
2026-09-24T12:55:09.407Z active document changed: (none)
2026-09-24T12:55:09.407Z loadProject: no active .sokonanoda document
2026-09-24T12:55:09.461Z active document changed: file:///tmp/sokonanoda-vscode-test-qvzyly/exercise-hover.sokonanoda
2026-09-24T12:55:09.470Z soko/project ok: project=null reason=no-imports
2026-09-24T12:55:09.533Z active document changed: (none)
2026-09-24T12:55:09.533Z loadProject: no active .sokonanoda document
2026-09-24T12:55:09.567Z active document changed: file:///tmp/sokonanoda-vscode-test-qvzyly/notation-input.sokonanoda
2026-09-24T12:55:09.581Z soko/project ok: project=null reason=no-imports
2026-09-24T12:55:09.644Z soko/project ok: project=null reason=no-imports
2026-09-24T12:55:09.710Z active document changed: (none)
2026-09-24T12:55:09.710Z loadProject: no active .sokonanoda document
2026-09-24T12:55:09.748Z active document changed: file:///tmp/sokonanoda-vscode-test-qvzyly/restart.sokonanoda
2026-09-24T12:55:09.762Z soko/project ok: project=null reason=no-imports
2026-09-24T12:55:09.769Z client state: stopped
2026-09-24T12:55:09.775Z client state: starting
2026-09-24T12:55:09.817Z client state: running
2026-09-24T12:55:09.868Z active document changed: (none)
2026-09-24T12:55:09.868Z loadProject: no active .sokonanoda document
2026-09-24T12:55:10.018Z loadProject: no active .sokonanoda document
2026-09-24T12:55:10.138Z active document changed: file:///tmp/sokonanoda-vscode-test-qvzyly/proj-ok/Main.sokonanoda
2026-09-24T12:55:10.149Z soko/project ok: project=null reason=no-imports
2026-09-24T12:55:10.160Z soko/project ok: project=null reason=no-imports
2026-09-24T12:55:10.259Z soko/project ok: project=Main (2 modules) reason=null
2026-09-24T12:55:10.361Z soko/project ok: project=Main (2 modules) reason=null
2026-09-24T12:55:10.378Z active document changed: (none)
2026-09-24T12:55:10.378Z loadProject: no active .sokonanoda document
2026-09-24T12:55:10.430Z active document changed: file:///tmp/sokonanoda-vscode-test-qvzyly/single.sokonanoda
2026-09-24T12:55:10.442Z soko/project ok: project=null reason=no-imports
2026-09-24T12:55:10.445Z soko/project ok: project=null reason=no-imports
2026-09-24T12:55:10.557Z active document changed: (none)
2026-09-24T12:55:10.557Z loadProject: no active .sokonanoda document
2026-09-24T12:55:10.606Z active document changed: file:///tmp/sokonanoda-vscode-test-qvzyly/proj-broken/Main.sokonanoda
2026-09-24T12:55:10.623Z soko/project ok: project=Main (1 modules) reason=null
2026-09-24T12:55:10.623Z soko/project ok: project=Main (1 modules) reason=null
2026-09-24T12:55:10.626Z soko/project ok: project=Main (1 modules) reason=null
2026-09-24T12:55:10.770Z active document changed: (none)
2026-09-24T12:55:10.770Z loadProject: no active .sokonanoda document
2026-09-24T12:55:10.812Z active document changed: file:///tmp/sokonanoda-vscode-test-qvzyly/build-smoke.sokonanoda
2026-09-24T12:55:10.822Z soko/project ok: project=null reason=no-imports
2026-09-24T12:55:10.884Z soko/project ok: project=null reason=no-imports
2026-09-24T12:55:10.904Z soko/project ok: project=null reason=no-imports
2026-09-24T12:55:10.925Z active document changed: (none)
2026-09-24T12:55:10.925Z loadProject: no active .sokonanoda document
2026-09-24T12:55:11.000Z loadProject: no active .sokonanoda document
2026-09-24T12:55:11.024Z active document changed: file:///home/runner/work/sokonanoda-lang/sokonanoda-lang/editor/vscode/src/test/fixtures/workspace/units/u01.sokonanoda
2026-09-24T12:55:11.039Z soko/project ok: project=null reason=no-imports
2026-09-24T12:55:11.109Z warmCacheOnOpen: exit=0
2026-09-24T12:55:11.483Z soko/project ok: project=units.u01 (2 modules) reason=null
2026-09-24T12:55:11.554Z active document changed: (none)
2026-09-24T12:55:11.554Z loadProject: no active .sokonanoda document
2026-09-24T12:55:11.570Z active document changed: file:///home/runner/work/sokonanoda-lang/sokonanoda-lang/editor/vscode/src/test/fixtures/workspace/units/u01.sokonanoda
2026-09-24T12:55:11.578Z soko/project ok: project=units.u01 (2 modules) reason=null
2026-09-24T12:55:11.628Z active document changed: (none)
2026-09-24T12:55:11.628Z loadProject: no active .sokonanoda document
2026-09-24T12:55:11.660Z active document changed: file:///home/runner/work/sokonanoda-lang/sokonanoda-lang/editor/vscode/src/test/fixtures/workspace/units/u02.sokonanoda
2026-09-24T12:55:11.695Z soko/project ok: project=units.u02 (2 modules) reason=null
2026-09-24T12:55:11.721Z client state: stopped
2026-09-24T12:55:11.723Z client state: starting
2026-09-24T12:55:11.735Z client state: running
PERF e2e cache: cold=77ms warm=114ms
2026-09-24T12:55:11.884Z active document changed: (none)
2026-09-24T12:55:11.884Z loadProject: no active .sokonanoda document
2026-09-24T12:55:11.907Z active document changed: file:///home/runner/work/sokonanoda-lang/sokonanoda-lang/editor/vscode/src/test/fixtures/workspace/units/u01.sokonanoda
2026-09-24T12:55:11.915Z soko/project ok: project=units.u01 (2 modules) reason=null
2026-09-24T12:55:12.092Z soko/project ok: project=units.u01 (2 modules) reason=null
2026-09-24T12:55:12.504Z soko/project ok: project=units.u01 (2 modules) reason=null
2026-09-24T12:55:13.429Z active document changed: (none)
2026-09-24T12:55:13.429Z loadProject: no active .sokonanoda document
2026-09-24T12:55:13.457Z active document changed: file:///home/runner/work/sokonanoda-lang/sokonanoda-lang/editor/vscode/src/test/fixtures/workspace/units/u01.sokonanoda
2026-09-24T12:55:13.468Z soko/project ok: project=units.u01 (2 modules) reason=null
2026-09-24T12:55:14.558Z soko/project ok: project=units.u01 (2 modules) reason=null
PERF e2e fanout: entry diagnostics publishes=1
2026-09-24T12:55:14.981Z active document changed: (none)
2026-09-24T12:55:14.981Z loadProject: no active .sokonanoda document
2026-09-24T12:55:15.001Z active document changed: file:///home/runner/work/sokonanoda-lang/sokonanoda-lang/editor/vscode/src/test/fixtures/workspace/units/u01.sokonanoda
2026-09-24T12:55:15.013Z soko/project ok: project=units.u01 (2 modules) reason=null
2026-09-24T12:55:15.640Z soko/project ok: project=units.u01 (2 modules) reason=null
2026-09-24T12:55:15.727Z active document changed: (none)
2026-09-24T12:55:15.727Z loadProject: no active .sokonanoda document
2026-09-24T12:55:15.756Z active document changed: file:///home/runner/work/sokonanoda-lang/sokonanoda-lang/editor/vscode/src/test/fixtures/workspace/units/u01.sokonanoda
2026-09-24T12:55:15.768Z soko/project ok: project=units.u01 (2 modules) reason=null
2026-09-24T12:55:15.843Z active document changed: (none)
2026-09-24T12:55:15.843Z loadProject: no active .sokonanoda document
2026-09-24T12:55:15.868Z active document changed: file:///home/runner/work/sokonanoda-lang/sokonanoda-lang/editor/vscode/src/test/fixtures/workspace/units/u01.sokonanoda
2026-09-24T12:55:15.880Z soko/project ok: project=units.u01 (2 modules) reason=null
2026-09-24T12:55:15.960Z active document changed: (none)
2026-09-24T12:55:15.960Z loadProject: no active .sokonanoda document
2026-09-24T12:55:16.017Z client state: stopped
