# scripts/vscode-e2e.sh — VS Code 1.138.0 · extension v0.80.0 · ac3c80a5901255c8778ec3dd8dda387677f08f01
# 结果：40 passing / 0 failing / 0 pending（exit=0）

## doctor（服务器解析与版本自述）
--- doctor ---
sokonanoda doctor — 扩展 v0.80.0 (6 checks)
[ok] 1/6 resolution：bundled — /Users/penglingwei/Documents/lean/sokonanoda/sokonanoda-lang/editor/vscode/bin/darwin-arm64/sokonanoda-lsp (source=bundled)
[ok] 2/6 server-version：0.80.0 (pid 90401) == 扩展 v0.80.0 (source=bundled)
[ok] 3/6 host-version：运行宿主 v0.80.0
[ok] 4/6 ignored-override：没有被忽略的 serverPath/env 覆盖
[info] 5/6 download-cache：缓存 marker 0.73.0 darwin-arm64 != 扩展 v0.80.0；可运行 sokonanoda update
[info] 6/6 obsolete-versions：检测到 0 个扩展版本快照、0 个 .obsolete 条目；完整重启 VS Code 会自动清理

## 用例
    ✔ .sokonanoda files get the sokonanoda language id
    ✔ confusable-character highlight is off for sokonanoda files
    ✔ #check results appear as inlay hints (114ms)
    ✔ clean lesson publishes empty diagnostics (45ms)
    ✔ kernel-rejected declaration carries the kernel-rejected code
    ✔ open exercise carries a sorry warning, not an error
    ✔ a declaration named Prop warns, not errors
    ✔ open exercise shows a hover on the hole (63ms)
    ✔ hover 的类型文本折成记法（T-U12 面 #3，e2e 那一份） (167ms)
    ✔ notation input: the rewriter produces ∧ and hover teaches \and (169ms)
    ✔ notation input: greek letters and the anon-ctor brackets, in a real host
    ✔ restart server command re-syncs open documents (140ms)
    ✔ infoview command is registered and revealable
    ✔ the project tree shows the real closure of an imported module (225ms)
    ✔ the project tree names the file a single-file document is (116ms)
    ✔ the project tree marks a broken import as the root cause (120ms)
    ✔ build / rebuild commands warm the compile cache through the CLI (514ms)
    ✔ Clean Cache empties the project store and does not compile (E31) (1964ms)
    ✔ Rebuild shows a non-zero percent while it is still running (②) (516ms)
    ✔ the Infoview receives the project view (E30)
    ✔ Infoview 'definition' lands exactly where the editor F12 lands (E27) (65ms)
    ✔ doctor command returns a read-only source + version report
    ✔ declarations panel lists a project unit's declarations
    ✔ open declaration ships coloured goal runs to the Infoview
    ✔ next hole jumps inside a project unit
    ✔ warmCacheOnOpen pre-builds the workspace at activation
    ✔ reopening a project unit hits the compile cache (535ms)
    ✔ rewriting an unchanged project unit does not recompile (1922ms)
    ✔ editing a dependency refreshes the open unit once (4957ms)
    ✔ goal text uses the file's notation (327ms)
    ✔ goal text folds a binder notation whose type contains a lambda (216ms)
    ✔ Infoview 的 `⊢` 用记法箭头 `→`，且 runs 与 text 同源 (315ms)
    ✔ Infoview 里集合字面量显示成 `{a}`（不是 `Set.singleton α a`） (324ms)
    ✔ go to definition on a `{a}` set literal lands on `Set.singleton`
    ✔ go to definition on a prelude name lands in the prelude source
    ✔ go to definition on a notation symbol lands on its declaration
    ✔ hover on a notation symbol shows the target's signature
    ✔ edit responsiveness: last keystroke reaches diagnostics and the goal panel (1660ms)
    ✔ edit responsiveness (project mode): A/B flicker with the show delay off vs on (3352ms)
    ✔ edit responsiveness (project mode): first keystroke after open vs steady state (924ms)

## 扩展接线日志（SOKO_E2E_LOG）
2026-10-01T14:56:50.145Z server command: /Users/penglingwei/Documents/lean/sokonanoda/sokonanoda-lang/editor/vscode/bin/darwin-arm64/sokonanoda-lsp (source=bundled)
2026-10-01T14:56:50.146Z client state: starting
2026-10-01T14:56:50.686Z client state: running
2026-10-01T14:56:50.690Z loadProject: no active .sokonanoda document
2026-10-01T14:56:50.774Z active document changed: file:///var/folders/81/6wvjcvys3y300jnj259_2jbw0000gn/T/sokonanoda-vscode-test-Y8Ae2e/check.sokonanoda
2026-10-01T14:56:50.777Z soko/project ok: project=null reason=no-imports
2026-10-01T14:56:50.854Z warmCacheOnOpen: exit=0
2026-10-01T14:56:50.878Z active document changed: (none)
2026-10-01T14:56:50.878Z loadProject: no active .sokonanoda document
2026-10-01T14:56:50.908Z active document changed: file:///var/folders/81/6wvjcvys3y300jnj259_2jbw0000gn/T/sokonanoda-vscode-test-Y8Ae2e/lesson-clean.sokonanoda
2026-10-01T14:56:50.913Z soko/project ok: project=null reason=no-imports
2026-10-01T14:56:50.932Z active document changed: (none)
2026-10-01T14:56:50.932Z loadProject: no active .sokonanoda document
2026-10-01T14:56:50.944Z loadProject: no active .sokonanoda document
2026-10-01T14:56:50.949Z active document changed: file:///var/folders/81/6wvjcvys3y300jnj259_2jbw0000gn/T/sokonanoda-vscode-test-Y8Ae2e/kernel-bad.sokonanoda
2026-10-01T14:56:50.954Z soko/project ok: project=null reason=no-imports
2026-10-01T14:56:50.959Z active document changed: (none)
2026-10-01T14:56:50.959Z loadProject: no active .sokonanoda document
2026-10-01T14:56:50.975Z active document changed: file:///var/folders/81/6wvjcvys3y300jnj259_2jbw0000gn/T/sokonanoda-vscode-test-Y8Ae2e/exercise.sokonanoda
2026-10-01T14:56:50.978Z soko/project ok: project=null reason=no-imports
2026-10-01T14:56:50.992Z active document changed: (none)
2026-10-01T14:56:50.992Z loadProject: no active .sokonanoda document
2026-10-01T14:56:51.007Z active document changed: file:///var/folders/81/6wvjcvys3y300jnj259_2jbw0000gn/T/sokonanoda-vscode-test-Y8Ae2e/reserved.sokonanoda
2026-10-01T14:56:51.012Z soko/project ok: project=null reason=no-imports
2026-10-01T14:56:51.025Z active document changed: (none)
2026-10-01T14:56:51.025Z loadProject: no active .sokonanoda document
2026-10-01T14:56:51.080Z active document changed: file:///var/folders/81/6wvjcvys3y300jnj259_2jbw0000gn/T/sokonanoda-vscode-test-Y8Ae2e/exercise-hover.sokonanoda
2026-10-01T14:56:51.085Z soko/project ok: project=null reason=no-imports
2026-10-01T14:56:51.094Z active document changed: (none)
2026-10-01T14:56:51.094Z loadProject: no active .sokonanoda document
2026-10-01T14:56:51.111Z active document changed: file:///Users/penglingwei/Documents/lean/sokonanoda/sokonanoda-lang/editor/vscode/src/test/fixtures/workspace/units/u01.sokonanoda
2026-10-01T14:56:51.250Z soko/project ok: project=units.u01 (2 modules) reason=null
2026-10-01T14:56:51.270Z active document changed: (none)
2026-10-01T14:56:51.270Z loadProject: no active .sokonanoda document
2026-10-01T14:56:51.308Z active document changed: file:///var/folders/81/6wvjcvys3y300jnj259_2jbw0000gn/T/sokonanoda-vscode-test-Y8Ae2e/notation-input.sokonanoda
2026-10-01T14:56:51.332Z soko/project ok: project=null reason=no-imports
2026-10-01T14:56:51.457Z active document changed: (none)
2026-10-01T14:56:51.457Z loadProject: no active .sokonanoda document
2026-10-01T14:56:51.471Z active document changed: file:///var/folders/81/6wvjcvys3y300jnj259_2jbw0000gn/T/sokonanoda-vscode-test-Y8Ae2e/notation-input-greek.sokonanoda
2026-10-01T14:56:51.474Z soko/project ok: project=null reason=no-imports
2026-10-01T14:56:51.502Z active document changed: (none)
2026-10-01T14:56:51.502Z loadProject: no active .sokonanoda document
2026-10-01T14:56:51.517Z active document changed: file:///var/folders/81/6wvjcvys3y300jnj259_2jbw0000gn/T/sokonanoda-vscode-test-Y8Ae2e/restart.sokonanoda
2026-10-01T14:56:51.520Z soko/project ok: project=null reason=no-imports
2026-10-01T14:56:51.524Z client state: stopped
2026-10-01T14:56:51.526Z client state: starting
2026-10-01T14:56:51.539Z client state: running
2026-10-01T14:56:51.647Z active document changed: (none)
2026-10-01T14:56:51.647Z loadProject: no active .sokonanoda document
2026-10-01T14:56:51.695Z active document changed: file:///var/folders/81/6wvjcvys3y300jnj259_2jbw0000gn/T/sokonanoda-vscode-test-Y8Ae2e/proj-ok/Main.sokonanoda
2026-10-01T14:56:51.698Z soko/project ok: project=null reason=no-imports
2026-10-01T14:56:51.703Z soko/project ok: project=Main (2 modules) reason=null
2026-10-01T14:56:51.728Z soko/project ok: project=Main (2 modules) reason=null
2026-10-01T14:56:51.802Z soko/project ok: project=Main (2 modules) reason=null
2026-10-01T14:56:51.901Z soko/project ok: project=Main (2 modules) reason=null
2026-10-01T14:56:51.906Z active document changed: (none)
2026-10-01T14:56:51.907Z loadProject: no active .sokonanoda document
2026-10-01T14:56:51.918Z active document changed: file:///var/folders/81/6wvjcvys3y300jnj259_2jbw0000gn/T/sokonanoda-vscode-test-Y8Ae2e/single.sokonanoda
2026-10-01T14:56:51.920Z soko/project ok: project=null reason=no-imports
2026-10-01T14:56:51.924Z soko/project ok: project=null reason=no-imports
2026-10-01T14:56:52.031Z active document changed: (none)
2026-10-01T14:56:52.031Z loadProject: no active .sokonanoda document
2026-10-01T14:56:52.045Z active document changed: file:///var/folders/81/6wvjcvys3y300jnj259_2jbw0000gn/T/sokonanoda-vscode-test-Y8Ae2e/proj-broken/Main.sokonanoda
2026-10-01T14:56:52.048Z soko/project ok: project=Main (1 modules) reason=null
2026-10-01T14:56:52.051Z soko/project ok: project=Main (1 modules) reason=null
2026-10-01T14:56:52.158Z active document changed: (none)
2026-10-01T14:56:52.158Z loadProject: no active .sokonanoda document
2026-10-01T14:56:52.169Z active document changed: file:///Users/penglingwei/Documents/lean/sokonanoda/sokonanoda-lang/editor/vscode/src/test/fixtures/workspace/units/u01.sokonanoda
2026-10-01T14:56:52.172Z soko/project ok: project=units.u01 (2 modules) reason=null
2026-10-01T14:56:52.206Z soko/project ok: project=units.u01 (2 modules) reason=null
2026-10-01T14:56:52.249Z soko/project ok: project=units.u01 (2 modules) reason=null
2026-10-01T14:56:52.677Z soko/project ok: project=units.u01 (2 modules) reason=null
2026-10-01T14:56:52.685Z active document changed: (none)
2026-10-01T14:56:52.685Z loadProject: no active .sokonanoda document
2026-10-01T14:56:52.693Z active document changed: file:///Users/penglingwei/Documents/lean/sokonanoda/sokonanoda-lang/editor/vscode/src/test/fixtures/workspace/units/u01.sokonanoda
2026-10-01T14:56:52.696Z soko/project ok: project=units.u01 (2 modules) reason=null
2026-10-01T14:56:52.717Z soko/project ok: project=units.u01 (2 modules) reason=null
2026-10-01T14:56:52.722Z soko/project ok: project=units.u01 (2 modules) reason=null
2026-10-01T14:56:54.654Z soko/project ok: project=units.u01 (2 modules) reason=null
2026-10-01T14:56:54.670Z active document changed: (none)
2026-10-01T14:56:54.670Z loadProject: no active .sokonanoda document
2026-10-01T14:56:54.681Z active document changed: file:///Users/penglingwei/Documents/lean/sokonanoda/sokonanoda-lang/editor/vscode/src/test/fixtures/workspace/units/u01.sokonanoda
2026-10-01T14:56:54.686Z soko/project ok: project=units.u01 (2 modules) reason=null
2026-10-01T14:56:54.706Z soko/project ok: project=units.u01 (2 modules) reason=null
2026-10-01T14:56:55.133Z soko/project ok: project=units.u01 (2 modules) reason=null
2026-10-01T14:56:55.198Z active document changed: (none)
2026-10-01T14:56:55.198Z loadProject: no active .sokonanoda document
2026-10-01T14:56:55.207Z active document changed: file:///Users/penglingwei/Documents/lean/sokonanoda/sokonanoda-lang/editor/vscode/src/test/fixtures/workspace/units/u01.sokonanoda
2026-10-01T14:56:55.211Z soko/project ok: project=units.u01 (2 modules) reason=null
2026-10-01T14:56:55.246Z active document changed: (none)
2026-10-01T14:56:55.247Z loadProject: no active .sokonanoda document
2026-10-01T14:56:55.264Z active document changed: file:///Users/penglingwei/Documents/lean/sokonanoda/sokonanoda-lang/editor/vscode/src/test/fixtures/workspace/units/u01.sokonanoda
2026-10-01T14:56:55.268Z soko/project ok: project=units.u01 (2 modules) reason=null
2026-10-01T14:56:55.305Z active document changed: (none)
2026-10-01T14:56:55.305Z loadProject: no active .sokonanoda document
2026-10-01T14:56:55.309Z active document changed: file:///Users/penglingwei/Documents/lean/sokonanoda/sokonanoda-lang/editor/vscode/src/test/fixtures/workspace/lib/Set.sokonanoda
2026-10-01T14:56:55.312Z soko/project ok: project=null reason=no-imports
2026-10-01T14:56:55.332Z active document changed: (none)
2026-10-01T14:56:55.332Z loadProject: no active .sokonanoda document
2026-10-01T14:56:55.354Z active document changed: file:///Users/penglingwei/Documents/lean/sokonanoda/sokonanoda-lang/editor/vscode/src/test/fixtures/workspace/units/u01.sokonanoda
2026-10-01T14:56:55.358Z soko/project ok: project=units.u01 (2 modules) reason=null
2026-10-01T14:56:55.389Z active document changed: (none)
2026-10-01T14:56:55.389Z loadProject: no active .sokonanoda document
2026-10-01T14:56:55.399Z active document changed: file:///Users/penglingwei/Documents/lean/sokonanoda/sokonanoda-lang/editor/vscode/src/test/fixtures/workspace/units/u01.sokonanoda
2026-10-01T14:56:55.403Z soko/project ok: project=units.u01 (2 modules) reason=null
2026-10-01T14:56:55.426Z active document changed: (none)
2026-10-01T14:56:55.426Z loadProject: no active .sokonanoda document
2026-10-01T14:56:55.434Z active document changed: file:///Users/penglingwei/Documents/lean/sokonanoda/sokonanoda-lang/editor/vscode/src/test/fixtures/workspace/units/u01.sokonanoda
2026-10-01T14:56:55.437Z soko/project ok: project=units.u01 (2 modules) reason=null
2026-10-01T14:56:55.448Z active document changed: (none)
2026-10-01T14:56:55.448Z loadProject: no active .sokonanoda document
2026-10-01T14:56:55.465Z active document changed: file:///Users/penglingwei/Documents/lean/sokonanoda/sokonanoda-lang/editor/vscode/src/test/fixtures/workspace/units/u02-cold-open.sokonanoda
2026-10-01T14:56:55.467Z soko/project ok: project=null reason=no-imports
2026-10-01T14:56:55.506Z soko/project ok: project=null reason=no-imports
2026-10-01T14:56:55.933Z client state: stopped
2026-10-01T14:56:55.935Z client state: starting
2026-10-01T14:56:55.942Z client state: running
PERF e2e cache: cold=479ms warm=55ms
2026-10-01T14:56:55.992Z active document changed: (none)
2026-10-01T14:56:55.994Z loadProject: no active .sokonanoda document
2026-10-01T14:56:56.002Z active document changed: file:///Users/penglingwei/Documents/lean/sokonanoda/sokonanoda-lang/editor/vscode/src/test/fixtures/workspace/units/u01.sokonanoda
2026-10-01T14:56:56.005Z soko/project ok: project=units.u01 (2 modules) reason=null
2026-10-01T14:56:56.136Z soko/project ok: project=units.u01 (2 modules) reason=null
2026-10-01T14:56:56.612Z soko/project ok: project=units.u01 (2 modules) reason=null
2026-10-01T14:56:57.012Z soko/project ok: project=units.u01 (2 modules) reason=null
2026-10-01T14:56:57.928Z active document changed: (none)
2026-10-01T14:56:57.928Z loadProject: no active .sokonanoda document
2026-10-01T14:56:57.951Z active document changed: file:///Users/penglingwei/Documents/lean/sokonanoda/sokonanoda-lang/editor/vscode/src/test/fixtures/workspace/units/u01.sokonanoda
2026-10-01T14:56:57.957Z soko/project ok: project=units.u01 (2 modules) reason=null
2026-10-01T14:56:58.545Z soko/project ok: project=units.u01 (2 modules) reason=null
2026-10-01T14:56:59.355Z soko/project ok: project=units.u01 (2 modules) reason=null
PERF e2e fanout: entry diagnostics signature=152 字节 · 稳定 ✓
2026-10-01T14:57:02.905Z active document changed: (none)
2026-10-01T14:57:02.905Z loadProject: no active .sokonanoda document
2026-10-01T14:57:02.927Z active document changed: file:///Users/penglingwei/Documents/lean/sokonanoda/sokonanoda-lang/editor/vscode/src/test/fixtures/workspace/units/u01.sokonanoda
2026-10-01T14:57:02.931Z soko/project ok: project=units.u01 (2 modules) reason=null
2026-10-01T14:57:03.218Z soko/project ok: project=units.u01 (2 modules) reason=null
2026-10-01T14:57:03.242Z active document changed: (none)
2026-10-01T14:57:03.242Z loadProject: no active .sokonanoda document
2026-10-01T14:57:03.251Z active document changed: file:///Users/penglingwei/Documents/lean/sokonanoda/sokonanoda-lang/editor/vscode/src/test/fixtures/workspace/units/u01.sokonanoda
2026-10-01T14:57:03.256Z soko/project ok: project=units.u01 (2 modules) reason=null
2026-10-01T14:57:03.441Z soko/project ok: project=units.u01 (2 modules) reason=null
2026-10-01T14:57:03.464Z active document changed: (none)
2026-10-01T14:57:03.464Z loadProject: no active .sokonanoda document
2026-10-01T14:57:03.472Z active document changed: file:///Users/penglingwei/Documents/lean/sokonanoda/sokonanoda-lang/editor/vscode/src/test/fixtures/workspace/units/u01.sokonanoda
2026-10-01T14:57:03.475Z soko/project ok: project=units.u01 (2 modules) reason=null
2026-10-01T14:57:03.788Z active document changed: (none)
2026-10-01T14:57:03.789Z loadProject: no active .sokonanoda document
2026-10-01T14:57:03.807Z active document changed: file:///Users/penglingwei/Documents/lean/sokonanoda/sokonanoda-lang/editor/vscode/src/test/fixtures/workspace/units/u01.sokonanoda
2026-10-01T14:57:03.812Z soko/project ok: project=units.u01 (2 modules) reason=null
2026-10-01T14:57:04.129Z active document changed: (none)
2026-10-01T14:57:04.130Z loadProject: no active .sokonanoda document
2026-10-01T14:57:04.140Z active document changed: file:///Users/penglingwei/Documents/lean/sokonanoda/sokonanoda-lang/editor/vscode/src/test/fixtures/workspace/units/u01.sokonanoda
2026-10-01T14:57:04.145Z soko/project ok: project=units.u01 (2 modules) reason=null
2026-10-01T14:57:04.171Z active document changed: (none)
2026-10-01T14:57:04.171Z loadProject: no active .sokonanoda document
2026-10-01T14:57:04.178Z active document changed: file:///Users/penglingwei/Documents/lean/sokonanoda/sokonanoda-lang/editor/vscode/src/test/fixtures/workspace/units/u01.sokonanoda
2026-10-01T14:57:04.181Z soko/project ok: project=units.u01 (2 modules) reason=null
2026-10-01T14:57:04.208Z active document changed: (none)
2026-10-01T14:57:04.209Z loadProject: no active .sokonanoda document
2026-10-01T14:57:04.216Z active document changed: file:///Users/penglingwei/Documents/lean/sokonanoda/sokonanoda-lang/editor/vscode/src/test/fixtures/workspace/units/u01.sokonanoda
2026-10-01T14:57:04.220Z soko/project ok: project=units.u01 (2 modules) reason=null
2026-10-01T14:57:04.247Z active document changed: (none)
2026-10-01T14:57:04.248Z loadProject: no active .sokonanoda document
2026-10-01T14:57:04.255Z active document changed: file:///Users/penglingwei/Documents/lean/sokonanoda/sokonanoda-lang/editor/vscode/src/test/fixtures/workspace/units/u01.sokonanoda
2026-10-01T14:57:04.259Z soko/project ok: project=units.u01 (2 modules) reason=null
2026-10-01T14:57:04.287Z active document changed: (none)
2026-10-01T14:57:04.287Z loadProject: no active .sokonanoda document
2026-10-01T14:57:04.299Z active document changed: file:///var/folders/81/6wvjcvys3y300jnj259_2jbw0000gn/T/sokonanoda-vscode-test-Y8Ae2e/typing-latency.sokonanoda
2026-10-01T14:57:04.302Z soko/project ok: project=null reason=no-imports
2026-10-01T14:57:05.298Z soko/project ok: project=null reason=no-imports
2026-10-01T14:57:05.944Z soko/project ok: project=null reason=no-imports
PERF editor_keystroke_latency file=typing-latency.sokonanoda decls=24 diagnostics_ms=111 panel_ms=272 flicker_frames=0 keystrokes=8 lights_per_keystroke=0.00 tree_fires=4 typed=" intro hq"
2026-10-01T14:57:05.967Z active document changed: (none)
2026-10-01T14:57:05.967Z loadProject: no active .sokonanoda document
2026-10-01T14:57:05.989Z active document changed: file:///var/folders/81/6wvjcvys3y300jnj259_2jbw0000gn/T/sokonanoda-vscode-test-Y8Ae2e/latency-project/units/typing.sokonanoda
2026-10-01T14:57:05.993Z soko/project ok: project=null reason=no-imports
2026-10-01T14:57:06.225Z soko/project ok: project=units.typing (2 modules) reason=null
2026-10-01T14:57:07.296Z soko/project ok: project=units.typing (2 modules) reason=null
2026-10-01T14:57:08.884Z soko/project ok: project=units.typing (2 modules) reason=null
PERF editor_keystroke_latency_project keystrokes=9 lights_showdelay_0=18 lights_default=0
2026-10-01T14:57:09.336Z active document changed: (none)
2026-10-01T14:57:09.337Z loadProject: no active .sokonanoda document
2026-10-01T14:57:09.356Z active document changed: file:///var/folders/81/6wvjcvys3y300jnj259_2jbw0000gn/T/sokonanoda-vscode-test-Y8Ae2e/latency-steady/units/typing.sokonanoda
2026-10-01T14:57:09.359Z soko/project ok: project=null reason=no-imports
2026-10-01T14:57:09.559Z soko/project ok: project=null reason=no-imports
2026-10-01T14:57:09.832Z soko/project ok: project=units.typing (2 modules) reason=null
2026-10-01T14:57:10.258Z soko/project ok: project=units.typing (2 modules) reason=null
2026-10-01T14:57:10.274Z active document changed: (none)
2026-10-01T14:57:10.274Z loadProject: no active .sokonanoda document
2026-10-01T14:57:10.292Z client state: stopped
