# scripts/vscode-e2e.sh — VS Code 1.138.0 · extension v0.68.0 · 5260568687ff15cb89ba7c7f5b8029bee9c4dd50
# 结果：27 passing / 0 failing / 0 pending（exit=0）

## doctor（服务器解析与版本自述）
--- doctor ---
sokonanoda doctor — 扩展 v0.68.0 (6 checks)
[ok] 1/6 resolution：bundled — /home/runner/work/sokonanoda-lang/sokonanoda-lang/editor/vscode/bin/linux-x64/sokonanoda-lsp (source=bundled)
[ok] 2/6 server-version：0.68.0 (pid 3107) == 扩展 v0.68.0 (source=bundled)
[ok] 3/6 host-version：运行宿主 v0.68.0
[ok] 4/6 ignored-override：没有被忽略的 serverPath/env 覆盖
[info] 5/6 download-cache：无下载缓存（仅影响 CLI/universal 兜底，不影响内置服务器）
[info] 6/6 obsolete-versions：检测到 0 个扩展版本快照、0 个 .obsolete 条目；完整重启 VS Code 会自动清理

## 用例
    ✔ .sokonanoda files get the sokonanoda language id (138ms)
    ✔ confusable-character highlight is off for sokonanoda files
    ✔ #check results appear as inlay hints (313ms)
    ✔ clean lesson publishes empty diagnostics (134ms)
    ✔ kernel-rejected declaration carries the kernel-rejected code (69ms)
    ✔ open exercise carries a sorry warning, not an error (51ms)
    ✔ a declaration named Prop warns, not errors (54ms)
    ✔ open exercise shows a hover on the hole (131ms)
    ✔ notation input: the rewriter produces ∧ and hover teaches \and (155ms)
    ✔ restart server command re-syncs open documents (127ms)
    ✔ infoview command is registered and revealable (124ms)
    ✔ the project tree shows the real closure of an imported module (322ms)
    ✔ the project tree names the file a single-file document is (159ms)
    ✔ the project tree marks a broken import as the root cause (141ms)
    ✔ build / rebuild commands warm the compile cache through the CLI (108ms)
    ✔ doctor command returns a read-only source + version report (46ms)
    ✔ declarations panel lists a project unit's declarations (56ms)
    ✔ open declaration ships coloured goal runs to the Infoview (48ms)
    ✔ next hole jumps inside a project unit (49ms)
    ✔ warmCacheOnOpen pre-builds the workspace at activation
    ✔ reopening a project unit hits the compile cache (4672ms)
    ✔ rewriting an unchanged project unit does not recompile (1549ms)
    ✔ editing a dependency refreshes the open unit once (6554ms)
    ✔ goal text uses the file's notation (739ms)
    ✔ goal text folds a binder notation whose type contains a lambda (339ms)
    ✔ go to definition on a notation symbol lands on its declaration (115ms)
    ✔ hover on a notation symbol shows the target's signature (112ms)

## 扩展接线日志（SOKO_E2E_LOG）
2026-09-25T13:56:49.670Z server command: /home/runner/work/sokonanoda-lang/sokonanoda-lang/editor/vscode/bin/linux-x64/sokonanoda-lsp (source=bundled)
2026-09-25T13:56:49.671Z client state: starting
2026-09-25T13:56:49.726Z client state: running
2026-09-25T13:56:49.739Z loadProject: no active .sokonanoda document
2026-09-25T13:56:50.129Z loadProject: no active .sokonanoda document
2026-09-25T13:56:50.148Z active document changed: file:///tmp/sokonanoda-vscode-test-pUdeZB/check.sokonanoda
2026-09-25T13:56:50.167Z soko/project ok: project=null reason=no-imports
2026-09-25T13:56:50.327Z active document changed: (none)
2026-09-25T13:56:50.327Z loadProject: no active .sokonanoda document
2026-09-25T13:56:50.341Z loadProject: no active .sokonanoda document
2026-09-25T13:56:50.379Z active document changed: file:///tmp/sokonanoda-vscode-test-pUdeZB/lesson-clean.sokonanoda
2026-09-25T13:56:50.399Z soko/project ok: project=null reason=no-imports
2026-09-25T13:56:50.478Z active document changed: (none)
2026-09-25T13:56:50.478Z loadProject: no active .sokonanoda document
2026-09-25T13:56:50.528Z active document changed: file:///tmp/sokonanoda-vscode-test-pUdeZB/kernel-bad.sokonanoda
2026-09-25T13:56:50.553Z soko/project ok: project=null reason=no-imports
2026-09-25T13:56:50.602Z soko/project ok: project=null reason=no-imports
2026-09-25T13:56:50.643Z active document changed: (none)
2026-09-25T13:56:50.643Z loadProject: no active .sokonanoda document
2026-09-25T13:56:50.690Z active document changed: file:///tmp/sokonanoda-vscode-test-pUdeZB/exercise.sokonanoda
2026-09-25T13:56:50.702Z soko/project ok: project=null reason=no-imports
2026-09-25T13:56:50.753Z active document changed: (none)
2026-09-25T13:56:50.753Z loadProject: no active .sokonanoda document
2026-09-25T13:56:50.803Z active document changed: file:///tmp/sokonanoda-vscode-test-pUdeZB/reserved.sokonanoda
2026-09-25T13:56:50.814Z soko/project ok: project=null reason=no-imports
2026-09-25T13:56:50.868Z active document changed: (none)
2026-09-25T13:56:50.868Z loadProject: no active .sokonanoda document
2026-09-25T13:56:50.938Z active document changed: file:///tmp/sokonanoda-vscode-test-pUdeZB/exercise-hover.sokonanoda
2026-09-25T13:56:50.948Z soko/project ok: project=null reason=no-imports
2026-09-25T13:56:51.014Z active document changed: (none)
2026-09-25T13:56:51.014Z loadProject: no active .sokonanoda document
2026-09-25T13:56:51.050Z active document changed: file:///tmp/sokonanoda-vscode-test-pUdeZB/notation-input.sokonanoda
2026-09-25T13:56:51.069Z soko/project ok: project=null reason=no-imports
2026-09-25T13:56:51.119Z soko/project ok: project=null reason=no-imports
2026-09-25T13:56:51.209Z active document changed: (none)
2026-09-25T13:56:51.209Z loadProject: no active .sokonanoda document
2026-09-25T13:56:51.267Z active document changed: file:///tmp/sokonanoda-vscode-test-pUdeZB/restart.sokonanoda
2026-09-25T13:56:51.292Z soko/project ok: project=null reason=no-imports
2026-09-25T13:56:51.293Z client state: stopped
2026-09-25T13:56:51.297Z client state: starting
2026-09-25T13:56:51.336Z client state: running
2026-09-25T13:56:51.405Z active document changed: (none)
2026-09-25T13:56:51.406Z loadProject: no active .sokonanoda document
2026-09-25T13:56:51.583Z loadProject: no active .sokonanoda document
2026-09-25T13:56:51.619Z active document changed: file:///tmp/sokonanoda-vscode-test-pUdeZB/proj-ok/Main.sokonanoda
2026-09-25T13:56:51.668Z soko/project ok: project=null reason=no-imports
2026-09-25T13:56:51.671Z soko/project ok: project=null reason=no-imports
2026-09-25T13:56:51.764Z soko/project ok: project=Main (2 modules) reason=null
2026-09-25T13:56:51.876Z active document changed: (none)
2026-09-25T13:56:51.877Z loadProject: no active .sokonanoda document
2026-09-25T13:56:51.883Z loadProject: no active .sokonanoda document
2026-09-25T13:56:51.926Z active document changed: file:///tmp/sokonanoda-vscode-test-pUdeZB/single.sokonanoda
2026-09-25T13:56:51.935Z soko/project ok: project=null reason=no-imports
2026-09-25T13:56:51.941Z soko/project ok: project=null reason=no-imports
2026-09-25T13:56:52.046Z active document changed: (none)
2026-09-25T13:56:52.046Z loadProject: no active .sokonanoda document
2026-09-25T13:56:52.078Z active document changed: file:///tmp/sokonanoda-vscode-test-pUdeZB/proj-broken/Main.sokonanoda
2026-09-25T13:56:52.089Z soko/project ok: project=Main (1 modules) reason=null
2026-09-25T13:56:52.094Z soko/project ok: project=Main (1 modules) reason=null
2026-09-25T13:56:52.116Z soko/project ok: project=Main (1 modules) reason=null
2026-09-25T13:56:52.198Z active document changed: (none)
2026-09-25T13:56:52.198Z loadProject: no active .sokonanoda document
2026-09-25T13:56:52.230Z active document changed: file:///tmp/sokonanoda-vscode-test-pUdeZB/build-smoke.sokonanoda
2026-09-25T13:56:52.239Z soko/project ok: project=null reason=no-imports
2026-09-25T13:56:52.281Z soko/project ok: project=null reason=no-imports
2026-09-25T13:56:52.311Z soko/project ok: project=null reason=no-imports
2026-09-25T13:56:52.344Z active document changed: (none)
2026-09-25T13:56:52.345Z loadProject: no active .sokonanoda document
2026-09-25T13:56:52.420Z loadProject: no active .sokonanoda document
2026-09-25T13:56:52.454Z active document changed: file:///home/runner/work/sokonanoda-lang/sokonanoda-lang/editor/vscode/src/test/fixtures/workspace/units/u01.sokonanoda
2026-09-25T13:56:52.468Z soko/project ok: project=units.u01 (2 modules) reason=null
2026-09-25T13:56:52.544Z active document changed: (none)
2026-09-25T13:56:52.544Z loadProject: no active .sokonanoda document
2026-09-25T13:56:52.581Z active document changed: file:///home/runner/work/sokonanoda-lang/sokonanoda-lang/editor/vscode/src/test/fixtures/workspace/units/u01.sokonanoda
2026-09-25T13:56:52.595Z soko/project ok: project=units.u01 (2 modules) reason=null
2026-09-25T13:56:52.646Z soko/project ok: project=units.u01 (2 modules) reason=null
2026-09-25T13:56:52.704Z active document changed: (none)
2026-09-25T13:56:52.704Z loadProject: no active .sokonanoda document
2026-09-25T13:56:52.739Z active document changed: file:///home/runner/work/sokonanoda-lang/sokonanoda-lang/editor/vscode/src/test/fixtures/workspace/units/u01.sokonanoda
2026-09-25T13:56:52.756Z warmCacheOnOpen: exit=0
2026-09-25T13:56:52.756Z soko/project ok: project=units.u01 (2 modules) reason=null
2026-09-25T13:56:52.833Z active document changed: (none)
2026-09-25T13:56:52.833Z loadProject: no active .sokonanoda document
2026-09-25T13:56:52.886Z active document changed: file:///home/runner/work/sokonanoda-lang/sokonanoda-lang/editor/vscode/src/test/fixtures/workspace/units/u02.sokonanoda
2026-09-25T13:56:52.903Z soko/project ok: project=null reason=no-imports
2026-09-25T13:56:57.474Z client state: stopped
2026-09-25T13:56:57.477Z client state: starting
2026-09-25T13:56:57.490Z client state: running
PERF e2e cache: cold=4613ms warm=53ms
2026-09-25T13:56:57.592Z active document changed: (none)
2026-09-25T13:56:57.592Z loadProject: no active .sokonanoda document
2026-09-25T13:56:57.624Z active document changed: file:///home/runner/work/sokonanoda-lang/sokonanoda-lang/editor/vscode/src/test/fixtures/workspace/units/u01.sokonanoda
2026-09-25T13:56:57.636Z soko/project ok: project=units.u01 (2 modules) reason=null
2026-09-25T13:56:57.847Z soko/project ok: project=units.u01 (2 modules) reason=null
2026-09-25T13:56:58.230Z soko/project ok: project=units.u01 (2 modules) reason=null
2026-09-25T13:56:59.152Z active document changed: (none)
2026-09-25T13:56:59.152Z loadProject: no active .sokonanoda document
2026-09-25T13:56:59.176Z active document changed: file:///home/runner/work/sokonanoda-lang/sokonanoda-lang/editor/vscode/src/test/fixtures/workspace/units/u01.sokonanoda
2026-09-25T13:56:59.185Z soko/project ok: project=units.u01 (2 modules) reason=null
2026-09-25T13:57:01.368Z soko/project ok: project=units.u01 (2 modules) reason=null
PERF e2e fanout: entry diagnostics signature=152 字节 · 稳定 ✓
2026-09-25T13:57:05.717Z active document changed: (none)
2026-09-25T13:57:05.717Z loadProject: no active .sokonanoda document
2026-09-25T13:57:05.743Z active document changed: file:///home/runner/work/sokonanoda-lang/sokonanoda-lang/editor/vscode/src/test/fixtures/workspace/units/u01.sokonanoda
2026-09-25T13:57:05.754Z soko/project ok: project=units.u01 (2 modules) reason=null
2026-09-25T13:57:06.392Z soko/project ok: project=units.u01 (2 modules) reason=null
2026-09-25T13:57:06.468Z active document changed: (none)
2026-09-25T13:57:06.468Z loadProject: no active .sokonanoda document
2026-09-25T13:57:06.492Z active document changed: file:///home/runner/work/sokonanoda-lang/sokonanoda-lang/editor/vscode/src/test/fixtures/workspace/units/u01.sokonanoda
2026-09-25T13:57:06.505Z soko/project ok: project=units.u01 (2 modules) reason=null
2026-09-25T13:57:06.819Z active document changed: (none)
2026-09-25T13:57:06.819Z loadProject: no active .sokonanoda document
2026-09-25T13:57:06.847Z active document changed: file:///home/runner/work/sokonanoda-lang/sokonanoda-lang/editor/vscode/src/test/fixtures/workspace/units/u01.sokonanoda
2026-09-25T13:57:06.856Z soko/project ok: project=units.u01 (2 modules) reason=null
2026-09-25T13:57:06.954Z active document changed: (none)
2026-09-25T13:57:06.954Z loadProject: no active .sokonanoda document
2026-09-25T13:57:06.979Z active document changed: file:///home/runner/work/sokonanoda-lang/sokonanoda-lang/editor/vscode/src/test/fixtures/workspace/units/u01.sokonanoda
2026-09-25T13:57:06.995Z soko/project ok: project=units.u01 (2 modules) reason=null
2026-09-25T13:57:07.081Z active document changed: (none)
2026-09-25T13:57:07.081Z loadProject: no active .sokonanoda document
2026-09-25T13:57:07.117Z client state: stopped
