# scripts/vscode-e2e.sh — VS Code 1.106.0 · extension v0.65.5 · 3b854a4d3e44c2538db29ead5a212ba64288a21e
# 结果：25 passing / 0 failing / 0 pending（exit=0）

## doctor（服务器解析与版本自述）
--- doctor ---
sokonanoda doctor — 扩展 v0.65.5 (6 checks)
[ok] 1/6 resolution：bundled — /home/runner/work/sokonanoda-lang/sokonanoda-lang/editor/vscode/bin/linux-x64/sokonanoda-lsp (source=bundled)
[ok] 2/6 server-version：0.65.5 (pid 2825) == 扩展 v0.65.5 (source=bundled)
[ok] 3/6 host-version：运行宿主 v0.65.5
[ok] 4/6 ignored-override：没有被忽略的 serverPath/env 覆盖
[info] 5/6 download-cache：无下载缓存（仅影响 CLI/universal 兜底，不影响内置服务器）
[info] 6/6 obsolete-versions：检测到 0 个扩展版本快照、0 个 .obsolete 条目；完整重启 VS Code 会自动清理

## 用例
    ✔ .sokonanoda files get the sokonanoda language id (66ms)
    ✔ confusable-character highlight is off for sokonanoda files
    ✔ #check results appear as inlay hints (181ms)
    ✔ clean lesson publishes empty diagnostics (117ms)
    ✔ kernel-rejected declaration carries the kernel-rejected code (144ms)
    ✔ open exercise carries a sorry warning, not an error
    ✔ a declaration named Prop warns, not errors (40ms)
    ✔ open exercise shows a hover on the hole (104ms)
    ✔ notation input: the rewriter produces ∧ and hover teaches \and (122ms)
    ✔ restart server command re-syncs open documents (113ms)
    ✔ infoview command is registered and revealable (110ms)
    ✔ the project tree shows the real closure of an imported module (318ms)
    ✔ the project tree names the file a single-file document is (142ms)
    ✔ the project tree marks a broken import as the root cause (139ms)
    ✔ build / rebuild commands warm the compile cache through the CLI (105ms)
    ✔ doctor command returns a read-only source + version report (48ms)
    ✔ declarations panel lists a project unit's declarations (450ms)
    ✔ next hole jumps inside a project unit (42ms)
    ✔ warmCacheOnOpen pre-builds the workspace at activation
    ✔ reopening a project unit hits the compile cache (187ms)
    ✔ rewriting an unchanged project unit does not recompile (1529ms)
    ✔ editing a dependency refreshes the open unit once (1528ms)
    ✔ goal text uses the file's notation (742ms)
    ✔ go to definition on a notation symbol lands on its declaration (83ms)
    ✔ hover on a notation symbol shows the target's signature (79ms)

## 扩展接线日志（SOKO_E2E_LOG）
2026-09-24T12:55:14.542Z server command: /home/runner/work/sokonanoda-lang/sokonanoda-lang/editor/vscode/bin/linux-x64/sokonanoda-lsp (source=bundled)
2026-09-24T12:55:14.543Z client state: starting
2026-09-24T12:55:14.566Z client state: running
2026-09-24T12:55:14.572Z loadProject: no active .sokonanoda document
2026-09-24T12:55:14.781Z active document changed: file:///tmp/sokonanoda-vscode-test-YdphT4/check.sokonanoda
2026-09-24T12:55:14.794Z soko/project ok: project=null reason=no-imports
2026-09-24T12:55:14.896Z active document changed: (none)
2026-09-24T12:55:14.896Z loadProject: no active .sokonanoda document
2026-09-24T12:55:14.946Z active document changed: file:///tmp/sokonanoda-vscode-test-YdphT4/lesson-clean.sokonanoda
2026-09-24T12:55:14.962Z soko/project ok: project=null reason=no-imports
2026-09-24T12:55:14.965Z soko/project ok: project=null reason=no-imports
2026-09-24T12:55:15.025Z active document changed: (none)
2026-09-24T12:55:15.025Z loadProject: no active .sokonanoda document
2026-09-24T12:55:15.060Z active document changed: file:///tmp/sokonanoda-vscode-test-YdphT4/kernel-bad.sokonanoda
2026-09-24T12:55:15.074Z soko/project ok: project=null reason=no-imports
2026-09-24T12:55:15.178Z active document changed: (none)
2026-09-24T12:55:15.178Z loadProject: no active .sokonanoda document
2026-09-24T12:55:15.206Z active document changed: file:///tmp/sokonanoda-vscode-test-YdphT4/exercise.sokonanoda
2026-09-24T12:55:15.218Z soko/project ok: project=null reason=no-imports
2026-09-24T12:55:15.254Z active document changed: (none)
2026-09-24T12:55:15.254Z loadProject: no active .sokonanoda document
2026-09-24T12:55:15.287Z active document changed: file:///tmp/sokonanoda-vscode-test-YdphT4/reserved.sokonanoda
2026-09-24T12:55:15.299Z soko/project ok: project=null reason=no-imports
2026-09-24T12:55:15.338Z active document changed: (none)
2026-09-24T12:55:15.338Z loadProject: no active .sokonanoda document
2026-09-24T12:55:15.385Z active document changed: file:///tmp/sokonanoda-vscode-test-YdphT4/exercise-hover.sokonanoda
2026-09-24T12:55:15.392Z soko/project ok: project=null reason=no-imports
2026-09-24T12:55:15.449Z active document changed: (none)
2026-09-24T12:55:15.449Z loadProject: no active .sokonanoda document
2026-09-24T12:55:15.482Z active document changed: file:///tmp/sokonanoda-vscode-test-YdphT4/notation-input.sokonanoda
2026-09-24T12:55:15.493Z soko/project ok: project=null reason=no-imports
2026-09-24T12:55:15.611Z active document changed: (none)
2026-09-24T12:55:15.611Z loadProject: no active .sokonanoda document
2026-09-24T12:55:15.671Z active document changed: file:///tmp/sokonanoda-vscode-test-YdphT4/restart.sokonanoda
2026-09-24T12:55:15.681Z soko/project ok: project=null reason=no-imports
2026-09-24T12:55:15.683Z client state: stopped
2026-09-24T12:55:15.687Z client state: starting
2026-09-24T12:55:15.717Z client state: running
2026-09-24T12:55:15.726Z soko/project ok: project=null reason=no-imports
2026-09-24T12:55:15.761Z active document changed: (none)
2026-09-24T12:55:15.761Z loadProject: no active .sokonanoda document
2026-09-24T12:55:15.924Z loadProject: no active .sokonanoda document
2026-09-24T12:55:15.972Z active document changed: file:///tmp/sokonanoda-vscode-test-YdphT4/proj-ok/Main.sokonanoda
2026-09-24T12:55:15.989Z soko/project ok: project=Main (2 modules) reason=null
2026-09-24T12:55:16.004Z soko/project ok: project=Main (2 modules) reason=null
2026-09-24T12:55:16.104Z soko/project ok: project=Main (2 modules) reason=null
2026-09-24T12:55:16.160Z soko/project ok: project=Main (2 modules) reason=null
2026-09-24T12:55:16.206Z active document changed: (none)
2026-09-24T12:55:16.206Z loadProject: no active .sokonanoda document
2026-09-24T12:55:16.241Z active document changed: file:///tmp/sokonanoda-vscode-test-YdphT4/single.sokonanoda
2026-09-24T12:55:16.251Z soko/project ok: project=null reason=no-imports
2026-09-24T12:55:16.252Z soko/project ok: project=null reason=no-imports
2026-09-24T12:55:16.357Z active document changed: (none)
2026-09-24T12:55:16.357Z loadProject: no active .sokonanoda document
2026-09-24T12:55:16.391Z active document changed: file:///tmp/sokonanoda-vscode-test-YdphT4/proj-broken/Main.sokonanoda
2026-09-24T12:55:16.398Z soko/project ok: project=Main (1 modules) reason=null
2026-09-24T12:55:16.400Z soko/project ok: project=Main (1 modules) reason=null
2026-09-24T12:55:16.506Z active document changed: (none)
2026-09-24T12:55:16.506Z loadProject: no active .sokonanoda document
2026-09-24T12:55:16.541Z active document changed: file:///tmp/sokonanoda-vscode-test-YdphT4/build-smoke.sokonanoda
2026-09-24T12:55:16.560Z soko/project ok: project=null reason=no-imports
2026-09-24T12:55:16.585Z soko/project ok: project=null reason=no-imports
2026-09-24T12:55:16.614Z soko/project ok: project=null reason=no-imports
2026-09-24T12:55:16.692Z active document changed: (none)
2026-09-24T12:55:16.692Z loadProject: no active .sokonanoda document
2026-09-24T12:55:16.735Z loadProject: no active .sokonanoda document
2026-09-24T12:55:16.818Z active document changed: file:///home/runner/work/sokonanoda-lang/sokonanoda-lang/editor/vscode/src/test/fixtures/workspace/units/u01.sokonanoda
2026-09-24T12:55:16.832Z soko/project ok: project=null reason=no-imports
2026-09-24T12:55:16.966Z warmCacheOnOpen: exit=0
2026-09-24T12:55:17.234Z soko/project ok: project=units.u01 (2 modules) reason=null
2026-09-24T12:55:17.247Z active document changed: (none)
2026-09-24T12:55:17.247Z loadProject: no active .sokonanoda document
2026-09-24T12:55:17.264Z active document changed: file:///home/runner/work/sokonanoda-lang/sokonanoda-lang/editor/vscode/src/test/fixtures/workspace/units/u01.sokonanoda
2026-09-24T12:55:17.288Z soko/project ok: project=units.u01 (2 modules) reason=null
2026-09-24T12:55:17.327Z active document changed: (none)
2026-09-24T12:55:17.327Z loadProject: no active .sokonanoda document
2026-09-24T12:55:17.364Z active document changed: file:///home/runner/work/sokonanoda-lang/sokonanoda-lang/editor/vscode/src/test/fixtures/workspace/units/u02.sokonanoda
2026-09-24T12:55:17.407Z soko/project ok: project=units.u02 (2 modules) reason=null
2026-09-24T12:55:17.430Z client state: stopped
2026-09-24T12:55:17.432Z client state: starting
2026-09-24T12:55:17.441Z client state: running
PERF e2e cache: cold=84ms warm=102ms
2026-09-24T12:55:17.561Z active document changed: (none)
2026-09-24T12:55:17.561Z loadProject: no active .sokonanoda document
2026-09-24T12:55:17.582Z active document changed: file:///home/runner/work/sokonanoda-lang/sokonanoda-lang/editor/vscode/src/test/fixtures/workspace/units/u01.sokonanoda
2026-09-24T12:55:17.591Z soko/project ok: project=units.u01 (2 modules) reason=null
2026-09-24T12:55:17.685Z soko/project ok: project=units.u01 (2 modules) reason=null
2026-09-24T12:55:18.119Z soko/project ok: project=units.u01 (2 modules) reason=null
2026-09-24T12:55:19.100Z active document changed: (none)
2026-09-24T12:55:19.100Z loadProject: no active .sokonanoda document
2026-09-24T12:55:19.119Z active document changed: file:///home/runner/work/sokonanoda-lang/sokonanoda-lang/editor/vscode/src/test/fixtures/workspace/units/u01.sokonanoda
2026-09-24T12:55:19.127Z soko/project ok: project=units.u01 (2 modules) reason=null
2026-09-24T12:55:20.113Z soko/project ok: project=units.u01 (2 modules) reason=null
PERF e2e fanout: entry diagnostics publishes=1
2026-09-24T12:55:20.637Z active document changed: (none)
2026-09-24T12:55:20.637Z loadProject: no active .sokonanoda document
2026-09-24T12:55:20.667Z active document changed: file:///home/runner/work/sokonanoda-lang/sokonanoda-lang/editor/vscode/src/test/fixtures/workspace/units/u01.sokonanoda
2026-09-24T12:55:20.675Z soko/project ok: project=units.u01 (2 modules) reason=null
2026-09-24T12:55:21.307Z soko/project ok: project=units.u01 (2 modules) reason=null
2026-09-24T12:55:21.388Z active document changed: (none)
2026-09-24T12:55:21.388Z loadProject: no active .sokonanoda document
2026-09-24T12:55:21.408Z active document changed: file:///home/runner/work/sokonanoda-lang/sokonanoda-lang/editor/vscode/src/test/fixtures/workspace/units/u01.sokonanoda
2026-09-24T12:55:21.417Z soko/project ok: project=units.u01 (2 modules) reason=null
2026-09-24T12:55:21.480Z active document changed: (none)
2026-09-24T12:55:21.480Z loadProject: no active .sokonanoda document
2026-09-24T12:55:21.496Z active document changed: file:///home/runner/work/sokonanoda-lang/sokonanoda-lang/editor/vscode/src/test/fixtures/workspace/units/u01.sokonanoda
2026-09-24T12:55:21.506Z soko/project ok: project=units.u01 (2 modules) reason=null
2026-09-24T12:55:21.584Z active document changed: (none)
2026-09-24T12:55:21.584Z loadProject: no active .sokonanoda document
2026-09-24T12:55:21.618Z client state: stopped
