# scripts/vscode-e2e.sh — VS Code 1.106.0 · extension v0.78.0 · 8d8fcc89d666416a1205e1d3bba823f2da65ef27
# 结果：35 passing / 0 failing / 0 pending（exit=0）

## doctor（服务器解析与版本自述）
--- doctor ---
sokonanoda doctor — 扩展 v0.78.0 (6 checks)
[ok] 1/6 resolution：bundled — /home/runner/work/sokonanoda-lang/sokonanoda-lang/editor/vscode/bin/linux-x64/sokonanoda-lsp (source=bundled)
[ok] 2/6 server-version：0.78.0 (pid 3128) == 扩展 v0.78.0 (source=bundled)
[ok] 3/6 host-version：运行宿主 v0.78.0
[ok] 4/6 ignored-override：没有被忽略的 serverPath/env 覆盖
[info] 5/6 download-cache：无下载缓存（仅影响 CLI/universal 兜底，不影响内置服务器）
[info] 6/6 obsolete-versions：检测到 0 个扩展版本快照、0 个 .obsolete 条目；完整重启 VS Code 会自动清理

## 用例
    ✔ .sokonanoda files get the sokonanoda language id (180ms)
    ✔ confusable-character highlight is off for sokonanoda files
    ✔ #check results appear as inlay hints (336ms)
    ✔ clean lesson publishes empty diagnostics (187ms)
    ✔ kernel-rejected declaration carries the kernel-rejected code (186ms)
    ✔ open exercise carries a sorry warning, not an error (92ms)
    ✔ a declaration named Prop warns, not errors (88ms)
    ✔ open exercise shows a hover on the hole (145ms)
    ✔ hover 的类型文本折成记法（T-U12 面 #3，e2e 那一份） (382ms)
    ✔ notation input: the rewriter produces ∧ and hover teaches \and (288ms)
    ✔ restart server command re-syncs open documents (246ms)
    ✔ infoview command is registered and revealable (124ms)
    ✔ the project tree shows the real closure of an imported module (351ms)
    ✔ the project tree names the file a single-file document is (161ms)
    ✔ the project tree marks a broken import as the root cause (165ms)
    ✔ build / rebuild commands warm the compile cache through the CLI (11227ms)
    ✔ Clean Cache empties the project store and does not compile (E31) (7583ms)
    ✔ the Infoview receives the project view (E30) (65ms)
    ✔ Infoview 'definition' lands exactly where the editor F12 lands (E27) (137ms)
    ✔ doctor command returns a read-only source + version report
    ✔ declarations panel lists a project unit's declarations
    ✔ open declaration ships coloured goal runs to the Infoview (38ms)
    ✔ next hole jumps inside a project unit
    ✔ warmCacheOnOpen pre-builds the workspace at activation
    ✔ reopening a project unit hits the compile cache (4385ms)
    ✔ rewriting an unchanged project unit does not recompile (1940ms)
    ✔ editing a dependency refreshes the open unit once (5547ms)
    ✔ goal text uses the file's notation (749ms)
    ✔ goal text folds a binder notation whose type contains a lambda (339ms)
    ✔ Infoview 的 `⊢` 用记法箭头 `→`，且 runs 与 text 同源 (337ms)
    ✔ Infoview 里集合字面量显示成 `{a}`（不是 `Set.singleton α a`） (348ms)
    ✔ go to definition on a `{a}` set literal lands on `Set.singleton` (114ms)
    ✔ go to definition on a prelude name lands in the prelude source (128ms)
    ✔ go to definition on a notation symbol lands on its declaration (258ms)
    ✔ hover on a notation symbol shows the target's signature (179ms)

## 扩展接线日志（SOKO_E2E_LOG）
2026-09-29T09:02:43.141Z server command: /home/runner/work/sokonanoda-lang/sokonanoda-lang/editor/vscode/bin/linux-x64/sokonanoda-lsp (source=bundled)
2026-09-29T09:02:43.142Z client state: starting
2026-09-29T09:02:43.177Z client state: running
2026-09-29T09:02:43.193Z loadProject: no active .sokonanoda document
2026-09-29T09:02:43.664Z active document changed: file:///tmp/sokonanoda-vscode-test-KDkUdp/check.sokonanoda
2026-09-29T09:02:43.677Z soko/project ok: project=null reason=no-imports
2026-09-29T09:02:43.677Z soko/project ok: project=null reason=no-imports
2026-09-29T09:02:43.838Z soko/project ok: project=null reason=no-imports
2026-09-29T09:02:43.874Z active document changed: (none)
2026-09-29T09:02:43.874Z loadProject: no active .sokonanoda document
2026-09-29T09:02:43.932Z active document changed: file:///tmp/sokonanoda-vscode-test-KDkUdp/lesson-clean.sokonanoda
2026-09-29T09:02:43.955Z soko/project ok: project=null reason=no-imports
2026-09-29T09:02:44.084Z active document changed: (none)
2026-09-29T09:02:44.084Z loadProject: no active .sokonanoda document
2026-09-29T09:02:44.150Z active document changed: file:///tmp/sokonanoda-vscode-test-KDkUdp/kernel-bad.sokonanoda
2026-09-29T09:02:44.175Z soko/project ok: project=null reason=no-imports
2026-09-29T09:02:44.175Z soko/project ok: project=null reason=no-imports
2026-09-29T09:02:44.293Z active document changed: (none)
2026-09-29T09:02:44.293Z loadProject: no active .sokonanoda document
2026-09-29T09:02:44.382Z active document changed: file:///tmp/sokonanoda-vscode-test-KDkUdp/exercise.sokonanoda
2026-09-29T09:02:44.397Z soko/project ok: project=null reason=no-imports
2026-09-29T09:02:44.397Z soko/project ok: project=null reason=no-imports
2026-09-29T09:02:44.456Z active document changed: (none)
2026-09-29T09:02:44.456Z loadProject: no active .sokonanoda document
2026-09-29T09:02:44.534Z active document changed: file:///tmp/sokonanoda-vscode-test-KDkUdp/reserved.sokonanoda
2026-09-29T09:02:44.548Z soko/project ok: project=null reason=no-imports
2026-09-29T09:02:44.592Z active document changed: (none)
2026-09-29T09:02:44.592Z loadProject: no active .sokonanoda document
2026-09-29T09:02:44.661Z active document changed: file:///tmp/sokonanoda-vscode-test-KDkUdp/exercise-hover.sokonanoda
2026-09-29T09:02:44.673Z soko/project ok: project=null reason=no-imports
2026-09-29T09:02:44.755Z active document changed: (none)
2026-09-29T09:02:44.755Z loadProject: no active .sokonanoda document
2026-09-29T09:02:44.823Z active document changed: file:///home/runner/work/sokonanoda-lang/sokonanoda-lang/editor/vscode/src/test/fixtures/workspace/units/u01.sokonanoda
2026-09-29T09:02:44.839Z soko/project ok: project=units.u01 (2 modules) reason=null
2026-09-29T09:02:45.016Z soko/project ok: project=units.u01 (2 modules) reason=null
2026-09-29T09:02:45.166Z active document changed: (none)
2026-09-29T09:02:45.166Z loadProject: no active .sokonanoda document
2026-09-29T09:02:45.303Z active document changed: file:///tmp/sokonanoda-vscode-test-KDkUdp/notation-input.sokonanoda
2026-09-29T09:02:45.387Z soko/project ok: project=null reason=no-imports
2026-09-29T09:02:45.522Z active document changed: (none)
2026-09-29T09:02:45.523Z loadProject: no active .sokonanoda document
2026-09-29T09:02:45.586Z loadProject: no active .sokonanoda document
2026-09-29T09:02:45.590Z active document changed: file:///tmp/sokonanoda-vscode-test-KDkUdp/restart.sokonanoda
2026-09-29T09:02:45.609Z soko/project ok: project=null reason=no-imports
2026-09-29T09:02:45.612Z client state: stopped
2026-09-29T09:02:45.617Z client state: starting
2026-09-29T09:02:45.655Z client state: running
2026-09-29T09:02:45.797Z active document changed: (none)
2026-09-29T09:02:45.797Z loadProject: no active .sokonanoda document
2026-09-29T09:02:45.867Z loadProject: no active .sokonanoda document
2026-09-29T09:02:46.078Z active document changed: file:///tmp/sokonanoda-vscode-test-KDkUdp/proj-ok/Main.sokonanoda
2026-09-29T09:02:46.116Z soko/project ok: project=null reason=no-imports
2026-09-29T09:02:46.123Z soko/project ok: project=null reason=no-imports
2026-09-29T09:02:46.218Z soko/project ok: project=Main (2 modules) reason=null
2026-09-29T09:02:46.322Z active document changed: (none)
2026-09-29T09:02:46.322Z loadProject: no active .sokonanoda document
2026-09-29T09:02:46.333Z loadProject: no active .sokonanoda document
2026-09-29T09:02:46.376Z active document changed: file:///tmp/sokonanoda-vscode-test-KDkUdp/single.sokonanoda
2026-09-29T09:02:46.395Z soko/project ok: project=null reason=no-imports
2026-09-29T09:02:46.399Z soko/project ok: project=null reason=no-imports
2026-09-29T09:02:46.498Z active document changed: (none)
2026-09-29T09:02:46.498Z loadProject: no active .sokonanoda document
2026-09-29T09:02:46.548Z active document changed: file:///tmp/sokonanoda-vscode-test-KDkUdp/proj-broken/Main.sokonanoda
2026-09-29T09:02:46.562Z soko/project ok: project=Main (1 modules) reason=null
2026-09-29T09:02:46.564Z soko/project ok: project=Main (1 modules) reason=null
2026-09-29T09:02:46.568Z soko/project ok: project=Main (1 modules) reason=null
2026-09-29T09:02:46.673Z active document changed: (none)
2026-09-29T09:02:46.673Z loadProject: no active .sokonanoda document
2026-09-29T09:02:46.716Z active document changed: file:///home/runner/work/sokonanoda-lang/sokonanoda-lang/editor/vscode/src/test/fixtures/workspace/units/u01.sokonanoda
2026-09-29T09:02:46.736Z soko/project ok: project=units.u01 (2 modules) reason=null
2026-09-29T09:02:46.738Z soko/project ok: project=units.u01 (2 modules) reason=null
2026-09-29T09:02:51.138Z warmCacheOnOpen: exit=0
2026-09-29T09:02:52.869Z soko/project ok: project=units.u01 (2 modules) reason=null
2026-09-29T09:02:57.908Z soko/project ok: project=units.u01 (2 modules) reason=null
2026-09-29T09:02:57.948Z active document changed: (none)
2026-09-29T09:02:57.948Z loadProject: no active .sokonanoda document
2026-09-29T09:02:57.988Z active document changed: file:///home/runner/work/sokonanoda-lang/sokonanoda-lang/editor/vscode/src/test/fixtures/workspace/units/u01.sokonanoda
2026-09-29T09:02:57.993Z soko/project ok: project=units.u01 (2 modules) reason=null
2026-09-29T09:02:59.016Z soko/project ok: project=units.u01 (2 modules) reason=null
2026-09-29T09:02:59.024Z soko/project ok: project=units.u01 (2 modules) reason=null
2026-09-29T09:03:05.541Z soko/project ok: project=units.u01 (2 modules) reason=null
2026-09-29T09:03:05.573Z active document changed: (none)
2026-09-29T09:03:05.573Z loadProject: no active .sokonanoda document
2026-09-29T09:03:05.634Z active document changed: file:///home/runner/work/sokonanoda-lang/sokonanoda-lang/editor/vscode/src/test/fixtures/workspace/units/u01.sokonanoda
2026-09-29T09:03:05.637Z soko/project ok: project=units.u01 (2 modules) reason=null
2026-09-29T09:03:05.706Z active document changed: (none)
2026-09-29T09:03:05.706Z loadProject: no active .sokonanoda document
2026-09-29T09:03:05.739Z active document changed: file:///home/runner/work/sokonanoda-lang/sokonanoda-lang/editor/vscode/src/test/fixtures/workspace/units/u01.sokonanoda
2026-09-29T09:03:05.744Z soko/project ok: project=units.u01 (2 modules) reason=null
2026-09-29T09:03:05.828Z active document changed: (none)
2026-09-29T09:03:05.828Z loadProject: no active .sokonanoda document
2026-09-29T09:03:05.836Z active document changed: file:///home/runner/work/sokonanoda-lang/sokonanoda-lang/editor/vscode/src/test/fixtures/workspace/lib/Set.sokonanoda
2026-09-29T09:03:05.839Z soko/project ok: project=null reason=no-imports
2026-09-29T09:03:05.888Z active document changed: (none)
2026-09-29T09:03:05.888Z loadProject: no active .sokonanoda document
2026-09-29T09:03:05.936Z active document changed: file:///home/runner/work/sokonanoda-lang/sokonanoda-lang/editor/vscode/src/test/fixtures/workspace/units/u01.sokonanoda
2026-09-29T09:03:05.940Z soko/project ok: project=units.u01 (2 modules) reason=null
2026-09-29T09:03:06.013Z active document changed: (none)
2026-09-29T09:03:06.013Z loadProject: no active .sokonanoda document
2026-09-29T09:03:06.023Z loadProject: no active .sokonanoda document
2026-09-29T09:03:06.043Z active document changed: file:///home/runner/work/sokonanoda-lang/sokonanoda-lang/editor/vscode/src/test/fixtures/workspace/units/u01.sokonanoda
2026-09-29T09:03:06.049Z soko/project ok: project=units.u01 (2 modules) reason=null
2026-09-29T09:03:06.122Z active document changed: (none)
2026-09-29T09:03:06.123Z loadProject: no active .sokonanoda document
2026-09-29T09:03:06.145Z active document changed: file:///home/runner/work/sokonanoda-lang/sokonanoda-lang/editor/vscode/src/test/fixtures/workspace/units/u01.sokonanoda
2026-09-29T09:03:06.149Z soko/project ok: project=units.u01 (2 modules) reason=null
2026-09-29T09:03:06.213Z active document changed: (none)
2026-09-29T09:03:06.213Z loadProject: no active .sokonanoda document
2026-09-29T09:03:06.248Z active document changed: file:///home/runner/work/sokonanoda-lang/sokonanoda-lang/editor/vscode/src/test/fixtures/workspace/units/u02-cold-open.sokonanoda
2026-09-29T09:03:06.250Z soko/project ok: project=null reason=no-imports
2026-09-29T09:03:10.554Z client state: stopped
2026-09-29T09:03:10.557Z client state: starting
2026-09-29T09:03:10.568Z client state: running
PERF e2e cache: cold=4323ms warm=58ms
2026-09-29T09:03:10.673Z active document changed: (none)
2026-09-29T09:03:10.674Z loadProject: no active .sokonanoda document
2026-09-29T09:03:10.703Z active document changed: file:///home/runner/work/sokonanoda-lang/sokonanoda-lang/editor/vscode/src/test/fixtures/workspace/units/u01.sokonanoda
2026-09-29T09:03:10.707Z soko/project ok: project=units.u01 (2 modules) reason=null
2026-09-29T09:03:10.864Z soko/project ok: project=units.u01 (2 modules) reason=null
2026-09-29T09:03:11.251Z soko/project ok: project=units.u01 (2 modules) reason=null
2026-09-29T09:03:11.700Z soko/project ok: project=units.u01 (2 modules) reason=null
2026-09-29T09:03:12.623Z active document changed: (none)
2026-09-29T09:03:12.623Z loadProject: no active .sokonanoda document
2026-09-29T09:03:12.645Z active document changed: file:///home/runner/work/sokonanoda-lang/sokonanoda-lang/editor/vscode/src/test/fixtures/workspace/units/u01.sokonanoda
2026-09-29T09:03:12.649Z soko/project ok: project=units.u01 (2 modules) reason=null
2026-09-29T09:03:13.412Z soko/project ok: project=units.u01 (2 modules) reason=null
2026-09-29T09:03:13.845Z soko/project ok: project=units.u01 (2 modules) reason=null
PERF e2e fanout: entry diagnostics signature=152 字节 · 稳定 ✓
2026-09-29T09:03:18.183Z active document changed: (none)
2026-09-29T09:03:18.183Z loadProject: no active .sokonanoda document
2026-09-29T09:03:18.218Z active document changed: file:///home/runner/work/sokonanoda-lang/sokonanoda-lang/editor/vscode/src/test/fixtures/workspace/units/u01.sokonanoda
2026-09-29T09:03:18.220Z soko/project ok: project=units.u01 (2 modules) reason=null
2026-09-29T09:03:18.848Z soko/project ok: project=units.u01 (2 modules) reason=null
2026-09-29T09:03:18.945Z active document changed: (none)
2026-09-29T09:03:18.945Z loadProject: no active .sokonanoda document
2026-09-29T09:03:18.970Z active document changed: file:///home/runner/work/sokonanoda-lang/sokonanoda-lang/editor/vscode/src/test/fixtures/workspace/units/u01.sokonanoda
2026-09-29T09:03:18.979Z soko/project ok: project=units.u01 (2 modules) reason=null
2026-09-29T09:03:19.295Z active document changed: (none)
2026-09-29T09:03:19.295Z loadProject: no active .sokonanoda document
2026-09-29T09:03:19.320Z active document changed: file:///home/runner/work/sokonanoda-lang/sokonanoda-lang/editor/vscode/src/test/fixtures/workspace/units/u01.sokonanoda
2026-09-29T09:03:19.326Z soko/project ok: project=units.u01 (2 modules) reason=null
2026-09-29T09:03:19.645Z active document changed: (none)
2026-09-29T09:03:19.645Z loadProject: no active .sokonanoda document
2026-09-29T09:03:19.679Z active document changed: file:///home/runner/work/sokonanoda-lang/sokonanoda-lang/editor/vscode/src/test/fixtures/workspace/units/u01.sokonanoda
2026-09-29T09:03:19.684Z soko/project ok: project=units.u01 (2 modules) reason=null
2026-09-29T09:03:20.005Z active document changed: (none)
2026-09-29T09:03:20.005Z loadProject: no active .sokonanoda document
2026-09-29T09:03:20.033Z active document changed: file:///home/runner/work/sokonanoda-lang/sokonanoda-lang/editor/vscode/src/test/fixtures/workspace/units/u01.sokonanoda
2026-09-29T09:03:20.039Z soko/project ok: project=units.u01 (2 modules) reason=null
2026-09-29T09:03:20.132Z active document changed: (none)
2026-09-29T09:03:20.132Z loadProject: no active .sokonanoda document
2026-09-29T09:03:20.159Z active document changed: file:///home/runner/work/sokonanoda-lang/sokonanoda-lang/editor/vscode/src/test/fixtures/workspace/units/u01.sokonanoda
2026-09-29T09:03:20.164Z soko/project ok: project=units.u01 (2 modules) reason=null
2026-09-29T09:03:20.279Z active document changed: (none)
2026-09-29T09:03:20.279Z loadProject: no active .sokonanoda document
2026-09-29T09:03:20.355Z active document changed: file:///home/runner/work/sokonanoda-lang/sokonanoda-lang/editor/vscode/src/test/fixtures/workspace/units/u01.sokonanoda
2026-09-29T09:03:20.361Z soko/project ok: project=units.u01 (2 modules) reason=null
2026-09-29T09:03:20.551Z active document changed: (none)
2026-09-29T09:03:20.551Z loadProject: no active .sokonanoda document
2026-09-29T09:03:20.600Z active document changed: file:///home/runner/work/sokonanoda-lang/sokonanoda-lang/editor/vscode/src/test/fixtures/workspace/units/u01.sokonanoda
2026-09-29T09:03:20.611Z soko/project ok: project=units.u01 (2 modules) reason=null
2026-09-29T09:03:20.750Z active document changed: (none)
2026-09-29T09:03:20.751Z loadProject: no active .sokonanoda document
2026-09-29T09:03:20.799Z client state: stopped
