# scripts/vscode-e2e.sh — VS Code 1.138.0 · extension v0.78.0 · 4cf840a19e0fad093ad233c56cf6e67e6af45dcd
# 结果：35 passing / 0 failing / 0 pending（exit=0）

## doctor（服务器解析与版本自述）
--- doctor ---
sokonanoda doctor — 扩展 v0.78.0 (6 checks)
[ok] 1/6 resolution：bundled — /home/runner/work/sokonanoda-lang/sokonanoda-lang/editor/vscode/bin/linux-x64/sokonanoda-lsp (source=bundled)
[ok] 2/6 server-version：0.78.0 (pid 2889) == 扩展 v0.78.0 (source=bundled)
[ok] 3/6 host-version：运行宿主 v0.78.0
[ok] 4/6 ignored-override：没有被忽略的 serverPath/env 覆盖
[info] 5/6 download-cache：无下载缓存（仅影响 CLI/universal 兜底，不影响内置服务器）
[info] 6/6 obsolete-versions：检测到 0 个扩展版本快照、0 个 .obsolete 条目；完整重启 VS Code 会自动清理

## 用例
    ✔ .sokonanoda files get the sokonanoda language id (118ms)
    ✔ confusable-character highlight is off for sokonanoda files
    ✔ #check results appear as inlay hints (218ms)
    ✔ clean lesson publishes empty diagnostics (130ms)
    ✔ kernel-rejected declaration carries the kernel-rejected code (83ms)
    ✔ open exercise carries a sorry warning, not an error (172ms)
    ✔ a declaration named Prop warns, not errors (83ms)
    ✔ open exercise shows a hover on the hole (125ms)
    ✔ hover 的类型文本折成记法（T-U12 面 #3，e2e 那一份） (226ms)
    ✔ notation input: the rewriter produces ∧ and hover teaches \and (211ms)
    ✔ restart server command re-syncs open documents (239ms)
    ✔ infoview command is registered and revealable (83ms)
    ✔ the project tree shows the real closure of an imported module (326ms)
    ✔ the project tree names the file a single-file document is (136ms)
    ✔ the project tree marks a broken import as the root cause (136ms)
    ✔ build / rebuild commands warm the compile cache through the CLI (4158ms)
    ✔ Clean Cache empties the project store and does not compile (E31) (4556ms)
    ✔ the Infoview receives the project view (E30)
    ✔ Infoview 'definition' lands exactly where the editor F12 lands (E27) (81ms)
    ✔ doctor command returns a read-only source + version report
    ✔ declarations panel lists a project unit's declarations
    ✔ open declaration ships coloured goal runs to the Infoview
    ✔ next hole jumps inside a project unit
    ✔ warmCacheOnOpen pre-builds the workspace at activation
    ✔ reopening a project unit hits the compile cache (3658ms)
    ✔ rewriting an unchanged project unit does not recompile (1945ms)
    ✔ editing a dependency refreshes the open unit once (5436ms)
    ✔ goal text uses the file's notation (333ms)
    ✔ goal text folds a binder notation whose type contains a lambda (222ms)
    ✔ Infoview 的 `⊢` 用记法箭头 `→`，且 runs 与 text 同源 (321ms)
    ✔ Infoview 里集合字面量显示成 `{a}`（不是 `Set.singleton α a`） (321ms)
    ✔ go to definition on a `{a}` set literal lands on `Set.singleton` (46ms)
    ✔ go to definition on a prelude name lands in the prelude source (58ms)
    ✔ go to definition on a notation symbol lands on its declaration (74ms)
    ✔ hover on a notation symbol shows the target's signature (68ms)

## 扩展接线日志（SOKO_E2E_LOG）
2026-09-28T21:13:57.501Z server command: /home/runner/work/sokonanoda-lang/sokonanoda-lang/editor/vscode/bin/linux-x64/sokonanoda-lsp (source=bundled)
2026-09-28T21:13:57.502Z client state: starting
2026-09-28T21:13:57.543Z client state: running
2026-09-28T21:13:57.549Z loadProject: no active .sokonanoda document
2026-09-28T21:13:57.847Z active document changed: file:///tmp/sokonanoda-vscode-test-ZWBnli/check.sokonanoda
2026-09-28T21:13:57.855Z soko/project ok: project=null reason=no-imports
2026-09-28T21:13:57.996Z active document changed: (none)
2026-09-28T21:13:57.996Z loadProject: no active .sokonanoda document
2026-09-28T21:13:58.015Z loadProject: no active .sokonanoda document
2026-09-28T21:13:58.041Z active document changed: file:///tmp/sokonanoda-vscode-test-ZWBnli/lesson-clean.sokonanoda
2026-09-28T21:13:58.057Z soko/project ok: project=null reason=no-imports
2026-09-28T21:13:58.139Z active document changed: (none)
2026-09-28T21:13:58.139Z loadProject: no active .sokonanoda document
2026-09-28T21:13:58.219Z active document changed: file:///tmp/sokonanoda-vscode-test-ZWBnli/kernel-bad.sokonanoda
2026-09-28T21:13:58.231Z soko/project ok: project=null reason=no-imports
2026-09-28T21:13:58.256Z soko/project ok: project=null reason=no-imports
2026-09-28T21:13:58.282Z active document changed: (none)
2026-09-28T21:13:58.282Z loadProject: no active .sokonanoda document
2026-09-28T21:13:58.336Z active document changed: file:///tmp/sokonanoda-vscode-test-ZWBnli/exercise.sokonanoda
2026-09-28T21:13:58.349Z soko/project ok: project=null reason=no-imports
2026-09-28T21:13:58.482Z active document changed: (none)
2026-09-28T21:13:58.482Z loadProject: no active .sokonanoda document
2026-09-28T21:13:58.550Z active document changed: file:///tmp/sokonanoda-vscode-test-ZWBnli/reserved.sokonanoda
2026-09-28T21:13:58.560Z soko/project ok: project=null reason=no-imports
2026-09-28T21:13:58.561Z soko/project ok: project=null reason=no-imports
2026-09-28T21:13:58.620Z active document changed: (none)
2026-09-28T21:13:58.620Z loadProject: no active .sokonanoda document
2026-09-28T21:13:58.683Z active document changed: file:///tmp/sokonanoda-vscode-test-ZWBnli/exercise-hover.sokonanoda
2026-09-28T21:13:58.693Z soko/project ok: project=null reason=no-imports
2026-09-28T21:13:58.766Z active document changed: (none)
2026-09-28T21:13:58.766Z loadProject: no active .sokonanoda document
2026-09-28T21:13:58.823Z active document changed: file:///home/runner/work/sokonanoda-lang/sokonanoda-lang/editor/vscode/src/test/fixtures/workspace/units/u01.sokonanoda
2026-09-28T21:13:58.844Z soko/project ok: project=units.u01 (2 modules) reason=null
2026-09-28T21:13:59.013Z active document changed: (none)
2026-09-28T21:13:59.013Z loadProject: no active .sokonanoda document
2026-09-28T21:13:59.057Z active document changed: file:///tmp/sokonanoda-vscode-test-ZWBnli/notation-input.sokonanoda
2026-09-28T21:13:59.081Z soko/project ok: project=null reason=no-imports
2026-09-28T21:13:59.104Z soko/project ok: project=null reason=no-imports
2026-09-28T21:13:59.278Z active document changed: (none)
2026-09-28T21:13:59.278Z loadProject: no active .sokonanoda document
2026-09-28T21:13:59.285Z loadProject: no active .sokonanoda document
2026-09-28T21:13:59.338Z active document changed: file:///tmp/sokonanoda-vscode-test-ZWBnli/restart.sokonanoda
2026-09-28T21:13:59.363Z soko/project ok: project=null reason=no-imports
2026-09-28T21:13:59.378Z client state: stopped
2026-09-28T21:13:59.381Z client state: starting
2026-09-28T21:13:59.416Z client state: running
2026-09-28T21:13:59.539Z active document changed: (none)
2026-09-28T21:13:59.539Z loadProject: no active .sokonanoda document
2026-09-28T21:13:59.633Z loadProject: no active .sokonanoda document
2026-09-28T21:13:59.718Z active document changed: file:///tmp/sokonanoda-vscode-test-ZWBnli/proj-ok/Main.sokonanoda
2026-09-28T21:13:59.741Z soko/project ok: project=null reason=no-imports
2026-09-28T21:13:59.777Z soko/project ok: project=Main (2 modules) reason=null
2026-09-28T21:13:59.876Z soko/project ok: project=Main (2 modules) reason=null
2026-09-28T21:13:59.946Z soko/project ok: project=Main (2 modules) reason=null
2026-09-28T21:13:59.982Z active document changed: (none)
2026-09-28T21:13:59.982Z loadProject: no active .sokonanoda document
2026-09-28T21:14:00.008Z active document changed: file:///tmp/sokonanoda-vscode-test-ZWBnli/single.sokonanoda
2026-09-28T21:14:00.018Z soko/project ok: project=null reason=no-imports
2026-09-28T21:14:00.023Z soko/project ok: project=null reason=no-imports
2026-09-28T21:14:00.129Z active document changed: (none)
2026-09-28T21:14:00.129Z loadProject: no active .sokonanoda document
2026-09-28T21:14:00.160Z active document changed: file:///tmp/sokonanoda-vscode-test-ZWBnli/proj-broken/Main.sokonanoda
2026-09-28T21:14:00.169Z soko/project ok: project=Main (1 modules) reason=null
2026-09-28T21:14:00.170Z soko/project ok: project=Main (1 modules) reason=null
2026-09-28T21:14:00.273Z active document changed: (none)
2026-09-28T21:14:00.273Z loadProject: no active .sokonanoda document
2026-09-28T21:14:00.293Z active document changed: file:///home/runner/work/sokonanoda-lang/sokonanoda-lang/editor/vscode/src/test/fixtures/workspace/units/u01.sokonanoda
2026-09-28T21:14:00.307Z soko/project ok: project=units.u01 (2 modules) reason=null
2026-09-28T21:14:00.354Z soko/project ok: project=units.u01 (2 modules) reason=null
2026-09-28T21:14:00.498Z warmCacheOnOpen: exit=0
2026-09-28T21:14:01.420Z soko/project ok: project=units.u01 (2 modules) reason=null
2026-09-28T21:14:04.435Z soko/project ok: project=units.u01 (2 modules) reason=null
2026-09-28T21:14:04.445Z active document changed: (none)
2026-09-28T21:14:04.445Z loadProject: no active .sokonanoda document
2026-09-28T21:14:04.469Z active document changed: file:///home/runner/work/sokonanoda-lang/sokonanoda-lang/editor/vscode/src/test/fixtures/workspace/units/u01.sokonanoda
2026-09-28T21:14:04.477Z soko/project ok: project=units.u01 (2 modules) reason=null
2026-09-28T21:14:05.494Z soko/project ok: project=units.u01 (2 modules) reason=null
2026-09-28T21:14:05.500Z soko/project ok: project=units.u01 (2 modules) reason=null
2026-09-28T21:14:09.005Z soko/project ok: project=units.u01 (2 modules) reason=null
2026-09-28T21:14:09.021Z active document changed: (none)
2026-09-28T21:14:09.021Z loadProject: no active .sokonanoda document
2026-09-28T21:14:09.034Z active document changed: file:///home/runner/work/sokonanoda-lang/sokonanoda-lang/editor/vscode/src/test/fixtures/workspace/units/u01.sokonanoda
2026-09-28T21:14:09.040Z soko/project ok: project=units.u01 (2 modules) reason=null
2026-09-28T21:14:09.081Z active document changed: (none)
2026-09-28T21:14:09.081Z loadProject: no active .sokonanoda document
2026-09-28T21:14:09.100Z active document changed: file:///home/runner/work/sokonanoda-lang/sokonanoda-lang/editor/vscode/src/test/fixtures/workspace/units/u01.sokonanoda
2026-09-28T21:14:09.107Z soko/project ok: project=units.u01 (2 modules) reason=null
2026-09-28T21:14:09.149Z active document changed: (none)
2026-09-28T21:14:09.149Z loadProject: no active .sokonanoda document
2026-09-28T21:14:09.155Z active document changed: file:///home/runner/work/sokonanoda-lang/sokonanoda-lang/editor/vscode/src/test/fixtures/workspace/lib/Set.sokonanoda
2026-09-28T21:14:09.163Z soko/project ok: project=null reason=no-imports
2026-09-28T21:14:09.194Z active document changed: (none)
2026-09-28T21:14:09.194Z loadProject: no active .sokonanoda document
2026-09-28T21:14:09.228Z active document changed: file:///home/runner/work/sokonanoda-lang/sokonanoda-lang/editor/vscode/src/test/fixtures/workspace/units/u01.sokonanoda
2026-09-28T21:14:09.235Z soko/project ok: project=units.u01 (2 modules) reason=null
2026-09-28T21:14:09.280Z active document changed: (none)
2026-09-28T21:14:09.280Z loadProject: no active .sokonanoda document
2026-09-28T21:14:09.295Z active document changed: file:///home/runner/work/sokonanoda-lang/sokonanoda-lang/editor/vscode/src/test/fixtures/workspace/units/u01.sokonanoda
2026-09-28T21:14:09.301Z soko/project ok: project=units.u01 (2 modules) reason=null
2026-09-28T21:14:09.340Z active document changed: (none)
2026-09-28T21:14:09.340Z loadProject: no active .sokonanoda document
2026-09-28T21:14:09.346Z loadProject: no active .sokonanoda document
2026-09-28T21:14:09.360Z active document changed: file:///home/runner/work/sokonanoda-lang/sokonanoda-lang/editor/vscode/src/test/fixtures/workspace/units/u01.sokonanoda
2026-09-28T21:14:09.368Z soko/project ok: project=units.u01 (2 modules) reason=null
2026-09-28T21:14:09.400Z active document changed: (none)
2026-09-28T21:14:09.400Z loadProject: no active .sokonanoda document
2026-09-28T21:14:09.420Z active document changed: file:///home/runner/work/sokonanoda-lang/sokonanoda-lang/editor/vscode/src/test/fixtures/workspace/units/u02-cold-open.sokonanoda
2026-09-28T21:14:09.433Z soko/project ok: project=null reason=no-imports
2026-09-28T21:14:13.013Z client state: stopped
2026-09-28T21:14:13.015Z client state: starting
2026-09-28T21:14:13.024Z client state: running
PERF e2e cache: cold=3603ms warm=55ms
2026-09-28T21:14:13.106Z active document changed: (none)
2026-09-28T21:14:13.106Z loadProject: no active .sokonanoda document
2026-09-28T21:14:13.137Z active document changed: file:///home/runner/work/sokonanoda-lang/sokonanoda-lang/editor/vscode/src/test/fixtures/workspace/units/u01.sokonanoda
2026-09-28T21:14:13.145Z soko/project ok: project=units.u01 (2 modules) reason=null
2026-09-28T21:14:13.322Z soko/project ok: project=units.u01 (2 modules) reason=null
2026-09-28T21:14:13.659Z soko/project ok: project=units.u01 (2 modules) reason=null
2026-09-28T21:14:14.137Z soko/project ok: project=units.u01 (2 modules) reason=null
2026-09-28T21:14:15.058Z active document changed: (none)
2026-09-28T21:14:15.058Z loadProject: no active .sokonanoda document
2026-09-28T21:14:15.075Z active document changed: file:///home/runner/work/sokonanoda-lang/sokonanoda-lang/editor/vscode/src/test/fixtures/workspace/units/u01.sokonanoda
2026-09-28T21:14:15.083Z soko/project ok: project=units.u01 (2 modules) reason=null
2026-09-28T21:14:15.572Z soko/project ok: project=units.u01 (2 modules) reason=null
2026-09-28T21:14:16.297Z soko/project ok: project=units.u01 (2 modules) reason=null
PERF e2e fanout: entry diagnostics signature=152 字节 · 稳定 ✓
2026-09-28T21:14:20.505Z active document changed: (none)
2026-09-28T21:14:20.505Z loadProject: no active .sokonanoda document
2026-09-28T21:14:20.527Z active document changed: file:///home/runner/work/sokonanoda-lang/sokonanoda-lang/editor/vscode/src/test/fixtures/workspace/units/u01.sokonanoda
2026-09-28T21:14:20.536Z soko/project ok: project=units.u01 (2 modules) reason=null
2026-09-28T21:14:20.852Z active document changed: (none)
2026-09-28T21:14:20.852Z loadProject: no active .sokonanoda document
2026-09-28T21:14:20.865Z active document changed: file:///home/runner/work/sokonanoda-lang/sokonanoda-lang/editor/vscode/src/test/fixtures/workspace/units/u01.sokonanoda
2026-09-28T21:14:20.873Z soko/project ok: project=units.u01 (2 modules) reason=null
2026-09-28T21:14:21.013Z soko/project ok: project=units.u01 (2 modules) reason=null
2026-09-28T21:14:21.081Z active document changed: (none)
2026-09-28T21:14:21.081Z loadProject: no active .sokonanoda document
2026-09-28T21:14:21.093Z active document changed: file:///home/runner/work/sokonanoda-lang/sokonanoda-lang/editor/vscode/src/test/fixtures/workspace/units/u01.sokonanoda
2026-09-28T21:14:21.100Z soko/project ok: project=units.u01 (2 modules) reason=null
2026-09-28T21:14:21.409Z active document changed: (none)
2026-09-28T21:14:21.409Z loadProject: no active .sokonanoda document
2026-09-28T21:14:21.421Z active document changed: file:///home/runner/work/sokonanoda-lang/sokonanoda-lang/editor/vscode/src/test/fixtures/workspace/units/u01.sokonanoda
2026-09-28T21:14:21.430Z soko/project ok: project=units.u01 (2 modules) reason=null
2026-09-28T21:14:21.735Z active document changed: (none)
2026-09-28T21:14:21.735Z loadProject: no active .sokonanoda document
2026-09-28T21:14:21.746Z active document changed: file:///home/runner/work/sokonanoda-lang/sokonanoda-lang/editor/vscode/src/test/fixtures/workspace/units/u01.sokonanoda
2026-09-28T21:14:21.754Z soko/project ok: project=units.u01 (2 modules) reason=null
2026-09-28T21:14:21.788Z active document changed: (none)
2026-09-28T21:14:21.788Z loadProject: no active .sokonanoda document
2026-09-28T21:14:21.806Z active document changed: file:///home/runner/work/sokonanoda-lang/sokonanoda-lang/editor/vscode/src/test/fixtures/workspace/units/u01.sokonanoda
2026-09-28T21:14:21.814Z soko/project ok: project=units.u01 (2 modules) reason=null
2026-09-28T21:14:21.853Z active document changed: (none)
2026-09-28T21:14:21.853Z loadProject: no active .sokonanoda document
2026-09-28T21:14:21.872Z active document changed: file:///home/runner/work/sokonanoda-lang/sokonanoda-lang/editor/vscode/src/test/fixtures/workspace/units/u01.sokonanoda
2026-09-28T21:14:21.884Z soko/project ok: project=units.u01 (2 modules) reason=null
2026-09-28T21:14:21.935Z active document changed: (none)
2026-09-28T21:14:21.935Z loadProject: no active .sokonanoda document
2026-09-28T21:14:21.948Z active document changed: file:///home/runner/work/sokonanoda-lang/sokonanoda-lang/editor/vscode/src/test/fixtures/workspace/units/u01.sokonanoda
2026-09-28T21:14:21.959Z soko/project ok: project=units.u01 (2 modules) reason=null
2026-09-28T21:14:22.012Z active document changed: (none)
2026-09-28T21:14:22.012Z loadProject: no active .sokonanoda document
2026-09-28T21:14:22.039Z client state: stopped
