# scripts/vscode-e2e.sh — VS Code 1.106.0 · extension v0.62.0 · e11fe0791d2365a5379f142d0e773797de4f7aec
# 结果：16 passing / 0 failing / 0 pending（exit=0）

## doctor（服务器解析与版本自述）
--- doctor ---
sokonanoda doctor — 扩展 v0.62.0 (6 checks)
[ok] 1/6 resolution：bundled — /home/runner/work/sokonanoda-lang/sokonanoda-lang/editor/vscode/bin/linux-x64/sokonanoda-lsp (source=bundled)
[ok] 2/6 server-version：0.62.0 (pid 3066) == 扩展 v0.62.0 (source=bundled)
[ok] 3/6 host-version：运行宿主 v0.62.0
[ok] 4/6 ignored-override：没有被忽略的 serverPath/env 覆盖
[info] 5/6 download-cache：无下载缓存（仅影响 CLI/universal 兜底，不影响内置服务器）
[info] 6/6 obsolete-versions：检测到 0 个扩展版本快照、0 个 .obsolete 条目；完整重启 VS Code 会自动清理

## 用例
    ✔ .sokonanoda files get the sokonanoda language id (70ms)
    ✔ confusable-character highlight is off for sokonanoda files
    ✔ #check results appear as inlay hints (198ms)
    ✔ clean lesson publishes empty diagnostics (126ms)
    ✔ kernel-rejected declaration carries the kernel-rejected code (46ms)
    ✔ open exercise carries a sorry warning, not an error (64ms)
    ✔ a declaration named Prop warns, not errors (55ms)
    ✔ open exercise shows a hover on the hole (103ms)
    ✔ notation input: the rewriter produces ∧ and hover teaches \and (153ms)
    ✔ restart server command re-syncs open documents (92ms)
    ✔ infoview command is registered and revealable (158ms)
    ✔ the project tree shows the real closure of an imported module (217ms)
    ✔ the project tree names the file a single-file document is (149ms)
    ✔ the project tree marks a broken import as the root cause (145ms)
    ✔ build / rebuild commands warm the compile cache through the CLI (94ms)
    ✔ doctor command returns a read-only source + version report

## 扩展接线日志（SOKO_E2E_LOG）
2026-09-20T16:34:02.757Z server command: /home/runner/work/sokonanoda-lang/sokonanoda-lang/editor/vscode/bin/linux-x64/sokonanoda-lsp (source=bundled)
2026-09-20T16:34:02.759Z client state: starting
2026-09-20T16:34:02.778Z client state: running
2026-09-20T16:34:02.786Z loadProject: no active .sokonanoda document
2026-09-20T16:34:03.012Z active document changed: file:///tmp/sokonanoda-vscode-test-k4HkyX/check.sokonanoda
2026-09-20T16:34:03.018Z soko/project ok: project=null reason=no-imports
2026-09-20T16:34:03.147Z active document changed: (none)
2026-09-20T16:34:03.147Z loadProject: no active .sokonanoda document
2026-09-20T16:34:03.189Z loadProject: no active .sokonanoda document
2026-09-20T16:34:03.196Z active document changed: file:///tmp/sokonanoda-vscode-test-k4HkyX/lesson-clean.sokonanoda
2026-09-20T16:34:03.208Z soko/project ok: project=null reason=no-imports
2026-09-20T16:34:03.285Z active document changed: (none)
2026-09-20T16:34:03.285Z loadProject: no active .sokonanoda document
2026-09-20T16:34:03.328Z active document changed: file:///tmp/sokonanoda-vscode-test-k4HkyX/kernel-bad.sokonanoda
2026-09-20T16:34:03.336Z soko/project ok: project=null reason=no-imports
2026-09-20T16:34:03.389Z active document changed: (none)
2026-09-20T16:34:03.389Z loadProject: no active .sokonanoda document
2026-09-20T16:34:03.446Z active document changed: file:///tmp/sokonanoda-vscode-test-k4HkyX/exercise.sokonanoda
2026-09-20T16:34:03.454Z soko/project ok: project=null reason=no-imports
2026-09-20T16:34:03.510Z active document changed: (none)
2026-09-20T16:34:03.510Z loadProject: no active .sokonanoda document
2026-09-20T16:34:03.558Z active document changed: file:///tmp/sokonanoda-vscode-test-k4HkyX/reserved.sokonanoda
2026-09-20T16:34:03.570Z soko/project ok: project=null reason=no-imports
2026-09-20T16:34:03.634Z active document changed: (none)
2026-09-20T16:34:03.634Z loadProject: no active .sokonanoda document
2026-09-20T16:34:03.675Z active document changed: file:///tmp/sokonanoda-vscode-test-k4HkyX/exercise-hover.sokonanoda
2026-09-20T16:34:03.684Z soko/project ok: project=null reason=no-imports
2026-09-20T16:34:03.755Z active document changed: (none)
2026-09-20T16:34:03.755Z loadProject: no active .sokonanoda document
2026-09-20T16:34:03.804Z active document changed: file:///tmp/sokonanoda-vscode-test-k4HkyX/notation-input.sokonanoda
2026-09-20T16:34:03.814Z soko/project ok: project=null reason=no-imports
2026-09-20T16:34:03.935Z active document changed: (none)
2026-09-20T16:34:03.935Z loadProject: no active .sokonanoda document
2026-09-20T16:34:03.982Z active document changed: file:///tmp/sokonanoda-vscode-test-k4HkyX/restart.sokonanoda
2026-09-20T16:34:03.990Z soko/project ok: project=null reason=no-imports
2026-09-20T16:34:03.991Z client state: stopped
2026-09-20T16:34:03.995Z client state: starting
2026-09-20T16:34:04.020Z client state: running
2026-09-20T16:34:04.026Z soko/project ok: project=null reason=no-imports
2026-09-20T16:34:04.067Z active document changed: (none)
2026-09-20T16:34:04.067Z loadProject: no active .sokonanoda document
2026-09-20T16:34:04.227Z loadProject: no active .sokonanoda document
2026-09-20T16:34:04.346Z active document changed: file:///tmp/sokonanoda-vscode-test-k4HkyX/proj-ok/Main.sokonanoda
2026-09-20T16:34:04.357Z soko/project ok: project=Main (2 modules) reason=null
2026-09-20T16:34:04.366Z soko/project ok: project=Main (2 modules) reason=null
2026-09-20T16:34:04.481Z active document changed: (none)
2026-09-20T16:34:04.481Z loadProject: no active .sokonanoda document
2026-09-20T16:34:04.525Z active document changed: file:///tmp/sokonanoda-vscode-test-k4HkyX/single.sokonanoda
2026-09-20T16:34:04.533Z soko/project ok: project=null reason=no-imports
2026-09-20T16:34:04.535Z soko/project ok: project=null reason=no-imports
2026-09-20T16:34:04.547Z soko/project ok: project=null reason=no-imports
2026-09-20T16:34:04.643Z active document changed: (none)
2026-09-20T16:34:04.643Z loadProject: no active .sokonanoda document
2026-09-20T16:34:04.681Z active document changed: file:///tmp/sokonanoda-vscode-test-k4HkyX/proj-broken/Main.sokonanoda
2026-09-20T16:34:04.689Z soko/project ok: project=Main (1 modules) reason=null
2026-09-20T16:34:04.692Z soko/project ok: project=Main (1 modules) reason=null
2026-09-20T16:34:04.712Z soko/project ok: project=Main (1 modules) reason=null
2026-09-20T16:34:04.798Z active document changed: (none)
2026-09-20T16:34:04.798Z loadProject: no active .sokonanoda document
2026-09-20T16:34:04.835Z active document changed: file:///tmp/sokonanoda-vscode-test-k4HkyX/build-smoke.sokonanoda
2026-09-20T16:34:04.842Z soko/project ok: project=null reason=no-imports
2026-09-20T16:34:04.879Z soko/project ok: project=null reason=no-imports
2026-09-20T16:34:04.897Z soko/project ok: project=null reason=no-imports
2026-09-20T16:34:04.930Z active document changed: (none)
2026-09-20T16:34:04.930Z loadProject: no active .sokonanoda document
2026-09-20T16:34:05.038Z client state: stopped
