# scripts/vscode-e2e.sh — VS Code 1.106.0 · extension v0.78.0 · 1d04ac4d29287376cacd59257db64fdd4f9803a5
# 结果：35 passing / 0 failing / 0 pending（exit=0）

## doctor（服务器解析与版本自述）
--- doctor ---
sokonanoda doctor — 扩展 v0.78.0 (6 checks)
[ok] 1/6 resolution：bundled — /home/runner/work/sokonanoda-lang/sokonanoda-lang/editor/vscode/bin/linux-x64/sokonanoda-lsp (source=bundled)
[ok] 2/6 server-version：0.78.0 (pid 3086) == 扩展 v0.78.0 (source=bundled)
[ok] 3/6 host-version：运行宿主 v0.78.0
[ok] 4/6 ignored-override：没有被忽略的 serverPath/env 覆盖
[info] 5/6 download-cache：无下载缓存（仅影响 CLI/universal 兜底，不影响内置服务器）
[info] 6/6 obsolete-versions：检测到 0 个扩展版本快照、0 个 .obsolete 条目；完整重启 VS Code 会自动清理

## 用例
    ✔ .sokonanoda files get the sokonanoda language id (71ms)
    ✔ confusable-character highlight is off for sokonanoda files
    ✔ #check results appear as inlay hints (247ms)
    ✔ clean lesson publishes empty diagnostics (142ms)
    ✔ kernel-rejected declaration carries the kernel-rejected code (189ms)
    ✔ open exercise carries a sorry warning, not an error (86ms)
    ✔ a declaration named Prop warns, not errors (76ms)
    ✔ open exercise shows a hover on the hole (109ms)
    ✔ hover 的类型文本折成记法（T-U12 面 #3，e2e 那一份） (221ms)
    ✔ notation input: the rewriter produces ∧ and hover teaches \and (223ms)
    ✔ restart server command re-syncs open documents (123ms)
    ✔ infoview command is registered and revealable (105ms)
    ✔ the project tree shows the real closure of an imported module (306ms)
    ✔ the project tree names the file a single-file document is (143ms)
    ✔ the project tree marks a broken import as the root cause (184ms)
    ✔ build / rebuild commands warm the compile cache through the CLI (6207ms)
    ✔ Clean Cache empties the project store and does not compile (E31) (5579ms)
    ✔ the Infoview receives the project view (E30) (146ms)
    ✔ Infoview 'definition' lands exactly where the editor F12 lands (E27) (160ms)
    ✔ doctor command returns a read-only source + version report
    ✔ declarations panel lists a project unit's declarations
    ✔ open declaration ships coloured goal runs to the Infoview
    ✔ next hole jumps inside a project unit
    ✔ warmCacheOnOpen pre-builds the workspace at activation
    ✔ reopening a project unit hits the compile cache (5155ms)
    ✔ rewriting an unchanged project unit does not recompile (1945ms)
    ✔ editing a dependency refreshes the open unit once (6950ms)
    ✔ goal text uses the file's notation (745ms)
    ✔ goal text folds a binder notation whose type contains a lambda (338ms)
    ✔ Infoview 的 `⊢` 用记法箭头 `→`，且 runs 与 text 同源 (346ms)
    ✔ Infoview 里集合字面量显示成 `{a}`（不是 `Set.singleton α a`） (341ms)
    ✔ go to definition on a `{a}` set literal lands on `Set.singleton` (121ms)
    ✔ go to definition on a prelude name lands in the prelude source (126ms)
    ✔ go to definition on a notation symbol lands on its declaration (161ms)
    ✔ hover on a notation symbol shows the target's signature (138ms)

## 扩展接线日志（SOKO_E2E_LOG）
2026-09-28T20:46:06.083Z server command: /home/runner/work/sokonanoda-lang/sokonanoda-lang/editor/vscode/bin/linux-x64/sokonanoda-lsp (source=bundled)
2026-09-28T20:46:06.084Z client state: starting
2026-09-28T20:46:06.102Z client state: running
2026-09-28T20:46:06.110Z loadProject: no active .sokonanoda document
2026-09-28T20:46:06.379Z active document changed: file:///tmp/sokonanoda-vscode-test-weZD43/check.sokonanoda
2026-09-28T20:46:06.388Z soko/project ok: project=null reason=no-imports
2026-09-28T20:46:06.543Z active document changed: (none)
2026-09-28T20:46:06.543Z loadProject: no active .sokonanoda document
2026-09-28T20:46:06.565Z loadProject: no active .sokonanoda document
2026-09-28T20:46:06.591Z active document changed: file:///tmp/sokonanoda-vscode-test-weZD43/lesson-clean.sokonanoda
2026-09-28T20:46:06.618Z soko/project ok: project=null reason=no-imports
2026-09-28T20:46:06.701Z active document changed: (none)
2026-09-28T20:46:06.702Z loadProject: no active .sokonanoda document
2026-09-28T20:46:06.775Z active document changed: file:///tmp/sokonanoda-vscode-test-weZD43/kernel-bad.sokonanoda
2026-09-28T20:46:06.795Z soko/project ok: project=null reason=no-imports
2026-09-28T20:46:06.820Z soko/project ok: project=null reason=no-imports
2026-09-28T20:46:06.923Z active document changed: (none)
2026-09-28T20:46:06.923Z loadProject: no active .sokonanoda document
2026-09-28T20:46:07.003Z active document changed: file:///tmp/sokonanoda-vscode-test-weZD43/exercise.sokonanoda
2026-09-28T20:46:07.018Z soko/project ok: project=null reason=no-imports
2026-09-28T20:46:07.018Z soko/project ok: project=null reason=no-imports
2026-09-28T20:46:07.053Z active document changed: (none)
2026-09-28T20:46:07.053Z loadProject: no active .sokonanoda document
2026-09-28T20:46:07.125Z active document changed: file:///tmp/sokonanoda-vscode-test-weZD43/reserved.sokonanoda
2026-09-28T20:46:07.135Z soko/project ok: project=null reason=no-imports
2026-09-28T20:46:07.178Z active document changed: (none)
2026-09-28T20:46:07.178Z loadProject: no active .sokonanoda document
2026-09-28T20:46:07.226Z active document changed: file:///tmp/sokonanoda-vscode-test-weZD43/exercise-hover.sokonanoda
2026-09-28T20:46:07.234Z soko/project ok: project=null reason=no-imports
2026-09-28T20:46:07.315Z active document changed: (none)
2026-09-28T20:46:07.315Z loadProject: no active .sokonanoda document
2026-09-28T20:46:07.368Z active document changed: file:///home/runner/work/sokonanoda-lang/sokonanoda-lang/editor/vscode/src/test/fixtures/workspace/units/u01.sokonanoda
2026-09-28T20:46:07.381Z soko/project ok: project=units.u01 (2 modules) reason=null
2026-09-28T20:46:07.558Z active document changed: (none)
2026-09-28T20:46:07.558Z loadProject: no active .sokonanoda document
2026-09-28T20:46:07.560Z soko/project answer for another document: file:///home/runner/work/sokonanoda-lang/sokonanoda-lang/editor/vscode/src/test/fixtures/workspace/units/u01.sokonanoda
2026-09-28T20:46:07.653Z active document changed: file:///tmp/sokonanoda-vscode-test-weZD43/notation-input.sokonanoda
2026-09-28T20:46:07.666Z soko/project ok: project=null reason=no-imports
2026-09-28T20:46:07.823Z active document changed: (none)
2026-09-28T20:46:07.823Z loadProject: no active .sokonanoda document
2026-09-28T20:46:07.848Z loadProject: no active .sokonanoda document
2026-09-28T20:46:07.871Z active document changed: file:///tmp/sokonanoda-vscode-test-weZD43/restart.sokonanoda
2026-09-28T20:46:07.882Z soko/project ok: project=null reason=no-imports
2026-09-28T20:46:07.886Z client state: stopped
2026-09-28T20:46:07.892Z client state: starting
2026-09-28T20:46:07.932Z client state: running
2026-09-28T20:46:07.994Z active document changed: (none)
2026-09-28T20:46:07.994Z loadProject: no active .sokonanoda document
2026-09-28T20:46:08.142Z loadProject: no active .sokonanoda document
2026-09-28T20:46:08.189Z active document changed: file:///tmp/sokonanoda-vscode-test-weZD43/proj-ok/Main.sokonanoda
2026-09-28T20:46:08.213Z soko/project ok: project=Main (2 modules) reason=null
2026-09-28T20:46:08.214Z soko/project ok: project=Main (2 modules) reason=null
2026-09-28T20:46:08.315Z soko/project ok: project=Main (2 modules) reason=null
2026-09-28T20:46:08.418Z active document changed: (none)
2026-09-28T20:46:08.418Z loadProject: no active .sokonanoda document
2026-09-28T20:46:08.419Z soko/project answer for another document: file:///tmp/sokonanoda-vscode-test-weZD43/proj-ok/Main.sokonanoda
2026-09-28T20:46:08.452Z active document changed: file:///tmp/sokonanoda-vscode-test-weZD43/single.sokonanoda
2026-09-28T20:46:08.466Z soko/project ok: project=null reason=no-imports
2026-09-28T20:46:08.467Z soko/project ok: project=null reason=no-imports
2026-09-28T20:46:08.601Z active document changed: (none)
2026-09-28T20:46:08.601Z loadProject: no active .sokonanoda document
2026-09-28T20:46:08.636Z loadProject: no active .sokonanoda document
2026-09-28T20:46:08.679Z active document changed: file:///tmp/sokonanoda-vscode-test-weZD43/proj-broken/Main.sokonanoda
2026-09-28T20:46:08.690Z soko/project ok: project=Main (1 modules) reason=null
2026-09-28T20:46:08.692Z soko/project ok: project=Main (1 modules) reason=null
2026-09-28T20:46:08.796Z active document changed: (none)
2026-09-28T20:46:08.796Z loadProject: no active .sokonanoda document
2026-09-28T20:46:08.839Z active document changed: file:///home/runner/work/sokonanoda-lang/sokonanoda-lang/editor/vscode/src/test/fixtures/workspace/units/u01.sokonanoda
2026-09-28T20:46:08.875Z soko/project ok: project=units.u01 (2 modules) reason=null
2026-09-28T20:46:08.892Z soko/project ok: project=units.u01 (2 modules) reason=null
2026-09-28T20:46:10.080Z warmCacheOnOpen: exit=0
2026-09-28T20:46:11.993Z soko/project ok: project=units.u01 (2 modules) reason=null
2026-09-28T20:46:15.010Z soko/project ok: project=units.u01 (2 modules) reason=null
2026-09-28T20:46:15.030Z active document changed: (none)
2026-09-28T20:46:15.030Z loadProject: no active .sokonanoda document
2026-09-28T20:46:15.073Z active document changed: file:///home/runner/work/sokonanoda-lang/sokonanoda-lang/editor/vscode/src/test/fixtures/workspace/units/u01.sokonanoda
2026-09-28T20:46:15.081Z soko/project ok: project=units.u01 (2 modules) reason=null
2026-09-28T20:46:16.100Z soko/project ok: project=units.u01 (2 modules) reason=null
2026-09-28T20:46:16.105Z soko/project ok: project=units.u01 (2 modules) reason=null
2026-09-28T20:46:20.616Z soko/project ok: project=units.u01 (2 modules) reason=null
2026-09-28T20:46:20.640Z active document changed: (none)
2026-09-28T20:46:20.640Z loadProject: no active .sokonanoda document
2026-09-28T20:46:20.678Z active document changed: file:///home/runner/work/sokonanoda-lang/sokonanoda-lang/editor/vscode/src/test/fixtures/workspace/units/u01.sokonanoda
2026-09-28T20:46:20.689Z soko/project ok: project=units.u01 (2 modules) reason=null
2026-09-28T20:46:20.795Z active document changed: (none)
2026-09-28T20:46:20.796Z loadProject: no active .sokonanoda document
2026-09-28T20:46:20.816Z active document changed: file:///home/runner/work/sokonanoda-lang/sokonanoda-lang/editor/vscode/src/test/fixtures/workspace/units/u01.sokonanoda
2026-09-28T20:46:20.825Z soko/project ok: project=units.u01 (2 modules) reason=null
2026-09-28T20:46:20.929Z active document changed: (none)
2026-09-28T20:46:20.929Z loadProject: no active .sokonanoda document
2026-09-28T20:46:20.940Z active document changed: file:///home/runner/work/sokonanoda-lang/sokonanoda-lang/editor/vscode/src/test/fixtures/workspace/lib/Set.sokonanoda
2026-09-28T20:46:20.965Z soko/project ok: project=null reason=no-imports
2026-09-28T20:46:21.034Z active document changed: (none)
2026-09-28T20:46:21.034Z loadProject: no active .sokonanoda document
2026-09-28T20:46:21.087Z active document changed: file:///home/runner/work/sokonanoda-lang/sokonanoda-lang/editor/vscode/src/test/fixtures/workspace/units/u01.sokonanoda
2026-09-28T20:46:21.099Z soko/project ok: project=units.u01 (2 modules) reason=null
2026-09-28T20:46:21.128Z soko/project ok: project=units.u01 (2 modules) reason=null
2026-09-28T20:46:21.183Z active document changed: (none)
2026-09-28T20:46:21.183Z loadProject: no active .sokonanoda document
2026-09-28T20:46:21.213Z active document changed: file:///home/runner/work/sokonanoda-lang/sokonanoda-lang/editor/vscode/src/test/fixtures/workspace/units/u01.sokonanoda
2026-09-28T20:46:21.224Z soko/project ok: project=units.u01 (2 modules) reason=null
2026-09-28T20:46:21.280Z active document changed: (none)
2026-09-28T20:46:21.280Z loadProject: no active .sokonanoda document
2026-09-28T20:46:21.305Z active document changed: file:///home/runner/work/sokonanoda-lang/sokonanoda-lang/editor/vscode/src/test/fixtures/workspace/units/u01.sokonanoda
2026-09-28T20:46:21.315Z soko/project ok: project=units.u01 (2 modules) reason=null
2026-09-28T20:46:21.375Z active document changed: (none)
2026-09-28T20:46:21.375Z loadProject: no active .sokonanoda document
2026-09-28T20:46:21.406Z active document changed: file:///home/runner/work/sokonanoda-lang/sokonanoda-lang/editor/vscode/src/test/fixtures/workspace/units/u02-cold-open.sokonanoda
2026-09-28T20:46:21.432Z soko/project ok: project=null reason=no-imports
2026-09-28T20:46:26.476Z client state: stopped
2026-09-28T20:46:26.478Z client state: starting
2026-09-28T20:46:26.491Z client state: running
PERF e2e cache: cold=5085ms warm=67ms
2026-09-28T20:46:26.605Z active document changed: (none)
2026-09-28T20:46:26.605Z loadProject: no active .sokonanoda document
2026-09-28T20:46:26.640Z active document changed: file:///home/runner/work/sokonanoda-lang/sokonanoda-lang/editor/vscode/src/test/fixtures/workspace/units/u01.sokonanoda
2026-09-28T20:46:26.649Z soko/project ok: project=units.u01 (2 modules) reason=null
2026-09-28T20:46:26.803Z soko/project ok: project=units.u01 (2 modules) reason=null
2026-09-28T20:46:27.185Z soko/project ok: project=units.u01 (2 modules) reason=null
2026-09-28T20:46:27.639Z soko/project ok: project=units.u01 (2 modules) reason=null
2026-09-28T20:46:28.559Z active document changed: (none)
2026-09-28T20:46:28.560Z loadProject: no active .sokonanoda document
2026-09-28T20:46:28.581Z active document changed: file:///home/runner/work/sokonanoda-lang/sokonanoda-lang/editor/vscode/src/test/fixtures/workspace/units/u01.sokonanoda
2026-09-28T20:46:28.590Z soko/project ok: project=units.u01 (2 modules) reason=null
2026-09-28T20:46:29.422Z soko/project ok: project=units.u01 (2 modules) reason=null
2026-09-28T20:46:31.164Z soko/project ok: project=units.u01 (2 modules) reason=null
PERF e2e fanout: entry diagnostics signature=152 字节 · 稳定 ✓
2026-09-28T20:46:35.519Z active document changed: (none)
2026-09-28T20:46:35.519Z loadProject: no active .sokonanoda document
2026-09-28T20:46:35.547Z active document changed: file:///home/runner/work/sokonanoda-lang/sokonanoda-lang/editor/vscode/src/test/fixtures/workspace/units/u01.sokonanoda
2026-09-28T20:46:35.558Z soko/project ok: project=units.u01 (2 modules) reason=null
2026-09-28T20:46:36.172Z soko/project ok: project=units.u01 (2 modules) reason=null
2026-09-28T20:46:36.276Z active document changed: (none)
2026-09-28T20:46:36.276Z loadProject: no active .sokonanoda document
2026-09-28T20:46:36.303Z active document changed: file:///home/runner/work/sokonanoda-lang/sokonanoda-lang/editor/vscode/src/test/fixtures/workspace/units/u01.sokonanoda
2026-09-28T20:46:36.318Z soko/project ok: project=units.u01 (2 modules) reason=null
2026-09-28T20:46:36.628Z active document changed: (none)
2026-09-28T20:46:36.628Z loadProject: no active .sokonanoda document
2026-09-28T20:46:36.660Z active document changed: file:///home/runner/work/sokonanoda-lang/sokonanoda-lang/editor/vscode/src/test/fixtures/workspace/units/u01.sokonanoda
2026-09-28T20:46:36.677Z soko/project ok: project=units.u01 (2 modules) reason=null
2026-09-28T20:46:36.987Z active document changed: (none)
2026-09-28T20:46:36.987Z loadProject: no active .sokonanoda document
2026-09-28T20:46:37.011Z active document changed: file:///home/runner/work/sokonanoda-lang/sokonanoda-lang/editor/vscode/src/test/fixtures/workspace/units/u01.sokonanoda
2026-09-28T20:46:37.027Z soko/project ok: project=units.u01 (2 modules) reason=null
2026-09-28T20:46:37.338Z active document changed: (none)
2026-09-28T20:46:37.338Z loadProject: no active .sokonanoda document
2026-09-28T20:46:37.358Z active document changed: file:///home/runner/work/sokonanoda-lang/sokonanoda-lang/editor/vscode/src/test/fixtures/workspace/units/u01.sokonanoda
2026-09-28T20:46:37.375Z soko/project ok: project=units.u01 (2 modules) reason=null
2026-09-28T20:46:37.472Z active document changed: (none)
2026-09-28T20:46:37.472Z loadProject: no active .sokonanoda document
2026-09-28T20:46:37.501Z active document changed: file:///home/runner/work/sokonanoda-lang/sokonanoda-lang/editor/vscode/src/test/fixtures/workspace/units/u01.sokonanoda
2026-09-28T20:46:37.517Z soko/project ok: project=units.u01 (2 modules) reason=null
2026-09-28T20:46:37.611Z active document changed: (none)
2026-09-28T20:46:37.611Z loadProject: no active .sokonanoda document
2026-09-28T20:46:37.651Z active document changed: file:///home/runner/work/sokonanoda-lang/sokonanoda-lang/editor/vscode/src/test/fixtures/workspace/units/u01.sokonanoda
2026-09-28T20:46:37.671Z soko/project ok: project=units.u01 (2 modules) reason=null
2026-09-28T20:46:37.786Z active document changed: (none)
2026-09-28T20:46:37.786Z loadProject: no active .sokonanoda document
2026-09-28T20:46:37.821Z active document changed: file:///home/runner/work/sokonanoda-lang/sokonanoda-lang/editor/vscode/src/test/fixtures/workspace/units/u01.sokonanoda
2026-09-28T20:46:37.842Z soko/project ok: project=units.u01 (2 modules) reason=null
2026-09-28T20:46:37.941Z active document changed: (none)
2026-09-28T20:46:37.941Z loadProject: no active .sokonanoda document
2026-09-28T20:46:38.027Z client state: stopped
