# scripts/vscode-e2e.sh — VS Code 1.138.0 · extension v0.72.0 · c7014867f9fe62517b34071718886f2c99ae3151
# 结果：28 passing / 0 failing / 0 pending（exit=0）

## doctor（服务器解析与版本自述）
--- doctor ---
sokonanoda doctor — 扩展 v0.72.0 (6 checks)
[ok] 1/6 resolution：bundled — /home/runner/work/sokonanoda-lang/sokonanoda-lang/editor/vscode/bin/linux-x64/sokonanoda-lsp (source=bundled)
[ok] 2/6 server-version：0.72.0 (pid 2925) == 扩展 v0.72.0 (source=bundled)
[ok] 3/6 host-version：运行宿主 v0.72.0
[ok] 4/6 ignored-override：没有被忽略的 serverPath/env 覆盖
[info] 5/6 download-cache：无下载缓存（仅影响 CLI/universal 兜底，不影响内置服务器）
[info] 6/6 obsolete-versions：检测到 0 个扩展版本快照、0 个 .obsolete 条目；完整重启 VS Code 会自动清理

## 用例
    ✔ .sokonanoda files get the sokonanoda language id (69ms)
    ✔ confusable-character highlight is off for sokonanoda files
    ✔ #check results appear as inlay hints (236ms)
    ✔ clean lesson publishes empty diagnostics (124ms)
    ✔ kernel-rejected declaration carries the kernel-rejected code (162ms)
    ✔ open exercise carries a sorry warning, not an error (58ms)
    ✔ a declaration named Prop warns, not errors (60ms)
    ✔ open exercise shows a hover on the hole (120ms)
    ✔ hover 的类型文本折成记法（T-U12 面 #3，e2e 那一份） (255ms)
    ✔ notation input: the rewriter produces ∧ and hover teaches \and (205ms)
    ✔ restart server command re-syncs open documents (100ms)
    ✔ infoview command is registered and revealable (89ms)
    ✔ the project tree shows the real closure of an imported module (296ms)
    ✔ the project tree names the file a single-file document is (158ms)
    ✔ the project tree marks a broken import as the root cause (147ms)
    ✔ build / rebuild commands warm the compile cache through the CLI (107ms)
    ✔ doctor command returns a read-only source + version report
    ✔ declarations panel lists a project unit's declarations (42ms)
    ✔ open declaration ships coloured goal runs to the Infoview (40ms)
    ✔ next hole jumps inside a project unit (38ms)
    ✔ warmCacheOnOpen pre-builds the workspace at activation
    ✔ reopening a project unit hits the compile cache (3628ms)
    ✔ rewriting an unchanged project unit does not recompile (1538ms)
    ✔ editing a dependency refreshes the open unit once (5337ms)
    ✔ goal text uses the file's notation (736ms)
    ✔ goal text folds a binder notation whose type contains a lambda (324ms)
    ✔ go to definition on a notation symbol lands on its declaration (80ms)
    ✔ hover on a notation symbol shows the target's signature (75ms)

## 扩展接线日志（SOKO_E2E_LOG）
2026-09-26T06:28:13.390Z server command: /home/runner/work/sokonanoda-lang/sokonanoda-lang/editor/vscode/bin/linux-x64/sokonanoda-lsp (source=bundled)
2026-09-26T06:28:13.391Z client state: starting
2026-09-26T06:28:13.412Z client state: running
2026-09-26T06:28:13.418Z loadProject: no active .sokonanoda document
2026-09-26T06:28:13.649Z active document changed: file:///tmp/sokonanoda-vscode-test-ttuXQr/check.sokonanoda
2026-09-26T06:28:13.665Z soko/project ok: project=null reason=no-imports
2026-09-26T06:28:13.799Z soko/project ok: project=null reason=no-imports
2026-09-26T06:28:13.805Z active document changed: (none)
2026-09-26T06:28:13.805Z loadProject: no active .sokonanoda document
2026-09-26T06:28:13.849Z active document changed: file:///tmp/sokonanoda-vscode-test-ttuXQr/lesson-clean.sokonanoda
2026-09-26T06:28:13.860Z soko/project ok: project=null reason=no-imports
2026-09-26T06:28:13.948Z active document changed: (none)
2026-09-26T06:28:13.948Z loadProject: no active .sokonanoda document
2026-09-26T06:28:14.005Z active document changed: file:///tmp/sokonanoda-vscode-test-ttuXQr/kernel-bad.sokonanoda
2026-09-26T06:28:14.022Z soko/project ok: project=null reason=no-imports
2026-09-26T06:28:14.048Z soko/project ok: project=null reason=no-imports
2026-09-26T06:28:14.165Z active document changed: (none)
2026-09-26T06:28:14.165Z loadProject: no active .sokonanoda document
2026-09-26T06:28:14.218Z loadProject: no active .sokonanoda document
2026-09-26T06:28:14.220Z active document changed: file:///tmp/sokonanoda-vscode-test-ttuXQr/exercise.sokonanoda
2026-09-26T06:28:14.229Z soko/project ok: project=null reason=no-imports
2026-09-26T06:28:14.282Z active document changed: (none)
2026-09-26T06:28:14.282Z loadProject: no active .sokonanoda document
2026-09-26T06:28:14.340Z active document changed: file:///tmp/sokonanoda-vscode-test-ttuXQr/reserved.sokonanoda
2026-09-26T06:28:14.350Z soko/project ok: project=null reason=no-imports
2026-09-26T06:28:14.386Z active document changed: (none)
2026-09-26T06:28:14.386Z loadProject: no active .sokonanoda document
2026-09-26T06:28:14.430Z active document changed: file:///tmp/sokonanoda-vscode-test-ttuXQr/exercise-hover.sokonanoda
2026-09-26T06:28:14.442Z soko/project ok: project=null reason=no-imports
2026-09-26T06:28:14.524Z active document changed: (none)
2026-09-26T06:28:14.525Z loadProject: no active .sokonanoda document
2026-09-26T06:28:14.627Z active document changed: file:///home/runner/work/sokonanoda-lang/sokonanoda-lang/editor/vscode/src/test/fixtures/workspace/units/u01.sokonanoda
2026-09-26T06:28:14.652Z soko/project ok: project=units.u01 (2 modules) reason=null
2026-09-26T06:28:14.889Z active document changed: (none)
2026-09-26T06:28:14.889Z loadProject: no active .sokonanoda document
2026-09-26T06:28:14.931Z loadProject: no active .sokonanoda document
2026-09-26T06:28:14.997Z active document changed: file:///tmp/sokonanoda-vscode-test-ttuXQr/notation-input.sokonanoda
2026-09-26T06:28:15.015Z soko/project ok: project=null reason=no-imports
2026-09-26T06:28:15.143Z active document changed: (none)
2026-09-26T06:28:15.143Z loadProject: no active .sokonanoda document
2026-09-26T06:28:15.191Z active document changed: file:///tmp/sokonanoda-vscode-test-ttuXQr/restart.sokonanoda
2026-09-26T06:28:15.202Z soko/project ok: project=null reason=no-imports
2026-09-26T06:28:15.204Z client state: stopped
2026-09-26T06:28:15.208Z client state: starting
2026-09-26T06:28:15.239Z client state: running
2026-09-26T06:28:15.250Z soko/project ok: project=null reason=no-imports
2026-09-26T06:28:15.295Z active document changed: (none)
2026-09-26T06:28:15.295Z loadProject: no active .sokonanoda document
2026-09-26T06:28:15.450Z loadProject: no active .sokonanoda document
2026-09-26T06:28:15.466Z active document changed: file:///tmp/sokonanoda-vscode-test-ttuXQr/proj-ok/Main.sokonanoda
2026-09-26T06:28:15.483Z soko/project ok: project=null reason=no-imports
2026-09-26T06:28:15.488Z soko/project ok: project=null reason=no-imports
2026-09-26T06:28:15.592Z soko/project ok: project=Main (2 modules) reason=null
2026-09-26T06:28:15.700Z active document changed: (none)
2026-09-26T06:28:15.700Z loadProject: no active .sokonanoda document
2026-09-26T06:28:15.700Z loadProject: no active .sokonanoda document
2026-09-26T06:28:15.747Z active document changed: file:///tmp/sokonanoda-vscode-test-ttuXQr/single.sokonanoda
2026-09-26T06:28:15.755Z soko/project ok: project=null reason=no-imports
2026-09-26T06:28:15.762Z soko/project ok: project=null reason=no-imports
2026-09-26T06:28:15.868Z active document changed: (none)
2026-09-26T06:28:15.868Z loadProject: no active .sokonanoda document
2026-09-26T06:28:15.901Z active document changed: file:///tmp/sokonanoda-vscode-test-ttuXQr/proj-broken/Main.sokonanoda
2026-09-26T06:28:15.909Z soko/project ok: project=Main (1 modules) reason=null
2026-09-26T06:28:15.922Z soko/project ok: project=Main (1 modules) reason=null
2026-09-26T06:28:15.940Z soko/project ok: project=Main (1 modules) reason=null
2026-09-26T06:28:16.026Z active document changed: (none)
2026-09-26T06:28:16.026Z loadProject: no active .sokonanoda document
2026-09-26T06:28:16.057Z active document changed: file:///tmp/sokonanoda-vscode-test-ttuXQr/build-smoke.sokonanoda
2026-09-26T06:28:16.069Z soko/project ok: project=null reason=no-imports
2026-09-26T06:28:16.092Z soko/project ok: project=null reason=no-imports
2026-09-26T06:28:16.101Z soko/project ok: project=null reason=no-imports
2026-09-26T06:28:16.138Z soko/project ok: project=null reason=no-imports
2026-09-26T06:28:16.151Z active document changed: (none)
2026-09-26T06:28:16.151Z loadProject: no active .sokonanoda document
2026-09-26T06:28:16.224Z active document changed: file:///home/runner/work/sokonanoda-lang/sokonanoda-lang/editor/vscode/src/test/fixtures/workspace/units/u01.sokonanoda
2026-09-26T06:28:16.253Z soko/project ok: project=units.u01 (2 modules) reason=null
2026-09-26T06:28:16.256Z soko/project ok: project=units.u01 (2 modules) reason=null
2026-09-26T06:28:16.338Z active document changed: (none)
2026-09-26T06:28:16.338Z loadProject: no active .sokonanoda document
2026-09-26T06:28:16.369Z active document changed: file:///home/runner/work/sokonanoda-lang/sokonanoda-lang/editor/vscode/src/test/fixtures/workspace/units/u01.sokonanoda
2026-09-26T06:28:16.388Z soko/project ok: project=units.u01 (2 modules) reason=null
2026-09-26T06:28:16.436Z active document changed: (none)
2026-09-26T06:28:16.436Z loadProject: no active .sokonanoda document
2026-09-26T06:28:16.461Z active document changed: file:///home/runner/work/sokonanoda-lang/sokonanoda-lang/editor/vscode/src/test/fixtures/workspace/units/u01.sokonanoda
2026-09-26T06:28:16.476Z soko/project ok: project=units.u01 (2 modules) reason=null
2026-09-26T06:28:16.485Z warmCacheOnOpen: exit=0
2026-09-26T06:28:16.527Z active document changed: (none)
2026-09-26T06:28:16.527Z loadProject: no active .sokonanoda document
2026-09-26T06:28:16.552Z active document changed: file:///home/runner/work/sokonanoda-lang/sokonanoda-lang/editor/vscode/src/test/fixtures/workspace/units/u02-cold-open.sokonanoda
2026-09-26T06:28:16.576Z soko/project ok: project=null reason=no-imports
2026-09-26T06:28:20.110Z client state: stopped
2026-09-26T06:28:20.112Z client state: starting
2026-09-26T06:28:20.120Z client state: running
PERF e2e cache: cold=3573ms warm=55ms
2026-09-26T06:28:20.190Z active document changed: (none)
2026-09-26T06:28:20.190Z loadProject: no active .sokonanoda document
2026-09-26T06:28:20.216Z active document changed: file:///home/runner/work/sokonanoda-lang/sokonanoda-lang/editor/vscode/src/test/fixtures/workspace/units/u01.sokonanoda
2026-09-26T06:28:20.223Z soko/project ok: project=units.u01 (2 modules) reason=null
2026-09-26T06:28:20.364Z soko/project ok: project=units.u01 (2 modules) reason=null
2026-09-26T06:28:20.751Z soko/project ok: project=units.u01 (2 modules) reason=null
2026-09-26T06:28:21.736Z active document changed: (none)
2026-09-26T06:28:21.736Z loadProject: no active .sokonanoda document
2026-09-26T06:28:21.752Z active document changed: file:///home/runner/work/sokonanoda-lang/sokonanoda-lang/editor/vscode/src/test/fixtures/workspace/units/u01.sokonanoda
2026-09-26T06:28:21.759Z soko/project ok: project=units.u01 (2 modules) reason=null
2026-09-26T06:28:22.765Z soko/project ok: project=units.u01 (2 modules) reason=null
PERF e2e fanout: entry diagnostics signature=152 字节 · 稳定 ✓
2026-09-26T06:28:27.082Z active document changed: (none)
2026-09-26T06:28:27.082Z loadProject: no active .sokonanoda document
2026-09-26T06:28:27.104Z active document changed: file:///home/runner/work/sokonanoda-lang/sokonanoda-lang/editor/vscode/src/test/fixtures/workspace/units/u01.sokonanoda
2026-09-26T06:28:27.115Z soko/project ok: project=units.u01 (2 modules) reason=null
2026-09-26T06:28:27.749Z soko/project ok: project=units.u01 (2 modules) reason=null
2026-09-26T06:28:27.828Z active document changed: (none)
2026-09-26T06:28:27.828Z loadProject: no active .sokonanoda document
2026-09-26T06:28:27.843Z active document changed: file:///home/runner/work/sokonanoda-lang/sokonanoda-lang/editor/vscode/src/test/fixtures/workspace/units/u01.sokonanoda
2026-09-26T06:28:27.854Z soko/project ok: project=units.u01 (2 modules) reason=null
2026-09-26T06:28:28.162Z active document changed: (none)
2026-09-26T06:28:28.162Z loadProject: no active .sokonanoda document
2026-09-26T06:28:28.182Z active document changed: file:///home/runner/work/sokonanoda-lang/sokonanoda-lang/editor/vscode/src/test/fixtures/workspace/units/u01.sokonanoda
2026-09-26T06:28:28.193Z soko/project ok: project=units.u01 (2 modules) reason=null
2026-09-26T06:28:28.251Z active document changed: (none)
2026-09-26T06:28:28.251Z loadProject: no active .sokonanoda document
2026-09-26T06:28:28.271Z active document changed: file:///home/runner/work/sokonanoda-lang/sokonanoda-lang/editor/vscode/src/test/fixtures/workspace/units/u01.sokonanoda
2026-09-26T06:28:28.283Z soko/project ok: project=units.u01 (2 modules) reason=null
2026-09-26T06:28:28.336Z active document changed: (none)
2026-09-26T06:28:28.336Z loadProject: no active .sokonanoda document
2026-09-26T06:28:28.370Z client state: stopped
