# scripts/vscode-e2e.sh — VS Code 1.106.0 · extension v0.75.0 · e0743509015641120f487b2672e40fcd92505b86
# 结果：35 passing / 0 failing / 0 pending（exit=0）

## doctor（服务器解析与版本自述）
--- doctor ---
sokonanoda doctor — 扩展 v0.75.0 (6 checks)
[ok] 1/6 resolution：bundled — /home/runner/work/sokonanoda-lang/sokonanoda-lang/editor/vscode/bin/linux-x64/sokonanoda-lsp (source=bundled)
[ok] 2/6 server-version：0.75.0 (pid 3086) == 扩展 v0.75.0 (source=bundled)
[ok] 3/6 host-version：运行宿主 v0.75.0
[ok] 4/6 ignored-override：没有被忽略的 serverPath/env 覆盖
[info] 5/6 download-cache：无下载缓存（仅影响 CLI/universal 兜底，不影响内置服务器）
[info] 6/6 obsolete-versions：检测到 0 个扩展版本快照、0 个 .obsolete 条目；完整重启 VS Code 会自动清理

## 用例
    ✔ .sokonanoda files get the sokonanoda language id (98ms)
    ✔ confusable-character highlight is off for sokonanoda files
    ✔ #check results appear as inlay hints (213ms)
    ✔ clean lesson publishes empty diagnostics (146ms)
    ✔ kernel-rejected declaration carries the kernel-rejected code (159ms)
    ✔ open exercise carries a sorry warning, not an error (68ms)
    ✔ a declaration named Prop warns, not errors (53ms)
    ✔ open exercise shows a hover on the hole (138ms)
    ✔ hover 的类型文本折成记法（T-U12 面 #3，e2e 那一份） (399ms)
    ✔ notation input: the rewriter produces ∧ and hover teaches \and (248ms)
    ✔ restart server command re-syncs open documents (205ms)
    ✔ infoview command is registered and revealable (112ms)
    ✔ the project tree shows the real closure of an imported module (358ms)
    ✔ the project tree names the file a single-file document is (182ms)
    ✔ the project tree marks a broken import as the root cause (165ms)
    ✔ build / rebuild commands warm the compile cache through the CLI (5240ms)
    ✔ Clean Cache empties the project store and does not compile (E31) (4140ms)
    ✔ the Infoview receives the project view (E30) (149ms)
    ✔ Infoview 'definition' lands exactly where the editor F12 lands (E27) (114ms)
    ✔ doctor command returns a read-only source + version report
    ✔ declarations panel lists a project unit's declarations
    ✔ open declaration ships coloured goal runs to the Infoview
    ✔ next hole jumps inside a project unit
    ✔ warmCacheOnOpen pre-builds the workspace at activation
    ✔ reopening a project unit hits the compile cache (5734ms)
    ✔ rewriting an unchanged project unit does not recompile (1958ms)
    ✔ editing a dependency refreshes the open unit once (6749ms)
    ✔ goal text uses the file's notation (540ms)
    ✔ goal text folds a binder notation whose type contains a lambda (344ms)
    ✔ Infoview 的 `⊢` 用记法箭头 `→`，且 runs 与 text 同源 (343ms)
    ✔ Infoview 里集合字面量显示成 `{a}`（不是 `Set.singleton α a`） (339ms)
    ✔ go to definition on a `{a}` set literal lands on `Set.singleton` (115ms)
    ✔ go to definition on a prelude name lands in the prelude source (113ms)
    ✔ go to definition on a notation symbol lands on its declaration (185ms)
    ✔ hover on a notation symbol shows the target's signature (211ms)

## 扩展接线日志（SOKO_E2E_LOG）
2026-09-27T20:16:45.601Z server command: /home/runner/work/sokonanoda-lang/sokonanoda-lang/editor/vscode/bin/linux-x64/sokonanoda-lsp (source=bundled)
2026-09-27T20:16:45.602Z client state: starting
2026-09-27T20:16:45.619Z client state: running
2026-09-27T20:16:45.627Z loadProject: no active .sokonanoda document
2026-09-27T20:16:45.889Z active document changed: file:///tmp/sokonanoda-vscode-test-g5mIo0/check.sokonanoda
2026-09-27T20:16:45.898Z soko/project ok: project=null reason=no-imports
2026-09-27T20:16:46.048Z active document changed: (none)
2026-09-27T20:16:46.048Z loadProject: no active .sokonanoda document
2026-09-27T20:16:46.069Z loadProject: no active .sokonanoda document
2026-09-27T20:16:46.089Z active document changed: file:///tmp/sokonanoda-vscode-test-g5mIo0/lesson-clean.sokonanoda
2026-09-27T20:16:46.112Z soko/project ok: project=null reason=no-imports
2026-09-27T20:16:46.203Z active document changed: (none)
2026-09-27T20:16:46.203Z loadProject: no active .sokonanoda document
2026-09-27T20:16:46.257Z active document changed: file:///tmp/sokonanoda-vscode-test-g5mIo0/kernel-bad.sokonanoda
2026-09-27T20:16:46.267Z soko/project ok: project=null reason=no-imports
2026-09-27T20:16:46.326Z soko/project ok: project=null reason=no-imports
2026-09-27T20:16:46.380Z active document changed: (none)
2026-09-27T20:16:46.380Z loadProject: no active .sokonanoda document
2026-09-27T20:16:46.444Z active document changed: file:///tmp/sokonanoda-vscode-test-g5mIo0/exercise.sokonanoda
2026-09-27T20:16:46.456Z soko/project ok: project=null reason=no-imports
2026-09-27T20:16:46.487Z soko/project ok: project=null reason=no-imports
2026-09-27T20:16:46.505Z active document changed: (none)
2026-09-27T20:16:46.505Z loadProject: no active .sokonanoda document
2026-09-27T20:16:46.553Z active document changed: file:///tmp/sokonanoda-vscode-test-g5mIo0/reserved.sokonanoda
2026-09-27T20:16:46.565Z soko/project ok: project=null reason=no-imports
2026-09-27T20:16:46.612Z active document changed: (none)
2026-09-27T20:16:46.612Z loadProject: no active .sokonanoda document
2026-09-27T20:16:46.661Z active document changed: file:///tmp/sokonanoda-vscode-test-g5mIo0/exercise-hover.sokonanoda
2026-09-27T20:16:46.673Z soko/project ok: project=null reason=no-imports
2026-09-27T20:16:46.799Z active document changed: (none)
2026-09-27T20:16:46.799Z loadProject: no active .sokonanoda document
2026-09-27T20:16:46.842Z loadProject: no active .sokonanoda document
2026-09-27T20:16:46.997Z active document changed: file:///home/runner/work/sokonanoda-lang/sokonanoda-lang/editor/vscode/src/test/fixtures/workspace/units/u01.sokonanoda
2026-09-27T20:16:47.024Z soko/project ok: project=units.u01 (2 modules) reason=null
2026-09-27T20:16:47.153Z soko/project ok: project=units.u01 (2 modules) reason=null
2026-09-27T20:16:47.304Z active document changed: (none)
2026-09-27T20:16:47.304Z loadProject: no active .sokonanoda document
2026-09-27T20:16:47.435Z active document changed: file:///tmp/sokonanoda-vscode-test-g5mIo0/notation-input.sokonanoda
2026-09-27T20:16:47.448Z soko/project ok: project=null reason=no-imports
2026-09-27T20:16:47.612Z active document changed: (none)
2026-09-27T20:16:47.612Z loadProject: no active .sokonanoda document
2026-09-27T20:16:47.647Z loadProject: no active .sokonanoda document
2026-09-27T20:16:47.662Z active document changed: file:///tmp/sokonanoda-vscode-test-g5mIo0/restart.sokonanoda
2026-09-27T20:16:47.679Z soko/project ok: project=null reason=no-imports
2026-09-27T20:16:47.680Z client state: stopped
2026-09-27T20:16:47.686Z client state: starting
2026-09-27T20:16:47.714Z client state: running
2026-09-27T20:16:47.854Z active document changed: (none)
2026-09-27T20:16:47.854Z loadProject: no active .sokonanoda document
2026-09-27T20:16:47.925Z loadProject: no active .sokonanoda document
2026-09-27T20:16:48.156Z active document changed: file:///tmp/sokonanoda-vscode-test-g5mIo0/proj-ok/Main.sokonanoda
2026-09-27T20:16:48.180Z soko/project ok: project=Main (2 modules) reason=null
2026-09-27T20:16:48.210Z soko/project ok: project=Main (2 modules) reason=null
2026-09-27T20:16:48.285Z soko/project ok: project=Main (2 modules) reason=null
2026-09-27T20:16:48.359Z soko/project ok: project=Main (2 modules) reason=null
2026-09-27T20:16:48.390Z active document changed: (none)
2026-09-27T20:16:48.390Z loadProject: no active .sokonanoda document
2026-09-27T20:16:48.467Z active document changed: file:///tmp/sokonanoda-vscode-test-g5mIo0/single.sokonanoda
2026-09-27T20:16:48.495Z soko/project ok: project=null reason=no-imports
2026-09-27T20:16:48.498Z soko/project ok: project=null reason=no-imports
2026-09-27T20:16:48.612Z active document changed: (none)
2026-09-27T20:16:48.612Z loadProject: no active .sokonanoda document
2026-09-27T20:16:48.639Z loadProject: no active .sokonanoda document
2026-09-27T20:16:48.665Z active document changed: file:///tmp/sokonanoda-vscode-test-g5mIo0/proj-broken/Main.sokonanoda
2026-09-27T20:16:48.678Z soko/project ok: project=Main (1 modules) reason=null
2026-09-27T20:16:48.683Z soko/project ok: project=Main (1 modules) reason=null
2026-09-27T20:16:48.790Z active document changed: (none)
2026-09-27T20:16:48.790Z loadProject: no active .sokonanoda document
2026-09-27T20:16:48.833Z active document changed: file:///home/runner/work/sokonanoda-lang/sokonanoda-lang/editor/vscode/src/test/fixtures/workspace/units/u01.sokonanoda
2026-09-27T20:16:48.845Z soko/project ok: project=units.u01 (2 modules) reason=null
2026-09-27T20:16:48.872Z soko/project ok: project=units.u01 (2 modules) reason=null
2026-09-27T20:16:49.430Z warmCacheOnOpen: exit=0
2026-09-27T20:16:51.410Z soko/project ok: project=units.u01 (2 modules) reason=null
2026-09-27T20:16:54.037Z soko/project ok: project=units.u01 (2 modules) reason=null
2026-09-27T20:16:54.061Z active document changed: (none)
2026-09-27T20:16:54.061Z loadProject: no active .sokonanoda document
2026-09-27T20:16:54.109Z active document changed: file:///home/runner/work/sokonanoda-lang/sokonanoda-lang/editor/vscode/src/test/fixtures/workspace/units/u01.sokonanoda
2026-09-27T20:16:54.113Z soko/project ok: project=units.u01 (2 modules) reason=null
2026-09-27T20:16:54.174Z soko/project ok: project=units.u01 (2 modules) reason=null
2026-09-27T20:16:54.182Z soko/project ok: project=units.u01 (2 modules) reason=null
2026-09-27T20:16:58.210Z soko/project ok: project=units.u01 (2 modules) reason=null
2026-09-27T20:16:58.231Z active document changed: (none)
2026-09-27T20:16:58.231Z loadProject: no active .sokonanoda document
2026-09-27T20:16:58.277Z active document changed: file:///home/runner/work/sokonanoda-lang/sokonanoda-lang/editor/vscode/src/test/fixtures/workspace/units/u01.sokonanoda
2026-09-27T20:16:58.283Z soko/project ok: project=units.u01 (2 modules) reason=null
2026-09-27T20:16:58.391Z active document changed: (none)
2026-09-27T20:16:58.391Z loadProject: no active .sokonanoda document
2026-09-27T20:16:58.409Z active document changed: file:///home/runner/work/sokonanoda-lang/sokonanoda-lang/editor/vscode/src/test/fixtures/workspace/units/u01.sokonanoda
2026-09-27T20:16:58.412Z soko/project ok: project=units.u01 (2 modules) reason=null
2026-09-27T20:16:58.489Z active document changed: (none)
2026-09-27T20:16:58.489Z loadProject: no active .sokonanoda document
2026-09-27T20:16:58.497Z active document changed: file:///home/runner/work/sokonanoda-lang/sokonanoda-lang/editor/vscode/src/test/fixtures/workspace/lib/Set.sokonanoda
2026-09-27T20:16:58.500Z soko/project ok: project=null reason=no-imports
2026-09-27T20:16:58.553Z active document changed: (none)
2026-09-27T20:16:58.553Z loadProject: no active .sokonanoda document
2026-09-27T20:16:58.606Z active document changed: file:///home/runner/work/sokonanoda-lang/sokonanoda-lang/editor/vscode/src/test/fixtures/workspace/units/u01.sokonanoda
2026-09-27T20:16:58.610Z soko/project ok: project=units.u01 (2 modules) reason=null
2026-09-27T20:16:58.687Z soko/project ok: project=units.u01 (2 modules) reason=null
2026-09-27T20:16:58.694Z active document changed: (none)
2026-09-27T20:16:58.694Z loadProject: no active .sokonanoda document
2026-09-27T20:16:58.717Z active document changed: file:///home/runner/work/sokonanoda-lang/sokonanoda-lang/editor/vscode/src/test/fixtures/workspace/units/u01.sokonanoda
2026-09-27T20:16:58.720Z soko/project ok: project=units.u01 (2 modules) reason=null
2026-09-27T20:16:58.781Z active document changed: (none)
2026-09-27T20:16:58.781Z loadProject: no active .sokonanoda document
2026-09-27T20:16:58.805Z active document changed: file:///home/runner/work/sokonanoda-lang/sokonanoda-lang/editor/vscode/src/test/fixtures/workspace/units/u01.sokonanoda
2026-09-27T20:16:58.808Z soko/project ok: project=units.u01 (2 modules) reason=null
2026-09-27T20:16:58.874Z active document changed: (none)
2026-09-27T20:16:58.874Z loadProject: no active .sokonanoda document
2026-09-27T20:16:58.929Z active document changed: file:///home/runner/work/sokonanoda-lang/sokonanoda-lang/editor/vscode/src/test/fixtures/workspace/units/u02-cold-open.sokonanoda
2026-09-27T20:16:58.952Z soko/project ok: project=null reason=no-imports
2026-09-27T20:17:04.573Z client state: stopped
2026-09-27T20:17:04.576Z client state: starting
2026-09-27T20:17:04.586Z client state: running
PERF e2e cache: cold=5678ms warm=55ms
2026-09-27T20:17:04.674Z active document changed: (none)
2026-09-27T20:17:04.674Z loadProject: no active .sokonanoda document
2026-09-27T20:17:04.720Z active document changed: file:///home/runner/work/sokonanoda-lang/sokonanoda-lang/editor/vscode/src/test/fixtures/workspace/units/u01.sokonanoda
2026-09-27T20:17:04.725Z soko/project ok: project=units.u01 (2 modules) reason=null
2026-09-27T20:17:04.884Z soko/project ok: project=units.u01 (2 modules) reason=null
2026-09-27T20:17:05.264Z soko/project ok: project=units.u01 (2 modules) reason=null
2026-09-27T20:17:05.719Z soko/project ok: project=units.u01 (2 modules) reason=null
2026-09-27T20:17:06.641Z active document changed: (none)
2026-09-27T20:17:06.641Z loadProject: no active .sokonanoda document
2026-09-27T20:17:06.664Z active document changed: file:///home/runner/work/sokonanoda-lang/sokonanoda-lang/editor/vscode/src/test/fixtures/workspace/units/u01.sokonanoda
2026-09-27T20:17:06.667Z soko/project ok: project=units.u01 (2 modules) reason=null
2026-09-27T20:17:07.195Z soko/project ok: project=units.u01 (2 modules) reason=null
2026-09-27T20:17:09.137Z soko/project ok: project=units.u01 (2 modules) reason=null
PERF e2e fanout: entry diagnostics signature=152 字节 · 稳定 ✓
2026-09-27T20:17:13.401Z active document changed: (none)
2026-09-27T20:17:13.402Z loadProject: no active .sokonanoda document
2026-09-27T20:17:13.430Z active document changed: file:///home/runner/work/sokonanoda-lang/sokonanoda-lang/editor/vscode/src/test/fixtures/workspace/units/u01.sokonanoda
2026-09-27T20:17:13.435Z soko/project ok: project=units.u01 (2 modules) reason=null
2026-09-27T20:17:13.925Z soko/project ok: project=units.u01 (2 modules) reason=null
2026-09-27T20:17:13.955Z active document changed: (none)
2026-09-27T20:17:13.955Z loadProject: no active .sokonanoda document
2026-09-27T20:17:13.987Z active document changed: file:///home/runner/work/sokonanoda-lang/sokonanoda-lang/editor/vscode/src/test/fixtures/workspace/units/u01.sokonanoda
2026-09-27T20:17:13.995Z soko/project ok: project=units.u01 (2 modules) reason=null
2026-09-27T20:17:14.316Z active document changed: (none)
2026-09-27T20:17:14.316Z loadProject: no active .sokonanoda document
2026-09-27T20:17:14.343Z active document changed: file:///home/runner/work/sokonanoda-lang/sokonanoda-lang/editor/vscode/src/test/fixtures/workspace/units/u01.sokonanoda
2026-09-27T20:17:14.349Z soko/project ok: project=units.u01 (2 modules) reason=null
2026-09-27T20:17:14.670Z active document changed: (none)
2026-09-27T20:17:14.670Z loadProject: no active .sokonanoda document
2026-09-27T20:17:14.695Z active document changed: file:///home/runner/work/sokonanoda-lang/sokonanoda-lang/editor/vscode/src/test/fixtures/workspace/units/u01.sokonanoda
2026-09-27T20:17:14.700Z soko/project ok: project=units.u01 (2 modules) reason=null
2026-09-27T20:17:15.021Z active document changed: (none)
2026-09-27T20:17:15.021Z loadProject: no active .sokonanoda document
2026-09-27T20:17:15.051Z active document changed: file:///home/runner/work/sokonanoda-lang/sokonanoda-lang/editor/vscode/src/test/fixtures/workspace/units/u01.sokonanoda
2026-09-27T20:17:15.057Z soko/project ok: project=units.u01 (2 modules) reason=null
2026-09-27T20:17:15.150Z active document changed: (none)
2026-09-27T20:17:15.150Z loadProject: no active .sokonanoda document
2026-09-27T20:17:15.177Z active document changed: file:///home/runner/work/sokonanoda-lang/sokonanoda-lang/editor/vscode/src/test/fixtures/workspace/units/u01.sokonanoda
2026-09-27T20:17:15.187Z soko/project ok: project=units.u01 (2 modules) reason=null
2026-09-27T20:17:15.278Z active document changed: (none)
2026-09-27T20:17:15.278Z loadProject: no active .sokonanoda document
2026-09-27T20:17:15.314Z active document changed: file:///home/runner/work/sokonanoda-lang/sokonanoda-lang/editor/vscode/src/test/fixtures/workspace/units/u01.sokonanoda
2026-09-27T20:17:15.319Z soko/project ok: project=units.u01 (2 modules) reason=null
2026-09-27T20:17:15.502Z active document changed: (none)
2026-09-27T20:17:15.502Z loadProject: no active .sokonanoda document
2026-09-27T20:17:15.582Z active document changed: file:///home/runner/work/sokonanoda-lang/sokonanoda-lang/editor/vscode/src/test/fixtures/workspace/units/u01.sokonanoda
2026-09-27T20:17:15.588Z soko/project ok: project=units.u01 (2 modules) reason=null
2026-09-27T20:17:15.741Z active document changed: (none)
2026-09-27T20:17:15.742Z loadProject: no active .sokonanoda document
2026-09-27T20:17:15.828Z client state: stopped
