# scripts/vscode-e2e.sh — VS Code 1.138.0 · extension v0.68.0 · 5d958942ff8ff69d19f1a817dad434f0beebbd71
# 结果：27 passing / 0 failing / 0 pending（exit=0）

## doctor（服务器解析与版本自述）
--- doctor ---
sokonanoda doctor — 扩展 v0.68.0 (6 checks)
[ok] 1/6 resolution：bundled — /home/runner/work/sokonanoda-lang/sokonanoda-lang/editor/vscode/bin/linux-x64/sokonanoda-lsp (source=bundled)
[ok] 2/6 server-version：0.68.0 (pid 3001) == 扩展 v0.68.0 (source=bundled)
[ok] 3/6 host-version：运行宿主 v0.68.0
[ok] 4/6 ignored-override：没有被忽略的 serverPath/env 覆盖
[info] 5/6 download-cache：无下载缓存（仅影响 CLI/universal 兜底，不影响内置服务器）
[info] 6/6 obsolete-versions：检测到 0 个扩展版本快照、0 个 .obsolete 条目；完整重启 VS Code 会自动清理

## 用例
    ✔ .sokonanoda files get the sokonanoda language id (58ms)
    ✔ confusable-character highlight is off for sokonanoda files
    ✔ #check results appear as inlay hints (177ms)
    ✔ clean lesson publishes empty diagnostics (95ms)
    ✔ kernel-rejected declaration carries the kernel-rejected code (64ms)
    ✔ open exercise carries a sorry warning, not an error (61ms)
    ✔ a declaration named Prop warns, not errors (40ms)
    ✔ open exercise shows a hover on the hole (71ms)
    ✔ notation input: the rewriter produces ∧ and hover teaches \and (115ms)
    ✔ restart server command re-syncs open documents (90ms)
    ✔ infoview command is registered and revealable (84ms)
    ✔ the project tree shows the real closure of an imported module (261ms)
    ✔ the project tree names the file a single-file document is (167ms)
    ✔ the project tree marks a broken import as the root cause (155ms)
    ✔ build / rebuild commands warm the compile cache through the CLI (100ms)
    ✔ doctor command returns a read-only source + version report
    ✔ declarations panel lists a project unit's declarations
    ✔ open declaration ships coloured goal runs to the Infoview
    ✔ next hole jumps inside a project unit (61ms)
    ✔ warmCacheOnOpen pre-builds the workspace at activation (406ms)
    ✔ reopening a project unit hits the compile cache (3089ms)
    ✔ rewriting an unchanged project unit does not recompile (1531ms)
    ✔ editing a dependency refreshes the open unit once (6138ms)
    ✔ goal text uses the file's notation (740ms)
    ✔ goal text folds a binder notation whose type contains a lambda (325ms)
    ✔ go to definition on a notation symbol lands on its declaration (53ms)
    ✔ hover on a notation symbol shows the target's signature (77ms)

## 扩展接线日志（SOKO_E2E_LOG）
2026-09-25T13:48:14.455Z server command: /home/runner/work/sokonanoda-lang/sokonanoda-lang/editor/vscode/bin/linux-x64/sokonanoda-lsp (source=bundled)
2026-09-25T13:48:14.456Z client state: starting
2026-09-25T13:48:14.470Z client state: running
2026-09-25T13:48:14.475Z loadProject: no active .sokonanoda document
2026-09-25T13:48:14.661Z active document changed: file:///tmp/sokonanoda-vscode-test-SFOP1I/check.sokonanoda
2026-09-25T13:48:14.670Z soko/project ok: project=null reason=no-imports
2026-09-25T13:48:14.789Z active document changed: (none)
2026-09-25T13:48:14.789Z loadProject: no active .sokonanoda document
2026-09-25T13:48:14.829Z active document changed: file:///tmp/sokonanoda-vscode-test-SFOP1I/lesson-clean.sokonanoda
2026-09-25T13:48:14.841Z soko/project ok: project=null reason=no-imports
2026-09-25T13:48:14.847Z soko/project ok: project=null reason=no-imports
2026-09-25T13:48:14.915Z active document changed: (none)
2026-09-25T13:48:14.915Z loadProject: no active .sokonanoda document
2026-09-25T13:48:14.973Z active document changed: file:///tmp/sokonanoda-vscode-test-SFOP1I/kernel-bad.sokonanoda
2026-09-25T13:48:14.984Z soko/project ok: project=null reason=no-imports
2026-09-25T13:48:15.024Z active document changed: (none)
2026-09-25T13:48:15.024Z loadProject: no active .sokonanoda document
2026-09-25T13:48:15.082Z active document changed: file:///tmp/sokonanoda-vscode-test-SFOP1I/exercise.sokonanoda
2026-09-25T13:48:15.091Z soko/project ok: project=null reason=no-imports
2026-09-25T13:48:15.122Z active document changed: (none)
2026-09-25T13:48:15.122Z loadProject: no active .sokonanoda document
2026-09-25T13:48:15.161Z active document changed: file:///tmp/sokonanoda-vscode-test-SFOP1I/reserved.sokonanoda
2026-09-25T13:48:15.169Z soko/project ok: project=null reason=no-imports
2026-09-25T13:48:15.213Z active document changed: (none)
2026-09-25T13:48:15.213Z loadProject: no active .sokonanoda document
2026-09-25T13:48:15.251Z active document changed: file:///tmp/sokonanoda-vscode-test-SFOP1I/exercise-hover.sokonanoda
2026-09-25T13:48:15.258Z soko/project ok: project=null reason=no-imports
2026-09-25T13:48:15.297Z active document changed: (none)
2026-09-25T13:48:15.298Z loadProject: no active .sokonanoda document
2026-09-25T13:48:15.338Z active document changed: file:///tmp/sokonanoda-vscode-test-SFOP1I/notation-input.sokonanoda
2026-09-25T13:48:15.353Z soko/project ok: project=null reason=no-imports
2026-09-25T13:48:15.444Z active document changed: (none)
2026-09-25T13:48:15.444Z loadProject: no active .sokonanoda document
2026-09-25T13:48:15.485Z active document changed: file:///tmp/sokonanoda-vscode-test-SFOP1I/restart.sokonanoda
2026-09-25T13:48:15.492Z soko/project ok: project=null reason=no-imports
2026-09-25T13:48:15.498Z client state: stopped
2026-09-25T13:48:15.501Z client state: starting
2026-09-25T13:48:15.531Z client state: running
2026-09-25T13:48:15.553Z active document changed: (none)
2026-09-25T13:48:15.553Z loadProject: no active .sokonanoda document
2026-09-25T13:48:15.685Z active document changed: file:///tmp/sokonanoda-vscode-test-SFOP1I/proj-ok/Main.sokonanoda
2026-09-25T13:48:15.698Z soko/project ok: project=null reason=no-imports
2026-09-25T13:48:15.708Z soko/project ok: project=null reason=no-imports
2026-09-25T13:48:15.734Z soko/project ok: project=Main (2 modules) reason=null
2026-09-25T13:48:15.808Z soko/project ok: project=Main (2 modules) reason=null
2026-09-25T13:48:15.913Z soko/project ok: project=Main (2 modules) reason=null
2026-09-25T13:48:15.920Z active document changed: (none)
2026-09-25T13:48:15.920Z loadProject: no active .sokonanoda document
2026-09-25T13:48:15.979Z active document changed: file:///tmp/sokonanoda-vscode-test-SFOP1I/single.sokonanoda
2026-09-25T13:48:15.990Z soko/project ok: project=null reason=no-imports
2026-09-25T13:48:15.992Z soko/project ok: project=null reason=no-imports
2026-09-25T13:48:16.114Z active document changed: (none)
2026-09-25T13:48:16.114Z loadProject: no active .sokonanoda document
2026-09-25T13:48:16.155Z active document changed: file:///tmp/sokonanoda-vscode-test-SFOP1I/proj-broken/Main.sokonanoda
2026-09-25T13:48:16.167Z soko/project ok: project=Main (1 modules) reason=null
2026-09-25T13:48:16.173Z soko/project ok: project=Main (1 modules) reason=null
2026-09-25T13:48:16.173Z soko/project ok: project=Main (1 modules) reason=null
2026-09-25T13:48:16.277Z active document changed: (none)
2026-09-25T13:48:16.277Z loadProject: no active .sokonanoda document
2026-09-25T13:48:16.309Z active document changed: file:///tmp/sokonanoda-vscode-test-SFOP1I/build-smoke.sokonanoda
2026-09-25T13:48:16.317Z soko/project ok: project=null reason=no-imports
2026-09-25T13:48:16.365Z soko/project ok: project=null reason=no-imports
2026-09-25T13:48:16.382Z soko/project ok: project=null reason=no-imports
2026-09-25T13:48:16.412Z active document changed: (none)
2026-09-25T13:48:16.412Z loadProject: no active .sokonanoda document
2026-09-25T13:48:16.470Z active document changed: file:///home/runner/work/sokonanoda-lang/sokonanoda-lang/editor/vscode/src/test/fixtures/workspace/units/u01.sokonanoda
2026-09-25T13:48:16.483Z soko/project ok: project=units.u01 (2 modules) reason=null
2026-09-25T13:48:16.505Z soko/project ok: project=units.u01 (2 modules) reason=null
2026-09-25T13:48:16.551Z active document changed: (none)
2026-09-25T13:48:16.551Z loadProject: no active .sokonanoda document
2026-09-25T13:48:16.574Z active document changed: file:///home/runner/work/sokonanoda-lang/sokonanoda-lang/editor/vscode/src/test/fixtures/workspace/units/u01.sokonanoda
2026-09-25T13:48:16.584Z soko/project ok: project=units.u01 (2 modules) reason=null
2026-09-25T13:48:16.637Z active document changed: (none)
2026-09-25T13:48:16.637Z loadProject: no active .sokonanoda document
2026-09-25T13:48:16.687Z active document changed: file:///home/runner/work/sokonanoda-lang/sokonanoda-lang/editor/vscode/src/test/fixtures/workspace/units/u01.sokonanoda
2026-09-25T13:48:16.695Z soko/project ok: project=units.u01 (2 modules) reason=null
2026-09-25T13:48:16.723Z soko/project ok: project=units.u01 (2 modules) reason=null
2026-09-25T13:48:16.766Z active document changed: (none)
2026-09-25T13:48:16.766Z loadProject: no active .sokonanoda document
2026-09-25T13:48:17.087Z warmCacheOnOpen: exit=0
2026-09-25T13:48:17.191Z active document changed: file:///home/runner/work/sokonanoda-lang/sokonanoda-lang/editor/vscode/src/test/fixtures/workspace/units/u02.sokonanoda
2026-09-25T13:48:17.202Z soko/project ok: project=null reason=no-imports
2026-09-25T13:48:20.210Z client state: stopped
2026-09-25T13:48:20.211Z client state: starting
2026-09-25T13:48:20.219Z client state: running
PERF e2e cache: cold=3030ms warm=56ms
2026-09-25T13:48:20.285Z active document changed: (none)
2026-09-25T13:48:20.285Z loadProject: no active .sokonanoda document
2026-09-25T13:48:20.306Z active document changed: file:///home/runner/work/sokonanoda-lang/sokonanoda-lang/editor/vscode/src/test/fixtures/workspace/units/u01.sokonanoda
2026-09-25T13:48:20.314Z soko/project ok: project=units.u01 (2 modules) reason=null
2026-09-25T13:48:20.470Z soko/project ok: project=units.u01 (2 modules) reason=null
2026-09-25T13:48:20.850Z soko/project ok: project=units.u01 (2 modules) reason=null
2026-09-25T13:48:21.824Z active document changed: (none)
2026-09-25T13:48:21.824Z loadProject: no active .sokonanoda document
2026-09-25T13:48:21.841Z active document changed: file:///home/runner/work/sokonanoda-lang/sokonanoda-lang/editor/vscode/src/test/fixtures/workspace/units/u01.sokonanoda
2026-09-25T13:48:21.848Z soko/project ok: project=units.u01 (2 modules) reason=null
2026-09-25T13:48:23.602Z soko/project ok: project=units.u01 (2 modules) reason=null
PERF e2e fanout: entry diagnostics signature=152 字节 · 稳定 ✓
2026-09-25T13:48:27.972Z active document changed: (none)
2026-09-25T13:48:27.972Z loadProject: no active .sokonanoda document
2026-09-25T13:48:27.999Z active document changed: file:///home/runner/work/sokonanoda-lang/sokonanoda-lang/editor/vscode/src/test/fixtures/workspace/units/u01.sokonanoda
2026-09-25T13:48:28.006Z soko/project ok: project=units.u01 (2 modules) reason=null
2026-09-25T13:48:28.636Z soko/project ok: project=units.u01 (2 modules) reason=null
2026-09-25T13:48:28.721Z active document changed: (none)
2026-09-25T13:48:28.721Z loadProject: no active .sokonanoda document
2026-09-25T13:48:28.733Z active document changed: file:///home/runner/work/sokonanoda-lang/sokonanoda-lang/editor/vscode/src/test/fixtures/workspace/units/u01.sokonanoda
2026-09-25T13:48:28.746Z soko/project ok: project=units.u01 (2 modules) reason=null
2026-09-25T13:48:28.963Z soko/project ok: project=units.u01 (2 modules) reason=null
2026-09-25T13:48:29.053Z active document changed: (none)
2026-09-25T13:48:29.053Z loadProject: no active .sokonanoda document
2026-09-25T13:48:29.065Z active document changed: file:///home/runner/work/sokonanoda-lang/sokonanoda-lang/editor/vscode/src/test/fixtures/workspace/units/u01.sokonanoda
2026-09-25T13:48:29.071Z soko/project ok: project=units.u01 (2 modules) reason=null
2026-09-25T13:48:29.115Z active document changed: (none)
2026-09-25T13:48:29.115Z loadProject: no active .sokonanoda document
2026-09-25T13:48:29.130Z active document changed: file:///home/runner/work/sokonanoda-lang/sokonanoda-lang/editor/vscode/src/test/fixtures/workspace/units/u01.sokonanoda
2026-09-25T13:48:29.139Z soko/project ok: project=units.u01 (2 modules) reason=null
2026-09-25T13:48:29.207Z active document changed: (none)
2026-09-25T13:48:29.207Z loadProject: no active .sokonanoda document
2026-09-25T13:48:29.243Z client state: stopped
