# scripts/vscode-e2e.sh — VS Code 1.138.0 · extension v0.87.2 · 6b29679f7e032ec1e85f27ca81a7dc1ed66e50a2
# 结果：45 passing / 0 failing / 0 pending（exit=0）

## doctor（服务器解析与版本自述）
--- doctor ---
sokonanoda doctor — 扩展 v0.87.2 (6 checks)
[ok] 1/6 resolution：bundled — /home/runner/work/sokonanoda-lang/sokonanoda-lang/editor/vscode/bin/linux-x64/sokonanoda-lsp (source=bundled)
[ok] 2/6 server-version：0.87.2 (pid 2926) == 扩展 v0.87.2 (source=bundled)
[ok] 3/6 host-version：运行宿主 v0.87.2
[ok] 4/6 ignored-override：没有被忽略的 serverPath/env 覆盖
[info] 5/6 download-cache：无下载缓存（仅影响 CLI/universal 兜底，不影响内置服务器）
[info] 6/6 obsolete-versions：检测到 0 个扩展版本快照、0 个 .obsolete 条目；完整重启 VS Code 会自动清理

## 用例
    ✔ .sokonanoda files get the sokonanoda language id (95ms)
    ✔ confusable-character highlight is off for sokonanoda files
    ✔ `#check` results are NOT inlay hints (they live in the Infoview) (255ms)
    ✔ C3：`#check`/`#print` 的输出出现在 Infoview 的「命令输出」块里 (245ms)
    ✔ C3（项目模式）：带 import 的文件里 `#print` 的输出也要到 Infoview (541ms)
    ✔ C3 重复输出：项目文件里连续编辑，`#check` 的输出始终只有一条 (3604ms)
    ✔ clean lesson publishes empty diagnostics (84ms)
    ✔ kernel-rejected declaration carries the kernel-rejected code
    ✔ open exercise carries a sorry warning, not an error
    ✔ a declaration named Prop warns, not errors (38ms)
    ✔ open exercise shows a hover on the hole (131ms)
    ✔ hover 的类型文本折成记法（T-U12 面 #3，e2e 那一份） (138ms)
    ✔ notation input: the rewriter produces ∧ and hover teaches \and (84ms)
    ✔ notation input: greek letters and the anon-ctor brackets, in a real host (119ms)
    ✔ restart server command re-syncs open documents (167ms)
    ✔ infoview command is registered and revealable (53ms)
    ✔ the project tree shows the real closure of an imported module (241ms)
    ✔ the project tree names the file a single-file document is (124ms)
    ✔ the project tree marks a broken import as the root cause (125ms)
    ✔ build / rebuild commands warm the compile cache through the CLI (303ms)
    ✔ Clean Cache empties the project store and does not compile (E31) (1720ms)
    ✔ Rebuild shows a non-zero percent while it is still running (②) (206ms)
    ✔ the Infoview receives the project view (E30)
    ✔ Infoview 'definition' lands exactly where the editor F12 lands (E27) (116ms)
    ✔ import 行的模块名是链接，指向被导入的文件（documentLink） (73ms)
    ✔ doctor command returns a read-only source + version report
    ✔ declarations panel lists a project unit's declarations
    ✔ open declaration ships coloured goal runs to the Infoview
    ✔ next hole jumps inside a project unit
    ✔ warmCacheOnOpen pre-builds the workspace at activation
    ✔ reopening a project unit hits the compile cache (242ms)
    ✔ rewriting an unchanged project unit does not recompile (1936ms)
    ✔ editing a dependency refreshes the open unit once (4932ms)
    ✔ goal text uses the file's notation (324ms)
    ✔ goal text folds a binder notation whose type contains a lambda (326ms)
    ✔ B2：光标在末条 tactic 之内 ⇒ 目标是它**作用后**的状态（闭合 ⇒ 无目标） (323ms)
    ✔ Infoview 的 `⊢` 用记法箭头 `→`，且 runs 与 text 同源 (321ms)
    ✔ Infoview 里集合字面量显示成 `{a}`（不是 `Set.singleton α a`） (325ms)
    ✔ go to definition on a `{a}` set literal lands on `Set.singleton` (59ms)
    ✔ go to definition on a prelude name lands in the prelude source (75ms)
    ✔ go to definition on a notation symbol lands on its declaration (71ms)
    ✔ hover on a notation symbol shows the target's signature (70ms)
    ✔ edit responsiveness: last keystroke reaches diagnostics and the goal panel (1564ms)
    ✔ edit responsiveness (project mode): A/B flicker with the show delay off vs on (3336ms)
    ✔ edit responsiveness (project mode): first keystroke after open vs steady state (785ms)

## 扩展接线日志（SOKO_E2E_LOG）
2026-10-09T19:51:23.324Z server command: /home/runner/work/sokonanoda-lang/sokonanoda-lang/editor/vscode/bin/linux-x64/sokonanoda-lsp (source=bundled)
2026-10-09T19:51:23.325Z client state: starting
2026-10-09T19:51:23.344Z client state: running
2026-10-09T19:51:23.351Z loadProject: no active .sokonanoda document
2026-10-09T19:51:23.494Z warmCacheOnOpen: exit=0
2026-10-09T19:51:23.593Z active document changed: file:///tmp/sokonanoda-vscode-test-X343vh/check-no-inlay.sokonanoda
2026-10-09T19:51:23.604Z soko/project ok: project=null reason=no-imports
2026-10-09T19:51:23.763Z active document changed: (none)
2026-10-09T19:51:23.764Z loadProject: no active .sokonanoda document
2026-10-09T19:51:23.803Z active document changed: file:///tmp/sokonanoda-vscode-test-X343vh/c3-command-output.sokonanoda
2026-10-09T19:51:23.812Z soko/project ok: project=null reason=no-imports
2026-10-09T19:51:23.834Z soko/project ok: project=null reason=no-imports
2026-10-09T19:51:23.992Z soko/project ok: project=null reason=no-imports
2026-10-09T19:51:24.020Z active document changed: (none)
2026-10-09T19:51:24.020Z loadProject: no active .sokonanoda document
2026-10-09T19:51:24.051Z active document changed: file:///tmp/sokonanoda-vscode-test-X343vh/c3-project/Main.sokonanoda
2026-10-09T19:51:24.061Z soko/project ok: project=Main (2 modules) reason=null
2026-10-09T19:51:24.251Z soko/project ok: project=Main (2 modules) reason=null
2026-10-09T19:51:24.575Z active document changed: (none)
2026-10-09T19:51:24.575Z loadProject: no active .sokonanoda document
2026-10-09T19:51:24.621Z active document changed: file:///tmp/sokonanoda-vscode-test-X343vh/check-repeat/Main.sokonanoda
2026-10-09T19:51:24.634Z soko/project ok: project=Main (2 modules) reason=null
2026-10-09T19:51:24.816Z soko/project ok: project=Main (2 modules) reason=null
2026-10-09T19:51:25.094Z soko/project ok: project=Main (2 modules) reason=null
2026-10-09T19:51:25.398Z soko/project ok: project=Main (2 modules) reason=null
2026-10-09T19:51:25.700Z soko/project ok: project=Main (2 modules) reason=null
2026-10-09T19:51:28.202Z active document changed: (none)
2026-10-09T19:51:28.202Z loadProject: no active .sokonanoda document
2026-10-09T19:51:28.234Z active document changed: file:///tmp/sokonanoda-vscode-test-X343vh/lesson-clean.sokonanoda
2026-10-09T19:51:28.246Z soko/project ok: project=null reason=no-imports
2026-10-09T19:51:28.296Z active document changed: (none)
2026-10-09T19:51:28.296Z loadProject: no active .sokonanoda document
2026-10-09T19:51:28.327Z active document changed: file:///tmp/sokonanoda-vscode-test-X343vh/kernel-bad.sokonanoda
2026-10-09T19:51:28.334Z soko/project ok: project=null reason=no-imports
2026-10-09T19:51:28.373Z active document changed: (none)
2026-10-09T19:51:28.373Z loadProject: no active .sokonanoda document
2026-10-09T19:51:28.401Z active document changed: file:///tmp/sokonanoda-vscode-test-X343vh/exercise.sokonanoda
2026-10-09T19:51:28.407Z soko/project ok: project=null reason=no-imports
2026-10-09T19:51:28.447Z active document changed: (none)
2026-10-09T19:51:28.447Z loadProject: no active .sokonanoda document
2026-10-09T19:51:28.481Z active document changed: file:///tmp/sokonanoda-vscode-test-X343vh/reserved.sokonanoda
2026-10-09T19:51:28.488Z soko/project ok: project=null reason=no-imports
2026-10-09T19:51:28.526Z active document changed: (none)
2026-10-09T19:51:28.526Z loadProject: no active .sokonanoda document
2026-10-09T19:51:28.564Z active document changed: file:///tmp/sokonanoda-vscode-test-X343vh/exercise-hover.sokonanoda
2026-10-09T19:51:28.581Z soko/project ok: project=null reason=no-imports
2026-10-09T19:51:28.671Z active document changed: (none)
2026-10-09T19:51:28.671Z loadProject: no active .sokonanoda document
2026-10-09T19:51:28.707Z active document changed: file:///home/runner/work/sokonanoda-lang/sokonanoda-lang/editor/vscode/src/test/fixtures/workspace/units/u01.sokonanoda
2026-10-09T19:51:28.715Z soko/project ok: project=units.u01 (2 modules) reason=null
2026-10-09T19:51:28.826Z active document changed: (none)
2026-10-09T19:51:28.826Z loadProject: no active .sokonanoda document
2026-10-09T19:51:28.854Z active document changed: file:///tmp/sokonanoda-vscode-test-X343vh/notation-input.sokonanoda
2026-10-09T19:51:28.860Z soko/project ok: project=null reason=no-imports
2026-10-09T19:51:28.933Z active document changed: (none)
2026-10-09T19:51:28.933Z loadProject: no active .sokonanoda document
2026-10-09T19:51:28.976Z active document changed: file:///tmp/sokonanoda-vscode-test-X343vh/notation-input-greek.sokonanoda
2026-10-09T19:51:28.983Z soko/project ok: project=null reason=no-imports
2026-10-09T19:51:29.069Z active document changed: (none)
2026-10-09T19:51:29.069Z loadProject: no active .sokonanoda document
2026-10-09T19:51:29.103Z active document changed: file:///tmp/sokonanoda-vscode-test-X343vh/restart.sokonanoda
2026-10-09T19:51:29.110Z soko/project ok: project=null reason=no-imports
2026-10-09T19:51:29.115Z client state: stopped
2026-10-09T19:51:29.117Z client state: starting
2026-10-09T19:51:29.137Z client state: running
2026-10-09T19:51:29.246Z active document changed: (none)
2026-10-09T19:51:29.246Z loadProject: no active .sokonanoda document
2026-10-09T19:51:29.339Z active document changed: file:///tmp/sokonanoda-vscode-test-X343vh/proj-ok/Main.sokonanoda
2026-10-09T19:51:29.345Z soko/project ok: project=null reason=no-imports
2026-10-09T19:51:29.348Z soko/project ok: project=null reason=no-imports
2026-10-09T19:51:29.352Z soko/project ok: project=null reason=no-imports
2026-10-09T19:51:29.452Z soko/project ok: project=Main (2 modules) reason=null
2026-10-09T19:51:29.555Z active document changed: (none)
2026-10-09T19:51:29.555Z loadProject: no active .sokonanoda document
2026-10-09T19:51:29.574Z active document changed: file:///tmp/sokonanoda-vscode-test-X343vh/single.sokonanoda
2026-10-09T19:51:29.579Z soko/project ok: project=null reason=no-imports
2026-10-09T19:51:29.584Z soko/project ok: project=null reason=no-imports
2026-10-09T19:51:29.688Z active document changed: (none)
2026-10-09T19:51:29.688Z loadProject: no active .sokonanoda document
2026-10-09T19:51:29.705Z active document changed: file:///tmp/sokonanoda-vscode-test-X343vh/proj-broken/Main.sokonanoda
2026-10-09T19:51:29.711Z soko/project ok: project=Main (1 modules) reason=null
2026-10-09T19:51:29.716Z soko/project ok: project=Main (1 modules) reason=null
2026-10-09T19:51:29.821Z active document changed: (none)
2026-10-09T19:51:29.821Z loadProject: no active .sokonanoda document
2026-10-09T19:51:29.838Z active document changed: file:///home/runner/work/sokonanoda-lang/sokonanoda-lang/editor/vscode/src/test/fixtures/workspace/units/u01.sokonanoda
2026-10-09T19:51:29.848Z soko/project ok: project=units.u01 (2 modules) reason=null
2026-10-09T19:51:29.889Z soko/project ok: project=units.u01 (2 modules) reason=null
2026-10-09T19:51:29.913Z soko/project ok: project=units.u01 (2 modules) reason=null
2026-10-09T19:51:30.129Z soko/project ok: project=units.u01 (2 modules) reason=null
2026-10-09T19:51:30.150Z active document changed: (none)
2026-10-09T19:51:30.150Z loadProject: no active .sokonanoda document
2026-10-09T19:51:30.181Z active document changed: file:///home/runner/work/sokonanoda-lang/sokonanoda-lang/editor/vscode/src/test/fixtures/workspace/units/u01.sokonanoda
2026-10-09T19:51:30.191Z soko/project ok: project=units.u01 (2 modules) reason=null
2026-10-09T19:51:30.226Z soko/project ok: project=units.u01 (2 modules) reason=null
2026-10-09T19:51:30.230Z soko/project ok: project=units.u01 (2 modules) reason=null
2026-10-09T19:51:31.877Z soko/project ok: project=units.u01 (2 modules) reason=null
2026-10-09T19:51:31.897Z active document changed: (none)
2026-10-09T19:51:31.897Z loadProject: no active .sokonanoda document
2026-10-09T19:51:31.925Z active document changed: file:///home/runner/work/sokonanoda-lang/sokonanoda-lang/editor/vscode/src/test/fixtures/workspace/units/u01.sokonanoda
2026-10-09T19:51:31.933Z soko/project ok: project=units.u01 (2 modules) reason=null
2026-10-09T19:51:31.968Z soko/project ok: project=units.u01 (2 modules) reason=null
2026-10-09T19:51:32.112Z soko/project ok: project=units.u01 (2 modules) reason=null
2026-10-09T19:51:32.134Z active document changed: (none)
2026-10-09T19:51:32.134Z loadProject: no active .sokonanoda document
2026-10-09T19:51:32.152Z active document changed: file:///home/runner/work/sokonanoda-lang/sokonanoda-lang/editor/vscode/src/test/fixtures/workspace/units/u01.sokonanoda
2026-10-09T19:51:32.161Z soko/project ok: project=units.u01 (2 modules) reason=null
2026-10-09T19:51:32.215Z active document changed: (none)
2026-10-09T19:51:32.215Z loadProject: no active .sokonanoda document
2026-10-09T19:51:32.238Z active document changed: file:///home/runner/work/sokonanoda-lang/sokonanoda-lang/editor/vscode/src/test/fixtures/workspace/units/u01.sokonanoda
2026-10-09T19:51:32.245Z soko/project ok: project=units.u01 (2 modules) reason=null
2026-10-09T19:51:32.316Z active document changed: (none)
2026-10-09T19:51:32.316Z loadProject: no active .sokonanoda document
2026-10-09T19:51:32.324Z active document changed: file:///home/runner/work/sokonanoda-lang/sokonanoda-lang/editor/vscode/src/test/fixtures/workspace/lib/Set.sokonanoda
2026-10-09T19:51:32.331Z soko/project ok: project=null reason=no-imports
2026-10-09T19:51:32.364Z active document changed: (none)
2026-10-09T19:51:32.364Z loadProject: no active .sokonanoda document
2026-10-09T19:51:32.390Z active document changed: file:///tmp/sokonanoda-vscode-test-X343vh/import-links/Entry.sokonanoda
2026-10-09T19:51:32.396Z soko/project ok: project=Entry (2 modules) reason=null
2026-10-09T19:51:32.445Z active document changed: (none)
2026-10-09T19:51:32.445Z loadProject: no active .sokonanoda document
2026-10-09T19:51:32.471Z active document changed: file:///home/runner/work/sokonanoda-lang/sokonanoda-lang/editor/vscode/src/test/fixtures/workspace/units/u01.sokonanoda
2026-10-09T19:51:32.478Z soko/project ok: project=units.u01 (2 modules) reason=null
2026-10-09T19:51:32.536Z active document changed: (none)
2026-10-09T19:51:32.536Z loadProject: no active .sokonanoda document
2026-10-09T19:51:32.564Z active document changed: file:///home/runner/work/sokonanoda-lang/sokonanoda-lang/editor/vscode/src/test/fixtures/workspace/units/u01.sokonanoda
2026-10-09T19:51:32.572Z soko/project ok: project=units.u01 (2 modules) reason=null
2026-10-09T19:51:32.591Z soko/project ok: project=units.u01 (2 modules) reason=null
2026-10-09T19:51:32.620Z active document changed: (none)
2026-10-09T19:51:32.620Z loadProject: no active .sokonanoda document
2026-10-09T19:51:32.640Z active document changed: file:///home/runner/work/sokonanoda-lang/sokonanoda-lang/editor/vscode/src/test/fixtures/workspace/units/u01.sokonanoda
2026-10-09T19:51:32.649Z soko/project ok: project=units.u01 (2 modules) reason=null
2026-10-09T19:51:32.698Z active document changed: (none)
2026-10-09T19:51:32.698Z loadProject: no active .sokonanoda document
2026-10-09T19:51:32.727Z active document changed: file:///home/runner/work/sokonanoda-lang/sokonanoda-lang/editor/vscode/src/test/fixtures/workspace/units/u02-cold-open.sokonanoda
2026-10-09T19:51:32.735Z soko/project ok: project=null reason=no-imports
2026-10-09T19:51:32.902Z client state: stopped
2026-10-09T19:51:32.904Z client state: starting
2026-10-09T19:51:32.914Z client state: running
PERF e2e cache: cold=185ms warm=54ms
2026-10-09T19:51:32.963Z active document changed: (none)
2026-10-09T19:51:32.963Z loadProject: no active .sokonanoda document
2026-10-09T19:51:32.985Z active document changed: file:///home/runner/work/sokonanoda-lang/sokonanoda-lang/editor/vscode/src/test/fixtures/workspace/units/u01.sokonanoda
2026-10-09T19:51:32.995Z soko/project ok: project=units.u01 (2 modules) reason=null
2026-10-09T19:51:33.226Z soko/project ok: project=units.u01 (2 modules) reason=null
2026-10-09T19:51:33.554Z soko/project ok: project=units.u01 (2 modules) reason=null
2026-10-09T19:51:33.983Z soko/project ok: project=units.u01 (2 modules) reason=null
2026-10-09T19:51:34.907Z active document changed: (none)
2026-10-09T19:51:34.907Z loadProject: no active .sokonanoda document
2026-10-09T19:51:34.923Z active document changed: file:///home/runner/work/sokonanoda-lang/sokonanoda-lang/editor/vscode/src/test/fixtures/workspace/units/u01.sokonanoda
2026-10-09T19:51:34.931Z soko/project ok: project=units.u01 (2 modules) reason=null
2026-10-09T19:51:35.434Z soko/project ok: project=units.u01 (2 modules) reason=null
PERF e2e fanout: entry diagnostics signature=152 字节 · 稳定 ✓
2026-10-09T19:51:39.846Z active document changed: (none)
2026-10-09T19:51:39.846Z loadProject: no active .sokonanoda document
2026-10-09T19:51:39.864Z active document changed: file:///home/runner/work/sokonanoda-lang/sokonanoda-lang/editor/vscode/src/test/fixtures/workspace/units/u01.sokonanoda
2026-10-09T19:51:39.871Z soko/project ok: project=units.u01 (2 modules) reason=null
2026-10-09T19:51:40.152Z soko/project ok: project=units.u01 (2 modules) reason=null
2026-10-09T19:51:40.179Z active document changed: (none)
2026-10-09T19:51:40.179Z loadProject: no active .sokonanoda document
2026-10-09T19:51:40.198Z active document changed: file:///home/runner/work/sokonanoda-lang/sokonanoda-lang/editor/vscode/src/test/fixtures/workspace/units/u01.sokonanoda
2026-10-09T19:51:40.204Z soko/project ok: project=units.u01 (2 modules) reason=null
2026-10-09T19:51:40.430Z soko/project ok: project=units.u01 (2 modules) reason=null
2026-10-09T19:51:40.512Z active document changed: (none)
2026-10-09T19:51:40.512Z loadProject: no active .sokonanoda document
2026-10-09T19:51:40.528Z active document changed: file:///home/runner/work/sokonanoda-lang/sokonanoda-lang/editor/vscode/src/test/fixtures/workspace/units/u01.sokonanoda
2026-10-09T19:51:40.534Z soko/project ok: project=units.u01 (2 modules) reason=null
2026-10-09T19:51:40.843Z active document changed: (none)
2026-10-09T19:51:40.843Z loadProject: no active .sokonanoda document
2026-10-09T19:51:40.855Z active document changed: file:///home/runner/work/sokonanoda-lang/sokonanoda-lang/editor/vscode/src/test/fixtures/workspace/units/u01.sokonanoda
2026-10-09T19:51:40.862Z soko/project ok: project=units.u01 (2 modules) reason=null
2026-10-09T19:51:41.170Z active document changed: (none)
2026-10-09T19:51:41.170Z loadProject: no active .sokonanoda document
2026-10-09T19:51:41.185Z active document changed: file:///home/runner/work/sokonanoda-lang/sokonanoda-lang/editor/vscode/src/test/fixtures/workspace/units/u01.sokonanoda
2026-10-09T19:51:41.194Z soko/project ok: project=units.u01 (2 modules) reason=null
2026-10-09T19:51:41.503Z active document changed: (none)
2026-10-09T19:51:41.503Z loadProject: no active .sokonanoda document
2026-10-09T19:51:41.519Z active document changed: file:///home/runner/work/sokonanoda-lang/sokonanoda-lang/editor/vscode/src/test/fixtures/workspace/units/u01.sokonanoda
2026-10-09T19:51:41.529Z soko/project ok: project=units.u01 (2 modules) reason=null
2026-10-09T19:51:41.570Z active document changed: (none)
2026-10-09T19:51:41.570Z loadProject: no active .sokonanoda document
2026-10-09T19:51:41.588Z active document changed: file:///home/runner/work/sokonanoda-lang/sokonanoda-lang/editor/vscode/src/test/fixtures/workspace/units/u01.sokonanoda
2026-10-09T19:51:41.596Z soko/project ok: project=units.u01 (2 modules) reason=null
2026-10-09T19:51:41.654Z active document changed: (none)
2026-10-09T19:51:41.654Z loadProject: no active .sokonanoda document
2026-10-09T19:51:41.673Z active document changed: file:///home/runner/work/sokonanoda-lang/sokonanoda-lang/editor/vscode/src/test/fixtures/workspace/units/u01.sokonanoda
2026-10-09T19:51:41.681Z soko/project ok: project=units.u01 (2 modules) reason=null
2026-10-09T19:51:41.733Z active document changed: (none)
2026-10-09T19:51:41.733Z loadProject: no active .sokonanoda document
2026-10-09T19:51:41.747Z active document changed: file:///home/runner/work/sokonanoda-lang/sokonanoda-lang/editor/vscode/src/test/fixtures/workspace/units/u01.sokonanoda
2026-10-09T19:51:41.756Z soko/project ok: project=units.u01 (2 modules) reason=null
2026-10-09T19:51:41.810Z active document changed: (none)
2026-10-09T19:51:41.810Z loadProject: no active .sokonanoda document
2026-10-09T19:51:41.828Z active document changed: file:///tmp/sokonanoda-vscode-test-X343vh/typing-latency.sokonanoda
2026-10-09T19:51:41.836Z soko/project ok: project=null reason=no-imports
2026-10-09T19:51:42.692Z soko/project ok: project=null reason=no-imports
2026-10-09T19:51:43.372Z soko/project ok: project=null reason=no-imports
PERF editor_keystroke_latency file=typing-latency.sokonanoda decls=24 diagnostics_ms=100 panel_ms=254 flicker_frames=0 keystrokes=8 lights_per_keystroke=0.00 tree_fires=4 typed=" intro hq"
2026-10-09T19:51:43.386Z active document changed: (none)
2026-10-09T19:51:43.386Z loadProject: no active .sokonanoda document
2026-10-09T19:51:43.406Z active document changed: file:///tmp/sokonanoda-vscode-test-X343vh/latency-project/units/typing.sokonanoda
2026-10-09T19:51:43.414Z soko/project ok: project=units.typing (2 modules) reason=null
2026-10-09T19:51:43.717Z soko/project ok: project=units.typing (2 modules) reason=null
2026-10-09T19:51:44.711Z soko/project ok: project=units.typing (2 modules) reason=null
2026-10-09T19:51:46.283Z soko/project ok: project=units.typing (2 modules) reason=null
PERF editor_keystroke_latency_project keystrokes=9 lights_showdelay_0=18 lights_default=0
2026-10-09T19:51:46.733Z active document changed: (none)
2026-10-09T19:51:46.733Z loadProject: no active .sokonanoda document
2026-10-09T19:51:46.753Z active document changed: file:///tmp/sokonanoda-vscode-test-X343vh/latency-steady/units/typing.sokonanoda
2026-10-09T19:51:46.762Z soko/project ok: project=null reason=no-imports
2026-10-09T19:51:47.518Z soko/project ok: project=units.typing (2 modules) reason=null
2026-10-09T19:51:47.530Z active document changed: (none)
2026-10-09T19:51:47.530Z loadProject: no active .sokonanoda document
2026-10-09T19:51:47.572Z client state: stopped
