# scripts/vscode-e2e.sh — VS Code 1.138.0 · extension v0.65.2 · 58a0c9a582f76c44e81e7dfd36756470b4144f00
# 结果：25 passing / 0 failing / 0 pending（exit=0）

## doctor（服务器解析与版本自述）
--- doctor ---
sokonanoda doctor — 扩展 v0.65.2 (6 checks)
[ok] 1/6 resolution：bundled — /home/runner/work/sokonanoda-lang/sokonanoda-lang/editor/vscode/bin/linux-x64/sokonanoda-lsp (source=bundled)
[ok] 2/6 server-version：0.65.2 (pid 3090) == 扩展 v0.65.2 (source=bundled)
[ok] 3/6 host-version：运行宿主 v0.65.2
[ok] 4/6 ignored-override：没有被忽略的 serverPath/env 覆盖
[info] 5/6 download-cache：无下载缓存（仅影响 CLI/universal 兜底，不影响内置服务器）
[info] 6/6 obsolete-versions：检测到 0 个扩展版本快照、0 个 .obsolete 条目；完整重启 VS Code 会自动清理

## 用例
    ✔ .sokonanoda files get the sokonanoda language id (74ms)
    ✔ confusable-character highlight is off for sokonanoda files
    ✔ #check results appear as inlay hints (182ms)
    ✔ clean lesson publishes empty diagnostics (109ms)
    ✔ kernel-rejected declaration carries the kernel-rejected code
    ✔ open exercise carries a sorry warning, not an error (58ms)
    ✔ a declaration named Prop warns, not errors (47ms)
    ✔ open exercise shows a hover on the hole (143ms)
    ✔ notation input: the rewriter produces ∧ and hover teaches \and (143ms)
    ✔ restart server command re-syncs open documents (68ms)
    ✔ infoview command is registered and revealable (116ms)
    ✔ the project tree shows the real closure of an imported module (196ms)
    ✔ the project tree names the file a single-file document is (134ms)
    ✔ the project tree marks a broken import as the root cause (152ms)
    ✔ build / rebuild commands warm the compile cache through the CLI (139ms)
    ✔ doctor command returns a read-only source + version report (42ms)
    ✔ declarations panel lists a project unit's declarations (644ms)
    ✔ next hole jumps inside a project unit
    ✔ warmCacheOnOpen pre-builds the workspace at activation
    ✔ reopening a project unit hits the compile cache (3848ms)
    ✔ rewriting an unchanged project unit does not recompile (1543ms)
    ✔ editing a dependency refreshes the open unit once (1529ms)
    ✔ goal text uses the file's notation (735ms)
    ✔ go to definition on a notation symbol lands on its declaration (79ms)
    ✔ hover on a notation symbol shows the target's signature (86ms)

## 扩展接线日志（SOKO_E2E_LOG）
2026-09-23T19:58:08.292Z server command: /home/runner/work/sokonanoda-lang/sokonanoda-lang/editor/vscode/bin/linux-x64/sokonanoda-lsp (source=bundled)
2026-09-23T19:58:08.293Z client state: starting
2026-09-23T19:58:08.355Z client state: running
2026-09-23T19:58:08.363Z loadProject: no active .sokonanoda document
2026-09-23T19:58:08.553Z warmCacheOnOpen: exit=0
2026-09-23T19:58:08.619Z active document changed: file:///tmp/sokonanoda-vscode-test-rotdM2/check.sokonanoda
2026-09-23T19:58:08.631Z soko/project ok: project=null reason=no-imports
2026-09-23T19:58:08.727Z active document changed: (none)
2026-09-23T19:58:08.727Z loadProject: no active .sokonanoda document
2026-09-23T19:58:08.781Z active document changed: file:///tmp/sokonanoda-vscode-test-rotdM2/lesson-clean.sokonanoda
2026-09-23T19:58:08.792Z soko/project ok: project=null reason=no-imports
2026-09-23T19:58:08.803Z soko/project ok: project=null reason=no-imports
2026-09-23T19:58:08.851Z active document changed: (none)
2026-09-23T19:58:08.851Z loadProject: no active .sokonanoda document
2026-09-23T19:58:08.883Z active document changed: file:///tmp/sokonanoda-vscode-test-rotdM2/kernel-bad.sokonanoda
2026-09-23T19:58:08.890Z soko/project ok: project=null reason=no-imports
2026-09-23T19:58:08.942Z active document changed: (none)
2026-09-23T19:58:08.942Z loadProject: no active .sokonanoda document
2026-09-23T19:58:08.994Z active document changed: file:///tmp/sokonanoda-vscode-test-rotdM2/exercise.sokonanoda
2026-09-23T19:58:09.004Z soko/project ok: project=null reason=no-imports
2026-09-23T19:58:09.063Z active document changed: (none)
2026-09-23T19:58:09.063Z loadProject: no active .sokonanoda document
2026-09-23T19:58:09.106Z active document changed: file:///tmp/sokonanoda-vscode-test-rotdM2/reserved.sokonanoda
2026-09-23T19:58:09.113Z soko/project ok: project=null reason=no-imports
2026-09-23T19:58:09.154Z active document changed: (none)
2026-09-23T19:58:09.154Z loadProject: no active .sokonanoda document
2026-09-23T19:58:09.191Z active document changed: file:///tmp/sokonanoda-vscode-test-rotdM2/exercise-hover.sokonanoda
2026-09-23T19:58:09.200Z soko/project ok: project=null reason=no-imports
2026-09-23T19:58:09.309Z active document changed: (none)
2026-09-23T19:58:09.309Z loadProject: no active .sokonanoda document
2026-09-23T19:58:09.355Z active document changed: file:///tmp/sokonanoda-vscode-test-rotdM2/notation-input.sokonanoda
2026-09-23T19:58:09.375Z soko/project ok: project=null reason=no-imports
2026-09-23T19:58:09.377Z soko/project ok: project=null reason=no-imports
2026-09-23T19:58:09.484Z active document changed: (none)
2026-09-23T19:58:09.484Z loadProject: no active .sokonanoda document
2026-09-23T19:58:09.511Z active document changed: file:///tmp/sokonanoda-vscode-test-rotdM2/restart.sokonanoda
2026-09-23T19:58:09.521Z soko/project ok: project=null reason=no-imports
2026-09-23T19:58:09.525Z client state: stopped
2026-09-23T19:58:09.530Z client state: starting
2026-09-23T19:58:09.554Z client state: running
2026-09-23T19:58:09.587Z active document changed: (none)
2026-09-23T19:58:09.587Z loadProject: no active .sokonanoda document
2026-09-23T19:58:09.760Z loadProject: no active .sokonanoda document
2026-09-23T19:58:09.783Z active document changed: file:///tmp/sokonanoda-vscode-test-rotdM2/proj-ok/Main.sokonanoda
2026-09-23T19:58:09.810Z soko/project ok: project=Main (2 modules) reason=null
2026-09-23T19:58:09.810Z soko/project ok: project=Main (2 modules) reason=null
2026-09-23T19:58:09.913Z active document changed: (none)
2026-09-23T19:58:09.913Z loadProject: no active .sokonanoda document
2026-09-23T19:58:09.943Z active document changed: file:///tmp/sokonanoda-vscode-test-rotdM2/single.sokonanoda
2026-09-23T19:58:09.955Z soko/project ok: project=null reason=no-imports
2026-09-23T19:58:09.956Z soko/project ok: project=null reason=no-imports
2026-09-23T19:58:10.069Z active document changed: (none)
2026-09-23T19:58:10.069Z loadProject: no active .sokonanoda document
2026-09-23T19:58:10.110Z active document changed: file:///tmp/sokonanoda-vscode-test-rotdM2/proj-broken/Main.sokonanoda
2026-09-23T19:58:10.119Z soko/project ok: project=Main (1 modules) reason=null
2026-09-23T19:58:10.124Z soko/project ok: project=Main (1 modules) reason=null
2026-09-23T19:58:10.138Z soko/project ok: project=Main (1 modules) reason=null
2026-09-23T19:58:10.232Z active document changed: (none)
2026-09-23T19:58:10.233Z loadProject: no active .sokonanoda document
2026-09-23T19:58:10.278Z active document changed: file:///tmp/sokonanoda-vscode-test-rotdM2/build-smoke.sokonanoda
2026-09-23T19:58:10.291Z soko/project ok: project=null reason=no-imports
2026-09-23T19:58:10.309Z soko/project ok: project=null reason=no-imports
2026-09-23T19:58:10.343Z soko/project ok: project=null reason=no-imports
2026-09-23T19:58:10.377Z soko/project ok: project=null reason=no-imports
2026-09-23T19:58:10.408Z active document changed: (none)
2026-09-23T19:58:10.409Z loadProject: no active .sokonanoda document
2026-09-23T19:58:10.468Z loadProject: no active .sokonanoda document
2026-09-23T19:58:10.593Z active document changed: file:///home/runner/work/sokonanoda-lang/sokonanoda-lang/editor/vscode/src/test/fixtures/workspace/units/u01.sokonanoda
2026-09-23T19:58:10.613Z soko/project ok: project=null reason=no-imports
2026-09-23T19:58:11.085Z soko/project ok: project=units.u01 (2 modules) reason=null
2026-09-23T19:58:11.141Z active document changed: (none)
2026-09-23T19:58:11.142Z loadProject: no active .sokonanoda document
2026-09-23T19:58:11.163Z active document changed: file:///home/runner/work/sokonanoda-lang/sokonanoda-lang/editor/vscode/src/test/fixtures/workspace/units/u01.sokonanoda
2026-09-23T19:58:11.172Z soko/project ok: project=units.u01 (2 modules) reason=null
2026-09-23T19:58:11.231Z active document changed: (none)
2026-09-23T19:58:11.231Z loadProject: no active .sokonanoda document
2026-09-23T19:58:11.265Z active document changed: file:///home/runner/work/sokonanoda-lang/sokonanoda-lang/editor/vscode/src/test/fixtures/workspace/units/u02.sokonanoda
2026-09-23T19:58:11.283Z soko/project ok: project=null reason=no-imports
2026-09-23T19:58:15.038Z client state: stopped
2026-09-23T19:58:15.040Z client state: starting
2026-09-23T19:58:15.052Z client state: running
PERF e2e cache: cold=3792ms warm=54ms entries=1
2026-09-23T19:58:15.151Z active document changed: (none)
2026-09-23T19:58:15.151Z loadProject: no active .sokonanoda document
2026-09-23T19:58:15.180Z active document changed: file:///home/runner/work/sokonanoda-lang/sokonanoda-lang/editor/vscode/src/test/fixtures/workspace/units/u01.sokonanoda
2026-09-23T19:58:15.188Z soko/project ok: project=units.u01 (2 modules) reason=null
2026-09-23T19:58:15.345Z soko/project ok: project=units.u01 (2 modules) reason=null
2026-09-23T19:58:15.781Z soko/project ok: project=units.u01 (2 modules) reason=null
2026-09-23T19:58:16.705Z active document changed: (none)
2026-09-23T19:58:16.705Z loadProject: no active .sokonanoda document
2026-09-23T19:58:16.724Z active document changed: file:///home/runner/work/sokonanoda-lang/sokonanoda-lang/editor/vscode/src/test/fixtures/workspace/units/u01.sokonanoda
2026-09-23T19:58:16.732Z soko/project ok: project=units.u01 (2 modules) reason=null
2026-09-23T19:58:17.706Z soko/project ok: project=units.u01 (2 modules) reason=null
PERF e2e fanout: entry diagnostics publishes=1
2026-09-23T19:58:18.244Z active document changed: (none)
2026-09-23T19:58:18.244Z loadProject: no active .sokonanoda document
2026-09-23T19:58:18.267Z active document changed: file:///home/runner/work/sokonanoda-lang/sokonanoda-lang/editor/vscode/src/test/fixtures/workspace/units/u01.sokonanoda
2026-09-23T19:58:18.278Z soko/project ok: project=units.u01 (2 modules) reason=null
2026-09-23T19:58:18.907Z soko/project ok: project=units.u01 (2 modules) reason=null
2026-09-23T19:58:18.989Z active document changed: (none)
2026-09-23T19:58:18.989Z loadProject: no active .sokonanoda document
2026-09-23T19:58:19.009Z active document changed: file:///home/runner/work/sokonanoda-lang/sokonanoda-lang/editor/vscode/src/test/fixtures/workspace/units/u01.sokonanoda
2026-09-23T19:58:19.020Z soko/project ok: project=units.u01 (2 modules) reason=null
2026-09-23T19:58:19.076Z active document changed: (none)
2026-09-23T19:58:19.076Z loadProject: no active .sokonanoda document
2026-09-23T19:58:19.097Z active document changed: file:///home/runner/work/sokonanoda-lang/sokonanoda-lang/editor/vscode/src/test/fixtures/workspace/units/u01.sokonanoda
2026-09-23T19:58:19.109Z soko/project ok: project=units.u01 (2 modules) reason=null
2026-09-23T19:58:19.176Z active document changed: (none)
2026-09-23T19:58:19.176Z loadProject: no active .sokonanoda document
2026-09-23T19:58:19.214Z client state: stopped
