# scripts/vscode-e2e.sh — VS Code 1.138.0 · extension v0.64.2 · 7874dd49f5114b86fba02335899cfefa755cdb2e
# 结果：22 passing / 3 failing / 0 pending（exit=1）

## doctor（服务器解析与版本自述）
--- doctor ---
sokonanoda doctor — 扩展 v0.64.2 (6 checks)
[ok] 1/6 resolution：bundled — /Users/penglingwei/Documents/lean/sokonanoda/sokonanoda-lang/editor/vscode/bin/darwin-arm64/sokonanoda-lsp (source=bundled)
[ok] 2/6 server-version：0.64.2 (pid 80870) == 扩展 v0.64.2 (source=bundled)
[ok] 3/6 host-version：运行宿主 v0.64.2
[ok] 4/6 ignored-override：没有被忽略的 serverPath/env 覆盖
[info] 5/6 download-cache：缓存 marker 0.55.0 darwin-arm64 != 扩展 v0.64.2；可运行 sokonanoda update
[info] 6/6 obsolete-versions：检测到 0 个扩展版本快照、0 个 .obsolete 条目；完整重启 VS Code 会自动清理

## 用例
    ✔ .sokonanoda files get the sokonanoda language id (44ms)
    ✔ confusable-character highlight is off for sokonanoda files
    ✔ #check results appear as inlay hints (101ms)
    ✔ clean lesson publishes empty diagnostics
    ✔ kernel-rejected declaration carries the kernel-rejected code
    ✔ open exercise carries a sorry warning, not an error
    ✔ a declaration named Prop warns, not errors
    ✔ open exercise shows a hover on the hole (43ms)
    ✔ notation input: the rewriter produces ∧ and hover teaches \and (125ms)
    ✔ restart server command re-syncs open documents (53ms)
    ✔ infoview command is registered and revealable (55ms)
    ✔ the project tree shows the real closure of an imported module (127ms)
    ✔ the project tree names the file a single-file document is (121ms)
    ✔ the project tree marks a broken import as the root cause (136ms)
    ✔ build / rebuild commands warm the compile cache through the CLI (65ms)
    ✔ doctor command returns a read-only source + version report
    ✔ declarations panel lists a project unit's declarations (138ms)
    ✔ next hole jumps inside a project unit
    ✔ warmCacheOnOpen pre-builds the workspace at activation
    ✔ reopening a project unit hits the compile cache (572ms)
    ✔ rewriting an unchanged project unit does not recompile (1524ms)
    ✔ editing a dependency refreshes the open unit once (1518ms)
    1) goal text uses the file's notation
    2) go to definition on a notation symbol lands on its declaration
    3) hover on a notation symbol shows the target's signature
  1) sokonanoda extension (VS Code integration)
  2) sokonanoda extension (VS Code integration)
  3) sokonanoda extension (VS Code integration)

## 扩展接线日志（SOKO_E2E_LOG）
2026-09-22T07:22:49.583Z server command: /Users/penglingwei/Documents/lean/sokonanoda/sokonanoda-lang/editor/vscode/bin/darwin-arm64/sokonanoda-lsp (source=bundled)
2026-09-22T07:22:49.584Z client state: starting
2026-09-22T07:22:50.206Z warmCacheOnOpen: exit=0
2026-09-22T07:22:50.594Z client state: running
2026-09-22T07:22:50.599Z loadProject: no active .sokonanoda document
2026-09-22T07:22:50.772Z active document changed: file:///var/folders/81/6wvjcvys3y300jnj259_2jbw0000gn/T/sokonanoda-vscode-test-s2qugV/check.sokonanoda
2026-09-22T07:22:50.775Z soko/project ok: project=null reason=no-imports
2026-09-22T07:22:50.819Z active document changed: (none)
2026-09-22T07:22:50.819Z loadProject: no active .sokonanoda document
2026-09-22T07:22:50.837Z active document changed: file:///var/folders/81/6wvjcvys3y300jnj259_2jbw0000gn/T/sokonanoda-vscode-test-s2qugV/lesson-clean.sokonanoda
2026-09-22T07:22:50.840Z soko/project ok: project=null reason=no-imports
2026-09-22T07:22:50.863Z active document changed: (none)
2026-09-22T07:22:50.863Z loadProject: no active .sokonanoda document
2026-09-22T07:22:50.886Z active document changed: file:///var/folders/81/6wvjcvys3y300jnj259_2jbw0000gn/T/sokonanoda-vscode-test-s2qugV/kernel-bad.sokonanoda
2026-09-22T07:22:50.888Z soko/project ok: project=null reason=no-imports
2026-09-22T07:22:50.906Z active document changed: (none)
2026-09-22T07:22:50.906Z loadProject: no active .sokonanoda document
2026-09-22T07:22:50.926Z active document changed: file:///var/folders/81/6wvjcvys3y300jnj259_2jbw0000gn/T/sokonanoda-vscode-test-s2qugV/exercise.sokonanoda
2026-09-22T07:22:50.928Z soko/project ok: project=null reason=no-imports
2026-09-22T07:22:50.942Z active document changed: (none)
2026-09-22T07:22:50.942Z loadProject: no active .sokonanoda document
2026-09-22T07:22:50.963Z active document changed: file:///var/folders/81/6wvjcvys3y300jnj259_2jbw0000gn/T/sokonanoda-vscode-test-s2qugV/reserved.sokonanoda
2026-09-22T07:22:50.964Z soko/project ok: project=null reason=no-imports
2026-09-22T07:22:50.987Z active document changed: (none)
2026-09-22T07:22:50.987Z loadProject: no active .sokonanoda document
2026-09-22T07:22:51.008Z active document changed: file:///var/folders/81/6wvjcvys3y300jnj259_2jbw0000gn/T/sokonanoda-vscode-test-s2qugV/exercise-hover.sokonanoda
2026-09-22T07:22:51.010Z soko/project ok: project=null reason=no-imports
2026-09-22T07:22:51.051Z active document changed: (none)
2026-09-22T07:22:51.051Z loadProject: no active .sokonanoda document
2026-09-22T07:22:51.129Z active document changed: file:///var/folders/81/6wvjcvys3y300jnj259_2jbw0000gn/T/sokonanoda-vscode-test-s2qugV/notation-input.sokonanoda
2026-09-22T07:22:51.131Z soko/project ok: project=null reason=no-imports
2026-09-22T07:22:51.219Z active document changed: (none)
2026-09-22T07:22:51.220Z loadProject: no active .sokonanoda document
2026-09-22T07:22:51.238Z active document changed: file:///var/folders/81/6wvjcvys3y300jnj259_2jbw0000gn/T/sokonanoda-vscode-test-s2qugV/restart.sokonanoda
2026-09-22T07:22:51.242Z soko/project ok: project=null reason=no-imports
2026-09-22T07:22:51.250Z client state: stopped
2026-09-22T07:22:51.252Z client state: starting
2026-09-22T07:22:51.270Z client state: running
2026-09-22T07:22:51.286Z active document changed: (none)
2026-09-22T07:22:51.286Z loadProject: no active .sokonanoda document
2026-09-22T07:22:51.367Z active document changed: file:///var/folders/81/6wvjcvys3y300jnj259_2jbw0000gn/T/sokonanoda-vscode-test-s2qugV/proj-ok/Main.sokonanoda
2026-09-22T07:22:51.371Z soko/project ok: project=Main (2 modules) reason=null
2026-09-22T07:22:51.376Z soko/project ok: project=Main (2 modules) reason=null
2026-09-22T07:22:51.479Z active document changed: (none)
2026-09-22T07:22:51.479Z loadProject: no active .sokonanoda document
2026-09-22T07:22:51.493Z active document changed: file:///var/folders/81/6wvjcvys3y300jnj259_2jbw0000gn/T/sokonanoda-vscode-test-s2qugV/single.sokonanoda
2026-09-22T07:22:51.498Z soko/project ok: project=null reason=no-imports
2026-09-22T07:22:51.501Z soko/project ok: project=null reason=no-imports
2026-09-22T07:22:51.609Z active document changed: (none)
2026-09-22T07:22:51.610Z loadProject: no active .sokonanoda document
2026-09-22T07:22:51.650Z active document changed: file:///var/folders/81/6wvjcvys3y300jnj259_2jbw0000gn/T/sokonanoda-vscode-test-s2qugV/proj-broken/Main.sokonanoda
2026-09-22T07:22:51.672Z soko/project ok: project=null reason=no-imports
2026-09-22T07:22:51.681Z soko/project ok: project=null reason=no-imports
2026-09-22T07:22:51.692Z soko/project ok: project=Main (1 modules) reason=null
2026-09-22T07:22:51.758Z active document changed: (none)
2026-09-22T07:22:51.758Z loadProject: no active .sokonanoda document
2026-09-22T07:22:51.787Z active document changed: file:///var/folders/81/6wvjcvys3y300jnj259_2jbw0000gn/T/sokonanoda-vscode-test-s2qugV/build-smoke.sokonanoda
2026-09-22T07:22:51.798Z soko/project ok: project=null reason=no-imports
2026-09-22T07:22:51.820Z soko/project ok: project=null reason=no-imports
2026-09-22T07:22:51.836Z soko/project ok: project=null reason=no-imports
2026-09-22T07:22:51.878Z active document changed: (none)
2026-09-22T07:22:51.879Z loadProject: no active .sokonanoda document
2026-09-22T07:22:51.909Z active document changed: file:///Users/penglingwei/Documents/lean/sokonanoda/sokonanoda-lang/editor/vscode/src/test/fixtures/workspace/units/u01.sokonanoda
2026-09-22T07:22:51.911Z soko/project ok: project=null reason=no-imports
2026-09-22T07:22:51.987Z soko/project ok: project=units.u01 (2 modules) reason=null
2026-09-22T07:22:52.034Z active document changed: (none)
2026-09-22T07:22:52.035Z loadProject: no active .sokonanoda document
2026-09-22T07:22:52.043Z active document changed: file:///Users/penglingwei/Documents/lean/sokonanoda/sokonanoda-lang/editor/vscode/src/test/fixtures/workspace/units/u01.sokonanoda
2026-09-22T07:22:52.047Z soko/project ok: project=units.u01 (2 modules) reason=null
2026-09-22T07:22:52.059Z active document changed: (none)
2026-09-22T07:22:52.060Z loadProject: no active .sokonanoda document
2026-09-22T07:22:52.090Z active document changed: file:///Users/penglingwei/Documents/lean/sokonanoda/sokonanoda-lang/editor/vscode/src/test/fixtures/workspace/units/u02.sokonanoda
2026-09-22T07:22:52.092Z soko/project ok: project=null reason=no-imports
2026-09-22T07:22:52.168Z soko/project ok: project=null reason=no-imports
2026-09-22T07:22:52.582Z client state: stopped
2026-09-22T07:22:52.584Z client state: starting
2026-09-22T07:22:52.589Z client state: running
PERF e2e cache: cold=516ms warm=54ms entries=1
2026-09-22T07:22:52.642Z active document changed: (none)
2026-09-22T07:22:52.642Z loadProject: no active .sokonanoda document
2026-09-22T07:22:52.653Z active document changed: file:///Users/penglingwei/Documents/lean/sokonanoda/sokonanoda-lang/editor/vscode/src/test/fixtures/workspace/units/u01.sokonanoda
2026-09-22T07:22:52.655Z soko/project ok: project=units.u01 (2 modules) reason=null
2026-09-22T07:22:52.786Z soko/project ok: project=units.u01 (2 modules) reason=null
2026-09-22T07:22:53.189Z soko/project ok: project=units.u01 (2 modules) reason=null
2026-09-22T07:22:54.172Z active document changed: (none)
2026-09-22T07:22:54.172Z loadProject: no active .sokonanoda document
2026-09-22T07:22:54.181Z active document changed: file:///Users/penglingwei/Documents/lean/sokonanoda/sokonanoda-lang/editor/vscode/src/test/fixtures/workspace/units/u01.sokonanoda
2026-09-22T07:22:54.184Z soko/project ok: project=units.u01 (2 modules) reason=null
2026-09-22T07:22:54.796Z soko/project ok: project=units.u01 (2 modules) reason=null
2026-09-22T07:22:55.462Z soko/project ok: project=units.u01 (2 modules) reason=null
PERF e2e fanout: entry diagnostics publishes=1
2026-09-22T07:22:55.703Z active document changed: (none)
2026-09-22T07:22:55.703Z loadProject: no active .sokonanoda document
2026-09-22T07:22:55.715Z active document changed: file:///Users/penglingwei/Documents/lean/sokonanoda/sokonanoda-lang/editor/vscode/src/test/fixtures/workspace/units/u01.sokonanoda
2026-09-22T07:22:55.718Z soko/project ok: project=units.u01 (2 modules) reason=null
2026-09-22T07:22:56.393Z soko/project ok: project=units.u01 (2 modules) reason=null
2026-09-22T07:22:56.446Z active document changed: (none)
2026-09-22T07:22:56.446Z loadProject: no active .sokonanoda document
2026-09-22T07:22:56.458Z active document changed: file:///Users/penglingwei/Documents/lean/sokonanoda/sokonanoda-lang/editor/vscode/src/test/fixtures/workspace/units/u01.sokonanoda
2026-09-22T07:22:56.461Z soko/project ok: project=units.u01 (2 modules) reason=null
2026-09-22T07:22:56.489Z active document changed: (none)
2026-09-22T07:22:56.489Z loadProject: no active .sokonanoda document
2026-09-22T07:22:56.498Z active document changed: file:///Users/penglingwei/Documents/lean/sokonanoda/sokonanoda-lang/editor/vscode/src/test/fixtures/workspace/units/u01.sokonanoda
2026-09-22T07:22:56.501Z soko/project ok: project=units.u01 (2 modules) reason=null
2026-09-22T07:22:56.532Z active document changed: (none)
2026-09-22T07:22:56.532Z loadProject: no active .sokonanoda document
2026-09-22T07:22:56.564Z client state: stopped

## 失败详情
  1) sokonanoda extension (VS Code integration)
       goal text uses the file's notation:

      AssertionError [ERR_ASSERTION]: open_one 的根状态必须用源文件的记法（⊆ / ∈），实际 = forall (α : Type 0) (A B : Set α), Set.subset α A B -> (forall (x : α), Set.mem α x A -> Set.mem α x B)
      + expected - actual

      -false
      +true
      
  	at Context.<anonymous> (src/test/extension.test.js:895:12)

  2) sokonanoda extension (VS Code integration)
       go to definition on a notation symbol lands on its declaration:

      AssertionError [ERR_ASSERTION]: 在 `∈` 上跳定义必须返回至少一个位置（现在返回 null）
      + expected - actual

      -false
      +true
      
  	at Context.<anonymous> (src/test/extension.test.js:916:12)

  3) sokonanoda extension (VS Code integration)
       hover on a notation symbol shows the target's signature:

      AssertionError [ERR_ASSERTION]: hover 必须给出 `Set.mem` 的原始类型，实际 = `∈` —— 记法符号

输入：`\in`（别名 `\mem`）

`a ∈ A : Prop`
      + expected - actual

      -false
      +true
      
  	at Context.<anonymous> (src/test/extension.test.js:937:12)

3 tests failed.
[90m[main 2026-09-22T07:22:56.577Z][0m Extension host with pid 80632 exited with code: 0, signal: unknown.
Exit code:   1
