# scripts/vscode-e2e.sh — VS Code 1.138.0 · extension v0.73.0 · 53238893034ae16021d5c3538ae551d2df92d23b
# 结果：1 passing / 0 failing / 0 pending（exit=0）

## doctor（服务器解析与版本自述）
--- doctor ---
sokonanoda doctor — 扩展 v0.73.0 (6 checks)
[ok] 1/6 resolution：bundled — /Users/penglingwei/Documents/lean/sokonanoda/sokonanoda-lang/editor/vscode/bin/darwin-arm64/sokonanoda-lsp (source=bundled)
[ok] 2/6 server-version：0.73.0 (pid 52399) == 扩展 v0.73.0 (source=bundled)
[ok] 3/6 host-version：运行宿主 v0.73.0
[ok] 4/6 ignored-override：没有被忽略的 serverPath/env 覆盖
[info] 5/6 download-cache：缓存 marker 0.73.0 darwin-arm64 != 扩展 v0.73.0；可运行 sokonanoda update
[info] 6/6 obsolete-versions：检测到 0 个扩展版本快照、0 个 .obsolete 条目；完整重启 VS Code 会自动清理

## 用例
    ✔ Infoview 'definition' lands exactly where the editor F12 lands (E27) (216ms)

## 扩展接线日志（SOKO_E2E_LOG）
2026-09-27T15:07:52.265Z server command: /Users/penglingwei/Documents/lean/sokonanoda/sokonanoda-lang/editor/vscode/bin/darwin-arm64/sokonanoda-lsp (source=bundled)
2026-09-27T15:07:52.266Z client state: starting
2026-09-27T15:07:52.921Z client state: running
2026-09-27T15:07:52.925Z loadProject: no active .sokonanoda document
2026-09-27T15:07:52.992Z active document changed: file:///Users/penglingwei/Documents/lean/sokonanoda/sokonanoda-lang/editor/vscode/src/test/fixtures/workspace/units/u01.sokonanoda
2026-09-27T15:07:53.011Z soko/project ok: project=units.u01 (2 modules) reason=null
2026-09-27T15:07:53.130Z active document changed: (none)
2026-09-27T15:07:53.130Z loadProject: no active .sokonanoda document
2026-09-27T15:07:53.136Z active document changed: file:///Users/penglingwei/Documents/lean/sokonanoda/sokonanoda-lang/editor/vscode/src/test/fixtures/workspace/lib/Set.sokonanoda
2026-09-27T15:07:53.144Z soko/project ok: project=null reason=no-imports
2026-09-27T15:07:53.198Z active document changed: (none)
2026-09-27T15:07:53.198Z loadProject: no active .sokonanoda document
2026-09-27T15:07:53.236Z client state: stopped
