# scripts/vscode-e2e.sh — VS Code 1.106.0 · extension v0.65.2 · 58a0c9a582f76c44e81e7dfd36756470b4144f00
# 结果：25 passing / 0 failing / 0 pending（exit=0）

## doctor（服务器解析与版本自述）
--- doctor ---
sokonanoda doctor — 扩展 v0.65.2 (6 checks)
[ok] 1/6 resolution：bundled — /home/runner/work/sokonanoda-lang/sokonanoda-lang/editor/vscode/bin/linux-x64/sokonanoda-lsp (source=bundled)
[ok] 2/6 server-version：0.65.2 (pid 2854) == 扩展 v0.65.2 (source=bundled)
[ok] 3/6 host-version：运行宿主 v0.65.2
[ok] 4/6 ignored-override：没有被忽略的 serverPath/env 覆盖
[info] 5/6 download-cache：无下载缓存（仅影响 CLI/universal 兜底，不影响内置服务器）
[info] 6/6 obsolete-versions：检测到 0 个扩展版本快照、0 个 .obsolete 条目；完整重启 VS Code 会自动清理

## 用例
    ✔ .sokonanoda files get the sokonanoda language id (51ms)
    ✔ confusable-character highlight is off for sokonanoda files
    ✔ #check results appear as inlay hints (132ms)
    ✔ clean lesson publishes empty diagnostics (91ms)
    ✔ kernel-rejected declaration carries the kernel-rejected code
    ✔ open exercise carries a sorry warning, not an error (38ms)
    ✔ a declaration named Prop warns, not errors
    ✔ open exercise shows a hover on the hole (75ms)
    ✔ notation input: the rewriter produces ∧ and hover teaches \and (95ms)
    ✔ restart server command re-syncs open documents (60ms)
    ✔ infoview command is registered and revealable (71ms)
    ✔ the project tree shows the real closure of an imported module (173ms)
    ✔ the project tree names the file a single-file document is (142ms)
    ✔ the project tree marks a broken import as the root cause (128ms)
    ✔ build / rebuild commands warm the compile cache through the CLI (65ms)
    ✔ doctor command returns a read-only source + version report
    ✔ declarations panel lists a project unit's declarations (539ms)
    ✔ next hole jumps inside a project unit
    ✔ warmCacheOnOpen pre-builds the workspace at activation
    ✔ reopening a project unit hits the compile cache (4279ms)
    ✔ rewriting an unchanged project unit does not recompile (1534ms)
    ✔ editing a dependency refreshes the open unit once (1530ms)
    ✔ goal text uses the file's notation (733ms)
    ✔ go to definition on a notation symbol lands on its declaration (83ms)
    ✔ hover on a notation symbol shows the target's signature (65ms)

## 扩展接线日志（SOKO_E2E_LOG）
2026-09-23T19:57:54.527Z server command: /home/runner/work/sokonanoda-lang/sokonanoda-lang/editor/vscode/bin/linux-x64/sokonanoda-lsp (source=bundled)
2026-09-23T19:57:54.528Z client state: starting
2026-09-23T19:57:54.543Z client state: running
2026-09-23T19:57:54.549Z loadProject: no active .sokonanoda document
2026-09-23T19:57:54.655Z warmCacheOnOpen: exit=0
2026-09-23T19:57:54.727Z active document changed: file:///tmp/sokonanoda-vscode-test-oyeuvk/check.sokonanoda
2026-09-23T19:57:54.737Z soko/project ok: project=null reason=no-imports
2026-09-23T19:57:54.806Z active document changed: (none)
2026-09-23T19:57:54.806Z loadProject: no active .sokonanoda document
2026-09-23T19:57:54.840Z active document changed: file:///tmp/sokonanoda-vscode-test-oyeuvk/lesson-clean.sokonanoda
2026-09-23T19:57:54.855Z soko/project ok: project=null reason=no-imports
2026-09-23T19:57:54.905Z active document changed: (none)
2026-09-23T19:57:54.905Z loadProject: no active .sokonanoda document
2026-09-23T19:57:54.934Z active document changed: file:///tmp/sokonanoda-vscode-test-oyeuvk/kernel-bad.sokonanoda
2026-09-23T19:57:54.940Z soko/project ok: project=null reason=no-imports
2026-09-23T19:57:54.961Z active document changed: (none)
2026-09-23T19:57:54.962Z loadProject: no active .sokonanoda document
2026-09-23T19:57:54.998Z active document changed: file:///tmp/sokonanoda-vscode-test-oyeuvk/exercise.sokonanoda
2026-09-23T19:57:55.004Z soko/project ok: project=null reason=no-imports
2026-09-23T19:57:55.024Z active document changed: (none)
2026-09-23T19:57:55.024Z loadProject: no active .sokonanoda document
2026-09-23T19:57:55.057Z active document changed: file:///tmp/sokonanoda-vscode-test-oyeuvk/reserved.sokonanoda
2026-09-23T19:57:55.063Z soko/project ok: project=null reason=no-imports
2026-09-23T19:57:55.088Z active document changed: (none)
2026-09-23T19:57:55.088Z loadProject: no active .sokonanoda document
2026-09-23T19:57:55.110Z active document changed: file:///tmp/sokonanoda-vscode-test-oyeuvk/exercise-hover.sokonanoda
2026-09-23T19:57:55.115Z soko/project ok: project=null reason=no-imports
2026-09-23T19:57:55.168Z active document changed: (none)
2026-09-23T19:57:55.169Z loadProject: no active .sokonanoda document
2026-09-23T19:57:55.192Z active document changed: file:///tmp/sokonanoda-vscode-test-oyeuvk/notation-input.sokonanoda
2026-09-23T19:57:55.199Z soko/project ok: project=null reason=no-imports
2026-09-23T19:57:55.257Z soko/project ok: project=null reason=parse-error
2026-09-23T19:57:55.287Z active document changed: (none)
2026-09-23T19:57:55.287Z loadProject: no active .sokonanoda document
2026-09-23T19:57:55.307Z active document changed: file:///tmp/sokonanoda-vscode-test-oyeuvk/restart.sokonanoda
2026-09-23T19:57:55.313Z soko/project ok: project=null reason=no-imports
2026-09-23T19:57:55.314Z client state: stopped
2026-09-23T19:57:55.317Z client state: starting
2026-09-23T19:57:55.340Z client state: running
2026-09-23T19:57:55.368Z active document changed: (none)
2026-09-23T19:57:55.368Z loadProject: no active .sokonanoda document
2026-09-23T19:57:55.506Z active document changed: file:///tmp/sokonanoda-vscode-test-oyeuvk/proj-ok/Main.sokonanoda
2026-09-23T19:57:55.511Z soko/project ok: project=Main (2 modules) reason=null
2026-09-23T19:57:55.514Z soko/project ok: project=Main (2 modules) reason=null
2026-09-23T19:57:55.629Z active document changed: (none)
2026-09-23T19:57:55.629Z loadProject: no active .sokonanoda document
2026-09-23T19:57:55.664Z active document changed: file:///tmp/sokonanoda-vscode-test-oyeuvk/single.sokonanoda
2026-09-23T19:57:55.674Z soko/project ok: project=null reason=no-imports
2026-09-23T19:57:55.675Z soko/project ok: project=null reason=no-imports
2026-09-23T19:57:55.697Z soko/project ok: project=null reason=no-imports
2026-09-23T19:57:55.777Z active document changed: (none)
2026-09-23T19:57:55.777Z loadProject: no active .sokonanoda document
2026-09-23T19:57:55.801Z active document changed: file:///tmp/sokonanoda-vscode-test-oyeuvk/proj-broken/Main.sokonanoda
2026-09-23T19:57:55.807Z soko/project ok: project=Main (1 modules) reason=null
2026-09-23T19:57:55.808Z soko/project ok: project=Main (1 modules) reason=null
2026-09-23T19:57:55.912Z active document changed: (none)
2026-09-23T19:57:55.912Z loadProject: no active .sokonanoda document
2026-09-23T19:57:55.934Z active document changed: file:///tmp/sokonanoda-vscode-test-oyeuvk/build-smoke.sokonanoda
2026-09-23T19:57:55.941Z soko/project ok: project=null reason=no-imports
2026-09-23T19:57:55.964Z soko/project ok: project=null reason=no-imports
2026-09-23T19:57:55.980Z soko/project ok: project=null reason=no-imports
2026-09-23T19:57:56.009Z active document changed: (none)
2026-09-23T19:57:56.009Z loadProject: no active .sokonanoda document
2026-09-23T19:57:56.076Z active document changed: file:///home/runner/work/sokonanoda-lang/sokonanoda-lang/editor/vscode/src/test/fixtures/workspace/units/u01.sokonanoda
2026-09-23T19:57:56.083Z soko/project ok: project=null reason=no-imports
2026-09-23T19:57:56.127Z soko/project ok: project=null reason=no-imports
2026-09-23T19:57:56.542Z soko/project ok: project=units.u01 (2 modules) reason=null
2026-09-23T19:57:56.590Z active document changed: (none)
2026-09-23T19:57:56.590Z loadProject: no active .sokonanoda document
2026-09-23T19:57:56.607Z active document changed: file:///home/runner/work/sokonanoda-lang/sokonanoda-lang/editor/vscode/src/test/fixtures/workspace/units/u01.sokonanoda
2026-09-23T19:57:56.614Z soko/project ok: project=units.u01 (2 modules) reason=null
2026-09-23T19:57:56.664Z active document changed: (none)
2026-09-23T19:57:56.664Z loadProject: no active .sokonanoda document
2026-09-23T19:57:56.690Z active document changed: file:///home/runner/work/sokonanoda-lang/sokonanoda-lang/editor/vscode/src/test/fixtures/workspace/units/u02.sokonanoda
2026-09-23T19:57:56.699Z soko/project ok: project=null reason=no-imports
2026-09-23T19:58:00.790Z client state: stopped
2026-09-23T19:58:00.792Z client state: starting
2026-09-23T19:58:00.807Z client state: running
PERF e2e cache: cold=4112ms warm=165ms entries=1
2026-09-23T19:58:00.970Z active document changed: (none)
2026-09-23T19:58:00.970Z loadProject: no active .sokonanoda document
2026-09-23T19:58:00.993Z active document changed: file:///home/runner/work/sokonanoda-lang/sokonanoda-lang/editor/vscode/src/test/fixtures/workspace/units/u01.sokonanoda
2026-09-23T19:58:01.003Z soko/project ok: project=units.u01 (2 modules) reason=null
2026-09-23T19:58:01.123Z soko/project ok: project=units.u01 (2 modules) reason=null
2026-09-23T19:58:01.590Z soko/project ok: project=units.u01 (2 modules) reason=null
2026-09-23T19:58:02.514Z active document changed: (none)
2026-09-23T19:58:02.514Z loadProject: no active .sokonanoda document
2026-09-23T19:58:02.535Z active document changed: file:///home/runner/work/sokonanoda-lang/sokonanoda-lang/editor/vscode/src/test/fixtures/workspace/units/u01.sokonanoda
2026-09-23T19:58:02.542Z soko/project ok: project=units.u01 (2 modules) reason=null
2026-09-23T19:58:03.507Z soko/project ok: project=units.u01 (2 modules) reason=null
PERF e2e fanout: entry diagnostics publishes=1
2026-09-23T19:58:04.054Z active document changed: (none)
2026-09-23T19:58:04.054Z loadProject: no active .sokonanoda document
2026-09-23T19:58:04.076Z active document changed: file:///home/runner/work/sokonanoda-lang/sokonanoda-lang/editor/vscode/src/test/fixtures/workspace/units/u01.sokonanoda
2026-09-23T19:58:04.087Z soko/project ok: project=units.u01 (2 modules) reason=null
2026-09-23T19:58:04.716Z soko/project ok: project=units.u01 (2 modules) reason=null
2026-09-23T19:58:04.796Z active document changed: (none)
2026-09-23T19:58:04.796Z loadProject: no active .sokonanoda document
2026-09-23T19:58:04.820Z active document changed: file:///home/runner/work/sokonanoda-lang/sokonanoda-lang/editor/vscode/src/test/fixtures/workspace/units/u01.sokonanoda
2026-09-23T19:58:04.826Z soko/project ok: project=units.u01 (2 modules) reason=null
2026-09-23T19:58:04.887Z active document changed: (none)
2026-09-23T19:58:04.888Z loadProject: no active .sokonanoda document
2026-09-23T19:58:04.903Z active document changed: file:///home/runner/work/sokonanoda-lang/sokonanoda-lang/editor/vscode/src/test/fixtures/workspace/units/u01.sokonanoda
2026-09-23T19:58:04.912Z soko/project ok: project=units.u01 (2 modules) reason=null
2026-09-23T19:58:04.960Z active document changed: (none)
2026-09-23T19:58:04.960Z loadProject: no active .sokonanoda document
2026-09-23T19:58:04.999Z client state: stopped
