# scripts/vscode-e2e.sh — VS Code 1.138.0 · extension v0.72.0 · d5b7ac7839bcf09d40299b01582674dce81d8c5a
# 结果：32 passing / 0 failing / 0 pending（exit=0）

## doctor（服务器解析与版本自述）
--- doctor ---
sokonanoda doctor — 扩展 v0.72.0 (6 checks)
[ok] 1/6 resolution：bundled — /home/runner/work/sokonanoda-lang/sokonanoda-lang/editor/vscode/bin/linux-x64/sokonanoda-lsp (source=bundled)
[ok] 2/6 server-version：0.72.0 (pid 3114) == 扩展 v0.72.0 (source=bundled)
[ok] 3/6 host-version：运行宿主 v0.72.0
[ok] 4/6 ignored-override：没有被忽略的 serverPath/env 覆盖
[info] 5/6 download-cache：无下载缓存（仅影响 CLI/universal 兜底，不影响内置服务器）
[info] 6/6 obsolete-versions：检测到 0 个扩展版本快照、0 个 .obsolete 条目；完整重启 VS Code 会自动清理

## 用例
    ✔ .sokonanoda files get the sokonanoda language id (69ms)
    ✔ confusable-character highlight is off for sokonanoda files
    ✔ #check results appear as inlay hints (258ms)
    ✔ clean lesson publishes empty diagnostics (137ms)
    ✔ kernel-rejected declaration carries the kernel-rejected code (64ms)
    ✔ open exercise carries a sorry warning, not an error (66ms)
    ✔ a declaration named Prop warns, not errors (47ms)
    ✔ open exercise shows a hover on the hole (101ms)
    ✔ hover 的类型文本折成记法（T-U12 面 #3，e2e 那一份） (141ms)
    ✔ notation input: the rewriter produces ∧ and hover teaches \and (203ms)
    ✔ restart server command re-syncs open documents (112ms)
    ✔ infoview command is registered and revealable (150ms)
    ✔ the project tree shows the real closure of an imported module (366ms)
    ✔ the project tree names the file a single-file document is (187ms)
    ✔ the project tree marks a broken import as the root cause (152ms)
    ✔ build / rebuild commands warm the compile cache through the CLI (206ms)
    ✔ doctor command returns a read-only source + version report
    ✔ declarations panel lists a project unit's declarations
    ✔ open declaration ships coloured goal runs to the Infoview (58ms)
    ✔ next hole jumps inside a project unit (40ms)
    ✔ warmCacheOnOpen pre-builds the workspace at activation (101ms)
    ✔ reopening a project unit hits the compile cache (4346ms)
    ✔ rewriting an unchanged project unit does not recompile (1543ms)
    ✔ editing a dependency refreshes the open unit once (5645ms)
    ✔ goal text uses the file's notation (737ms)
    ✔ goal text folds a binder notation whose type contains a lambda (332ms)
    ✔ Infoview 的 `⊢` 用记法箭头 `→`，且 runs 与 text 同源 (333ms)
    ✔ Infoview 里集合字面量显示成 `{a}`（不是 `Set.singleton α a`） (332ms)
    ✔ go to definition on a `{a}` set literal lands on `Set.singleton` (97ms)
    ✔ go to definition on a prelude name lands in the prelude source (93ms)
    ✔ go to definition on a notation symbol lands on its declaration (149ms)
    ✔ hover on a notation symbol shows the target's signature (137ms)

## 扩展接线日志（SOKO_E2E_LOG）
2026-09-26T18:44:24.947Z server command: /home/runner/work/sokonanoda-lang/sokonanoda-lang/editor/vscode/bin/linux-x64/sokonanoda-lsp (source=bundled)
2026-09-26T18:44:24.948Z client state: starting
2026-09-26T18:44:24.973Z client state: running
2026-09-26T18:44:24.985Z loadProject: no active .sokonanoda document
2026-09-26T18:44:25.234Z active document changed: file:///tmp/sokonanoda-vscode-test-RAI12M/check.sokonanoda
2026-09-26T18:44:25.242Z soko/project ok: project=null reason=no-imports
2026-09-26T18:44:25.401Z active document changed: (none)
2026-09-26T18:44:25.401Z loadProject: no active .sokonanoda document
2026-09-26T18:44:25.402Z soko/project answer for another document: file:///tmp/sokonanoda-vscode-test-RAI12M/check.sokonanoda
2026-09-26T18:44:25.448Z active document changed: file:///tmp/sokonanoda-vscode-test-RAI12M/lesson-clean.sokonanoda
2026-09-26T18:44:25.459Z soko/project ok: project=null reason=no-imports
2026-09-26T18:44:25.566Z active document changed: (none)
2026-09-26T18:44:25.566Z loadProject: no active .sokonanoda document
2026-09-26T18:44:25.618Z active document changed: file:///tmp/sokonanoda-vscode-test-RAI12M/kernel-bad.sokonanoda
2026-09-26T18:44:25.633Z soko/project ok: project=null reason=no-imports
2026-09-26T18:44:25.647Z soko/project ok: project=null reason=no-imports
2026-09-26T18:44:25.668Z active document changed: (none)
2026-09-26T18:44:25.668Z loadProject: no active .sokonanoda document
2026-09-26T18:44:25.730Z active document changed: file:///tmp/sokonanoda-vscode-test-RAI12M/exercise.sokonanoda
2026-09-26T18:44:25.746Z soko/project ok: project=null reason=no-imports
2026-09-26T18:44:25.803Z active document changed: (none)
2026-09-26T18:44:25.803Z loadProject: no active .sokonanoda document
2026-09-26T18:44:25.849Z active document changed: file:///tmp/sokonanoda-vscode-test-RAI12M/reserved.sokonanoda
2026-09-26T18:44:25.858Z soko/project ok: project=null reason=no-imports
2026-09-26T18:44:25.894Z active document changed: (none)
2026-09-26T18:44:25.894Z loadProject: no active .sokonanoda document
2026-09-26T18:44:25.938Z active document changed: file:///tmp/sokonanoda-vscode-test-RAI12M/exercise-hover.sokonanoda
2026-09-26T18:44:25.950Z soko/project ok: project=null reason=no-imports
2026-09-26T18:44:26.005Z active document changed: (none)
2026-09-26T18:44:26.005Z loadProject: no active .sokonanoda document
2026-09-26T18:44:26.035Z active document changed: file:///home/runner/work/sokonanoda-lang/sokonanoda-lang/editor/vscode/src/test/fixtures/workspace/units/u01.sokonanoda
2026-09-26T18:44:26.052Z soko/project ok: project=units.u01 (2 modules) reason=null
2026-09-26T18:44:26.199Z active document changed: (none)
2026-09-26T18:44:26.199Z loadProject: no active .sokonanoda document
2026-09-26T18:44:26.269Z active document changed: file:///tmp/sokonanoda-vscode-test-RAI12M/notation-input.sokonanoda
2026-09-26T18:44:26.301Z soko/project ok: project=null reason=no-imports
2026-09-26T18:44:26.313Z soko/project ok: project=null reason=no-imports
2026-09-26T18:44:26.437Z active document changed: (none)
2026-09-26T18:44:26.437Z loadProject: no active .sokonanoda document
2026-09-26T18:44:26.483Z active document changed: file:///tmp/sokonanoda-vscode-test-RAI12M/restart.sokonanoda
2026-09-26T18:44:26.495Z soko/project ok: project=null reason=no-imports
2026-09-26T18:44:26.499Z client state: stopped
2026-09-26T18:44:26.503Z soko/project failed for file:///tmp/sokonanoda-vscode-test-RAI12M/restart.sokonanoda: Client is not running
2026-09-26T18:44:26.505Z client state: starting
2026-09-26T18:44:26.541Z client state: running
2026-09-26T18:44:26.592Z active document changed: (none)
2026-09-26T18:44:26.592Z loadProject: no active .sokonanoda document
2026-09-26T18:44:26.750Z loadProject: no active .sokonanoda document
2026-09-26T18:44:26.806Z active document changed: file:///tmp/sokonanoda-vscode-test-RAI12M/proj-ok/Main.sokonanoda
2026-09-26T18:44:26.820Z soko/project ok: project=Main (2 modules) reason=null
2026-09-26T18:44:26.825Z soko/project ok: project=Main (2 modules) reason=null
2026-09-26T18:44:26.923Z soko/project ok: project=Main (2 modules) reason=null
2026-09-26T18:44:27.022Z soko/project ok: project=Main (2 modules) reason=null
2026-09-26T18:44:27.176Z active document changed: (none)
2026-09-26T18:44:27.176Z loadProject: no active .sokonanoda document
2026-09-26T18:44:27.248Z active document changed: file:///tmp/sokonanoda-vscode-test-RAI12M/single.sokonanoda
2026-09-26T18:44:27.262Z soko/project ok: project=null reason=no-imports
2026-09-26T18:44:27.264Z soko/project ok: project=null reason=no-imports
2026-09-26T18:44:27.382Z active document changed: (none)
2026-09-26T18:44:27.382Z loadProject: no active .sokonanoda document
2026-09-26T18:44:27.422Z active document changed: file:///tmp/sokonanoda-vscode-test-RAI12M/proj-broken/Main.sokonanoda
2026-09-26T18:44:27.432Z soko/project ok: project=Main (1 modules) reason=null
2026-09-26T18:44:27.433Z soko/project ok: project=Main (1 modules) reason=null
2026-09-26T18:44:27.436Z soko/project ok: project=Main (1 modules) reason=null
2026-09-26T18:44:27.552Z active document changed: (none)
2026-09-26T18:44:27.552Z loadProject: no active .sokonanoda document
2026-09-26T18:44:27.675Z loadProject: no active .sokonanoda document
2026-09-26T18:44:27.688Z active document changed: file:///tmp/sokonanoda-vscode-test-RAI12M/build-smoke.sokonanoda
2026-09-26T18:44:27.697Z soko/project ok: project=null reason=no-imports
2026-09-26T18:44:27.753Z soko/project ok: project=null reason=no-imports
2026-09-26T18:44:27.771Z soko/project ok: project=null reason=no-imports
2026-09-26T18:44:27.799Z active document changed: (none)
2026-09-26T18:44:27.799Z loadProject: no active .sokonanoda document
2026-09-26T18:44:27.852Z active document changed: file:///home/runner/work/sokonanoda-lang/sokonanoda-lang/editor/vscode/src/test/fixtures/workspace/units/u01.sokonanoda
2026-09-26T18:44:27.879Z soko/project ok: project=units.u01 (2 modules) reason=null
2026-09-26T18:44:27.888Z soko/project ok: project=units.u01 (2 modules) reason=null
2026-09-26T18:44:27.966Z active document changed: (none)
2026-09-26T18:44:27.966Z loadProject: no active .sokonanoda document
2026-09-26T18:44:28.019Z active document changed: file:///home/runner/work/sokonanoda-lang/sokonanoda-lang/editor/vscode/src/test/fixtures/workspace/units/u01.sokonanoda
2026-09-26T18:44:28.029Z soko/project ok: project=units.u01 (2 modules) reason=null
2026-09-26T18:44:28.095Z active document changed: (none)
2026-09-26T18:44:28.095Z loadProject: no active .sokonanoda document
2026-09-26T18:44:28.121Z active document changed: file:///home/runner/work/sokonanoda-lang/sokonanoda-lang/editor/vscode/src/test/fixtures/workspace/units/u01.sokonanoda
2026-09-26T18:44:28.136Z soko/project ok: project=units.u01 (2 modules) reason=null
2026-09-26T18:44:28.183Z active document changed: (none)
2026-09-26T18:44:28.183Z loadProject: no active .sokonanoda document
2026-09-26T18:44:28.191Z warmCacheOnOpen: exit=0
2026-09-26T18:44:28.305Z active document changed: file:///home/runner/work/sokonanoda-lang/sokonanoda-lang/editor/vscode/src/test/fixtures/workspace/units/u02-cold-open.sokonanoda
2026-09-26T18:44:28.313Z soko/project ok: project=null reason=no-imports
2026-09-26T18:44:32.557Z client state: stopped
2026-09-26T18:44:32.560Z client state: starting
2026-09-26T18:44:32.573Z client state: running
PERF e2e cache: cold=4265ms warm=80ms
2026-09-26T18:44:32.689Z active document changed: (none)
2026-09-26T18:44:32.689Z loadProject: no active .sokonanoda document
2026-09-26T18:44:32.722Z active document changed: file:///home/runner/work/sokonanoda-lang/sokonanoda-lang/editor/vscode/src/test/fixtures/workspace/units/u01.sokonanoda
2026-09-26T18:44:32.733Z soko/project ok: project=units.u01 (2 modules) reason=null
2026-09-26T18:44:32.866Z soko/project ok: project=units.u01 (2 modules) reason=null
2026-09-26T18:44:33.325Z soko/project ok: project=units.u01 (2 modules) reason=null
2026-09-26T18:44:34.244Z active document changed: (none)
2026-09-26T18:44:34.244Z loadProject: no active .sokonanoda document
2026-09-26T18:44:34.263Z active document changed: file:///home/runner/work/sokonanoda-lang/sokonanoda-lang/editor/vscode/src/test/fixtures/workspace/units/u01.sokonanoda
2026-09-26T18:44:34.274Z soko/project ok: project=units.u01 (2 modules) reason=null
2026-09-26T18:44:35.542Z soko/project ok: project=units.u01 (2 modules) reason=null
PERF e2e fanout: entry diagnostics signature=152 字节 · 稳定 ✓
2026-09-26T18:44:39.898Z active document changed: (none)
2026-09-26T18:44:39.898Z loadProject: no active .sokonanoda document
2026-09-26T18:44:39.921Z active document changed: file:///home/runner/work/sokonanoda-lang/sokonanoda-lang/editor/vscode/src/test/fixtures/workspace/units/u01.sokonanoda
2026-09-26T18:44:39.934Z soko/project ok: project=units.u01 (2 modules) reason=null
2026-09-26T18:44:40.570Z soko/project ok: project=units.u01 (2 modules) reason=null
2026-09-26T18:44:40.646Z active document changed: (none)
2026-09-26T18:44:40.646Z loadProject: no active .sokonanoda document
2026-09-26T18:44:40.665Z active document changed: file:///home/runner/work/sokonanoda-lang/sokonanoda-lang/editor/vscode/src/test/fixtures/workspace/units/u01.sokonanoda
2026-09-26T18:44:40.682Z soko/project ok: project=units.u01 (2 modules) reason=null
2026-09-26T18:44:40.988Z active document changed: (none)
2026-09-26T18:44:40.988Z loadProject: no active .sokonanoda document
2026-09-26T18:44:41.008Z active document changed: file:///home/runner/work/sokonanoda-lang/sokonanoda-lang/editor/vscode/src/test/fixtures/workspace/units/u01.sokonanoda
2026-09-26T18:44:41.024Z soko/project ok: project=units.u01 (2 modules) reason=null
2026-09-26T18:44:41.330Z active document changed: (none)
2026-09-26T18:44:41.330Z loadProject: no active .sokonanoda document
2026-09-26T18:44:41.350Z active document changed: file:///home/runner/work/sokonanoda-lang/sokonanoda-lang/editor/vscode/src/test/fixtures/workspace/units/u01.sokonanoda
2026-09-26T18:44:41.365Z soko/project ok: project=units.u01 (2 modules) reason=null
2026-09-26T18:44:41.671Z active document changed: (none)
2026-09-26T18:44:41.671Z loadProject: no active .sokonanoda document
2026-09-26T18:44:41.696Z active document changed: file:///home/runner/work/sokonanoda-lang/sokonanoda-lang/editor/vscode/src/test/fixtures/workspace/units/u01.sokonanoda
2026-09-26T18:44:41.705Z soko/project ok: project=units.u01 (2 modules) reason=null
2026-09-26T18:44:41.781Z active document changed: (none)
2026-09-26T18:44:41.781Z loadProject: no active .sokonanoda document
2026-09-26T18:44:41.802Z active document changed: file:///home/runner/work/sokonanoda-lang/sokonanoda-lang/editor/vscode/src/test/fixtures/workspace/units/u01.sokonanoda
2026-09-26T18:44:41.815Z soko/project ok: project=units.u01 (2 modules) reason=null
2026-09-26T18:44:41.886Z active document changed: (none)
2026-09-26T18:44:41.886Z loadProject: no active .sokonanoda document
2026-09-26T18:44:41.926Z active document changed: file:///home/runner/work/sokonanoda-lang/sokonanoda-lang/editor/vscode/src/test/fixtures/workspace/units/u01.sokonanoda
2026-09-26T18:44:41.952Z soko/project ok: project=units.u01 (2 modules) reason=null
2026-09-26T18:44:42.050Z active document changed: (none)
2026-09-26T18:44:42.051Z loadProject: no active .sokonanoda document
2026-09-26T18:44:42.085Z active document changed: file:///home/runner/work/sokonanoda-lang/sokonanoda-lang/editor/vscode/src/test/fixtures/workspace/units/u01.sokonanoda
2026-09-26T18:44:42.105Z soko/project ok: project=units.u01 (2 modules) reason=null
2026-09-26T18:44:42.215Z active document changed: (none)
2026-09-26T18:44:42.215Z loadProject: no active .sokonanoda document
2026-09-26T18:44:42.271Z client state: stopped
