# scripts/vscode-e2e.sh — VS Code 1.138.0 · extension v0.78.0 · 0f31e2048d5f792e8c75a2251ebf82854127fc0a
# 结果：35 passing / 0 failing / 0 pending（exit=0）

## doctor（服务器解析与版本自述）
--- doctor ---
sokonanoda doctor — 扩展 v0.78.0 (6 checks)
[ok] 1/6 resolution：bundled — /home/runner/work/sokonanoda-lang/sokonanoda-lang/editor/vscode/bin/linux-x64/sokonanoda-lsp (source=bundled)
[ok] 2/6 server-version：0.78.0 (pid 3122) == 扩展 v0.78.0 (source=bundled)
[ok] 3/6 host-version：运行宿主 v0.78.0
[ok] 4/6 ignored-override：没有被忽略的 serverPath/env 覆盖
[info] 5/6 download-cache：无下载缓存（仅影响 CLI/universal 兜底，不影响内置服务器）
[info] 6/6 obsolete-versions：检测到 0 个扩展版本快照、0 个 .obsolete 条目；完整重启 VS Code 会自动清理

## 用例
    ✔ .sokonanoda files get the sokonanoda language id (73ms)
    ✔ confusable-character highlight is off for sokonanoda files
    ✔ #check results appear as inlay hints (257ms)
    ✔ clean lesson publishes empty diagnostics (190ms)
    ✔ kernel-rejected declaration carries the kernel-rejected code (184ms)
    ✔ open exercise carries a sorry warning, not an error (125ms)
    ✔ a declaration named Prop warns, not errors (74ms)
    ✔ open exercise shows a hover on the hole (118ms)
    ✔ hover 的类型文本折成记法（T-U12 面 #3，e2e 那一份） (213ms)
    ✔ notation input: the rewriter produces ∧ and hover teaches \and (321ms)
    ✔ restart server command re-syncs open documents (109ms)
    ✔ infoview command is registered and revealable (101ms)
    ✔ the project tree shows the real closure of an imported module (341ms)
    ✔ the project tree names the file a single-file document is (158ms)
    ✔ the project tree marks a broken import as the root cause (159ms)
    ✔ build / rebuild commands warm the compile cache through the CLI (6108ms)
    ✔ Clean Cache empties the project store and does not compile (E31) (5566ms)
    ✔ the Infoview receives the project view (E30) (46ms)
    ✔ Infoview 'definition' lands exactly where the editor F12 lands (E27) (115ms)
    ✔ doctor command returns a read-only source + version report
    ✔ declarations panel lists a project unit's declarations
    ✔ open declaration ships coloured goal runs to the Infoview
    ✔ next hole jumps inside a project unit
    ✔ warmCacheOnOpen pre-builds the workspace at activation
    ✔ reopening a project unit hits the compile cache (4518ms)
    ✔ rewriting an unchanged project unit does not recompile (1946ms)
    ✔ editing a dependency refreshes the open unit once (6643ms)
    ✔ goal text uses the file's notation (652ms)
    ✔ goal text folds a binder notation whose type contains a lambda (342ms)
    ✔ Infoview 的 `⊢` 用记法箭头 `→`，且 runs 与 text 同源 (332ms)
    ✔ Infoview 里集合字面量显示成 `{a}`（不是 `Set.singleton α a`） (339ms)
    ✔ go to definition on a `{a}` set literal lands on `Set.singleton` (106ms)
    ✔ go to definition on a prelude name lands in the prelude source (107ms)
    ✔ go to definition on a notation symbol lands on its declaration (119ms)
    ✔ hover on a notation symbol shows the target's signature (133ms)

## 扩展接线日志（SOKO_E2E_LOG）
2026-09-28T17:21:56.589Z server command: /home/runner/work/sokonanoda-lang/sokonanoda-lang/editor/vscode/bin/linux-x64/sokonanoda-lsp (source=bundled)
2026-09-28T17:21:56.591Z client state: starting
2026-09-28T17:21:56.639Z client state: running
2026-09-28T17:21:56.659Z loadProject: no active .sokonanoda document
2026-09-28T17:21:56.964Z active document changed: file:///tmp/sokonanoda-vscode-test-DFuo2n/check.sokonanoda
2026-09-28T17:21:56.975Z soko/project ok: project=null reason=no-imports
2026-09-28T17:21:57.139Z soko/project ok: project=null reason=no-imports
2026-09-28T17:21:57.158Z active document changed: (none)
2026-09-28T17:21:57.158Z loadProject: no active .sokonanoda document
2026-09-28T17:21:57.228Z active document changed: file:///tmp/sokonanoda-vscode-test-DFuo2n/lesson-clean.sokonanoda
2026-09-28T17:21:57.267Z soko/project ok: project=null reason=no-imports
2026-09-28T17:21:57.368Z active document changed: (none)
2026-09-28T17:21:57.368Z loadProject: no active .sokonanoda document
2026-09-28T17:21:57.430Z active document changed: file:///tmp/sokonanoda-vscode-test-DFuo2n/kernel-bad.sokonanoda
2026-09-28T17:21:57.457Z soko/project ok: project=null reason=no-imports
2026-09-28T17:21:57.477Z soko/project ok: project=null reason=no-imports
2026-09-28T17:21:57.570Z active document changed: (none)
2026-09-28T17:21:57.570Z loadProject: no active .sokonanoda document
2026-09-28T17:21:57.696Z active document changed: file:///tmp/sokonanoda-vscode-test-DFuo2n/exercise.sokonanoda
2026-09-28T17:21:57.707Z soko/project ok: project=null reason=no-imports
2026-09-28T17:21:57.708Z soko/project ok: project=null reason=no-imports
2026-09-28T17:21:57.792Z active document changed: (none)
2026-09-28T17:21:57.792Z loadProject: no active .sokonanoda document
2026-09-28T17:21:57.859Z active document changed: file:///tmp/sokonanoda-vscode-test-DFuo2n/reserved.sokonanoda
2026-09-28T17:21:57.870Z soko/project ok: project=null reason=no-imports
2026-09-28T17:21:57.931Z active document changed: (none)
2026-09-28T17:21:57.931Z loadProject: no active .sokonanoda document
2026-09-28T17:21:57.982Z active document changed: file:///tmp/sokonanoda-vscode-test-DFuo2n/exercise-hover.sokonanoda
2026-09-28T17:21:57.998Z soko/project ok: project=null reason=no-imports
2026-09-28T17:21:58.067Z active document changed: (none)
2026-09-28T17:21:58.067Z loadProject: no active .sokonanoda document
2026-09-28T17:21:58.104Z active document changed: file:///home/runner/work/sokonanoda-lang/sokonanoda-lang/editor/vscode/src/test/fixtures/workspace/units/u01.sokonanoda
2026-09-28T17:21:58.124Z soko/project ok: project=units.u01 (2 modules) reason=null
2026-09-28T17:21:58.301Z active document changed: (none)
2026-09-28T17:21:58.301Z loadProject: no active .sokonanoda document
2026-09-28T17:21:58.373Z loadProject: no active .sokonanoda document
2026-09-28T17:21:58.473Z active document changed: file:///tmp/sokonanoda-vscode-test-DFuo2n/notation-input.sokonanoda
2026-09-28T17:21:58.495Z soko/project ok: project=null reason=no-imports
2026-09-28T17:21:58.657Z soko/project ok: project=null reason=parse-error
2026-09-28T17:21:58.668Z active document changed: (none)
2026-09-28T17:21:58.668Z loadProject: no active .sokonanoda document
2026-09-28T17:21:58.709Z active document changed: file:///tmp/sokonanoda-vscode-test-DFuo2n/restart.sokonanoda
2026-09-28T17:21:58.721Z soko/project ok: project=null reason=no-imports
2026-09-28T17:21:58.726Z client state: stopped
2026-09-28T17:21:58.731Z client state: starting
2026-09-28T17:21:58.768Z client state: running
2026-09-28T17:21:58.830Z active document changed: (none)
2026-09-28T17:21:58.830Z loadProject: no active .sokonanoda document
2026-09-28T17:21:59.038Z loadProject: no active .sokonanoda document
2026-09-28T17:21:59.053Z active document changed: file:///tmp/sokonanoda-vscode-test-DFuo2n/proj-ok/Main.sokonanoda
2026-09-28T17:21:59.078Z soko/project ok: project=null reason=no-imports
2026-09-28T17:21:59.085Z soko/project ok: project=Main (2 modules) reason=null
2026-09-28T17:21:59.192Z soko/project ok: project=Main (2 modules) reason=null
2026-09-28T17:21:59.283Z soko/project ok: project=Main (2 modules) reason=null
2026-09-28T17:21:59.314Z active document changed: (none)
2026-09-28T17:21:59.314Z loadProject: no active .sokonanoda document
2026-09-28T17:21:59.361Z active document changed: file:///tmp/sokonanoda-vscode-test-DFuo2n/single.sokonanoda
2026-09-28T17:21:59.370Z soko/project ok: project=null reason=no-imports
2026-09-28T17:21:59.380Z soko/project ok: project=null reason=no-imports
2026-09-28T17:21:59.485Z active document changed: (none)
2026-09-28T17:21:59.485Z loadProject: no active .sokonanoda document
2026-09-28T17:21:59.529Z active document changed: file:///tmp/sokonanoda-vscode-test-DFuo2n/proj-broken/Main.sokonanoda
2026-09-28T17:21:59.551Z soko/project ok: project=Main (1 modules) reason=null
2026-09-28T17:21:59.558Z soko/project ok: project=Main (1 modules) reason=null
2026-09-28T17:21:59.558Z soko/project ok: project=Main (1 modules) reason=null
2026-09-28T17:21:59.658Z active document changed: (none)
2026-09-28T17:21:59.658Z loadProject: no active .sokonanoda document
2026-09-28T17:21:59.708Z active document changed: file:///home/runner/work/sokonanoda-lang/sokonanoda-lang/editor/vscode/src/test/fixtures/workspace/units/u01.sokonanoda
2026-09-28T17:21:59.727Z soko/project ok: project=units.u01 (2 modules) reason=null
2026-09-28T17:21:59.777Z soko/project ok: project=units.u01 (2 modules) reason=null
2026-09-28T17:22:00.584Z warmCacheOnOpen: exit=0
2026-09-28T17:22:02.761Z soko/project ok: project=units.u01 (2 modules) reason=null
2026-09-28T17:22:05.774Z soko/project ok: project=units.u01 (2 modules) reason=null
2026-09-28T17:22:05.792Z active document changed: (none)
2026-09-28T17:22:05.792Z loadProject: no active .sokonanoda document
2026-09-28T17:22:05.821Z active document changed: file:///home/runner/work/sokonanoda-lang/sokonanoda-lang/editor/vscode/src/test/fixtures/workspace/units/u01.sokonanoda
2026-09-28T17:22:05.830Z soko/project ok: project=units.u01 (2 modules) reason=null
2026-09-28T17:22:06.849Z soko/project ok: project=units.u01 (2 modules) reason=null
2026-09-28T17:22:06.855Z soko/project ok: project=units.u01 (2 modules) reason=null
2026-09-28T17:22:11.363Z soko/project ok: project=units.u01 (2 modules) reason=null
2026-09-28T17:22:11.378Z active document changed: (none)
2026-09-28T17:22:11.378Z loadProject: no active .sokonanoda document
2026-09-28T17:22:11.415Z active document changed: file:///home/runner/work/sokonanoda-lang/sokonanoda-lang/editor/vscode/src/test/fixtures/workspace/units/u01.sokonanoda
2026-09-28T17:22:11.423Z soko/project ok: project=units.u01 (2 modules) reason=null
2026-09-28T17:22:11.477Z active document changed: (none)
2026-09-28T17:22:11.478Z loadProject: no active .sokonanoda document
2026-09-28T17:22:11.500Z active document changed: file:///home/runner/work/sokonanoda-lang/sokonanoda-lang/editor/vscode/src/test/fixtures/workspace/units/u01.sokonanoda
2026-09-28T17:22:11.509Z soko/project ok: project=units.u01 (2 modules) reason=null
2026-09-28T17:22:11.576Z active document changed: (none)
2026-09-28T17:22:11.576Z loadProject: no active .sokonanoda document
2026-09-28T17:22:11.584Z active document changed: file:///home/runner/work/sokonanoda-lang/sokonanoda-lang/editor/vscode/src/test/fixtures/workspace/lib/Set.sokonanoda
2026-09-28T17:22:11.592Z soko/project ok: project=null reason=no-imports
2026-09-28T17:22:11.633Z active document changed: (none)
2026-09-28T17:22:11.633Z loadProject: no active .sokonanoda document
2026-09-28T17:22:11.679Z active document changed: file:///home/runner/work/sokonanoda-lang/sokonanoda-lang/editor/vscode/src/test/fixtures/workspace/units/u01.sokonanoda
2026-09-28T17:22:11.686Z soko/project ok: project=units.u01 (2 modules) reason=null
2026-09-28T17:22:11.751Z active document changed: (none)
2026-09-28T17:22:11.751Z loadProject: no active .sokonanoda document
2026-09-28T17:22:11.773Z loadProject: no active .sokonanoda document
2026-09-28T17:22:11.776Z active document changed: file:///home/runner/work/sokonanoda-lang/sokonanoda-lang/editor/vscode/src/test/fixtures/workspace/units/u01.sokonanoda
2026-09-28T17:22:11.785Z soko/project ok: project=units.u01 (2 modules) reason=null
2026-09-28T17:22:11.836Z active document changed: (none)
2026-09-28T17:22:11.836Z loadProject: no active .sokonanoda document
2026-09-28T17:22:11.855Z active document changed: file:///home/runner/work/sokonanoda-lang/sokonanoda-lang/editor/vscode/src/test/fixtures/workspace/units/u01.sokonanoda
2026-09-28T17:22:11.867Z soko/project ok: project=units.u01 (2 modules) reason=null
2026-09-28T17:22:11.920Z active document changed: (none)
2026-09-28T17:22:11.920Z loadProject: no active .sokonanoda document
2026-09-28T17:22:11.951Z active document changed: file:///home/runner/work/sokonanoda-lang/sokonanoda-lang/editor/vscode/src/test/fixtures/workspace/units/u02-cold-open.sokonanoda
2026-09-28T17:22:11.966Z soko/project ok: project=null reason=no-imports
2026-09-28T17:22:16.389Z client state: stopped
2026-09-28T17:22:16.391Z client state: starting
2026-09-28T17:22:16.404Z client state: running
PERF e2e cache: cold=4452ms warm=65ms
2026-09-28T17:22:16.506Z active document changed: (none)
2026-09-28T17:22:16.506Z loadProject: no active .sokonanoda document
2026-09-28T17:22:16.534Z active document changed: file:///home/runner/work/sokonanoda-lang/sokonanoda-lang/editor/vscode/src/test/fixtures/workspace/units/u01.sokonanoda
2026-09-28T17:22:16.547Z soko/project ok: project=units.u01 (2 modules) reason=null
2026-09-28T17:22:16.704Z soko/project ok: project=units.u01 (2 modules) reason=null
2026-09-28T17:22:17.080Z soko/project ok: project=units.u01 (2 modules) reason=null
2026-09-28T17:22:17.540Z soko/project ok: project=units.u01 (2 modules) reason=null
2026-09-28T17:22:18.461Z active document changed: (none)
2026-09-28T17:22:18.461Z loadProject: no active .sokonanoda document
2026-09-28T17:22:18.481Z active document changed: file:///home/runner/work/sokonanoda-lang/sokonanoda-lang/editor/vscode/src/test/fixtures/workspace/units/u01.sokonanoda
2026-09-28T17:22:18.491Z soko/project ok: project=units.u01 (2 modules) reason=null
2026-09-28T17:22:19.197Z soko/project ok: project=units.u01 (2 modules) reason=null
2026-09-28T17:22:20.755Z soko/project ok: project=units.u01 (2 modules) reason=null
PERF e2e fanout: entry diagnostics signature=152 字节 · 稳定 ✓
2026-09-28T17:22:25.117Z active document changed: (none)
2026-09-28T17:22:25.117Z loadProject: no active .sokonanoda document
2026-09-28T17:22:25.151Z active document changed: file:///home/runner/work/sokonanoda-lang/sokonanoda-lang/editor/vscode/src/test/fixtures/workspace/units/u01.sokonanoda
2026-09-28T17:22:25.168Z soko/project ok: project=units.u01 (2 modules) reason=null
2026-09-28T17:22:25.687Z soko/project ok: project=units.u01 (2 modules) reason=null
2026-09-28T17:22:25.782Z active document changed: (none)
2026-09-28T17:22:25.782Z loadProject: no active .sokonanoda document
2026-09-28T17:22:25.807Z active document changed: file:///home/runner/work/sokonanoda-lang/sokonanoda-lang/editor/vscode/src/test/fixtures/workspace/units/u01.sokonanoda
2026-09-28T17:22:25.823Z soko/project ok: project=units.u01 (2 modules) reason=null
2026-09-28T17:22:26.135Z active document changed: (none)
2026-09-28T17:22:26.135Z loadProject: no active .sokonanoda document
2026-09-28T17:22:26.153Z active document changed: file:///home/runner/work/sokonanoda-lang/sokonanoda-lang/editor/vscode/src/test/fixtures/workspace/units/u01.sokonanoda
2026-09-28T17:22:26.166Z soko/project ok: project=units.u01 (2 modules) reason=null
2026-09-28T17:22:26.482Z active document changed: (none)
2026-09-28T17:22:26.482Z loadProject: no active .sokonanoda document
2026-09-28T17:22:26.504Z active document changed: file:///home/runner/work/sokonanoda-lang/sokonanoda-lang/editor/vscode/src/test/fixtures/workspace/units/u01.sokonanoda
2026-09-28T17:22:26.522Z soko/project ok: project=units.u01 (2 modules) reason=null
2026-09-28T17:22:26.831Z active document changed: (none)
2026-09-28T17:22:26.831Z loadProject: no active .sokonanoda document
2026-09-28T17:22:26.857Z active document changed: file:///home/runner/work/sokonanoda-lang/sokonanoda-lang/editor/vscode/src/test/fixtures/workspace/units/u01.sokonanoda
2026-09-28T17:22:26.869Z soko/project ok: project=units.u01 (2 modules) reason=null
2026-09-28T17:22:26.951Z active document changed: (none)
2026-09-28T17:22:26.951Z loadProject: no active .sokonanoda document
2026-09-28T17:22:26.973Z active document changed: file:///home/runner/work/sokonanoda-lang/sokonanoda-lang/editor/vscode/src/test/fixtures/workspace/units/u01.sokonanoda
2026-09-28T17:22:26.987Z soko/project ok: project=units.u01 (2 modules) reason=null
2026-09-28T17:22:27.075Z active document changed: (none)
2026-09-28T17:22:27.075Z loadProject: no active .sokonanoda document
2026-09-28T17:22:27.106Z active document changed: file:///home/runner/work/sokonanoda-lang/sokonanoda-lang/editor/vscode/src/test/fixtures/workspace/units/u01.sokonanoda
2026-09-28T17:22:27.126Z soko/project ok: project=units.u01 (2 modules) reason=null
2026-09-28T17:22:27.216Z active document changed: (none)
2026-09-28T17:22:27.216Z loadProject: no active .sokonanoda document
2026-09-28T17:22:27.254Z active document changed: file:///home/runner/work/sokonanoda-lang/sokonanoda-lang/editor/vscode/src/test/fixtures/workspace/units/u01.sokonanoda
2026-09-28T17:22:27.269Z soko/project ok: project=units.u01 (2 modules) reason=null
2026-09-28T17:22:27.368Z active document changed: (none)
2026-09-28T17:22:27.368Z loadProject: no active .sokonanoda document
2026-09-28T17:22:27.427Z client state: stopped
