# scripts/vscode-e2e.sh — VS Code 1.138.0 · extension v0.76.0 · 48be465bfd1de9717e7265ba83a164082d7ee71d
# 结果：35 passing / 0 failing / 0 pending（exit=0）

## doctor（服务器解析与版本自述）
--- doctor ---
sokonanoda doctor — 扩展 v0.76.0 (6 checks)
[ok] 1/6 resolution：bundled — /home/runner/work/sokonanoda-lang/sokonanoda-lang/editor/vscode/bin/linux-x64/sokonanoda-lsp (source=bundled)
[ok] 2/6 server-version：0.76.0 (pid 2956) == 扩展 v0.76.0 (source=bundled)
[ok] 3/6 host-version：运行宿主 v0.76.0
[ok] 4/6 ignored-override：没有被忽略的 serverPath/env 覆盖
[info] 5/6 download-cache：无下载缓存（仅影响 CLI/universal 兜底，不影响内置服务器）
[info] 6/6 obsolete-versions：检测到 0 个扩展版本快照、0 个 .obsolete 条目；完整重启 VS Code 会自动清理

## 用例
    ✔ .sokonanoda files get the sokonanoda language id (84ms)
    ✔ confusable-character highlight is off for sokonanoda files
    ✔ #check results appear as inlay hints (202ms)
    ✔ clean lesson publishes empty diagnostics (122ms)
    ✔ kernel-rejected declaration carries the kernel-rejected code (42ms)
    ✔ open exercise carries a sorry warning, not an error (54ms)
    ✔ a declaration named Prop warns, not errors (46ms)
    ✔ open exercise shows a hover on the hole (167ms)
    ✔ hover 的类型文本折成记法（T-U12 面 #3，e2e 那一份） (175ms)
    ✔ notation input: the rewriter produces ∧ and hover teaches \and (181ms)
    ✔ restart server command re-syncs open documents (122ms)
    ✔ infoview command is registered and revealable (125ms)
    ✔ the project tree shows the real closure of an imported module (391ms)
    ✔ the project tree names the file a single-file document is (135ms)
    ✔ the project tree marks a broken import as the root cause (170ms)
    ✔ build / rebuild commands warm the compile cache through the CLI (4376ms)
    ✔ Clean Cache empties the project store and does not compile (E31) (4032ms)
    ✔ the Infoview receives the project view (E30)
    ✔ Infoview 'definition' lands exactly where the editor F12 lands (E27) (97ms)
    ✔ doctor command returns a read-only source + version report
    ✔ declarations panel lists a project unit's declarations
    ✔ open declaration ships coloured goal runs to the Infoview (40ms)
    ✔ next hole jumps inside a project unit
    ✔ warmCacheOnOpen pre-builds the workspace at activation
    ✔ reopening a project unit hits the compile cache (4245ms)
    ✔ rewriting an unchanged project unit does not recompile (1937ms)
    ✔ editing a dependency refreshes the open unit once (6542ms)
    ✔ goal text uses the file's notation (634ms)
    ✔ goal text folds a binder notation whose type contains a lambda (344ms)
    ✔ Infoview 的 `⊢` 用记法箭头 `→`，且 runs 与 text 同源 (334ms)
    ✔ Infoview 里集合字面量显示成 `{a}`（不是 `Set.singleton α a`） (332ms)
    ✔ go to definition on a `{a}` set literal lands on `Set.singleton` (71ms)
    ✔ go to definition on a prelude name lands in the prelude source (76ms)
    ✔ go to definition on a notation symbol lands on its declaration (87ms)
    ✔ hover on a notation symbol shows the target's signature (84ms)

## 扩展接线日志（SOKO_E2E_LOG）
2026-09-27T23:40:07.970Z server command: /home/runner/work/sokonanoda-lang/sokonanoda-lang/editor/vscode/bin/linux-x64/sokonanoda-lsp (source=bundled)
2026-09-27T23:40:07.971Z client state: starting
2026-09-27T23:40:07.998Z client state: running
2026-09-27T23:40:08.004Z loadProject: no active .sokonanoda document
2026-09-27T23:40:08.249Z active document changed: file:///tmp/sokonanoda-vscode-test-cuaI9y/check.sokonanoda
2026-09-27T23:40:08.258Z soko/project ok: project=null reason=no-imports
2026-09-27T23:40:08.396Z active document changed: (none)
2026-09-27T23:40:08.396Z loadProject: no active .sokonanoda document
2026-09-27T23:40:08.419Z loadProject: no active .sokonanoda document
2026-09-27T23:40:08.439Z active document changed: file:///tmp/sokonanoda-vscode-test-cuaI9y/lesson-clean.sokonanoda
2026-09-27T23:40:08.456Z soko/project ok: project=null reason=no-imports
2026-09-27T23:40:08.529Z active document changed: (none)
2026-09-27T23:40:08.529Z loadProject: no active .sokonanoda document
2026-09-27T23:40:08.564Z active document changed: file:///tmp/sokonanoda-vscode-test-cuaI9y/kernel-bad.sokonanoda
2026-09-27T23:40:08.579Z soko/project ok: project=null reason=no-imports
2026-09-27T23:40:08.622Z active document changed: (none)
2026-09-27T23:40:08.622Z loadProject: no active .sokonanoda document
2026-09-27T23:40:08.669Z active document changed: file:///tmp/sokonanoda-vscode-test-cuaI9y/exercise.sokonanoda
2026-09-27T23:40:08.677Z soko/project ok: project=null reason=no-imports
2026-09-27T23:40:08.732Z active document changed: (none)
2026-09-27T23:40:08.732Z loadProject: no active .sokonanoda document
2026-09-27T23:40:08.777Z active document changed: file:///tmp/sokonanoda-vscode-test-cuaI9y/reserved.sokonanoda
2026-09-27T23:40:08.785Z soko/project ok: project=null reason=no-imports
2026-09-27T23:40:08.835Z active document changed: (none)
2026-09-27T23:40:08.836Z loadProject: no active .sokonanoda document
2026-09-27T23:40:08.894Z active document changed: file:///tmp/sokonanoda-vscode-test-cuaI9y/exercise-hover.sokonanoda
2026-09-27T23:40:08.909Z soko/project ok: project=null reason=no-imports
2026-09-27T23:40:09.031Z active document changed: (none)
2026-09-27T23:40:09.031Z loadProject: no active .sokonanoda document
2026-09-27T23:40:09.071Z loadProject: no active .sokonanoda document
2026-09-27T23:40:09.073Z active document changed: file:///home/runner/work/sokonanoda-lang/sokonanoda-lang/editor/vscode/src/test/fixtures/workspace/units/u01.sokonanoda
2026-09-27T23:40:09.085Z soko/project ok: project=units.u01 (2 modules) reason=null
2026-09-27T23:40:09.222Z active document changed: (none)
2026-09-27T23:40:09.222Z loadProject: no active .sokonanoda document
2026-09-27T23:40:09.284Z active document changed: file:///tmp/sokonanoda-vscode-test-cuaI9y/notation-input.sokonanoda
2026-09-27T23:40:09.294Z soko/project ok: project=null reason=no-imports
2026-09-27T23:40:09.435Z active document changed: (none)
2026-09-27T23:40:09.436Z loadProject: no active .sokonanoda document
2026-09-27T23:40:09.477Z loadProject: no active .sokonanoda document
2026-09-27T23:40:09.488Z active document changed: file:///tmp/sokonanoda-vscode-test-cuaI9y/restart.sokonanoda
2026-09-27T23:40:09.503Z soko/project ok: project=null reason=no-imports
2026-09-27T23:40:09.507Z client state: stopped
2026-09-27T23:40:09.510Z client state: starting
2026-09-27T23:40:09.543Z client state: running
2026-09-27T23:40:09.607Z active document changed: (none)
2026-09-27T23:40:09.608Z loadProject: no active .sokonanoda document
2026-09-27T23:40:09.800Z loadProject: no active .sokonanoda document
2026-09-27T23:40:09.843Z active document changed: file:///tmp/sokonanoda-vscode-test-cuaI9y/proj-ok/Main.sokonanoda
2026-09-27T23:40:09.852Z soko/project ok: project=Main (2 modules) reason=null
2026-09-27T23:40:09.856Z soko/project ok: project=Main (2 modules) reason=null
2026-09-27T23:40:09.956Z soko/project ok: project=Main (2 modules) reason=null
2026-09-27T23:40:10.055Z soko/project ok: project=Main (2 modules) reason=null
2026-09-27T23:40:10.168Z active document changed: (none)
2026-09-27T23:40:10.168Z loadProject: no active .sokonanoda document
2026-09-27T23:40:10.196Z active document changed: file:///tmp/sokonanoda-vscode-test-cuaI9y/single.sokonanoda
2026-09-27T23:40:10.205Z soko/project ok: project=null reason=no-imports
2026-09-27T23:40:10.209Z soko/project ok: project=null reason=no-imports
2026-09-27T23:40:10.317Z active document changed: (none)
2026-09-27T23:40:10.318Z loadProject: no active .sokonanoda document
2026-09-27T23:40:10.385Z loadProject: no active .sokonanoda document
2026-09-27T23:40:10.385Z active document changed: file:///tmp/sokonanoda-vscode-test-cuaI9y/proj-broken/Main.sokonanoda
2026-09-27T23:40:10.394Z soko/project ok: project=Main (1 modules) reason=null
2026-09-27T23:40:10.399Z soko/project ok: project=Main (1 modules) reason=null
2026-09-27T23:40:10.506Z active document changed: (none)
2026-09-27T23:40:10.506Z loadProject: no active .sokonanoda document
2026-09-27T23:40:10.529Z active document changed: file:///home/runner/work/sokonanoda-lang/sokonanoda-lang/editor/vscode/src/test/fixtures/workspace/units/u01.sokonanoda
2026-09-27T23:40:10.541Z soko/project ok: project=units.u01 (2 modules) reason=null
2026-09-27T23:40:10.583Z soko/project ok: project=units.u01 (2 modules) reason=null
2026-09-27T23:40:10.871Z warmCacheOnOpen: exit=0
2026-09-27T23:40:12.574Z soko/project ok: project=units.u01 (2 modules) reason=null
2026-09-27T23:40:14.886Z soko/project ok: project=units.u01 (2 modules) reason=null
2026-09-27T23:40:14.898Z active document changed: (none)
2026-09-27T23:40:14.898Z loadProject: no active .sokonanoda document
2026-09-27T23:40:14.925Z active document changed: file:///home/runner/work/sokonanoda-lang/sokonanoda-lang/editor/vscode/src/test/fixtures/workspace/units/u01.sokonanoda
2026-09-27T23:40:14.939Z soko/project ok: project=units.u01 (2 modules) reason=null
2026-09-27T23:40:15.076Z soko/project ok: project=units.u01 (2 modules) reason=null
2026-09-27T23:40:15.079Z soko/project ok: project=units.u01 (2 modules) reason=null
2026-09-27T23:40:18.935Z soko/project ok: project=units.u01 (2 modules) reason=null
2026-09-27T23:40:18.949Z active document changed: (none)
2026-09-27T23:40:18.949Z loadProject: no active .sokonanoda document
2026-09-27T23:40:18.973Z active document changed: file:///home/runner/work/sokonanoda-lang/sokonanoda-lang/editor/vscode/src/test/fixtures/workspace/units/u01.sokonanoda
2026-09-27T23:40:18.982Z soko/project ok: project=units.u01 (2 modules) reason=null
2026-09-27T23:40:19.038Z active document changed: (none)
2026-09-27T23:40:19.038Z loadProject: no active .sokonanoda document
2026-09-27T23:40:19.055Z active document changed: file:///home/runner/work/sokonanoda-lang/sokonanoda-lang/editor/vscode/src/test/fixtures/workspace/units/u01.sokonanoda
2026-09-27T23:40:19.063Z soko/project ok: project=units.u01 (2 modules) reason=null
2026-09-27T23:40:19.121Z active document changed: (none)
2026-09-27T23:40:19.121Z loadProject: no active .sokonanoda document
2026-09-27T23:40:19.129Z active document changed: file:///home/runner/work/sokonanoda-lang/sokonanoda-lang/editor/vscode/src/test/fixtures/workspace/lib/Set.sokonanoda
2026-09-27T23:40:19.138Z soko/project ok: project=null reason=no-imports
2026-09-27T23:40:19.171Z active document changed: (none)
2026-09-27T23:40:19.171Z loadProject: no active .sokonanoda document
2026-09-27T23:40:19.208Z active document changed: file:///home/runner/work/sokonanoda-lang/sokonanoda-lang/editor/vscode/src/test/fixtures/workspace/units/u01.sokonanoda
2026-09-27T23:40:19.232Z soko/project ok: project=units.u01 (2 modules) reason=null
2026-09-27T23:40:19.274Z active document changed: (none)
2026-09-27T23:40:19.274Z loadProject: no active .sokonanoda document
2026-09-27T23:40:19.304Z active document changed: file:///home/runner/work/sokonanoda-lang/sokonanoda-lang/editor/vscode/src/test/fixtures/workspace/units/u01.sokonanoda
2026-09-27T23:40:19.312Z soko/project ok: project=units.u01 (2 modules) reason=null
2026-09-27T23:40:19.322Z soko/project ok: project=units.u01 (2 modules) reason=null
2026-09-27T23:40:19.359Z active document changed: (none)
2026-09-27T23:40:19.359Z loadProject: no active .sokonanoda document
2026-09-27T23:40:19.380Z active document changed: file:///home/runner/work/sokonanoda-lang/sokonanoda-lang/editor/vscode/src/test/fixtures/workspace/units/u01.sokonanoda
2026-09-27T23:40:19.390Z soko/project ok: project=units.u01 (2 modules) reason=null
2026-09-27T23:40:19.444Z active document changed: (none)
2026-09-27T23:40:19.444Z loadProject: no active .sokonanoda document
2026-09-27T23:40:19.474Z active document changed: file:///home/runner/work/sokonanoda-lang/sokonanoda-lang/editor/vscode/src/test/fixtures/workspace/units/u02-cold-open.sokonanoda
2026-09-27T23:40:19.481Z soko/project ok: project=null reason=no-imports
2026-09-27T23:40:23.631Z client state: stopped
2026-09-27T23:40:23.632Z client state: starting
2026-09-27T23:40:23.639Z client state: running
PERF e2e cache: cold=4170ms warm=73ms
2026-09-27T23:40:23.747Z active document changed: (none)
2026-09-27T23:40:23.747Z loadProject: no active .sokonanoda document
2026-09-27T23:40:23.771Z active document changed: file:///home/runner/work/sokonanoda-lang/sokonanoda-lang/editor/vscode/src/test/fixtures/workspace/units/u01.sokonanoda
2026-09-27T23:40:23.781Z soko/project ok: project=units.u01 (2 modules) reason=null
2026-09-27T23:40:23.962Z soko/project ok: project=units.u01 (2 modules) reason=null
2026-09-27T23:40:24.308Z soko/project ok: project=units.u01 (2 modules) reason=null
2026-09-27T23:40:24.775Z soko/project ok: project=units.u01 (2 modules) reason=null
2026-09-27T23:40:25.695Z active document changed: (none)
2026-09-27T23:40:25.695Z loadProject: no active .sokonanoda document
2026-09-27T23:40:25.714Z active document changed: file:///home/runner/work/sokonanoda-lang/sokonanoda-lang/editor/vscode/src/test/fixtures/workspace/units/u01.sokonanoda
2026-09-27T23:40:25.721Z soko/project ok: project=units.u01 (2 modules) reason=null
2026-09-27T23:40:26.391Z soko/project ok: project=units.u01 (2 modules) reason=null
2026-09-27T23:40:27.865Z soko/project ok: project=units.u01 (2 modules) reason=null
PERF e2e fanout: entry diagnostics signature=152 字节 · 稳定 ✓
2026-09-27T23:40:32.247Z active document changed: (none)
2026-09-27T23:40:32.247Z loadProject: no active .sokonanoda document
2026-09-27T23:40:32.269Z active document changed: file:///home/runner/work/sokonanoda-lang/sokonanoda-lang/editor/vscode/src/test/fixtures/workspace/units/u01.sokonanoda
2026-09-27T23:40:32.278Z soko/project ok: project=units.u01 (2 modules) reason=null
2026-09-27T23:40:32.878Z soko/project ok: project=units.u01 (2 modules) reason=null
2026-09-27T23:40:32.896Z active document changed: (none)
2026-09-27T23:40:32.896Z loadProject: no active .sokonanoda document
2026-09-27T23:40:32.924Z active document changed: file:///home/runner/work/sokonanoda-lang/sokonanoda-lang/editor/vscode/src/test/fixtures/workspace/units/u01.sokonanoda
2026-09-27T23:40:32.933Z soko/project ok: project=units.u01 (2 modules) reason=null
2026-09-27T23:40:33.252Z active document changed: (none)
2026-09-27T23:40:33.252Z loadProject: no active .sokonanoda document
2026-09-27T23:40:33.274Z active document changed: file:///home/runner/work/sokonanoda-lang/sokonanoda-lang/editor/vscode/src/test/fixtures/workspace/units/u01.sokonanoda
2026-09-27T23:40:33.288Z soko/project ok: project=units.u01 (2 modules) reason=null
2026-09-27T23:40:33.596Z active document changed: (none)
2026-09-27T23:40:33.596Z loadProject: no active .sokonanoda document
2026-09-27T23:40:33.615Z active document changed: file:///home/runner/work/sokonanoda-lang/sokonanoda-lang/editor/vscode/src/test/fixtures/workspace/units/u01.sokonanoda
2026-09-27T23:40:33.630Z soko/project ok: project=units.u01 (2 modules) reason=null
2026-09-27T23:40:33.938Z active document changed: (none)
2026-09-27T23:40:33.938Z loadProject: no active .sokonanoda document
2026-09-27T23:40:33.951Z active document changed: file:///home/runner/work/sokonanoda-lang/sokonanoda-lang/editor/vscode/src/test/fixtures/workspace/units/u01.sokonanoda
2026-09-27T23:40:33.959Z soko/project ok: project=units.u01 (2 modules) reason=null
2026-09-27T23:40:34.019Z active document changed: (none)
2026-09-27T23:40:34.019Z loadProject: no active .sokonanoda document
2026-09-27T23:40:34.036Z active document changed: file:///home/runner/work/sokonanoda-lang/sokonanoda-lang/editor/vscode/src/test/fixtures/workspace/units/u01.sokonanoda
2026-09-27T23:40:34.043Z soko/project ok: project=units.u01 (2 modules) reason=null
2026-09-27T23:40:34.105Z active document changed: (none)
2026-09-27T23:40:34.105Z loadProject: no active .sokonanoda document
2026-09-27T23:40:34.125Z active document changed: file:///home/runner/work/sokonanoda-lang/sokonanoda-lang/editor/vscode/src/test/fixtures/workspace/units/u01.sokonanoda
2026-09-27T23:40:34.136Z soko/project ok: project=units.u01 (2 modules) reason=null
2026-09-27T23:40:34.202Z active document changed: (none)
2026-09-27T23:40:34.202Z loadProject: no active .sokonanoda document
2026-09-27T23:40:34.206Z loadProject: no active .sokonanoda document
2026-09-27T23:40:34.224Z active document changed: file:///home/runner/work/sokonanoda-lang/sokonanoda-lang/editor/vscode/src/test/fixtures/workspace/units/u01.sokonanoda
2026-09-27T23:40:34.240Z soko/project ok: project=units.u01 (2 modules) reason=null
2026-09-27T23:40:34.296Z active document changed: (none)
2026-09-27T23:40:34.296Z loadProject: no active .sokonanoda document
2026-09-27T23:40:34.332Z client state: stopped
