# scripts/vscode-e2e.sh — VS Code 1.138.0 · extension v0.87.2 · 896dbdd6188aa6601128c1f63b307d8b78e92c4f
# 结果：45 passing / 0 failing / 0 pending（exit=0）

## doctor（服务器解析与版本自述）
--- doctor ---
sokonanoda doctor — 扩展 v0.87.2 (6 checks)
[ok] 1/6 resolution：bundled — /Users/penglingwei/Documents/lean/sokonanoda/sokonanoda-lang/editor/vscode/bin/darwin-arm64/sokonanoda-lsp (source=bundled)
[ok] 2/6 server-version：0.87.2 (pid 87113) == 扩展 v0.87.2 (source=bundled)
[ok] 3/6 host-version：运行宿主 v0.87.2
[ok] 4/6 ignored-override：没有被忽略的 serverPath/env 覆盖
[info] 5/6 download-cache：缓存 marker 0.73.0 darwin-arm64 != 扩展 v0.87.2；可运行 sokonanoda update
[info] 6/6 obsolete-versions：检测到 0 个扩展版本快照、0 个 .obsolete 条目；完整重启 VS Code 会自动清理

## 用例
    ✔ .sokonanoda files get the sokonanoda language id
    ✔ confusable-character highlight is off for sokonanoda files
    ✔ `#check` results are NOT inlay hints (they live in the Infoview) (133ms)
    ✔ C3：`#check`/`#print` 的输出出现在 Infoview 的「命令输出」块里 (533ms)
    ✔ C3（项目模式）：带 import 的文件里 `#print` 的输出也要到 Infoview (527ms)
    ✔ C3 重复输出：项目文件里连续编辑，`#check` 的输出始终只有一条 (3490ms)
    ✔ clean lesson publishes empty diagnostics
    ✔ kernel-rejected declaration carries the kernel-rejected code
    ✔ open exercise carries a sorry warning, not an error
    ✔ a declaration named Prop warns, not errors
    ✔ open exercise shows a hover on the hole
    ✔ hover 的类型文本折成记法（T-U12 面 #3，e2e 那一份） (41ms)
    ✔ notation input: the rewriter produces ∧ and hover teaches \and
    ✔ notation input: greek letters and the anon-ctor brackets, in a real host (40ms)
    ✔ restart server command re-syncs open documents (153ms)
    ✔ infoview command is registered and revealable
    ✔ the project tree shows the real closure of an imported module (326ms)
    ✔ the project tree names the file a single-file document is (118ms)
    ✔ the project tree marks a broken import as the root cause (118ms)
    ✔ build / rebuild commands warm the compile cache through the CLI (145ms)
    ✔ Clean Cache empties the project store and does not compile (E31) (1641ms)
    ✔ Rebuild shows a non-zero percent while it is still running (②) (150ms)
    ✔ the Infoview receives the project view (E30) (123ms)
    ✔ Infoview 'definition' lands exactly where the editor F12 lands (E27) (46ms)
    ✔ import 行的模块名是链接，指向被导入的文件（documentLink） (38ms)
    ✔ doctor command returns a read-only source + version report
    ✔ declarations panel lists a project unit's declarations
    ✔ open declaration ships coloured goal runs to the Infoview
    ✔ next hole jumps inside a project unit
    ✔ warmCacheOnOpen pre-builds the workspace at activation
    ✔ reopening a project unit hits the compile cache (200ms)
    ✔ rewriting an unchanged project unit does not recompile (1922ms)
    ✔ editing a dependency refreshes the open unit once (4850ms)
    ✔ goal text uses the file's notation (315ms)
    ✔ goal text folds a binder notation whose type contains a lambda (319ms)
    ✔ B2：光标在末条 tactic 之内 ⇒ 目标是它**作用后**的状态（闭合 ⇒ 无目标） (315ms)
    ✔ Infoview 的 `⊢` 用记法箭头 `→`，且 runs 与 text 同源 (314ms)
    ✔ Infoview 里集合字面量显示成 `{a}`（不是 `Set.singleton α a`） (313ms)
    ✔ go to definition on a `{a}` set literal lands on `Set.singleton`
    ✔ go to definition on a prelude name lands in the prelude source (61ms)
    ✔ go to definition on a notation symbol lands on its declaration
    ✔ hover on a notation symbol shows the target's signature
    ✔ edit responsiveness: last keystroke reaches diagnostics and the goal panel (1554ms)
    ✔ edit responsiveness (project mode): A/B flicker with the show delay off vs on (3235ms)
    ✔ edit responsiveness (project mode): first keystroke after open vs steady state (643ms)

## 扩展接线日志（SOKO_E2E_LOG）
2026-10-10T01:13:44.815Z server command: /Users/penglingwei/Documents/lean/sokonanoda/sokonanoda-lang/editor/vscode/bin/darwin-arm64/sokonanoda-lsp (source=bundled)
2026-10-10T01:13:44.815Z client state: starting
2026-10-10T01:13:44.966Z warmCacheOnOpen: exit=0
2026-10-10T01:13:45.346Z client state: running
2026-10-10T01:13:45.349Z loadProject: no active .sokonanoda document
2026-10-10T01:13:45.427Z active document changed: file:///var/folders/81/6wvjcvys3y300jnj259_2jbw0000gn/T/sokonanoda-vscode-test-bvqSpL/check-no-inlay.sokonanoda
2026-10-10T01:13:45.430Z soko/project ok: project=null reason=no-imports
2026-10-10T01:13:45.532Z active document changed: (none)
2026-10-10T01:13:45.532Z loadProject: no active .sokonanoda document
2026-10-10T01:13:45.555Z active document changed: file:///var/folders/81/6wvjcvys3y300jnj259_2jbw0000gn/T/sokonanoda-vscode-test-bvqSpL/c3-command-output.sokonanoda
2026-10-10T01:13:45.563Z soko/project ok: project=null reason=no-imports
2026-10-10T01:13:45.758Z soko/project ok: project=null reason=no-imports
2026-10-10T01:13:46.073Z active document changed: (none)
2026-10-10T01:13:46.073Z loadProject: no active .sokonanoda document
2026-10-10T01:13:46.088Z active document changed: file:///var/folders/81/6wvjcvys3y300jnj259_2jbw0000gn/T/sokonanoda-vscode-test-bvqSpL/c3-project/Main.sokonanoda
2026-10-10T01:13:46.090Z soko/project ok: project=Main (2 modules) reason=null
2026-10-10T01:13:46.293Z soko/project ok: project=Main (2 modules) reason=null
2026-10-10T01:13:46.679Z active document changed: (none)
2026-10-10T01:13:46.679Z loadProject: no active .sokonanoda document
2026-10-10T01:13:46.715Z active document changed: file:///var/folders/81/6wvjcvys3y300jnj259_2jbw0000gn/T/sokonanoda-vscode-test-bvqSpL/check-repeat/Main.sokonanoda
2026-10-10T01:13:46.716Z soko/project ok: project=Main (2 modules) reason=null
2026-10-10T01:13:46.920Z soko/project ok: project=Main (2 modules) reason=null
2026-10-10T01:13:47.133Z soko/project ok: project=Main (2 modules) reason=null
2026-10-10T01:13:47.478Z soko/project ok: project=Main (2 modules) reason=null
2026-10-10T01:13:47.682Z soko/project ok: project=Main (2 modules) reason=null
2026-10-10T01:13:50.181Z active document changed: (none)
2026-10-10T01:13:50.181Z loadProject: no active .sokonanoda document
2026-10-10T01:13:50.197Z active document changed: file:///var/folders/81/6wvjcvys3y300jnj259_2jbw0000gn/T/sokonanoda-vscode-test-bvqSpL/lesson-clean.sokonanoda
2026-10-10T01:13:50.198Z soko/project ok: project=null reason=no-imports
2026-10-10T01:13:50.224Z active document changed: (none)
2026-10-10T01:13:50.225Z loadProject: no active .sokonanoda document
2026-10-10T01:13:50.241Z active document changed: file:///var/folders/81/6wvjcvys3y300jnj259_2jbw0000gn/T/sokonanoda-vscode-test-bvqSpL/kernel-bad.sokonanoda
2026-10-10T01:13:50.246Z soko/project ok: project=null reason=no-imports
2026-10-10T01:13:50.259Z active document changed: (none)
2026-10-10T01:13:50.259Z loadProject: no active .sokonanoda document
2026-10-10T01:13:50.272Z active document changed: file:///var/folders/81/6wvjcvys3y300jnj259_2jbw0000gn/T/sokonanoda-vscode-test-bvqSpL/exercise.sokonanoda
2026-10-10T01:13:50.274Z soko/project ok: project=null reason=no-imports
2026-10-10T01:13:50.285Z active document changed: (none)
2026-10-10T01:13:50.285Z loadProject: no active .sokonanoda document
2026-10-10T01:13:50.304Z active document changed: file:///var/folders/81/6wvjcvys3y300jnj259_2jbw0000gn/T/sokonanoda-vscode-test-bvqSpL/reserved.sokonanoda
2026-10-10T01:13:50.306Z soko/project ok: project=null reason=no-imports
2026-10-10T01:13:50.318Z active document changed: (none)
2026-10-10T01:13:50.318Z loadProject: no active .sokonanoda document
2026-10-10T01:13:50.331Z active document changed: file:///var/folders/81/6wvjcvys3y300jnj259_2jbw0000gn/T/sokonanoda-vscode-test-bvqSpL/exercise-hover.sokonanoda
2026-10-10T01:13:50.333Z soko/project ok: project=null reason=no-imports
2026-10-10T01:13:50.346Z active document changed: (none)
2026-10-10T01:13:50.346Z loadProject: no active .sokonanoda document
2026-10-10T01:13:50.359Z active document changed: file:///Users/penglingwei/Documents/lean/sokonanoda/sokonanoda-lang/editor/vscode/src/test/fixtures/workspace/units/u01.sokonanoda
2026-10-10T01:13:50.362Z soko/project ok: project=units.u01 (2 modules) reason=null
2026-10-10T01:13:50.398Z active document changed: (none)
2026-10-10T01:13:50.399Z loadProject: no active .sokonanoda document
2026-10-10T01:13:50.411Z active document changed: file:///var/folders/81/6wvjcvys3y300jnj259_2jbw0000gn/T/sokonanoda-vscode-test-bvqSpL/notation-input.sokonanoda
2026-10-10T01:13:50.413Z soko/project ok: project=null reason=no-imports
2026-10-10T01:13:50.442Z active document changed: (none)
2026-10-10T01:13:50.442Z loadProject: no active .sokonanoda document
2026-10-10T01:13:50.459Z active document changed: file:///var/folders/81/6wvjcvys3y300jnj259_2jbw0000gn/T/sokonanoda-vscode-test-bvqSpL/notation-input-greek.sokonanoda
2026-10-10T01:13:50.460Z soko/project ok: project=null reason=no-imports
2026-10-10T01:13:50.514Z active document changed: (none)
2026-10-10T01:13:50.514Z loadProject: no active .sokonanoda document
2026-10-10T01:13:50.546Z active document changed: file:///var/folders/81/6wvjcvys3y300jnj259_2jbw0000gn/T/sokonanoda-vscode-test-bvqSpL/restart.sokonanoda
2026-10-10T01:13:50.548Z soko/project ok: project=null reason=no-imports
2026-10-10T01:13:50.554Z client state: stopped
2026-10-10T01:13:50.556Z client state: starting
2026-10-10T01:13:50.568Z client state: running
2026-10-10T01:13:50.675Z active document changed: (none)
2026-10-10T01:13:50.675Z loadProject: no active .sokonanoda document
2026-10-10T01:13:50.727Z active document changed: file:///var/folders/81/6wvjcvys3y300jnj259_2jbw0000gn/T/sokonanoda-vscode-test-bvqSpL/proj-ok/Main.sokonanoda
2026-10-10T01:13:50.729Z soko/project ok: project=null reason=no-imports
2026-10-10T01:13:50.734Z soko/project ok: project=Main (2 modules) reason=null
2026-10-10T01:13:50.776Z soko/project ok: project=Main (2 modules) reason=null
2026-10-10T01:13:50.837Z soko/project ok: project=Main (2 modules) reason=null
2026-10-10T01:13:50.937Z soko/project ok: project=Main (2 modules) reason=null
2026-10-10T01:13:51.039Z active document changed: (none)
2026-10-10T01:13:51.039Z loadProject: no active .sokonanoda document
2026-10-10T01:13:51.050Z active document changed: file:///var/folders/81/6wvjcvys3y300jnj259_2jbw0000gn/T/sokonanoda-vscode-test-bvqSpL/single.sokonanoda
2026-10-10T01:13:51.052Z soko/project ok: project=null reason=no-imports
2026-10-10T01:13:51.057Z soko/project ok: project=null reason=no-imports
2026-10-10T01:13:51.162Z active document changed: (none)
2026-10-10T01:13:51.162Z loadProject: no active .sokonanoda document
2026-10-10T01:13:51.173Z active document changed: file:///var/folders/81/6wvjcvys3y300jnj259_2jbw0000gn/T/sokonanoda-vscode-test-bvqSpL/proj-broken/Main.sokonanoda
2026-10-10T01:13:51.174Z soko/project ok: project=Main (1 modules) reason=null
2026-10-10T01:13:51.179Z soko/project ok: project=Main (1 modules) reason=null
2026-10-10T01:13:51.286Z active document changed: (none)
2026-10-10T01:13:51.286Z loadProject: no active .sokonanoda document
2026-10-10T01:13:51.295Z active document changed: file:///Users/penglingwei/Documents/lean/sokonanoda/sokonanoda-lang/editor/vscode/src/test/fixtures/workspace/units/u01.sokonanoda
2026-10-10T01:13:51.298Z soko/project ok: project=units.u01 (2 modules) reason=null
2026-10-10T01:13:51.320Z soko/project ok: project=units.u01 (2 modules) reason=null
2026-10-10T01:13:51.377Z soko/project ok: project=units.u01 (2 modules) reason=null
2026-10-10T01:13:51.434Z soko/project ok: project=units.u01 (2 modules) reason=null
2026-10-10T01:13:51.447Z active document changed: (none)
2026-10-10T01:13:51.447Z loadProject: no active .sokonanoda document
2026-10-10T01:13:51.455Z active document changed: file:///Users/penglingwei/Documents/lean/sokonanoda/sokonanoda-lang/editor/vscode/src/test/fixtures/workspace/units/u01.sokonanoda
2026-10-10T01:13:51.457Z soko/project ok: project=units.u01 (2 modules) reason=null
2026-10-10T01:13:51.477Z soko/project ok: project=units.u01 (2 modules) reason=null
2026-10-10T01:13:51.483Z soko/project ok: project=units.u01 (2 modules) reason=null
2026-10-10T01:13:53.092Z soko/project ok: project=units.u01 (2 modules) reason=null
2026-10-10T01:13:53.107Z active document changed: (none)
2026-10-10T01:13:53.107Z loadProject: no active .sokonanoda document
2026-10-10T01:13:53.124Z active document changed: file:///Users/penglingwei/Documents/lean/sokonanoda/sokonanoda-lang/editor/vscode/src/test/fixtures/workspace/units/u01.sokonanoda
2026-10-10T01:13:53.127Z soko/project ok: project=units.u01 (2 modules) reason=null
2026-10-10T01:13:53.148Z soko/project ok: project=units.u01 (2 modules) reason=null
2026-10-10T01:13:53.255Z soko/project ok: project=units.u01 (2 modules) reason=null
2026-10-10T01:13:53.273Z active document changed: (none)
2026-10-10T01:13:53.273Z loadProject: no active .sokonanoda document
2026-10-10T01:13:53.289Z active document changed: file:///Users/penglingwei/Documents/lean/sokonanoda/sokonanoda-lang/editor/vscode/src/test/fixtures/workspace/units/u01.sokonanoda
2026-10-10T01:13:53.299Z soko/project ok: project=units.u01 (2 modules) reason=null
2026-10-10T01:13:53.401Z active document changed: (none)
2026-10-10T01:13:53.401Z loadProject: no active .sokonanoda document
2026-10-10T01:13:53.409Z active document changed: file:///Users/penglingwei/Documents/lean/sokonanoda/sokonanoda-lang/editor/vscode/src/test/fixtures/workspace/units/u01.sokonanoda
2026-10-10T01:13:53.411Z soko/project ok: project=units.u01 (2 modules) reason=null
2026-10-10T01:13:53.439Z active document changed: (none)
2026-10-10T01:13:53.440Z loadProject: no active .sokonanoda document
2026-10-10T01:13:53.443Z active document changed: file:///Users/penglingwei/Documents/lean/sokonanoda/sokonanoda-lang/editor/vscode/src/test/fixtures/workspace/lib/Set.sokonanoda
2026-10-10T01:13:53.446Z soko/project ok: project=null reason=no-imports
2026-10-10T01:13:53.468Z active document changed: (none)
2026-10-10T01:13:53.468Z loadProject: no active .sokonanoda document
2026-10-10T01:13:53.487Z active document changed: file:///var/folders/81/6wvjcvys3y300jnj259_2jbw0000gn/T/sokonanoda-vscode-test-bvqSpL/import-links/Entry.sokonanoda
2026-10-10T01:13:53.489Z soko/project ok: project=Entry (2 modules) reason=null
2026-10-10T01:13:53.511Z active document changed: (none)
2026-10-10T01:13:53.511Z loadProject: no active .sokonanoda document
2026-10-10T01:13:53.532Z active document changed: file:///Users/penglingwei/Documents/lean/sokonanoda/sokonanoda-lang/editor/vscode/src/test/fixtures/workspace/units/u01.sokonanoda
2026-10-10T01:13:53.535Z soko/project ok: project=units.u01 (2 modules) reason=null
2026-10-10T01:13:53.563Z active document changed: (none)
2026-10-10T01:13:53.564Z loadProject: no active .sokonanoda document
2026-10-10T01:13:53.575Z active document changed: file:///Users/penglingwei/Documents/lean/sokonanoda/sokonanoda-lang/editor/vscode/src/test/fixtures/workspace/units/u01.sokonanoda
2026-10-10T01:13:53.578Z soko/project ok: project=units.u01 (2 modules) reason=null
2026-10-10T01:13:53.603Z active document changed: (none)
2026-10-10T01:13:53.603Z loadProject: no active .sokonanoda document
2026-10-10T01:13:53.617Z active document changed: file:///Users/penglingwei/Documents/lean/sokonanoda/sokonanoda-lang/editor/vscode/src/test/fixtures/workspace/units/u01.sokonanoda
2026-10-10T01:13:53.620Z soko/project ok: project=units.u01 (2 modules) reason=null
2026-10-10T01:13:53.640Z soko/project ok: project=units.u01 (2 modules) reason=null
2026-10-10T01:13:53.648Z active document changed: (none)
2026-10-10T01:13:53.649Z loadProject: no active .sokonanoda document
2026-10-10T01:13:53.665Z active document changed: file:///Users/penglingwei/Documents/lean/sokonanoda/sokonanoda-lang/editor/vscode/src/test/fixtures/workspace/units/u02-cold-open.sokonanoda
2026-10-10T01:13:53.668Z soko/project ok: project=null reason=no-imports
2026-10-10T01:13:53.800Z client state: stopped
2026-10-10T01:13:53.802Z client state: starting
2026-10-10T01:13:53.806Z client state: running
PERF e2e cache: cold=144ms warm=55ms
2026-10-10T01:13:53.859Z active document changed: (none)
2026-10-10T01:13:53.860Z loadProject: no active .sokonanoda document
2026-10-10T01:13:53.870Z active document changed: file:///Users/penglingwei/Documents/lean/sokonanoda/sokonanoda-lang/editor/vscode/src/test/fixtures/workspace/units/u01.sokonanoda
2026-10-10T01:13:53.873Z soko/project ok: project=units.u01 (2 modules) reason=null
2026-10-10T01:13:54.059Z soko/project ok: project=units.u01 (2 modules) reason=null
2026-10-10T01:13:54.478Z soko/project ok: project=units.u01 (2 modules) reason=null
2026-10-10T01:13:54.887Z soko/project ok: project=units.u01 (2 modules) reason=null
2026-10-10T01:13:55.786Z active document changed: (none)
2026-10-10T01:13:55.786Z loadProject: no active .sokonanoda document
2026-10-10T01:13:55.797Z active document changed: file:///Users/penglingwei/Documents/lean/sokonanoda/sokonanoda-lang/editor/vscode/src/test/fixtures/workspace/units/u01.sokonanoda
2026-10-10T01:13:55.799Z soko/project ok: project=units.u01 (2 modules) reason=null
2026-10-10T01:13:56.347Z soko/project ok: project=units.u01 (2 modules) reason=null
PERF e2e fanout: entry diagnostics signature=152 字节 · 稳定 ✓
2026-10-10T01:14:00.642Z active document changed: (none)
2026-10-10T01:14:00.642Z loadProject: no active .sokonanoda document
2026-10-10T01:14:00.653Z active document changed: file:///Users/penglingwei/Documents/lean/sokonanoda/sokonanoda-lang/editor/vscode/src/test/fixtures/workspace/units/u01.sokonanoda
2026-10-10T01:14:00.655Z soko/project ok: project=units.u01 (2 modules) reason=null
2026-10-10T01:14:00.952Z soko/project ok: project=units.u01 (2 modules) reason=null
2026-10-10T01:14:00.963Z active document changed: (none)
2026-10-10T01:14:00.963Z loadProject: no active .sokonanoda document
2026-10-10T01:14:00.972Z active document changed: file:///Users/penglingwei/Documents/lean/sokonanoda/sokonanoda-lang/editor/vscode/src/test/fixtures/workspace/units/u01.sokonanoda
2026-10-10T01:14:00.975Z soko/project ok: project=units.u01 (2 modules) reason=null
2026-10-10T01:14:01.190Z soko/project ok: project=units.u01 (2 modules) reason=null
2026-10-10T01:14:01.286Z active document changed: (none)
2026-10-10T01:14:01.287Z loadProject: no active .sokonanoda document
2026-10-10T01:14:01.293Z active document changed: file:///Users/penglingwei/Documents/lean/sokonanoda/sokonanoda-lang/editor/vscode/src/test/fixtures/workspace/units/u01.sokonanoda
2026-10-10T01:14:01.296Z soko/project ok: project=units.u01 (2 modules) reason=null
2026-10-10T01:14:01.606Z active document changed: (none)
2026-10-10T01:14:01.606Z loadProject: no active .sokonanoda document
2026-10-10T01:14:01.613Z active document changed: file:///Users/penglingwei/Documents/lean/sokonanoda/sokonanoda-lang/editor/vscode/src/test/fixtures/workspace/units/u01.sokonanoda
2026-10-10T01:14:01.616Z soko/project ok: project=units.u01 (2 modules) reason=null
2026-10-10T01:14:01.925Z active document changed: (none)
2026-10-10T01:14:01.926Z loadProject: no active .sokonanoda document
2026-10-10T01:14:01.932Z active document changed: file:///Users/penglingwei/Documents/lean/sokonanoda/sokonanoda-lang/editor/vscode/src/test/fixtures/workspace/units/u01.sokonanoda
2026-10-10T01:14:01.935Z soko/project ok: project=units.u01 (2 modules) reason=null
2026-10-10T01:14:02.243Z active document changed: (none)
2026-10-10T01:14:02.243Z loadProject: no active .sokonanoda document
2026-10-10T01:14:02.253Z active document changed: file:///Users/penglingwei/Documents/lean/sokonanoda/sokonanoda-lang/editor/vscode/src/test/fixtures/workspace/units/u01.sokonanoda
2026-10-10T01:14:02.256Z soko/project ok: project=units.u01 (2 modules) reason=null
2026-10-10T01:14:02.279Z active document changed: (none)
2026-10-10T01:14:02.279Z loadProject: no active .sokonanoda document
2026-10-10T01:14:02.292Z active document changed: file:///Users/penglingwei/Documents/lean/sokonanoda/sokonanoda-lang/editor/vscode/src/test/fixtures/workspace/units/u01.sokonanoda
2026-10-10T01:14:02.297Z soko/project ok: project=units.u01 (2 modules) reason=null
2026-10-10T01:14:02.350Z active document changed: (none)
2026-10-10T01:14:02.351Z loadProject: no active .sokonanoda document
2026-10-10T01:14:02.358Z active document changed: file:///Users/penglingwei/Documents/lean/sokonanoda/sokonanoda-lang/editor/vscode/src/test/fixtures/workspace/units/u01.sokonanoda
2026-10-10T01:14:02.360Z soko/project ok: project=units.u01 (2 modules) reason=null
2026-10-10T01:14:02.387Z active document changed: (none)
2026-10-10T01:14:02.387Z loadProject: no active .sokonanoda document
2026-10-10T01:14:02.393Z active document changed: file:///Users/penglingwei/Documents/lean/sokonanoda/sokonanoda-lang/editor/vscode/src/test/fixtures/workspace/units/u01.sokonanoda
2026-10-10T01:14:02.396Z soko/project ok: project=units.u01 (2 modules) reason=null
2026-10-10T01:14:02.428Z active document changed: (none)
2026-10-10T01:14:02.428Z loadProject: no active .sokonanoda document
2026-10-10T01:14:02.439Z active document changed: file:///var/folders/81/6wvjcvys3y300jnj259_2jbw0000gn/T/sokonanoda-vscode-test-bvqSpL/typing-latency.sokonanoda
2026-10-10T01:14:02.441Z soko/project ok: project=null reason=no-imports
2026-10-10T01:14:03.302Z soko/project ok: project=null reason=no-imports
2026-10-10T01:14:03.979Z soko/project ok: project=null reason=no-imports
PERF editor_keystroke_latency file=typing-latency.sokonanoda decls=24 diagnostics_ms=103 panel_ms=254 flicker_frames=0 keystrokes=8 lights_per_keystroke=0.00 tree_fires=4 typed=" intro hq"
2026-10-10T01:14:03.990Z active document changed: (none)
2026-10-10T01:14:03.990Z loadProject: no active .sokonanoda document
2026-10-10T01:14:04.003Z active document changed: file:///var/folders/81/6wvjcvys3y300jnj259_2jbw0000gn/T/sokonanoda-vscode-test-bvqSpL/latency-project/units/typing.sokonanoda
2026-10-10T01:14:04.005Z soko/project ok: project=null reason=no-imports
2026-10-10T01:14:04.240Z soko/project ok: project=units.typing (2 modules) reason=null
2026-10-10T01:14:05.200Z soko/project ok: project=units.typing (2 modules) reason=null
2026-10-10T01:14:06.785Z soko/project ok: project=units.typing (2 modules) reason=null
PERF editor_keystroke_latency_project keystrokes=9 lights_showdelay_0=18 lights_default=0
2026-10-10T01:14:07.240Z active document changed: (none)
2026-10-10T01:14:07.240Z loadProject: no active .sokonanoda document
2026-10-10T01:14:07.259Z active document changed: file:///var/folders/81/6wvjcvys3y300jnj259_2jbw0000gn/T/sokonanoda-vscode-test-bvqSpL/latency-steady/units/typing.sokonanoda
2026-10-10T01:14:07.261Z soko/project ok: project=null reason=no-imports
2026-10-10T01:14:07.881Z soko/project ok: project=units.typing (2 modules) reason=null
2026-10-10T01:14:07.897Z active document changed: (none)
2026-10-10T01:14:07.897Z loadProject: no active .sokonanoda document
2026-10-10T01:14:07.922Z client state: stopped
