# scripts/vscode-e2e.sh — VS Code 1.138.0 · extension v0.68.0 · 5dbe940a82dd4f15bd93d49165840d5f8fba44fd
# 结果：27 passing / 0 failing / 0 pending（exit=0）

## doctor（服务器解析与版本自述）
--- doctor ---
sokonanoda doctor — 扩展 v0.68.0 (6 checks)
[ok] 1/6 resolution：bundled — /home/runner/work/sokonanoda-lang/sokonanoda-lang/editor/vscode/bin/linux-x64/sokonanoda-lsp (source=bundled)
[ok] 2/6 server-version：0.68.0 (pid 3115) == 扩展 v0.68.0 (source=bundled)
[ok] 3/6 host-version：运行宿主 v0.68.0
[ok] 4/6 ignored-override：没有被忽略的 serverPath/env 覆盖
[info] 5/6 download-cache：无下载缓存（仅影响 CLI/universal 兜底，不影响内置服务器）
[info] 6/6 obsolete-versions：检测到 0 个扩展版本快照、0 个 .obsolete 条目；完整重启 VS Code 会自动清理

## 用例
    ✔ .sokonanoda files get the sokonanoda language id (91ms)
    ✔ confusable-character highlight is off for sokonanoda files
    ✔ #check results appear as inlay hints (285ms)
    ✔ clean lesson publishes empty diagnostics (145ms)
    ✔ kernel-rejected declaration carries the kernel-rejected code (77ms)
    ✔ open exercise carries a sorry warning, not an error (58ms)
    ✔ a declaration named Prop warns, not errors (165ms)
    ✔ open exercise shows a hover on the hole (144ms)
    ✔ notation input: the rewriter produces ∧ and hover teaches \and (159ms)
    ✔ restart server command re-syncs open documents (110ms)
    ✔ infoview command is registered and revealable (154ms)
    ✔ the project tree shows the real closure of an imported module (302ms)
    ✔ the project tree names the file a single-file document is (151ms)
    ✔ the project tree marks a broken import as the root cause (155ms)
    ✔ build / rebuild commands warm the compile cache through the CLI (174ms)
    ✔ doctor command returns a read-only source + version report (86ms)
    ✔ declarations panel lists a project unit's declarations (107ms)
    ✔ open declaration ships coloured goal runs to the Infoview (47ms)
    ✔ next hole jumps inside a project unit (69ms)
    ✔ warmCacheOnOpen pre-builds the workspace at activation
    ✔ reopening a project unit hits the compile cache (4304ms)
    ✔ rewriting an unchanged project unit does not recompile (1572ms)
    ✔ editing a dependency refreshes the open unit once (5438ms)
    ✔ goal text uses the file's notation (734ms)
    ✔ goal text folds a binder notation whose type contains a lambda (337ms)
    ✔ go to definition on a notation symbol lands on its declaration (95ms)
    ✔ hover on a notation symbol shows the target's signature (93ms)

## 扩展接线日志（SOKO_E2E_LOG）
2026-09-25T13:05:06.400Z server command: /home/runner/work/sokonanoda-lang/sokonanoda-lang/editor/vscode/bin/linux-x64/sokonanoda-lsp (source=bundled)
2026-09-25T13:05:06.401Z client state: starting
2026-09-25T13:05:06.454Z client state: running
2026-09-25T13:05:06.461Z loadProject: no active .sokonanoda document
2026-09-25T13:05:06.722Z active document changed: file:///tmp/sokonanoda-vscode-test-qlqqos/check.sokonanoda
2026-09-25T13:05:06.768Z soko/project ok: project=null reason=no-imports
2026-09-25T13:05:06.920Z soko/project ok: project=null reason=no-imports
2026-09-25T13:05:06.923Z active document changed: (none)
2026-09-25T13:05:06.923Z loadProject: no active .sokonanoda document
2026-09-25T13:05:06.985Z active document changed: file:///tmp/sokonanoda-vscode-test-qlqqos/lesson-clean.sokonanoda
2026-09-25T13:05:06.996Z soko/project ok: project=null reason=no-imports
2026-09-25T13:05:07.088Z active document changed: (none)
2026-09-25T13:05:07.088Z loadProject: no active .sokonanoda document
2026-09-25T13:05:07.154Z active document changed: file:///tmp/sokonanoda-vscode-test-qlqqos/kernel-bad.sokonanoda
2026-09-25T13:05:07.179Z soko/project ok: project=null reason=no-imports
2026-09-25T13:05:07.243Z active document changed: (none)
2026-09-25T13:05:07.243Z loadProject: no active .sokonanoda document
2026-09-25T13:05:07.295Z active document changed: file:///tmp/sokonanoda-vscode-test-qlqqos/exercise.sokonanoda
2026-09-25T13:05:07.310Z soko/project ok: project=null reason=no-imports
2026-09-25T13:05:07.362Z active document changed: (none)
2026-09-25T13:05:07.362Z loadProject: no active .sokonanoda document
2026-09-25T13:05:07.415Z active document changed: file:///tmp/sokonanoda-vscode-test-qlqqos/reserved.sokonanoda
2026-09-25T13:05:07.429Z soko/project ok: project=null reason=no-imports
2026-09-25T13:05:07.577Z active document changed: (none)
2026-09-25T13:05:07.577Z loadProject: no active .sokonanoda document
2026-09-25T13:05:07.633Z loadProject: no active .sokonanoda document
2026-09-25T13:05:07.682Z active document changed: file:///tmp/sokonanoda-vscode-test-qlqqos/exercise-hover.sokonanoda
2026-09-25T13:05:07.698Z soko/project ok: project=null reason=no-imports
2026-09-25T13:05:07.759Z active document changed: (none)
2026-09-25T13:05:07.759Z loadProject: no active .sokonanoda document
2026-09-25T13:05:07.804Z active document changed: file:///tmp/sokonanoda-vscode-test-qlqqos/notation-input.sokonanoda
2026-09-25T13:05:07.814Z soko/project ok: project=null reason=no-imports
2026-09-25T13:05:07.874Z soko/project ok: project=null reason=no-imports
2026-09-25T13:05:07.946Z active document changed: (none)
2026-09-25T13:05:07.946Z loadProject: no active .sokonanoda document
2026-09-25T13:05:07.997Z active document changed: file:///tmp/sokonanoda-vscode-test-qlqqos/restart.sokonanoda
2026-09-25T13:05:08.011Z soko/project ok: project=null reason=no-imports
2026-09-25T13:05:08.020Z client state: stopped
2026-09-25T13:05:08.023Z client state: starting
2026-09-25T13:05:08.057Z client state: running
2026-09-25T13:05:08.129Z active document changed: (none)
2026-09-25T13:05:08.129Z loadProject: no active .sokonanoda document
2026-09-25T13:05:08.321Z loadProject: no active .sokonanoda document
2026-09-25T13:05:08.387Z active document changed: file:///tmp/sokonanoda-vscode-test-qlqqos/proj-ok/Main.sokonanoda
2026-09-25T13:05:08.402Z soko/project ok: project=Main (2 modules) reason=null
2026-09-25T13:05:08.407Z soko/project ok: project=Main (2 modules) reason=null
2026-09-25T13:05:08.510Z soko/project ok: project=Main (2 modules) reason=null
2026-09-25T13:05:08.602Z soko/project ok: project=Main (2 modules) reason=null
2026-09-25T13:05:08.613Z active document changed: (none)
2026-09-25T13:05:08.613Z loadProject: no active .sokonanoda document
2026-09-25T13:05:08.651Z active document changed: file:///tmp/sokonanoda-vscode-test-qlqqos/single.sokonanoda
2026-09-25T13:05:08.663Z soko/project ok: project=null reason=no-imports
2026-09-25T13:05:08.670Z soko/project ok: project=null reason=no-imports
2026-09-25T13:05:08.778Z active document changed: (none)
2026-09-25T13:05:08.778Z loadProject: no active .sokonanoda document
2026-09-25T13:05:08.820Z active document changed: file:///tmp/sokonanoda-vscode-test-qlqqos/proj-broken/Main.sokonanoda
2026-09-25T13:05:08.834Z soko/project ok: project=Main (1 modules) reason=null
2026-09-25T13:05:08.839Z soko/project ok: project=Main (1 modules) reason=null
2026-09-25T13:05:08.840Z soko/project ok: project=Main (1 modules) reason=null
2026-09-25T13:05:08.947Z active document changed: (none)
2026-09-25T13:05:08.947Z loadProject: no active .sokonanoda document
2026-09-25T13:05:08.990Z active document changed: file:///tmp/sokonanoda-vscode-test-qlqqos/build-smoke.sokonanoda
2026-09-25T13:05:09.003Z soko/project ok: project=null reason=no-imports
2026-09-25T13:05:09.091Z soko/project ok: project=null reason=no-imports
2026-09-25T13:05:09.135Z soko/project ok: project=null reason=no-imports
2026-09-25T13:05:09.179Z soko/project ok: project=null reason=no-imports
2026-09-25T13:05:09.199Z active document changed: (none)
2026-09-25T13:05:09.199Z loadProject: no active .sokonanoda document
2026-09-25T13:05:09.488Z active document changed: file:///home/runner/work/sokonanoda-lang/sokonanoda-lang/editor/vscode/src/test/fixtures/workspace/units/u01.sokonanoda
2026-09-25T13:05:09.506Z soko/project ok: project=units.u01 (2 modules) reason=null
2026-09-25T13:05:09.649Z active document changed: (none)
2026-09-25T13:05:09.649Z loadProject: no active .sokonanoda document
2026-09-25T13:05:09.681Z active document changed: file:///home/runner/work/sokonanoda-lang/sokonanoda-lang/editor/vscode/src/test/fixtures/workspace/units/u01.sokonanoda
2026-09-25T13:05:09.697Z soko/project ok: project=units.u01 (2 modules) reason=null
2026-09-25T13:05:09.730Z soko/project ok: project=units.u01 (2 modules) reason=null
2026-09-25T13:05:09.771Z active document changed: (none)
2026-09-25T13:05:09.771Z loadProject: no active .sokonanoda document
2026-09-25T13:05:09.802Z warmCacheOnOpen: exit=0
2026-09-25T13:05:09.834Z active document changed: file:///home/runner/work/sokonanoda-lang/sokonanoda-lang/editor/vscode/src/test/fixtures/workspace/units/u01.sokonanoda
2026-09-25T13:05:09.847Z soko/project ok: project=units.u01 (2 modules) reason=null
2026-09-25T13:05:09.911Z active document changed: (none)
2026-09-25T13:05:09.911Z loadProject: no active .sokonanoda document
2026-09-25T13:05:09.953Z active document changed: file:///home/runner/work/sokonanoda-lang/sokonanoda-lang/editor/vscode/src/test/fixtures/workspace/units/u02.sokonanoda
2026-09-25T13:05:09.968Z soko/project ok: project=null reason=no-imports
2026-09-25T13:05:14.183Z client state: stopped
2026-09-25T13:05:14.185Z client state: starting
2026-09-25T13:05:14.198Z client state: running
PERF e2e cache: cold=4247ms warm=55ms
2026-09-25T13:05:14.284Z active document changed: (none)
2026-09-25T13:05:14.284Z loadProject: no active .sokonanoda document
2026-09-25T13:05:14.343Z active document changed: file:///home/runner/work/sokonanoda-lang/sokonanoda-lang/editor/vscode/src/test/fixtures/workspace/units/u01.sokonanoda
2026-09-25T13:05:14.357Z soko/project ok: project=units.u01 (2 modules) reason=null
2026-09-25T13:05:14.594Z soko/project ok: project=units.u01 (2 modules) reason=null
2026-09-25T13:05:14.943Z soko/project ok: project=units.u01 (2 modules) reason=null
2026-09-25T13:05:15.867Z active document changed: (none)
2026-09-25T13:05:15.867Z loadProject: no active .sokonanoda document
2026-09-25T13:05:15.886Z active document changed: file:///home/runner/work/sokonanoda-lang/sokonanoda-lang/editor/vscode/src/test/fixtures/workspace/units/u01.sokonanoda
2026-09-25T13:05:15.894Z soko/project ok: project=units.u01 (2 modules) reason=null
2026-09-25T13:05:16.999Z soko/project ok: project=units.u01 (2 modules) reason=null
PERF e2e fanout: entry diagnostics signature=152 字节 · 稳定 ✓
2026-09-25T13:05:21.314Z active document changed: (none)
2026-09-25T13:05:21.314Z loadProject: no active .sokonanoda document
2026-09-25T13:05:21.337Z active document changed: file:///home/runner/work/sokonanoda-lang/sokonanoda-lang/editor/vscode/src/test/fixtures/workspace/units/u01.sokonanoda
2026-09-25T13:05:21.346Z soko/project ok: project=units.u01 (2 modules) reason=null
2026-09-25T13:05:21.980Z soko/project ok: project=units.u01 (2 modules) reason=null
2026-09-25T13:05:22.059Z active document changed: (none)
2026-09-25T13:05:22.059Z loadProject: no active .sokonanoda document
2026-09-25T13:05:22.083Z active document changed: file:///home/runner/work/sokonanoda-lang/sokonanoda-lang/editor/vscode/src/test/fixtures/workspace/units/u01.sokonanoda
2026-09-25T13:05:22.093Z soko/project ok: project=units.u01 (2 modules) reason=null
2026-09-25T13:05:22.406Z active document changed: (none)
2026-09-25T13:05:22.406Z loadProject: no active .sokonanoda document
2026-09-25T13:05:22.426Z active document changed: file:///home/runner/work/sokonanoda-lang/sokonanoda-lang/editor/vscode/src/test/fixtures/workspace/units/u01.sokonanoda
2026-09-25T13:05:22.438Z soko/project ok: project=units.u01 (2 modules) reason=null
2026-09-25T13:05:22.513Z active document changed: (none)
2026-09-25T13:05:22.513Z loadProject: no active .sokonanoda document
2026-09-25T13:05:22.537Z active document changed: file:///home/runner/work/sokonanoda-lang/sokonanoda-lang/editor/vscode/src/test/fixtures/workspace/units/u01.sokonanoda
2026-09-25T13:05:22.550Z soko/project ok: project=units.u01 (2 modules) reason=null
2026-09-25T13:05:22.639Z active document changed: (none)
2026-09-25T13:05:22.639Z loadProject: no active .sokonanoda document
2026-09-25T13:05:22.714Z client state: stopped
