# scripts/vscode-e2e.sh — VS Code 1.106.0 · extension v0.59.0 · de7589030f1a44a8fae56459c97f4204edb53739
# 结果：14 passing / 0 failing / 0 pending（exit=0）

## doctor（服务器解析与版本自述）
--- doctor ---
sokonanoda doctor — 扩展 v0.59.0 (6 checks)
[ok] 1/6 resolution：bundled — /home/runner/work/sokonanoda-lang/sokonanoda-lang/editor/vscode/bin/linux-x64/sokonanoda-lsp (source=bundled)
[ok] 2/6 server-version：0.59.0 (pid 2835) == 扩展 v0.59.0 (source=bundled)
[ok] 3/6 host-version：运行宿主 v0.59.0
[ok] 4/6 ignored-override：没有被忽略的 serverPath/env 覆盖
[info] 5/6 download-cache：无下载缓存（仅影响 CLI/universal 兜底，不影响内置服务器）
[info] 6/6 obsolete-versions：检测到 0 个扩展版本快照、0 个 .obsolete 条目；完整重启 VS Code 会自动清理

## 用例
    ✔ .sokonanoda files get the sokonanoda language id (44ms)
    ✔ confusable-character highlight is off for sokonanoda files
    ✔ #check results appear as inlay hints (113ms)
    ✔ clean lesson publishes empty diagnostics (84ms)
    ✔ kernel-rejected declaration carries the kernel-rejected code
    ✔ open exercise carries a sorry warning, not an error (38ms)
    ✔ a declaration named Prop warns, not errors
    ✔ open exercise shows a hover on the hole (50ms)
    ✔ restart server command re-syncs open documents (66ms)
    ✔ infoview command is registered and revealable (72ms)
    ✔ the project tree shows the real closure of an imported module (142ms)
    ✔ the project tree names the file a single-file document is (126ms)
    ✔ the project tree marks a broken import as the root cause (126ms)
    ✔ doctor command returns a read-only source + version report

## 扩展接线日志（SOKO_E2E_LOG）
2026-09-19T01:45:01.363Z server command: /home/runner/work/sokonanoda-lang/sokonanoda-lang/editor/vscode/bin/linux-x64/sokonanoda-lsp (source=bundled)
2026-09-19T01:45:01.364Z client state: starting
2026-09-19T01:45:01.375Z client state: running
2026-09-19T01:45:01.379Z loadProject: no active .sokonanoda document
2026-09-19T01:45:01.526Z active document changed: file:///tmp/sokonanoda-vscode-test-bE2Jxb/check.sokonanoda
2026-09-19T01:45:01.532Z soko/project ok: project=null reason=no-imports
2026-09-19T01:45:01.606Z active document changed: (none)
2026-09-19T01:45:01.606Z loadProject: no active .sokonanoda document
2026-09-19T01:45:01.629Z active document changed: file:///tmp/sokonanoda-vscode-test-bE2Jxb/lesson-clean.sokonanoda
2026-09-19T01:45:01.647Z soko/project ok: project=null reason=no-imports
2026-09-19T01:45:01.704Z active document changed: (none)
2026-09-19T01:45:01.704Z loadProject: no active .sokonanoda document
2026-09-19T01:45:01.723Z active document changed: file:///tmp/sokonanoda-vscode-test-bE2Jxb/kernel-bad.sokonanoda
2026-09-19T01:45:01.729Z soko/project ok: project=null reason=no-imports
2026-09-19T01:45:01.756Z active document changed: (none)
2026-09-19T01:45:01.756Z loadProject: no active .sokonanoda document
2026-09-19T01:45:01.791Z active document changed: file:///tmp/sokonanoda-vscode-test-bE2Jxb/exercise.sokonanoda
2026-09-19T01:45:01.798Z soko/project ok: project=null reason=no-imports
2026-09-19T01:45:01.819Z active document changed: (none)
2026-09-19T01:45:01.819Z loadProject: no active .sokonanoda document
2026-09-19T01:45:01.842Z active document changed: file:///tmp/sokonanoda-vscode-test-bE2Jxb/reserved.sokonanoda
2026-09-19T01:45:01.852Z soko/project ok: project=null reason=no-imports
2026-09-19T01:45:01.875Z active document changed: (none)
2026-09-19T01:45:01.875Z loadProject: no active .sokonanoda document
2026-09-19T01:45:01.900Z active document changed: file:///tmp/sokonanoda-vscode-test-bE2Jxb/exercise-hover.sokonanoda
2026-09-19T01:45:01.908Z soko/project ok: project=null reason=no-imports
2026-09-19T01:45:01.944Z active document changed: (none)
2026-09-19T01:45:01.944Z loadProject: no active .sokonanoda document
2026-09-19T01:45:01.966Z active document changed: file:///tmp/sokonanoda-vscode-test-bE2Jxb/restart.sokonanoda
2026-09-19T01:45:01.975Z soko/project ok: project=null reason=no-imports
2026-09-19T01:45:01.975Z client state: stopped
2026-09-19T01:45:01.979Z client state: starting
2026-09-19T01:45:02.004Z client state: running
2026-09-19T01:45:02.024Z active document changed: (none)
2026-09-19T01:45:02.025Z loadProject: no active .sokonanoda document
2026-09-19T01:45:02.130Z active document changed: file:///tmp/sokonanoda-vscode-test-bE2Jxb/proj-ok/Main.sokonanoda
2026-09-19T01:45:02.139Z soko/project ok: project=Main (2 modules) reason=null
2026-09-19T01:45:02.143Z soko/project ok: project=Main (2 modules) reason=null
2026-09-19T01:45:02.247Z active document changed: (none)
2026-09-19T01:45:02.247Z loadProject: no active .sokonanoda document
2026-09-19T01:45:02.268Z active document changed: file:///tmp/sokonanoda-vscode-test-bE2Jxb/single.sokonanoda
2026-09-19T01:45:02.272Z soko/project ok: project=null reason=no-imports
2026-09-19T01:45:02.275Z soko/project ok: project=null reason=no-imports
2026-09-19T01:45:02.378Z active document changed: (none)
2026-09-19T01:45:02.378Z loadProject: no active .sokonanoda document
2026-09-19T01:45:02.399Z active document changed: file:///tmp/sokonanoda-vscode-test-bE2Jxb/proj-broken/Main.sokonanoda
2026-09-19T01:45:02.406Z soko/project ok: project=Main (1 modules) reason=null
2026-09-19T01:45:02.407Z soko/project ok: project=Main (1 modules) reason=null
2026-09-19T01:45:02.509Z active document changed: (none)
2026-09-19T01:45:02.509Z loadProject: no active .sokonanoda document
2026-09-19T01:45:02.545Z client state: stopped
