# scripts/vscode-e2e.sh — VS Code 1.138.0 · extension v0.63.0 · be63cd38f8f6f429f6ba3d3e85cdd8bf8b7c61b7
# 结果：16 passing / 0 failing / 0 pending（exit=0）

## doctor（服务器解析与版本自述）
--- doctor ---
sokonanoda doctor — 扩展 v0.63.0 (6 checks)
[ok] 1/6 resolution：bundled — /Users/penglingwei/Documents/lean/sokonanoda/sokonanoda-lang/editor/vscode/bin/darwin-arm64/sokonanoda-lsp (source=bundled)
[ok] 2/6 server-version：0.63.0 (pid 25643) == 扩展 v0.63.0 (source=bundled)
[ok] 3/6 host-version：运行宿主 v0.63.0
[ok] 4/6 ignored-override：没有被忽略的 serverPath/env 覆盖
[info] 5/6 download-cache：缓存 marker 0.55.0 darwin-arm64 != 扩展 v0.63.0；可运行 sokonanoda update
[info] 6/6 obsolete-versions：检测到 0 个扩展版本快照、0 个 .obsolete 条目；完整重启 VS Code 会自动清理

## 用例
    ✔ .sokonanoda files get the sokonanoda language id
    ✔ confusable-character highlight is off for sokonanoda files
    ✔ #check results appear as inlay hints (126ms)
    ✔ clean lesson publishes empty diagnostics
    ✔ kernel-rejected declaration carries the kernel-rejected code
    ✔ open exercise carries a sorry warning, not an error
    ✔ a declaration named Prop warns, not errors
    ✔ open exercise shows a hover on the hole
    ✔ notation input: the rewriter produces ∧ and hover teaches \and
    ✔ restart server command re-syncs open documents (62ms)
    ✔ infoview command is registered and revealable
    ✔ the project tree shows the real closure of an imported module (133ms)
    ✔ the project tree names the file a single-file document is (116ms)
    ✔ the project tree marks a broken import as the root cause (118ms)
    ✔ build / rebuild commands warm the compile cache through the CLI (490ms)
    ✔ doctor command returns a read-only source + version report

## 扩展接线日志（SOKO_E2E_LOG）
2026-09-21T05:01:10.359Z server command: /Users/penglingwei/Documents/lean/sokonanoda/sokonanoda-lang/editor/vscode/bin/darwin-arm64/sokonanoda-lsp (source=bundled)
2026-09-21T05:01:10.360Z client state: starting
2026-09-21T05:01:11.124Z client state: running
2026-09-21T05:01:11.127Z loadProject: no active .sokonanoda document
2026-09-21T05:01:11.276Z active document changed: file:///var/folders/81/6wvjcvys3y300jnj259_2jbw0000gn/T/sokonanoda-vscode-test-98RgiX/check.sokonanoda
2026-09-21T05:01:11.283Z soko/project ok: project=null reason=no-imports
2026-09-21T05:01:11.361Z active document changed: (none)
2026-09-21T05:01:11.362Z loadProject: no active .sokonanoda document
2026-09-21T05:01:11.386Z active document changed: file:///var/folders/81/6wvjcvys3y300jnj259_2jbw0000gn/T/sokonanoda-vscode-test-98RgiX/lesson-clean.sokonanoda
2026-09-21T05:01:11.388Z soko/project ok: project=null reason=no-imports
2026-09-21T05:01:11.406Z active document changed: (none)
2026-09-21T05:01:11.406Z loadProject: no active .sokonanoda document
2026-09-21T05:01:11.424Z active document changed: file:///var/folders/81/6wvjcvys3y300jnj259_2jbw0000gn/T/sokonanoda-vscode-test-98RgiX/kernel-bad.sokonanoda
2026-09-21T05:01:11.427Z soko/project ok: project=null reason=no-imports
2026-09-21T05:01:11.438Z active document changed: (none)
2026-09-21T05:01:11.439Z loadProject: no active .sokonanoda document
2026-09-21T05:01:11.455Z active document changed: file:///var/folders/81/6wvjcvys3y300jnj259_2jbw0000gn/T/sokonanoda-vscode-test-98RgiX/exercise.sokonanoda
2026-09-21T05:01:11.458Z soko/project ok: project=null reason=no-imports
2026-09-21T05:01:11.468Z active document changed: (none)
2026-09-21T05:01:11.468Z loadProject: no active .sokonanoda document
2026-09-21T05:01:11.487Z active document changed: file:///var/folders/81/6wvjcvys3y300jnj259_2jbw0000gn/T/sokonanoda-vscode-test-98RgiX/reserved.sokonanoda
2026-09-21T05:01:11.489Z soko/project ok: project=null reason=no-imports
2026-09-21T05:01:11.501Z active document changed: (none)
2026-09-21T05:01:11.502Z loadProject: no active .sokonanoda document
2026-09-21T05:01:11.521Z active document changed: file:///var/folders/81/6wvjcvys3y300jnj259_2jbw0000gn/T/sokonanoda-vscode-test-98RgiX/exercise-hover.sokonanoda
2026-09-21T05:01:11.523Z soko/project ok: project=null reason=no-imports
2026-09-21T05:01:11.533Z active document changed: (none)
2026-09-21T05:01:11.533Z loadProject: no active .sokonanoda document
2026-09-21T05:01:11.551Z active document changed: file:///var/folders/81/6wvjcvys3y300jnj259_2jbw0000gn/T/sokonanoda-vscode-test-98RgiX/notation-input.sokonanoda
2026-09-21T05:01:11.553Z soko/project ok: project=null reason=no-imports
2026-09-21T05:01:11.579Z active document changed: (none)
2026-09-21T05:01:11.579Z loadProject: no active .sokonanoda document
2026-09-21T05:01:11.593Z active document changed: file:///var/folders/81/6wvjcvys3y300jnj259_2jbw0000gn/T/sokonanoda-vscode-test-98RgiX/restart.sokonanoda
2026-09-21T05:01:11.594Z soko/project ok: project=null reason=no-imports
2026-09-21T05:01:11.599Z client state: stopped
2026-09-21T05:01:11.603Z client state: starting
2026-09-21T05:01:11.615Z client state: running
2026-09-21T05:01:11.647Z active document changed: (none)
2026-09-21T05:01:11.647Z loadProject: no active .sokonanoda document
2026-09-21T05:01:11.698Z active document changed: file:///var/folders/81/6wvjcvys3y300jnj259_2jbw0000gn/T/sokonanoda-vscode-test-98RgiX/proj-ok/Main.sokonanoda
2026-09-21T05:01:11.709Z soko/project ok: project=Main (2 modules) reason=null
2026-09-21T05:01:11.713Z soko/project ok: project=Main (2 modules) reason=null
2026-09-21T05:01:11.813Z active document changed: (none)
2026-09-21T05:01:11.813Z loadProject: no active .sokonanoda document
2026-09-21T05:01:11.824Z active document changed: file:///var/folders/81/6wvjcvys3y300jnj259_2jbw0000gn/T/sokonanoda-vscode-test-98RgiX/single.sokonanoda
2026-09-21T05:01:11.826Z soko/project ok: project=null reason=no-imports
2026-09-21T05:01:11.829Z soko/project ok: project=null reason=no-imports
2026-09-21T05:01:11.933Z active document changed: (none)
2026-09-21T05:01:11.934Z loadProject: no active .sokonanoda document
2026-09-21T05:01:11.948Z active document changed: file:///var/folders/81/6wvjcvys3y300jnj259_2jbw0000gn/T/sokonanoda-vscode-test-98RgiX/proj-broken/Main.sokonanoda
2026-09-21T05:01:11.949Z soko/project ok: project=Main (1 modules) reason=null
2026-09-21T05:01:11.954Z soko/project ok: project=Main (1 modules) reason=null
2026-09-21T05:01:12.078Z active document changed: (none)
2026-09-21T05:01:12.079Z loadProject: no active .sokonanoda document
2026-09-21T05:01:12.091Z active document changed: file:///var/folders/81/6wvjcvys3y300jnj259_2jbw0000gn/T/sokonanoda-vscode-test-98RgiX/build-smoke.sokonanoda
2026-09-21T05:01:12.092Z soko/project ok: project=null reason=no-imports
2026-09-21T05:01:12.290Z soko/project ok: project=null reason=no-imports
2026-09-21T05:01:12.555Z soko/project ok: project=null reason=no-imports
2026-09-21T05:01:12.571Z soko/project ok: project=null reason=no-imports
2026-09-21T05:01:12.574Z active document changed: (none)
2026-09-21T05:01:12.575Z loadProject: no active .sokonanoda document
2026-09-21T05:01:12.594Z client state: stopped
