# scripts/vscode-e2e.sh — VS Code 1.106.0 · extension v0.67.0 · 5053579274f58cc03876057c6e2c2be54f30e733
# 结果：26 passing / 0 failing / 0 pending（exit=0）

## doctor（服务器解析与版本自述）
--- doctor ---
sokonanoda doctor — 扩展 v0.67.0 (6 checks)
[ok] 1/6 resolution：bundled — /home/runner/work/sokonanoda-lang/sokonanoda-lang/editor/vscode/bin/linux-x64/sokonanoda-lsp (source=bundled)
[ok] 2/6 server-version：0.67.0 (pid 3021) == 扩展 v0.67.0 (source=bundled)
[ok] 3/6 host-version：运行宿主 v0.67.0
[ok] 4/6 ignored-override：没有被忽略的 serverPath/env 覆盖
[info] 5/6 download-cache：无下载缓存（仅影响 CLI/universal 兜底，不影响内置服务器）
[info] 6/6 obsolete-versions：检测到 0 个扩展版本快照、0 个 .obsolete 条目；完整重启 VS Code 会自动清理

## 用例
    ✔ .sokonanoda files get the sokonanoda language id (96ms)
    ✔ confusable-character highlight is off for sokonanoda files
    ✔ #check results appear as inlay hints (253ms)
    ✔ clean lesson publishes empty diagnostics (152ms)
    ✔ kernel-rejected declaration carries the kernel-rejected code (171ms)
    ✔ open exercise carries a sorry warning, not an error (297ms)
    ✔ a declaration named Prop warns, not errors (123ms)
    ✔ open exercise shows a hover on the hole (190ms)
    ✔ notation input: the rewriter produces ∧ and hover teaches \and (370ms)
    ✔ restart server command re-syncs open documents (140ms)
    ✔ infoview command is registered and revealable (199ms)
    ✔ the project tree shows the real closure of an imported module (374ms)
    ✔ the project tree names the file a single-file document is (160ms)
    ✔ the project tree marks a broken import as the root cause (149ms)
    ✔ build / rebuild commands warm the compile cache through the CLI (103ms)
    ✔ doctor command returns a read-only source + version report (74ms)
    ✔ declarations panel lists a project unit's declarations (62ms)
    ✔ open declaration ships coloured goal runs to the Infoview (94ms)
    ✔ next hole jumps inside a project unit (81ms)
    ✔ warmCacheOnOpen pre-builds the workspace at activation
    ✔ reopening a project unit hits the compile cache (307ms)
    ✔ rewriting an unchanged project unit does not recompile (1550ms)
    ✔ editing a dependency refreshes the open unit once (1530ms)
    ✔ goal text uses the file's notation (738ms)
    ✔ go to definition on a notation symbol lands on its declaration (76ms)
    ✔ hover on a notation symbol shows the target's signature (89ms)

## 扩展接线日志（SOKO_E2E_LOG）
2026-09-25T03:49:39.049Z server command: /home/runner/work/sokonanoda-lang/sokonanoda-lang/editor/vscode/bin/linux-x64/sokonanoda-lsp (source=bundled)
2026-09-25T03:49:39.051Z client state: starting
2026-09-25T03:49:39.070Z client state: running
2026-09-25T03:49:39.080Z loadProject: no active .sokonanoda document
2026-09-25T03:49:39.344Z active document changed: file:///tmp/sokonanoda-vscode-test-Kg8EmT/check.sokonanoda
2026-09-25T03:49:39.352Z soko/project ok: project=null reason=no-imports
2026-09-25T03:49:39.543Z soko/project ok: project=null reason=no-imports
2026-09-25T03:49:39.545Z active document changed: (none)
2026-09-25T03:49:39.545Z loadProject: no active .sokonanoda document
2026-09-25T03:49:39.596Z active document changed: file:///tmp/sokonanoda-vscode-test-Kg8EmT/lesson-clean.sokonanoda
2026-09-25T03:49:39.619Z soko/project ok: project=null reason=no-imports
2026-09-25T03:49:39.718Z active document changed: (none)
2026-09-25T03:49:39.718Z loadProject: no active .sokonanoda document
2026-09-25T03:49:39.777Z active document changed: file:///tmp/sokonanoda-vscode-test-Kg8EmT/kernel-bad.sokonanoda
2026-09-25T03:49:39.795Z soko/project ok: project=null reason=no-imports
2026-09-25T03:49:39.815Z soko/project ok: project=null reason=no-imports
2026-09-25T03:49:39.901Z active document changed: (none)
2026-09-25T03:49:39.901Z loadProject: no active .sokonanoda document
2026-09-25T03:49:40.021Z loadProject: no active .sokonanoda document
2026-09-25T03:49:40.110Z active document changed: file:///tmp/sokonanoda-vscode-test-Kg8EmT/exercise.sokonanoda
2026-09-25T03:49:40.168Z soko/project ok: project=null reason=no-imports
2026-09-25T03:49:40.292Z active document changed: (none)
2026-09-25T03:49:40.292Z loadProject: no active .sokonanoda document
2026-09-25T03:49:40.336Z loadProject: no active .sokonanoda document
2026-09-25T03:49:40.408Z active document changed: file:///tmp/sokonanoda-vscode-test-Kg8EmT/reserved.sokonanoda
2026-09-25T03:49:40.426Z soko/project ok: project=null reason=no-imports
2026-09-25T03:49:40.476Z active document changed: (none)
2026-09-25T03:49:40.476Z loadProject: no active .sokonanoda document
2026-09-25T03:49:40.575Z active document changed: file:///tmp/sokonanoda-vscode-test-Kg8EmT/exercise-hover.sokonanoda
2026-09-25T03:49:40.594Z soko/project ok: project=null reason=no-imports
2026-09-25T03:49:40.679Z active document changed: (none)
2026-09-25T03:49:40.679Z loadProject: no active .sokonanoda document
2026-09-25T03:49:40.741Z loadProject: no active .sokonanoda document
2026-09-25T03:49:40.834Z active document changed: file:///tmp/sokonanoda-vscode-test-Kg8EmT/notation-input.sokonanoda
2026-09-25T03:49:40.853Z soko/project ok: project=null reason=no-imports
2026-09-25T03:49:41.032Z soko/project ok: project=null reason=no-imports
2026-09-25T03:49:41.116Z active document changed: (none)
2026-09-25T03:49:41.117Z loadProject: no active .sokonanoda document
2026-09-25T03:49:41.176Z active document changed: file:///tmp/sokonanoda-vscode-test-Kg8EmT/restart.sokonanoda
2026-09-25T03:49:41.196Z soko/project ok: project=null reason=no-imports
2026-09-25T03:49:41.199Z client state: stopped
2026-09-25T03:49:41.208Z client state: starting
2026-09-25T03:49:41.247Z client state: running
2026-09-25T03:49:41.312Z active document changed: (none)
2026-09-25T03:49:41.312Z loadProject: no active .sokonanoda document
2026-09-25T03:49:41.456Z loadProject: no active .sokonanoda document
2026-09-25T03:49:41.657Z warmCacheOnOpen: exit=0
2026-09-25T03:49:41.669Z active document changed: file:///tmp/sokonanoda-vscode-test-Kg8EmT/proj-ok/Main.sokonanoda
2026-09-25T03:49:41.687Z soko/project ok: project=null reason=no-imports
2026-09-25T03:49:41.696Z soko/project ok: project=Main (2 modules) reason=null
2026-09-25T03:49:41.795Z soko/project ok: project=Main (2 modules) reason=null
2026-09-25T03:49:41.894Z soko/project ok: project=Main (2 modules) reason=null
2026-09-25T03:49:41.905Z active document changed: (none)
2026-09-25T03:49:41.905Z loadProject: no active .sokonanoda document
2026-09-25T03:49:41.960Z active document changed: file:///tmp/sokonanoda-vscode-test-Kg8EmT/single.sokonanoda
2026-09-25T03:49:41.968Z soko/project ok: project=null reason=no-imports
2026-09-25T03:49:41.975Z soko/project ok: project=null reason=no-imports
2026-09-25T03:49:42.082Z active document changed: (none)
2026-09-25T03:49:42.082Z loadProject: no active .sokonanoda document
2026-09-25T03:49:42.123Z active document changed: file:///tmp/sokonanoda-vscode-test-Kg8EmT/proj-broken/Main.sokonanoda
2026-09-25T03:49:42.135Z soko/project ok: project=Main (1 modules) reason=null
2026-09-25T03:49:42.139Z soko/project ok: project=Main (1 modules) reason=null
2026-09-25T03:49:42.143Z soko/project ok: project=Main (1 modules) reason=null
2026-09-25T03:49:42.247Z active document changed: (none)
2026-09-25T03:49:42.247Z loadProject: no active .sokonanoda document
2026-09-25T03:49:42.292Z active document changed: file:///tmp/sokonanoda-vscode-test-Kg8EmT/build-smoke.sokonanoda
2026-09-25T03:49:42.313Z soko/project ok: project=null reason=no-imports
2026-09-25T03:49:42.314Z soko/project ok: project=null reason=no-imports
2026-09-25T03:49:42.332Z soko/project ok: project=null reason=no-imports
2026-09-25T03:49:42.358Z soko/project ok: project=null reason=no-imports
2026-09-25T03:49:42.396Z active document changed: (none)
2026-09-25T03:49:42.396Z loadProject: no active .sokonanoda document
2026-09-25T03:49:42.476Z loadProject: no active .sokonanoda document
2026-09-25T03:49:42.538Z active document changed: file:///home/runner/work/sokonanoda-lang/sokonanoda-lang/editor/vscode/src/test/fixtures/workspace/units/u01.sokonanoda
2026-09-25T03:49:42.543Z soko/project ok: project=units.u01 (2 modules) reason=null
2026-09-25T03:49:42.691Z active document changed: (none)
2026-09-25T03:49:42.691Z loadProject: no active .sokonanoda document
2026-09-25T03:49:42.713Z loadProject: no active .sokonanoda document
2026-09-25T03:49:42.781Z active document changed: file:///home/runner/work/sokonanoda-lang/sokonanoda-lang/editor/vscode/src/test/fixtures/workspace/units/u01.sokonanoda
2026-09-25T03:49:42.787Z soko/project ok: project=units.u01 (2 modules) reason=null
2026-09-25T03:49:42.870Z active document changed: (none)
2026-09-25T03:49:42.870Z loadProject: no active .sokonanoda document
2026-09-25T03:49:42.942Z active document changed: file:///home/runner/work/sokonanoda-lang/sokonanoda-lang/editor/vscode/src/test/fixtures/workspace/units/u01.sokonanoda
2026-09-25T03:49:42.945Z soko/project ok: project=units.u01 (2 modules) reason=null
2026-09-25T03:49:43.062Z active document changed: (none)
2026-09-25T03:49:43.062Z loadProject: no active .sokonanoda document
2026-09-25T03:49:43.149Z active document changed: file:///home/runner/work/sokonanoda-lang/sokonanoda-lang/editor/vscode/src/test/fixtures/workspace/units/u02.sokonanoda
2026-09-25T03:49:43.193Z soko/project ok: project=units.u02 (2 modules) reason=null
2026-09-25T03:49:43.210Z client state: stopped
2026-09-25T03:49:43.213Z client state: starting
2026-09-25T03:49:43.233Z client state: running
PERF e2e cache: cold=111ms warm=193ms
2026-09-25T03:49:43.442Z active document changed: (none)
2026-09-25T03:49:43.442Z loadProject: no active .sokonanoda document
2026-09-25T03:49:43.479Z active document changed: file:///home/runner/work/sokonanoda-lang/sokonanoda-lang/editor/vscode/src/test/fixtures/workspace/units/u01.sokonanoda
2026-09-25T03:49:43.491Z soko/project ok: project=units.u01 (2 modules) reason=null
2026-09-25T03:49:43.586Z soko/project ok: project=units.u01 (2 modules) reason=null
2026-09-25T03:49:44.074Z soko/project ok: project=units.u01 (2 modules) reason=null
2026-09-25T03:49:45.000Z active document changed: (none)
2026-09-25T03:49:45.000Z loadProject: no active .sokonanoda document
2026-09-25T03:49:45.023Z active document changed: file:///home/runner/work/sokonanoda-lang/sokonanoda-lang/editor/vscode/src/test/fixtures/workspace/units/u01.sokonanoda
2026-09-25T03:49:45.025Z soko/project ok: project=units.u01 (2 modules) reason=null
2026-09-25T03:49:46.188Z soko/project ok: project=units.u01 (2 modules) reason=null
PERF e2e fanout: entry diagnostics publishes=1
2026-09-25T03:49:46.542Z active document changed: (none)
2026-09-25T03:49:46.542Z loadProject: no active .sokonanoda document
2026-09-25T03:49:46.572Z active document changed: file:///home/runner/work/sokonanoda-lang/sokonanoda-lang/editor/vscode/src/test/fixtures/workspace/units/u01.sokonanoda
2026-09-25T03:49:46.574Z soko/project ok: project=units.u01 (2 modules) reason=null
2026-09-25T03:49:47.222Z soko/project ok: project=units.u01 (2 modules) reason=null
2026-09-25T03:49:47.290Z active document changed: (none)
2026-09-25T03:49:47.290Z loadProject: no active .sokonanoda document
2026-09-25T03:49:47.307Z active document changed: file:///home/runner/work/sokonanoda-lang/sokonanoda-lang/editor/vscode/src/test/fixtures/workspace/units/u01.sokonanoda
2026-09-25T03:49:47.310Z soko/project ok: project=units.u01 (2 modules) reason=null
2026-09-25T03:49:47.387Z active document changed: (none)
2026-09-25T03:49:47.387Z loadProject: no active .sokonanoda document
2026-09-25T03:49:47.410Z active document changed: file:///home/runner/work/sokonanoda-lang/sokonanoda-lang/editor/vscode/src/test/fixtures/workspace/units/u01.sokonanoda
2026-09-25T03:49:47.413Z soko/project ok: project=units.u01 (2 modules) reason=null
2026-09-25T03:49:47.485Z active document changed: (none)
2026-09-25T03:49:47.485Z loadProject: no active .sokonanoda document
2026-09-25T03:49:47.525Z client state: stopped
