# scripts/vscode-e2e.sh — VS Code 1.106.0 · extension v0.78.0 · 10a63b8d22875fd0c80c97608bbadbb5c775e7b9
# 结果：35 passing / 0 failing / 0 pending（exit=0）

## doctor（服务器解析与版本自述）
--- doctor ---
sokonanoda doctor — 扩展 v0.78.0 (6 checks)
[ok] 1/6 resolution：bundled — /home/runner/work/sokonanoda-lang/sokonanoda-lang/editor/vscode/bin/linux-x64/sokonanoda-lsp (source=bundled)
[ok] 2/6 server-version：0.78.0 (pid 2925) == 扩展 v0.78.0 (source=bundled)
[ok] 3/6 host-version：运行宿主 v0.78.0
[ok] 4/6 ignored-override：没有被忽略的 serverPath/env 覆盖
[info] 5/6 download-cache：无下载缓存（仅影响 CLI/universal 兜底，不影响内置服务器）
[info] 6/6 obsolete-versions：检测到 0 个扩展版本快照、0 个 .obsolete 条目；完整重启 VS Code 会自动清理

## 用例
    ✔ .sokonanoda files get the sokonanoda language id (200ms)
    ✔ confusable-character highlight is off for sokonanoda files
    ✔ #check results appear as inlay hints (259ms)
    ✔ clean lesson publishes empty diagnostics (185ms)
    ✔ kernel-rejected declaration carries the kernel-rejected code (170ms)
    ✔ open exercise carries a sorry warning, not an error (91ms)
    ✔ a declaration named Prop warns, not errors (143ms)
    ✔ open exercise shows a hover on the hole (125ms)
    ✔ hover 的类型文本折成记法（T-U12 面 #3，e2e 那一份） (246ms)
    ✔ notation input: the rewriter produces ∧ and hover teaches \and (204ms)
    ✔ restart server command re-syncs open documents (103ms)
    ✔ infoview command is registered and revealable (119ms)
    ✔ the project tree shows the real closure of an imported module (291ms)
    ✔ the project tree names the file a single-file document is (138ms)
    ✔ the project tree marks a broken import as the root cause (137ms)
    ✔ build / rebuild commands warm the compile cache through the CLI (10178ms)
    ✔ Clean Cache empties the project store and does not compile (E31) (7565ms)
    ✔ the Infoview receives the project view (E30) (38ms)
    ✔ Infoview 'definition' lands exactly where the editor F12 lands (E27) (118ms)
    ✔ doctor command returns a read-only source + version report
    ✔ declarations panel lists a project unit's declarations
    ✔ open declaration ships coloured goal runs to the Infoview
    ✔ next hole jumps inside a project unit
    ✔ warmCacheOnOpen pre-builds the workspace at activation
    ✔ reopening a project unit hits the compile cache (4512ms)
    ✔ rewriting an unchanged project unit does not recompile (1931ms)
    ✔ editing a dependency refreshes the open unit once (5838ms)
    ✔ goal text uses the file's notation (642ms)
    ✔ goal text folds a binder notation whose type contains a lambda (337ms)
    ✔ Infoview 的 `⊢` 用记法箭头 `→`，且 runs 与 text 同源 (122ms)
    ✔ Infoview 里集合字面量显示成 `{a}`（不是 `Set.singleton α a`） (340ms)
    ✔ go to definition on a `{a}` set literal lands on `Set.singleton` (69ms)
    ✔ go to definition on a prelude name lands in the prelude source (87ms)
    ✔ go to definition on a notation symbol lands on its declaration (99ms)
    ✔ hover on a notation symbol shows the target's signature (92ms)

## 扩展接线日志（SOKO_E2E_LOG）
2026-09-29T03:26:06.580Z server command: /home/runner/work/sokonanoda-lang/sokonanoda-lang/editor/vscode/bin/linux-x64/sokonanoda-lsp (source=bundled)
2026-09-29T03:26:06.582Z client state: starting
2026-09-29T03:26:06.610Z client state: running
2026-09-29T03:26:06.626Z loadProject: no active .sokonanoda document
2026-09-29T03:26:07.021Z active document changed: file:///tmp/sokonanoda-vscode-test-aZZEne/check.sokonanoda
2026-09-29T03:26:07.032Z soko/project ok: project=null reason=no-imports
2026-09-29T03:26:07.216Z soko/project ok: project=null reason=no-imports
2026-09-29T03:26:07.225Z active document changed: (none)
2026-09-29T03:26:07.225Z loadProject: no active .sokonanoda document
2026-09-29T03:26:07.303Z active document changed: file:///tmp/sokonanoda-vscode-test-aZZEne/lesson-clean.sokonanoda
2026-09-29T03:26:07.321Z soko/project ok: project=null reason=no-imports
2026-09-29T03:26:07.433Z active document changed: (none)
2026-09-29T03:26:07.433Z loadProject: no active .sokonanoda document
2026-09-29T03:26:07.494Z loadProject: no active .sokonanoda document
2026-09-29T03:26:07.496Z active document changed: file:///tmp/sokonanoda-vscode-test-aZZEne/kernel-bad.sokonanoda
2026-09-29T03:26:07.509Z soko/project ok: project=null reason=no-imports
2026-09-29T03:26:07.619Z active document changed: (none)
2026-09-29T03:26:07.619Z loadProject: no active .sokonanoda document
2026-09-29T03:26:07.701Z active document changed: file:///tmp/sokonanoda-vscode-test-aZZEne/exercise.sokonanoda
2026-09-29T03:26:07.715Z soko/project ok: project=null reason=no-imports
2026-09-29T03:26:07.716Z soko/project ok: project=null reason=no-imports
2026-09-29T03:26:07.763Z active document changed: (none)
2026-09-29T03:26:07.763Z loadProject: no active .sokonanoda document
2026-09-29T03:26:07.800Z active document changed: file:///tmp/sokonanoda-vscode-test-aZZEne/reserved.sokonanoda
2026-09-29T03:26:07.811Z soko/project ok: project=null reason=no-imports
2026-09-29T03:26:07.944Z active document changed: (none)
2026-09-29T03:26:07.944Z loadProject: no active .sokonanoda document
2026-09-29T03:26:08.006Z active document changed: file:///tmp/sokonanoda-vscode-test-aZZEne/exercise-hover.sokonanoda
2026-09-29T03:26:08.019Z soko/project ok: project=null reason=no-imports
2026-09-29T03:26:08.019Z soko/project ok: project=null reason=no-imports
2026-09-29T03:26:08.086Z active document changed: (none)
2026-09-29T03:26:08.086Z loadProject: no active .sokonanoda document
2026-09-29T03:26:08.142Z active document changed: file:///home/runner/work/sokonanoda-lang/sokonanoda-lang/editor/vscode/src/test/fixtures/workspace/units/u01.sokonanoda
2026-09-29T03:26:08.163Z soko/project ok: project=units.u01 (2 modules) reason=null
2026-09-29T03:26:08.180Z soko/project ok: project=units.u01 (2 modules) reason=null
2026-09-29T03:26:08.333Z soko/project ok: project=units.u01 (2 modules) reason=null
2026-09-29T03:26:08.347Z active document changed: (none)
2026-09-29T03:26:08.347Z loadProject: no active .sokonanoda document
2026-09-29T03:26:08.412Z active document changed: file:///tmp/sokonanoda-vscode-test-aZZEne/notation-input.sokonanoda
2026-09-29T03:26:08.427Z soko/project ok: project=null reason=no-imports
2026-09-29T03:26:08.583Z active document changed: (none)
2026-09-29T03:26:08.583Z loadProject: no active .sokonanoda document
2026-09-29T03:26:08.620Z active document changed: file:///tmp/sokonanoda-vscode-test-aZZEne/restart.sokonanoda
2026-09-29T03:26:08.635Z soko/project ok: project=null reason=no-imports
2026-09-29T03:26:08.637Z soko/project ok: project=null reason=no-imports
2026-09-29T03:26:08.638Z client state: stopped
2026-09-29T03:26:08.642Z client state: starting
2026-09-29T03:26:08.672Z client state: running
2026-09-29T03:26:08.736Z active document changed: (none)
2026-09-29T03:26:08.736Z loadProject: no active .sokonanoda document
2026-09-29T03:26:08.886Z loadProject: no active .sokonanoda document
2026-09-29T03:26:08.942Z active document changed: file:///tmp/sokonanoda-vscode-test-aZZEne/proj-ok/Main.sokonanoda
2026-09-29T03:26:08.950Z soko/project ok: project=Main (2 modules) reason=null
2026-09-29T03:26:08.956Z soko/project ok: project=Main (2 modules) reason=null
2026-09-29T03:26:09.057Z soko/project ok: project=Main (2 modules) reason=null
2026-09-29T03:26:09.136Z soko/project ok: project=Main (2 modules) reason=null
2026-09-29T03:26:09.164Z active document changed: (none)
2026-09-29T03:26:09.164Z loadProject: no active .sokonanoda document
2026-09-29T03:26:09.195Z active document changed: file:///tmp/sokonanoda-vscode-test-aZZEne/single.sokonanoda
2026-09-29T03:26:09.209Z soko/project ok: project=null reason=no-imports
2026-09-29T03:26:09.210Z soko/project ok: project=null reason=no-imports
2026-09-29T03:26:09.311Z active document changed: (none)
2026-09-29T03:26:09.311Z loadProject: no active .sokonanoda document
2026-09-29T03:26:09.341Z active document changed: file:///tmp/sokonanoda-vscode-test-aZZEne/proj-broken/Main.sokonanoda
2026-09-29T03:26:09.351Z soko/project ok: project=Main (1 modules) reason=null
2026-09-29T03:26:09.355Z soko/project ok: project=Main (1 modules) reason=null
2026-09-29T03:26:09.461Z active document changed: (none)
2026-09-29T03:26:09.461Z loadProject: no active .sokonanoda document
2026-09-29T03:26:09.500Z active document changed: file:///home/runner/work/sokonanoda-lang/sokonanoda-lang/editor/vscode/src/test/fixtures/workspace/units/u01.sokonanoda
2026-09-29T03:26:09.522Z soko/project ok: project=units.u01 (2 modules) reason=null
2026-09-29T03:26:09.536Z soko/project ok: project=units.u01 (2 modules) reason=null
2026-09-29T03:26:12.577Z warmCacheOnOpen: exit=0
2026-09-29T03:26:14.632Z soko/project ok: project=units.u01 (2 modules) reason=null
2026-09-29T03:26:19.644Z soko/project ok: project=units.u01 (2 modules) reason=null
2026-09-29T03:26:19.654Z active document changed: (none)
2026-09-29T03:26:19.654Z loadProject: no active .sokonanoda document
2026-09-29T03:26:19.686Z active document changed: file:///home/runner/work/sokonanoda-lang/sokonanoda-lang/editor/vscode/src/test/fixtures/workspace/units/u01.sokonanoda
2026-09-29T03:26:19.692Z soko/project ok: project=units.u01 (2 modules) reason=null
2026-09-29T03:26:20.707Z soko/project ok: project=units.u01 (2 modules) reason=null
2026-09-29T03:26:20.714Z soko/project ok: project=units.u01 (2 modules) reason=null
2026-09-29T03:26:27.224Z soko/project ok: project=units.u01 (2 modules) reason=null
2026-09-29T03:26:27.241Z active document changed: (none)
2026-09-29T03:26:27.241Z loadProject: no active .sokonanoda document
2026-09-29T03:26:27.273Z active document changed: file:///home/runner/work/sokonanoda-lang/sokonanoda-lang/editor/vscode/src/test/fixtures/workspace/units/u01.sokonanoda
2026-09-29T03:26:27.279Z soko/project ok: project=units.u01 (2 modules) reason=null
2026-09-29T03:26:27.329Z active document changed: (none)
2026-09-29T03:26:27.329Z loadProject: no active .sokonanoda document
2026-09-29T03:26:27.346Z active document changed: file:///home/runner/work/sokonanoda-lang/sokonanoda-lang/editor/vscode/src/test/fixtures/workspace/units/u01.sokonanoda
2026-09-29T03:26:27.355Z soko/project ok: project=units.u01 (2 modules) reason=null
2026-09-29T03:26:27.425Z active document changed: (none)
2026-09-29T03:26:27.425Z loadProject: no active .sokonanoda document
2026-09-29T03:26:27.433Z active document changed: file:///home/runner/work/sokonanoda-lang/sokonanoda-lang/editor/vscode/src/test/fixtures/workspace/lib/Set.sokonanoda
2026-09-29T03:26:27.455Z soko/project ok: project=null reason=no-imports
2026-09-29T03:26:27.496Z active document changed: (none)
2026-09-29T03:26:27.496Z loadProject: no active .sokonanoda document
2026-09-29T03:26:27.555Z active document changed: file:///home/runner/work/sokonanoda-lang/sokonanoda-lang/editor/vscode/src/test/fixtures/workspace/units/u01.sokonanoda
2026-09-29T03:26:27.562Z soko/project ok: project=units.u01 (2 modules) reason=null
2026-09-29T03:26:27.623Z soko/project ok: project=units.u01 (2 modules) reason=null
2026-09-29T03:26:27.626Z active document changed: (none)
2026-09-29T03:26:27.626Z loadProject: no active .sokonanoda document
2026-09-29T03:26:27.648Z active document changed: file:///home/runner/work/sokonanoda-lang/sokonanoda-lang/editor/vscode/src/test/fixtures/workspace/units/u01.sokonanoda
2026-09-29T03:26:27.663Z soko/project ok: project=units.u01 (2 modules) reason=null
2026-09-29T03:26:27.704Z active document changed: (none)
2026-09-29T03:26:27.705Z loadProject: no active .sokonanoda document
2026-09-29T03:26:27.723Z active document changed: file:///home/runner/work/sokonanoda-lang/sokonanoda-lang/editor/vscode/src/test/fixtures/workspace/units/u01.sokonanoda
2026-09-29T03:26:27.732Z soko/project ok: project=units.u01 (2 modules) reason=null
2026-09-29T03:26:27.781Z active document changed: (none)
2026-09-29T03:26:27.781Z loadProject: no active .sokonanoda document
2026-09-29T03:26:27.807Z active document changed: file:///home/runner/work/sokonanoda-lang/sokonanoda-lang/editor/vscode/src/test/fixtures/workspace/units/u02-cold-open.sokonanoda
2026-09-29T03:26:27.822Z soko/project ok: project=null reason=no-imports
2026-09-29T03:26:32.250Z client state: stopped
2026-09-29T03:26:32.252Z client state: starting
2026-09-29T03:26:32.260Z client state: running
PERF e2e cache: cold=4456ms warm=55ms
2026-09-29T03:26:32.339Z active document changed: (none)
2026-09-29T03:26:32.339Z loadProject: no active .sokonanoda document
2026-09-29T03:26:32.361Z active document changed: file:///home/runner/work/sokonanoda-lang/sokonanoda-lang/editor/vscode/src/test/fixtures/workspace/units/u01.sokonanoda
2026-09-29T03:26:32.370Z soko/project ok: project=units.u01 (2 modules) reason=null
2026-09-29T03:26:32.504Z soko/project ok: project=units.u01 (2 modules) reason=null
2026-09-29T03:26:32.901Z soko/project ok: project=units.u01 (2 modules) reason=null
2026-09-29T03:26:33.357Z soko/project ok: project=units.u01 (2 modules) reason=null
2026-09-29T03:26:34.278Z active document changed: (none)
2026-09-29T03:26:34.278Z loadProject: no active .sokonanoda document
2026-09-29T03:26:34.296Z active document changed: file:///home/runner/work/sokonanoda-lang/sokonanoda-lang/editor/vscode/src/test/fixtures/workspace/units/u01.sokonanoda
2026-09-29T03:26:34.304Z soko/project ok: project=units.u01 (2 modules) reason=null
2026-09-29T03:26:35.022Z soko/project ok: project=units.u01 (2 modules) reason=null
2026-09-29T03:26:35.724Z soko/project ok: project=units.u01 (2 modules) reason=null
PERF e2e fanout: entry diagnostics signature=152 字节 · 稳定 ✓
2026-09-29T03:26:40.125Z active document changed: (none)
2026-09-29T03:26:40.125Z loadProject: no active .sokonanoda document
2026-09-29T03:26:40.156Z active document changed: file:///home/runner/work/sokonanoda-lang/sokonanoda-lang/editor/vscode/src/test/fixtures/workspace/units/u01.sokonanoda
2026-09-29T03:26:40.163Z soko/project ok: project=units.u01 (2 modules) reason=null
2026-09-29T03:26:40.763Z soko/project ok: project=units.u01 (2 modules) reason=null
2026-09-29T03:26:40.779Z active document changed: (none)
2026-09-29T03:26:40.779Z loadProject: no active .sokonanoda document
2026-09-29T03:26:40.807Z active document changed: file:///home/runner/work/sokonanoda-lang/sokonanoda-lang/editor/vscode/src/test/fixtures/workspace/units/u01.sokonanoda
2026-09-29T03:26:40.819Z soko/project ok: project=units.u01 (2 modules) reason=null
2026-09-29T03:26:41.125Z active document changed: (none)
2026-09-29T03:26:41.125Z loadProject: no active .sokonanoda document
2026-09-29T03:26:41.139Z active document changed: file:///home/runner/work/sokonanoda-lang/sokonanoda-lang/editor/vscode/src/test/fixtures/workspace/units/u01.sokonanoda
2026-09-29T03:26:41.148Z soko/project ok: project=units.u01 (2 modules) reason=null
2026-09-29T03:26:41.233Z soko/project ok: project=units.u01 (2 modules) reason=null
2026-09-29T03:26:41.258Z active document changed: (none)
2026-09-29T03:26:41.258Z loadProject: no active .sokonanoda document
2026-09-29T03:26:41.290Z active document changed: file:///home/runner/work/sokonanoda-lang/sokonanoda-lang/editor/vscode/src/test/fixtures/workspace/units/u01.sokonanoda
2026-09-29T03:26:41.298Z soko/project ok: project=units.u01 (2 modules) reason=null
2026-09-29T03:26:41.606Z active document changed: (none)
2026-09-29T03:26:41.606Z loadProject: no active .sokonanoda document
2026-09-29T03:26:41.620Z active document changed: file:///home/runner/work/sokonanoda-lang/sokonanoda-lang/editor/vscode/src/test/fixtures/workspace/units/u01.sokonanoda
2026-09-29T03:26:41.628Z soko/project ok: project=units.u01 (2 modules) reason=null
2026-09-29T03:26:41.683Z active document changed: (none)
2026-09-29T03:26:41.683Z loadProject: no active .sokonanoda document
2026-09-29T03:26:41.701Z active document changed: file:///home/runner/work/sokonanoda-lang/sokonanoda-lang/editor/vscode/src/test/fixtures/workspace/units/u01.sokonanoda
2026-09-29T03:26:41.710Z soko/project ok: project=units.u01 (2 modules) reason=null
2026-09-29T03:26:41.778Z active document changed: (none)
2026-09-29T03:26:41.778Z loadProject: no active .sokonanoda document
2026-09-29T03:26:41.804Z active document changed: file:///home/runner/work/sokonanoda-lang/sokonanoda-lang/editor/vscode/src/test/fixtures/workspace/units/u01.sokonanoda
2026-09-29T03:26:41.818Z soko/project ok: project=units.u01 (2 modules) reason=null
2026-09-29T03:26:41.894Z active document changed: (none)
2026-09-29T03:26:41.895Z loadProject: no active .sokonanoda document
2026-09-29T03:26:41.916Z active document changed: file:///home/runner/work/sokonanoda-lang/sokonanoda-lang/editor/vscode/src/test/fixtures/workspace/units/u01.sokonanoda
2026-09-29T03:26:41.930Z soko/project ok: project=units.u01 (2 modules) reason=null
2026-09-29T03:26:41.995Z active document changed: (none)
2026-09-29T03:26:41.995Z loadProject: no active .sokonanoda document
2026-09-29T03:26:42.034Z client state: stopped
