# scripts/vscode-e2e.sh — VS Code 1.138.0 · extension v0.87.3 · 885359ce7c2ac81481cb7c3ab9f0e1f029649116
# 结果：47 passing / 0 failing / 0 pending（exit=0）

## doctor（服务器解析与版本自述）
--- doctor ---
sokonanoda doctor — 扩展 v0.87.3 (6 checks)
[ok] 1/6 resolution：bundled — /Users/penglingwei/Documents/lean/sokonanoda/sokonanoda-lang/editor/vscode/bin/darwin-arm64/sokonanoda-lsp (source=bundled)
[ok] 2/6 server-version：0.87.3 (pid 31723) == 扩展 v0.87.3 (source=bundled)
[ok] 3/6 host-version：运行宿主 v0.87.3
[ok] 4/6 ignored-override：没有被忽略的 serverPath/env 覆盖
[info] 5/6 download-cache：缓存 marker 0.73.0 darwin-arm64 != 扩展 v0.87.3；可运行 sokonanoda update
[info] 6/6 obsolete-versions：检测到 0 个扩展版本快照、0 个 .obsolete 条目；完整重启 VS Code 会自动清理

## 用例
    ✔ .sokonanoda files get the sokonanoda language id (46ms)
    ✔ confusable-character highlight is off for sokonanoda files
    ✔ `#check` results are NOT inlay hints (they live in the Infoview) (115ms)
    ✔ C3：`#check`/`#print` 的输出出现在 Infoview 的「命令输出」块里 (543ms)
    ✔ C3（项目模式）：带 import 的文件里 `#print` 的输出也要到 Infoview (525ms)
    ✔ C3 重复输出：项目文件里连续编辑，`#check` 的输出始终只有一条 (3678ms)
    ✔ C3 重复输出（产物回放）：从模块根产物回放之后再编辑，`#check`/`#print` 仍恰好一条 (4316ms)
    ✔ hover 收口 + 产物写者照实：卡片三处同形，产物版本不说谎（2026-10-10 第 3 轮） (345ms)
    ✔ clean lesson publishes empty diagnostics
    ✔ kernel-rejected declaration carries the kernel-rejected code
    ✔ open exercise carries a sorry warning, not an error
    ✔ a declaration named Prop warns, not errors
    ✔ open exercise shows a hover on the hole
    ✔ hover 的类型文本折成记法（T-U12 面 #3，e2e 那一份） (45ms)
    ✔ notation input: the rewriter produces ∧ and hover teaches \and
    ✔ notation input: greek letters and the anon-ctor brackets, in a real host (73ms)
    ✔ restart server command re-syncs open documents (137ms)
    ✔ infoview command is registered and revealable
    ✔ the project tree shows the real closure of an imported module (227ms)
    ✔ the project tree names the file a single-file document is (120ms)
    ✔ the project tree marks a broken import as the root cause (118ms)
    ✔ build / rebuild commands warm the compile cache through the CLI (159ms)
    ✔ Clean Cache empties the project store and does not compile (E31) (1675ms)
    ✔ Rebuild shows a non-zero percent while it is still running (②) (154ms)
    ✔ the Infoview receives the project view (E30) (115ms)
    ✔ Infoview 'definition' lands exactly where the editor F12 lands (E27) (57ms)
    ✔ import 行的模块名是链接，指向被导入的文件（documentLink） (40ms)
    ✔ doctor command returns a read-only source + version report
    ✔ declarations panel lists a project unit's declarations
    ✔ open declaration ships coloured goal runs to the Infoview
    ✔ next hole jumps inside a project unit
    ✔ warmCacheOnOpen pre-builds the workspace at activation
    ✔ reopening a project unit hits the compile cache (202ms)
    ✔ rewriting an unchanged project unit does not recompile (2226ms)
    ✔ editing a dependency refreshes the open unit once (4850ms)
    ✔ goal text uses the file's notation (317ms)
    ✔ goal text folds a binder notation whose type contains a lambda (320ms)
    ✔ B2：光标在末条 tactic 之内 ⇒ 目标是它**作用后**的状态（闭合 ⇒ 无目标） (319ms)
    ✔ Infoview 的 `⊢` 用记法箭头 `→`，且 runs 与 text 同源 (318ms)
    ✔ Infoview 里集合字面量显示成 `{a}`（不是 `Set.singleton α a`） (314ms)
    ✔ go to definition on a `{a}` set literal lands on `Set.singleton` (43ms)
    ✔ go to definition on a prelude name lands in the prelude source (74ms)
    ✔ go to definition on a notation symbol lands on its declaration
    ✔ hover on a notation symbol shows the target's signature
    ✔ edit responsiveness: last keystroke reaches diagnostics and the goal panel (1563ms)
    ✔ edit responsiveness (project mode): A/B flicker with the show delay off vs on (3325ms)
    ✔ edit responsiveness (project mode): first keystroke after open vs steady state (528ms)

## 扩展接线日志（SOKO_E2E_LOG）
2026-10-10T07:44:45.032Z server command: /Users/penglingwei/Documents/lean/sokonanoda/sokonanoda-lang/editor/vscode/bin/darwin-arm64/sokonanoda-lsp (source=bundled)
2026-10-10T07:44:45.033Z client state: starting
2026-10-10T07:44:45.421Z warmCacheOnOpen: exit=0
2026-10-10T07:44:45.580Z client state: running
2026-10-10T07:44:45.583Z loadProject: no active .sokonanoda document
2026-10-10T07:44:45.696Z active document changed: file:///var/folders/81/6wvjcvys3y300jnj259_2jbw0000gn/T/sokonanoda-vscode-test-JeEEkZ/check-no-inlay.sokonanoda
2026-10-10T07:44:45.716Z soko/project ok: project=null reason=no-imports
2026-10-10T07:44:45.783Z active document changed: (none)
2026-10-10T07:44:45.783Z loadProject: no active .sokonanoda document
2026-10-10T07:44:45.812Z active document changed: file:///var/folders/81/6wvjcvys3y300jnj259_2jbw0000gn/T/sokonanoda-vscode-test-JeEEkZ/c3-command-output.sokonanoda
2026-10-10T07:44:45.815Z soko/project ok: project=null reason=no-imports
2026-10-10T07:44:46.007Z soko/project ok: project=null reason=no-imports
2026-10-10T07:44:46.333Z active document changed: (none)
2026-10-10T07:44:46.333Z loadProject: no active .sokonanoda document
2026-10-10T07:44:46.349Z active document changed: file:///var/folders/81/6wvjcvys3y300jnj259_2jbw0000gn/T/sokonanoda-vscode-test-JeEEkZ/c3-project/Main.sokonanoda
2026-10-10T07:44:46.352Z soko/project ok: project=Main (2 modules) reason=null
2026-10-10T07:44:46.556Z soko/project ok: project=Main (2 modules) reason=null
2026-10-10T07:44:46.869Z active document changed: (none)
2026-10-10T07:44:46.869Z loadProject: no active .sokonanoda document
2026-10-10T07:44:46.889Z active document changed: file:///var/folders/81/6wvjcvys3y300jnj259_2jbw0000gn/T/sokonanoda-vscode-test-JeEEkZ/check-repeat/Main.sokonanoda
2026-10-10T07:44:46.891Z soko/project ok: project=null reason=no-imports
2026-10-10T07:44:47.098Z soko/project ok: project=Main (2 modules) reason=null
2026-10-10T07:44:47.449Z soko/project ok: project=Main (2 modules) reason=null
2026-10-10T07:44:47.758Z soko/project ok: project=Main (2 modules) reason=null
2026-10-10T07:44:48.068Z soko/project ok: project=Main (2 modules) reason=null
2026-10-10T07:44:50.561Z active document changed: (none)
2026-10-10T07:44:50.562Z loadProject: no active .sokonanoda document
2026-10-10T07:44:50.580Z active document changed: file:///var/folders/81/6wvjcvys3y300jnj259_2jbw0000gn/T/sokonanoda-vscode-test-JeEEkZ/check-replay/Main.sokonanoda
2026-10-10T07:44:50.581Z soko/project ok: project=null reason=no-imports
2026-10-10T07:44:50.854Z soko/project ok: project=Main (2 modules) reason=null
2026-10-10T07:44:51.205Z client state: stopped
2026-10-10T07:44:51.208Z client state: starting
2026-10-10T07:44:51.220Z client state: running
2026-10-10T07:44:51.412Z soko/project ok: project=Main (2 modules) reason=null
2026-10-10T07:44:52.047Z soko/project ok: project=Main (2 modules) reason=null
2026-10-10T07:44:52.399Z soko/project ok: project=Main (2 modules) reason=null
2026-10-10T07:44:54.886Z active document changed: (none)
2026-10-10T07:44:54.886Z loadProject: no active .sokonanoda document
2026-10-10T07:44:54.908Z active document changed: file:///var/folders/81/6wvjcvys3y300jnj259_2jbw0000gn/T/sokonanoda-vscode-test-JeEEkZ/hover-card/Main.sokonanoda
2026-10-10T07:44:54.909Z soko/project ok: project=Main (2 modules) reason=null
2026-10-10T07:44:55.169Z soko/project ok: project=Main (2 modules) reason=null
2026-10-10T07:44:55.242Z active document changed: (none)
2026-10-10T07:44:55.242Z loadProject: no active .sokonanoda document
2026-10-10T07:44:55.255Z active document changed: file:///var/folders/81/6wvjcvys3y300jnj259_2jbw0000gn/T/sokonanoda-vscode-test-JeEEkZ/lesson-clean.sokonanoda
2026-10-10T07:44:55.257Z soko/project ok: project=null reason=no-imports
2026-10-10T07:44:55.279Z active document changed: (none)
2026-10-10T07:44:55.279Z loadProject: no active .sokonanoda document
2026-10-10T07:44:55.294Z active document changed: file:///var/folders/81/6wvjcvys3y300jnj259_2jbw0000gn/T/sokonanoda-vscode-test-JeEEkZ/kernel-bad.sokonanoda
2026-10-10T07:44:55.296Z soko/project ok: project=null reason=no-imports
2026-10-10T07:44:55.321Z active document changed: (none)
2026-10-10T07:44:55.322Z loadProject: no active .sokonanoda document
2026-10-10T07:44:55.348Z active document changed: file:///var/folders/81/6wvjcvys3y300jnj259_2jbw0000gn/T/sokonanoda-vscode-test-JeEEkZ/exercise.sokonanoda
2026-10-10T07:44:55.355Z soko/project ok: project=null reason=no-imports
2026-10-10T07:44:55.373Z active document changed: (none)
2026-10-10T07:44:55.373Z loadProject: no active .sokonanoda document
2026-10-10T07:44:55.401Z active document changed: file:///var/folders/81/6wvjcvys3y300jnj259_2jbw0000gn/T/sokonanoda-vscode-test-JeEEkZ/reserved.sokonanoda
2026-10-10T07:44:55.403Z soko/project ok: project=null reason=no-imports
2026-10-10T07:44:55.415Z active document changed: (none)
2026-10-10T07:44:55.415Z loadProject: no active .sokonanoda document
2026-10-10T07:44:55.427Z active document changed: file:///var/folders/81/6wvjcvys3y300jnj259_2jbw0000gn/T/sokonanoda-vscode-test-JeEEkZ/exercise-hover.sokonanoda
2026-10-10T07:44:55.429Z soko/project ok: project=null reason=no-imports
2026-10-10T07:44:55.441Z active document changed: (none)
2026-10-10T07:44:55.441Z loadProject: no active .sokonanoda document
2026-10-10T07:44:55.454Z active document changed: file:///Users/penglingwei/Documents/lean/sokonanoda/sokonanoda-lang/editor/vscode/src/test/fixtures/workspace/units/u01.sokonanoda
2026-10-10T07:44:55.457Z soko/project ok: project=units.u01 (2 modules) reason=null
2026-10-10T07:44:55.492Z active document changed: (none)
2026-10-10T07:44:55.492Z loadProject: no active .sokonanoda document
2026-10-10T07:44:55.504Z active document changed: file:///var/folders/81/6wvjcvys3y300jnj259_2jbw0000gn/T/sokonanoda-vscode-test-JeEEkZ/notation-input.sokonanoda
2026-10-10T07:44:55.506Z soko/project ok: project=null reason=no-imports
2026-10-10T07:44:55.534Z active document changed: (none)
2026-10-10T07:44:55.534Z loadProject: no active .sokonanoda document
2026-10-10T07:44:55.557Z active document changed: file:///var/folders/81/6wvjcvys3y300jnj259_2jbw0000gn/T/sokonanoda-vscode-test-JeEEkZ/notation-input-greek.sokonanoda
2026-10-10T07:44:55.559Z soko/project ok: project=null reason=no-imports
2026-10-10T07:44:55.623Z active document changed: (none)
2026-10-10T07:44:55.623Z loadProject: no active .sokonanoda document
2026-10-10T07:44:55.642Z active document changed: file:///var/folders/81/6wvjcvys3y300jnj259_2jbw0000gn/T/sokonanoda-vscode-test-JeEEkZ/restart.sokonanoda
2026-10-10T07:44:55.644Z soko/project ok: project=null reason=no-imports
2026-10-10T07:44:55.651Z client state: stopped
2026-10-10T07:44:55.653Z client state: starting
2026-10-10T07:44:55.660Z client state: running
2026-10-10T07:44:55.768Z active document changed: (none)
2026-10-10T07:44:55.768Z loadProject: no active .sokonanoda document
2026-10-10T07:44:55.826Z active document changed: file:///var/folders/81/6wvjcvys3y300jnj259_2jbw0000gn/T/sokonanoda-vscode-test-JeEEkZ/proj-ok/Main.sokonanoda
2026-10-10T07:44:55.827Z soko/project ok: project=null reason=no-imports
2026-10-10T07:44:55.833Z soko/project ok: project=Main (2 modules) reason=null
2026-10-10T07:44:55.935Z soko/project ok: project=Main (2 modules) reason=null
2026-10-10T07:44:56.033Z soko/project ok: project=Main (2 modules) reason=null
2026-10-10T07:44:56.039Z active document changed: (none)
2026-10-10T07:44:56.039Z loadProject: no active .sokonanoda document
2026-10-10T07:44:56.051Z active document changed: file:///var/folders/81/6wvjcvys3y300jnj259_2jbw0000gn/T/sokonanoda-vscode-test-JeEEkZ/single.sokonanoda
2026-10-10T07:44:56.053Z soko/project ok: project=null reason=no-imports
2026-10-10T07:44:56.060Z soko/project ok: project=null reason=no-imports
2026-10-10T07:44:56.164Z active document changed: (none)
2026-10-10T07:44:56.164Z loadProject: no active .sokonanoda document
2026-10-10T07:44:56.178Z active document changed: file:///var/folders/81/6wvjcvys3y300jnj259_2jbw0000gn/T/sokonanoda-vscode-test-JeEEkZ/proj-broken/Main.sokonanoda
2026-10-10T07:44:56.182Z soko/project ok: project=Main (1 modules) reason=null
2026-10-10T07:44:56.186Z soko/project ok: project=Main (1 modules) reason=null
2026-10-10T07:44:56.288Z active document changed: (none)
2026-10-10T07:44:56.288Z loadProject: no active .sokonanoda document
2026-10-10T07:44:56.296Z active document changed: file:///Users/penglingwei/Documents/lean/sokonanoda/sokonanoda-lang/editor/vscode/src/test/fixtures/workspace/units/u01.sokonanoda
2026-10-10T07:44:56.299Z soko/project ok: project=units.u01 (2 modules) reason=null
2026-10-10T07:44:56.332Z soko/project ok: project=units.u01 (2 modules) reason=null
2026-10-10T07:44:56.384Z soko/project ok: project=units.u01 (2 modules) reason=null
2026-10-10T07:44:56.451Z soko/project ok: project=units.u01 (2 modules) reason=null
2026-10-10T07:44:56.470Z active document changed: (none)
2026-10-10T07:44:56.471Z loadProject: no active .sokonanoda document
2026-10-10T07:44:56.482Z active document changed: file:///Users/penglingwei/Documents/lean/sokonanoda/sokonanoda-lang/editor/vscode/src/test/fixtures/workspace/units/u01.sokonanoda
2026-10-10T07:44:56.486Z soko/project ok: project=units.u01 (2 modules) reason=null
2026-10-10T07:44:56.513Z soko/project ok: project=units.u01 (2 modules) reason=null
2026-10-10T07:44:56.530Z soko/project ok: project=units.u01 (2 modules) reason=null
2026-10-10T07:44:58.150Z soko/project ok: project=units.u01 (2 modules) reason=null
2026-10-10T07:44:58.165Z active document changed: (none)
2026-10-10T07:44:58.165Z loadProject: no active .sokonanoda document
2026-10-10T07:44:58.185Z active document changed: file:///Users/penglingwei/Documents/lean/sokonanoda/sokonanoda-lang/editor/vscode/src/test/fixtures/workspace/units/u01.sokonanoda
2026-10-10T07:44:58.187Z soko/project ok: project=units.u01 (2 modules) reason=null
2026-10-10T07:44:58.213Z soko/project ok: project=units.u01 (2 modules) reason=null
2026-10-10T07:44:58.322Z soko/project ok: project=units.u01 (2 modules) reason=null
2026-10-10T07:44:58.332Z active document changed: (none)
2026-10-10T07:44:58.332Z loadProject: no active .sokonanoda document
2026-10-10T07:44:58.340Z active document changed: file:///Users/penglingwei/Documents/lean/sokonanoda/sokonanoda-lang/editor/vscode/src/test/fixtures/workspace/units/u01.sokonanoda
2026-10-10T07:44:58.349Z soko/project ok: project=units.u01 (2 modules) reason=null
2026-10-10T07:44:58.453Z active document changed: (none)
2026-10-10T07:44:58.453Z loadProject: no active .sokonanoda document
2026-10-10T07:44:58.466Z active document changed: file:///Users/penglingwei/Documents/lean/sokonanoda/sokonanoda-lang/editor/vscode/src/test/fixtures/workspace/units/u01.sokonanoda
2026-10-10T07:44:58.469Z soko/project ok: project=units.u01 (2 modules) reason=null
2026-10-10T07:44:58.500Z active document changed: (none)
2026-10-10T07:44:58.500Z loadProject: no active .sokonanoda document
2026-10-10T07:44:58.505Z active document changed: file:///Users/penglingwei/Documents/lean/sokonanoda/sokonanoda-lang/editor/vscode/src/test/fixtures/workspace/lib/Set.sokonanoda
2026-10-10T07:44:58.509Z soko/project ok: project=null reason=no-imports
2026-10-10T07:44:58.536Z active document changed: (none)
2026-10-10T07:44:58.537Z loadProject: no active .sokonanoda document
2026-10-10T07:44:58.553Z active document changed: file:///var/folders/81/6wvjcvys3y300jnj259_2jbw0000gn/T/sokonanoda-vscode-test-JeEEkZ/import-links/Entry.sokonanoda
2026-10-10T07:44:58.555Z soko/project ok: project=null reason=no-imports
2026-10-10T07:44:58.583Z active document changed: (none)
2026-10-10T07:44:58.583Z loadProject: no active .sokonanoda document
2026-10-10T07:44:58.604Z active document changed: file:///Users/penglingwei/Documents/lean/sokonanoda/sokonanoda-lang/editor/vscode/src/test/fixtures/workspace/units/u01.sokonanoda
2026-10-10T07:44:58.607Z soko/project ok: project=units.u01 (2 modules) reason=null
2026-10-10T07:44:58.644Z active document changed: (none)
2026-10-10T07:44:58.645Z loadProject: no active .sokonanoda document
2026-10-10T07:44:58.658Z active document changed: file:///Users/penglingwei/Documents/lean/sokonanoda/sokonanoda-lang/editor/vscode/src/test/fixtures/workspace/units/u01.sokonanoda
2026-10-10T07:44:58.661Z soko/project ok: project=units.u01 (2 modules) reason=null
2026-10-10T07:44:58.688Z active document changed: (none)
2026-10-10T07:44:58.688Z loadProject: no active .sokonanoda document
2026-10-10T07:44:58.705Z active document changed: file:///Users/penglingwei/Documents/lean/sokonanoda/sokonanoda-lang/editor/vscode/src/test/fixtures/workspace/units/u01.sokonanoda
2026-10-10T07:44:58.708Z soko/project ok: project=units.u01 (2 modules) reason=null
2026-10-10T07:44:58.742Z active document changed: (none)
2026-10-10T07:44:58.743Z loadProject: no active .sokonanoda document
2026-10-10T07:44:58.757Z loadProject: no active .sokonanoda document
2026-10-10T07:44:58.762Z active document changed: file:///Users/penglingwei/Documents/lean/sokonanoda/sokonanoda-lang/editor/vscode/src/test/fixtures/workspace/units/u02-cold-open.sokonanoda
2026-10-10T07:44:58.763Z soko/project ok: project=null reason=no-imports
2026-10-10T07:44:58.900Z client state: stopped
2026-10-10T07:44:58.901Z client state: starting
2026-10-10T07:44:58.908Z client state: running
PERF e2e cache: cold=145ms warm=56ms
2026-10-10T07:44:58.958Z active document changed: (none)
2026-10-10T07:44:58.959Z loadProject: no active .sokonanoda document
2026-10-10T07:44:58.968Z active document changed: file:///Users/penglingwei/Documents/lean/sokonanoda/sokonanoda-lang/editor/vscode/src/test/fixtures/workspace/units/u01.sokonanoda
2026-10-10T07:44:58.970Z soko/project ok: project=null reason=no-imports
2026-10-10T07:44:59.268Z soko/project ok: project=units.u01 (2 modules) reason=null
2026-10-10T07:44:59.570Z soko/project ok: project=units.u01 (2 modules) reason=null
2026-10-10T07:45:00.237Z soko/project ok: project=units.u01 (2 modules) reason=null
2026-10-10T07:45:01.190Z active document changed: (none)
2026-10-10T07:45:01.190Z loadProject: no active .sokonanoda document
2026-10-10T07:45:01.203Z active document changed: file:///Users/penglingwei/Documents/lean/sokonanoda/sokonanoda-lang/editor/vscode/src/test/fixtures/workspace/units/u01.sokonanoda
2026-10-10T07:45:01.206Z soko/project ok: project=units.u01 (2 modules) reason=null
2026-10-10T07:45:01.753Z soko/project ok: project=units.u01 (2 modules) reason=null
PERF e2e fanout: entry diagnostics signature=152 字节 · 稳定 ✓
2026-10-10T07:45:06.045Z active document changed: (none)
2026-10-10T07:45:06.046Z loadProject: no active .sokonanoda document
2026-10-10T07:45:06.057Z active document changed: file:///Users/penglingwei/Documents/lean/sokonanoda/sokonanoda-lang/editor/vscode/src/test/fixtures/workspace/units/u01.sokonanoda
2026-10-10T07:45:06.059Z soko/project ok: project=units.u01 (2 modules) reason=null
2026-10-10T07:45:06.353Z soko/project ok: project=units.u01 (2 modules) reason=null
2026-10-10T07:45:06.368Z active document changed: (none)
2026-10-10T07:45:06.368Z loadProject: no active .sokonanoda document
2026-10-10T07:45:06.379Z active document changed: file:///Users/penglingwei/Documents/lean/sokonanoda/sokonanoda-lang/editor/vscode/src/test/fixtures/workspace/units/u01.sokonanoda
2026-10-10T07:45:06.382Z soko/project ok: project=units.u01 (2 modules) reason=null
2026-10-10T07:45:06.591Z soko/project ok: project=units.u01 (2 modules) reason=null
2026-10-10T07:45:06.694Z active document changed: (none)
2026-10-10T07:45:06.694Z loadProject: no active .sokonanoda document
2026-10-10T07:45:06.704Z active document changed: file:///Users/penglingwei/Documents/lean/sokonanoda/sokonanoda-lang/editor/vscode/src/test/fixtures/workspace/units/u01.sokonanoda
2026-10-10T07:45:06.707Z soko/project ok: project=units.u01 (2 modules) reason=null
2026-10-10T07:45:07.019Z active document changed: (none)
2026-10-10T07:45:07.019Z loadProject: no active .sokonanoda document
2026-10-10T07:45:07.031Z active document changed: file:///Users/penglingwei/Documents/lean/sokonanoda/sokonanoda-lang/editor/vscode/src/test/fixtures/workspace/units/u01.sokonanoda
2026-10-10T07:45:07.034Z soko/project ok: project=units.u01 (2 modules) reason=null
2026-10-10T07:45:07.342Z active document changed: (none)
2026-10-10T07:45:07.342Z loadProject: no active .sokonanoda document
2026-10-10T07:45:07.349Z active document changed: file:///Users/penglingwei/Documents/lean/sokonanoda/sokonanoda-lang/editor/vscode/src/test/fixtures/workspace/units/u01.sokonanoda
2026-10-10T07:45:07.351Z soko/project ok: project=units.u01 (2 modules) reason=null
2026-10-10T07:45:07.661Z active document changed: (none)
2026-10-10T07:45:07.661Z loadProject: no active .sokonanoda document
2026-10-10T07:45:07.671Z active document changed: file:///Users/penglingwei/Documents/lean/sokonanoda/sokonanoda-lang/editor/vscode/src/test/fixtures/workspace/units/u01.sokonanoda
2026-10-10T07:45:07.677Z soko/project ok: project=units.u01 (2 modules) reason=null
2026-10-10T07:45:07.714Z active document changed: (none)
2026-10-10T07:45:07.714Z loadProject: no active .sokonanoda document
2026-10-10T07:45:07.739Z active document changed: file:///Users/penglingwei/Documents/lean/sokonanoda/sokonanoda-lang/editor/vscode/src/test/fixtures/workspace/units/u01.sokonanoda
2026-10-10T07:45:07.748Z soko/project ok: project=units.u01 (2 modules) reason=null
2026-10-10T07:45:07.793Z active document changed: (none)
2026-10-10T07:45:07.793Z loadProject: no active .sokonanoda document
2026-10-10T07:45:07.801Z active document changed: file:///Users/penglingwei/Documents/lean/sokonanoda/sokonanoda-lang/editor/vscode/src/test/fixtures/workspace/units/u01.sokonanoda
2026-10-10T07:45:07.804Z soko/project ok: project=units.u01 (2 modules) reason=null
2026-10-10T07:45:07.833Z active document changed: (none)
2026-10-10T07:45:07.834Z loadProject: no active .sokonanoda document
2026-10-10T07:45:07.843Z active document changed: file:///Users/penglingwei/Documents/lean/sokonanoda/sokonanoda-lang/editor/vscode/src/test/fixtures/workspace/units/u01.sokonanoda
2026-10-10T07:45:07.845Z soko/project ok: project=units.u01 (2 modules) reason=null
2026-10-10T07:45:07.868Z active document changed: (none)
2026-10-10T07:45:07.869Z loadProject: no active .sokonanoda document
2026-10-10T07:45:07.882Z active document changed: file:///var/folders/81/6wvjcvys3y300jnj259_2jbw0000gn/T/sokonanoda-vscode-test-JeEEkZ/typing-latency.sokonanoda
2026-10-10T07:45:07.886Z soko/project ok: project=null reason=no-imports
2026-10-10T07:45:08.749Z soko/project ok: project=null reason=no-imports
2026-10-10T07:45:09.430Z soko/project ok: project=null reason=no-imports
PERF editor_keystroke_latency file=typing-latency.sokonanoda decls=24 diagnostics_ms=96 panel_ms=253 flicker_frames=0 keystrokes=8 lights_per_keystroke=0.00 tree_fires=4 typed=" intro hq"
2026-10-10T07:45:09.443Z active document changed: (none)
2026-10-10T07:45:09.443Z loadProject: no active .sokonanoda document
2026-10-10T07:45:09.455Z active document changed: file:///var/folders/81/6wvjcvys3y300jnj259_2jbw0000gn/T/sokonanoda-vscode-test-JeEEkZ/latency-project/units/typing.sokonanoda
2026-10-10T07:45:09.457Z soko/project ok: project=null reason=no-imports
2026-10-10T07:45:09.714Z soko/project ok: project=units.typing (2 modules) reason=null
2026-10-10T07:45:10.759Z soko/project ok: project=units.typing (2 modules) reason=null
2026-10-10T07:45:12.330Z soko/project ok: project=units.typing (2 modules) reason=null
PERF editor_keystroke_latency_project keystrokes=9 lights_showdelay_0=18 lights_default=0
2026-10-10T07:45:12.776Z active document changed: (none)
2026-10-10T07:45:12.776Z loadProject: no active .sokonanoda document
2026-10-10T07:45:12.787Z active document changed: file:///var/folders/81/6wvjcvys3y300jnj259_2jbw0000gn/T/sokonanoda-vscode-test-JeEEkZ/latency-steady/units/typing.sokonanoda
2026-10-10T07:45:12.788Z soko/project ok: project=null reason=no-imports
2026-10-10T07:45:13.302Z soko/project ok: project=units.typing (2 modules) reason=null
2026-10-10T07:45:13.312Z active document changed: (none)
2026-10-10T07:45:13.312Z loadProject: no active .sokonanoda document
2026-10-10T07:45:13.332Z client state: stopped
