# scripts/vscode-e2e.sh — VS Code 1.138.0 · extension v0.78.0 · 1b3ca3cbff2d352dd34273c338f346530d46e6be
# 结果：35 passing / 0 failing / 0 pending（exit=0）

## doctor（服务器解析与版本自述）
--- doctor ---
sokonanoda doctor — 扩展 v0.78.0 (6 checks)
[ok] 1/6 resolution：bundled — /home/runner/work/sokonanoda-lang/sokonanoda-lang/editor/vscode/bin/linux-x64/sokonanoda-lsp (source=bundled)
[ok] 2/6 server-version：0.78.0 (pid 3139) == 扩展 v0.78.0 (source=bundled)
[ok] 3/6 host-version：运行宿主 v0.78.0
[ok] 4/6 ignored-override：没有被忽略的 serverPath/env 覆盖
[info] 5/6 download-cache：无下载缓存（仅影响 CLI/universal 兜底，不影响内置服务器）
[info] 6/6 obsolete-versions：检测到 0 个扩展版本快照、0 个 .obsolete 条目；完整重启 VS Code 会自动清理

## 用例
    ✔ .sokonanoda files get the sokonanoda language id (132ms)
    ✔ confusable-character highlight is off for sokonanoda files
    ✔ #check results appear as inlay hints (338ms)
    ✔ clean lesson publishes empty diagnostics (137ms)
    ✔ kernel-rejected declaration carries the kernel-rejected code (165ms)
    ✔ open exercise carries a sorry warning, not an error (71ms)
    ✔ a declaration named Prop warns, not errors (153ms)
    ✔ open exercise shows a hover on the hole (108ms)
    ✔ hover 的类型文本折成记法（T-U12 面 #3，e2e 那一份） (239ms)
    ✔ notation input: the rewriter produces ∧ and hover teaches \and (226ms)
    ✔ restart server command re-syncs open documents (105ms)
    ✔ infoview command is registered and revealable (141ms)
    ✔ the project tree shows the real closure of an imported module (380ms)
    ✔ the project tree names the file a single-file document is (181ms)
    ✔ the project tree marks a broken import as the root cause (158ms)
    ✔ build / rebuild commands warm the compile cache through the CLI (5077ms)
    ✔ Clean Cache empties the project store and does not compile (E31) (4146ms)
    ✔ the Infoview receives the project view (E30) (41ms)
    ✔ Infoview 'definition' lands exactly where the editor F12 lands (E27) (146ms)
    ✔ doctor command returns a read-only source + version report
    ✔ declarations panel lists a project unit's declarations
    ✔ open declaration ships coloured goal runs to the Infoview
    ✔ next hole jumps inside a project unit
    ✔ warmCacheOnOpen pre-builds the workspace at activation
    ✔ reopening a project unit hits the compile cache (5989ms)
    ✔ rewriting an unchanged project unit does not recompile (1947ms)
    ✔ editing a dependency refreshes the open unit once (5842ms)
    ✔ goal text uses the file's notation (640ms)
    ✔ goal text folds a binder notation whose type contains a lambda (336ms)
    ✔ Infoview 的 `⊢` 用记法箭头 `→`，且 runs 与 text 同源 (342ms)
    ✔ Infoview 里集合字面量显示成 `{a}`（不是 `Set.singleton α a`） (334ms)
    ✔ go to definition on a `{a}` set literal lands on `Set.singleton` (132ms)
    ✔ go to definition on a prelude name lands in the prelude source (130ms)
    ✔ go to definition on a notation symbol lands on its declaration (151ms)
    ✔ hover on a notation symbol shows the target's signature (127ms)

## 扩展接线日志（SOKO_E2E_LOG）
2026-09-28T12:27:20.625Z server command: /home/runner/work/sokonanoda-lang/sokonanoda-lang/editor/vscode/bin/linux-x64/sokonanoda-lsp (source=bundled)
2026-09-28T12:27:20.626Z client state: starting
2026-09-28T12:27:20.663Z client state: running
2026-09-28T12:27:20.672Z loadProject: no active .sokonanoda document
2026-09-28T12:27:21.073Z loadProject: no active .sokonanoda document
2026-09-28T12:27:21.142Z active document changed: file:///tmp/sokonanoda-vscode-test-ft8HB3/check.sokonanoda
2026-09-28T12:27:21.153Z soko/project ok: project=null reason=no-imports
2026-09-28T12:27:21.297Z soko/project ok: project=null reason=no-imports
2026-09-28T12:27:21.303Z active document changed: (none)
2026-09-28T12:27:21.303Z loadProject: no active .sokonanoda document
2026-09-28T12:27:21.348Z active document changed: file:///tmp/sokonanoda-vscode-test-ft8HB3/lesson-clean.sokonanoda
2026-09-28T12:27:21.367Z soko/project ok: project=null reason=no-imports
2026-09-28T12:27:21.483Z active document changed: (none)
2026-09-28T12:27:21.483Z loadProject: no active .sokonanoda document
2026-09-28T12:27:21.538Z active document changed: file:///tmp/sokonanoda-vscode-test-ft8HB3/kernel-bad.sokonanoda
2026-09-28T12:27:21.556Z soko/project ok: project=null reason=no-imports
2026-09-28T12:27:21.573Z soko/project ok: project=null reason=no-imports
2026-09-28T12:27:21.668Z active document changed: (none)
2026-09-28T12:27:21.669Z loadProject: no active .sokonanoda document
2026-09-28T12:27:21.724Z active document changed: file:///tmp/sokonanoda-vscode-test-ft8HB3/exercise.sokonanoda
2026-09-28T12:27:21.742Z soko/project ok: project=null reason=no-imports
2026-09-28T12:27:21.848Z active document changed: (none)
2026-09-28T12:27:21.849Z loadProject: no active .sokonanoda document
2026-09-28T12:27:21.982Z loadProject: no active .sokonanoda document
2026-09-28T12:27:22.011Z active document changed: file:///tmp/sokonanoda-vscode-test-ft8HB3/reserved.sokonanoda
2026-09-28T12:27:22.030Z soko/project ok: project=null reason=no-imports
2026-09-28T12:27:22.078Z active document changed: (none)
2026-09-28T12:27:22.078Z loadProject: no active .sokonanoda document
2026-09-28T12:27:22.127Z active document changed: file:///tmp/sokonanoda-vscode-test-ft8HB3/exercise-hover.sokonanoda
2026-09-28T12:27:22.138Z soko/project ok: project=null reason=no-imports
2026-09-28T12:27:22.207Z active document changed: (none)
2026-09-28T12:27:22.207Z loadProject: no active .sokonanoda document
2026-09-28T12:27:22.274Z active document changed: file:///home/runner/work/sokonanoda-lang/sokonanoda-lang/editor/vscode/src/test/fixtures/workspace/units/u01.sokonanoda
2026-09-28T12:27:22.295Z soko/project ok: project=units.u01 (2 modules) reason=null
2026-09-28T12:27:22.318Z soko/project ok: project=units.u01 (2 modules) reason=null
2026-09-28T12:27:22.475Z active document changed: (none)
2026-09-28T12:27:22.475Z loadProject: no active .sokonanoda document
2026-09-28T12:27:22.567Z loadProject: no active .sokonanoda document
2026-09-28T12:27:22.573Z active document changed: file:///tmp/sokonanoda-vscode-test-ft8HB3/notation-input.sokonanoda
2026-09-28T12:27:22.601Z soko/project ok: project=null reason=no-imports
2026-09-28T12:27:22.736Z active document changed: (none)
2026-09-28T12:27:22.736Z loadProject: no active .sokonanoda document
2026-09-28T12:27:22.782Z active document changed: file:///tmp/sokonanoda-vscode-test-ft8HB3/restart.sokonanoda
2026-09-28T12:27:22.793Z soko/project ok: project=null reason=no-imports
2026-09-28T12:27:22.797Z client state: stopped
2026-09-28T12:27:22.803Z client state: starting
2026-09-28T12:27:22.833Z client state: running
2026-09-28T12:27:22.840Z soko/project ok: project=null reason=no-imports
2026-09-28T12:27:22.889Z active document changed: (none)
2026-09-28T12:27:22.889Z loadProject: no active .sokonanoda document
2026-09-28T12:27:23.085Z loadProject: no active .sokonanoda document
2026-09-28T12:27:23.216Z active document changed: file:///tmp/sokonanoda-vscode-test-ft8HB3/proj-ok/Main.sokonanoda
2026-09-28T12:27:23.239Z soko/project ok: project=null reason=no-imports
2026-09-28T12:27:23.254Z soko/project ok: project=Main (2 modules) reason=null
2026-09-28T12:27:23.356Z soko/project ok: project=Main (2 modules) reason=null
2026-09-28T12:27:23.445Z soko/project ok: project=Main (2 modules) reason=null
2026-09-28T12:27:23.464Z active document changed: (none)
2026-09-28T12:27:23.464Z loadProject: no active .sokonanoda document
2026-09-28T12:27:23.533Z active document changed: file:///tmp/sokonanoda-vscode-test-ft8HB3/single.sokonanoda
2026-09-28T12:27:23.542Z soko/project ok: project=null reason=no-imports
2026-09-28T12:27:23.553Z soko/project ok: project=null reason=no-imports
2026-09-28T12:27:23.663Z active document changed: (none)
2026-09-28T12:27:23.663Z loadProject: no active .sokonanoda document
2026-09-28T12:27:23.712Z active document changed: file:///tmp/sokonanoda-vscode-test-ft8HB3/proj-broken/Main.sokonanoda
2026-09-28T12:27:23.724Z soko/project ok: project=Main (1 modules) reason=null
2026-09-28T12:27:23.724Z soko/project ok: project=Main (1 modules) reason=null
2026-09-28T12:27:23.729Z soko/project ok: project=Main (1 modules) reason=null
2026-09-28T12:27:23.841Z active document changed: (none)
2026-09-28T12:27:23.841Z loadProject: no active .sokonanoda document
2026-09-28T12:27:23.907Z loadProject: no active .sokonanoda document
2026-09-28T12:27:23.912Z active document changed: file:///home/runner/work/sokonanoda-lang/sokonanoda-lang/editor/vscode/src/test/fixtures/workspace/units/u01.sokonanoda
2026-09-28T12:27:23.937Z soko/project ok: project=units.u01 (2 modules) reason=null
2026-09-28T12:27:24.423Z warmCacheOnOpen: exit=0
2026-09-28T12:27:26.298Z soko/project ok: project=units.u01 (2 modules) reason=null
2026-09-28T12:27:28.928Z soko/project ok: project=units.u01 (2 modules) reason=null
2026-09-28T12:27:28.949Z active document changed: (none)
2026-09-28T12:27:28.949Z loadProject: no active .sokonanoda document
2026-09-28T12:27:28.984Z active document changed: file:///home/runner/work/sokonanoda-lang/sokonanoda-lang/editor/vscode/src/test/fixtures/workspace/units/u01.sokonanoda
2026-09-28T12:27:28.997Z soko/project ok: project=units.u01 (2 modules) reason=null
2026-09-28T12:27:29.051Z soko/project ok: project=units.u01 (2 modules) reason=null
2026-09-28T12:27:29.056Z soko/project ok: project=units.u01 (2 modules) reason=null
2026-09-28T12:27:33.101Z soko/project ok: project=units.u01 (2 modules) reason=null
2026-09-28T12:27:33.122Z active document changed: (none)
2026-09-28T12:27:33.122Z loadProject: no active .sokonanoda document
2026-09-28T12:27:33.154Z active document changed: file:///home/runner/work/sokonanoda-lang/sokonanoda-lang/editor/vscode/src/test/fixtures/workspace/units/u01.sokonanoda
2026-09-28T12:27:33.162Z soko/project ok: project=units.u01 (2 modules) reason=null
2026-09-28T12:27:33.223Z active document changed: (none)
2026-09-28T12:27:33.223Z loadProject: no active .sokonanoda document
2026-09-28T12:27:33.253Z active document changed: file:///home/runner/work/sokonanoda-lang/sokonanoda-lang/editor/vscode/src/test/fixtures/workspace/units/u01.sokonanoda
2026-09-28T12:27:33.261Z soko/project ok: project=units.u01 (2 modules) reason=null
2026-09-28T12:27:33.348Z active document changed: (none)
2026-09-28T12:27:33.348Z loadProject: no active .sokonanoda document
2026-09-28T12:27:33.358Z active document changed: file:///home/runner/work/sokonanoda-lang/sokonanoda-lang/editor/vscode/src/test/fixtures/workspace/lib/Set.sokonanoda
2026-09-28T12:27:33.368Z soko/project ok: project=null reason=no-imports
2026-09-28T12:27:33.417Z active document changed: (none)
2026-09-28T12:27:33.417Z loadProject: no active .sokonanoda document
2026-09-28T12:27:33.476Z active document changed: file:///home/runner/work/sokonanoda-lang/sokonanoda-lang/editor/vscode/src/test/fixtures/workspace/units/u01.sokonanoda
2026-09-28T12:27:33.485Z soko/project ok: project=units.u01 (2 modules) reason=null
2026-09-28T12:27:33.547Z soko/project ok: project=units.u01 (2 modules) reason=null
2026-09-28T12:27:33.551Z active document changed: (none)
2026-09-28T12:27:33.551Z loadProject: no active .sokonanoda document
2026-09-28T12:27:33.574Z active document changed: file:///home/runner/work/sokonanoda-lang/sokonanoda-lang/editor/vscode/src/test/fixtures/workspace/units/u01.sokonanoda
2026-09-28T12:27:33.581Z soko/project ok: project=units.u01 (2 modules) reason=null
2026-09-28T12:27:33.635Z active document changed: (none)
2026-09-28T12:27:33.635Z loadProject: no active .sokonanoda document
2026-09-28T12:27:33.658Z active document changed: file:///home/runner/work/sokonanoda-lang/sokonanoda-lang/editor/vscode/src/test/fixtures/workspace/units/u01.sokonanoda
2026-09-28T12:27:33.666Z soko/project ok: project=units.u01 (2 modules) reason=null
2026-09-28T12:27:33.722Z active document changed: (none)
2026-09-28T12:27:33.722Z loadProject: no active .sokonanoda document
2026-09-28T12:27:33.760Z active document changed: file:///home/runner/work/sokonanoda-lang/sokonanoda-lang/editor/vscode/src/test/fixtures/workspace/units/u02-cold-open.sokonanoda
2026-09-28T12:27:33.771Z soko/project ok: project=null reason=no-imports
2026-09-28T12:27:39.677Z client state: stopped
2026-09-28T12:27:39.680Z client state: starting
2026-09-28T12:27:39.688Z client state: running
PERF e2e cache: cold=5930ms warm=54ms
2026-09-28T12:27:39.782Z active document changed: (none)
2026-09-28T12:27:39.782Z loadProject: no active .sokonanoda document
2026-09-28T12:27:39.817Z active document changed: file:///home/runner/work/sokonanoda-lang/sokonanoda-lang/editor/vscode/src/test/fixtures/workspace/units/u01.sokonanoda
2026-09-28T12:27:39.827Z soko/project ok: project=units.u01 (2 modules) reason=null
2026-09-28T12:27:39.990Z soko/project ok: project=units.u01 (2 modules) reason=null
2026-09-28T12:27:40.367Z soko/project ok: project=units.u01 (2 modules) reason=null
2026-09-28T12:27:40.821Z soko/project ok: project=units.u01 (2 modules) reason=null
2026-09-28T12:27:41.744Z active document changed: (none)
2026-09-28T12:27:41.744Z loadProject: no active .sokonanoda document
2026-09-28T12:27:41.764Z active document changed: file:///home/runner/work/sokonanoda-lang/sokonanoda-lang/editor/vscode/src/test/fixtures/workspace/units/u01.sokonanoda
2026-09-28T12:27:41.772Z soko/project ok: project=units.u01 (2 modules) reason=null
2026-09-28T12:27:42.593Z soko/project ok: project=units.u01 (2 modules) reason=null
2026-09-28T12:27:43.238Z soko/project ok: project=units.u01 (2 modules) reason=null
PERF e2e fanout: entry diagnostics signature=152 字节 · 稳定 ✓
2026-09-28T12:27:47.596Z active document changed: (none)
2026-09-28T12:27:47.596Z loadProject: no active .sokonanoda document
2026-09-28T12:27:47.622Z active document changed: file:///home/runner/work/sokonanoda-lang/sokonanoda-lang/editor/vscode/src/test/fixtures/workspace/units/u01.sokonanoda
2026-09-28T12:27:47.632Z soko/project ok: project=units.u01 (2 modules) reason=null
2026-09-28T12:27:48.221Z soko/project ok: project=units.u01 (2 modules) reason=null
2026-09-28T12:27:48.247Z active document changed: (none)
2026-09-28T12:27:48.247Z loadProject: no active .sokonanoda document
2026-09-28T12:27:48.274Z active document changed: file:///home/runner/work/sokonanoda-lang/sokonanoda-lang/editor/vscode/src/test/fixtures/workspace/units/u01.sokonanoda
2026-09-28T12:27:48.285Z soko/project ok: project=units.u01 (2 modules) reason=null
2026-09-28T12:27:48.598Z active document changed: (none)
2026-09-28T12:27:48.598Z loadProject: no active .sokonanoda document
2026-09-28T12:27:48.623Z active document changed: file:///home/runner/work/sokonanoda-lang/sokonanoda-lang/editor/vscode/src/test/fixtures/workspace/units/u01.sokonanoda
2026-09-28T12:27:48.636Z soko/project ok: project=units.u01 (2 modules) reason=null
2026-09-28T12:27:48.951Z active document changed: (none)
2026-09-28T12:27:48.951Z loadProject: no active .sokonanoda document
2026-09-28T12:27:48.972Z active document changed: file:///home/runner/work/sokonanoda-lang/sokonanoda-lang/editor/vscode/src/test/fixtures/workspace/units/u01.sokonanoda
2026-09-28T12:27:48.983Z soko/project ok: project=units.u01 (2 modules) reason=null
2026-09-28T12:27:49.296Z active document changed: (none)
2026-09-28T12:27:49.296Z loadProject: no active .sokonanoda document
2026-09-28T12:27:49.323Z active document changed: file:///home/runner/work/sokonanoda-lang/sokonanoda-lang/editor/vscode/src/test/fixtures/workspace/units/u01.sokonanoda
2026-09-28T12:27:49.333Z soko/project ok: project=units.u01 (2 modules) reason=null
2026-09-28T12:27:49.446Z active document changed: (none)
2026-09-28T12:27:49.446Z loadProject: no active .sokonanoda document
2026-09-28T12:27:49.474Z active document changed: file:///home/runner/work/sokonanoda-lang/sokonanoda-lang/editor/vscode/src/test/fixtures/workspace/units/u01.sokonanoda
2026-09-28T12:27:49.491Z soko/project ok: project=units.u01 (2 modules) reason=null
2026-09-28T12:27:49.595Z active document changed: (none)
2026-09-28T12:27:49.595Z loadProject: no active .sokonanoda document
2026-09-28T12:27:49.641Z active document changed: file:///home/runner/work/sokonanoda-lang/sokonanoda-lang/editor/vscode/src/test/fixtures/workspace/units/u01.sokonanoda
2026-09-28T12:27:49.662Z soko/project ok: project=units.u01 (2 modules) reason=null
2026-09-28T12:27:49.771Z active document changed: (none)
2026-09-28T12:27:49.771Z loadProject: no active .sokonanoda document
2026-09-28T12:27:49.797Z active document changed: file:///home/runner/work/sokonanoda-lang/sokonanoda-lang/editor/vscode/src/test/fixtures/workspace/units/u01.sokonanoda
2026-09-28T12:27:49.820Z soko/project ok: project=units.u01 (2 modules) reason=null
2026-09-28T12:27:49.914Z active document changed: (none)
2026-09-28T12:27:49.914Z loadProject: no active .sokonanoda document
2026-09-28T12:27:49.961Z client state: stopped
