# scripts/vscode-e2e.sh — VS Code 1.106.0 · extension v0.78.0 · 77617f1f9f8709164c9ea85ba79dd29fdac5dc10
# 结果：35 passing / 0 failing / 0 pending（exit=0）

## doctor（服务器解析与版本自述）
--- doctor ---
sokonanoda doctor — 扩展 v0.78.0 (6 checks)
[ok] 1/6 resolution：bundled — /home/runner/work/sokonanoda-lang/sokonanoda-lang/editor/vscode/bin/linux-x64/sokonanoda-lsp (source=bundled)
[ok] 2/6 server-version：0.78.0 (pid 3110) == 扩展 v0.78.0 (source=bundled)
[ok] 3/6 host-version：运行宿主 v0.78.0
[ok] 4/6 ignored-override：没有被忽略的 serverPath/env 覆盖
[info] 5/6 download-cache：无下载缓存（仅影响 CLI/universal 兜底，不影响内置服务器）
[info] 6/6 obsolete-versions：检测到 0 个扩展版本快照、0 个 .obsolete 条目；完整重启 VS Code 会自动清理

## 用例
    ✔ .sokonanoda files get the sokonanoda language id (74ms)
    ✔ confusable-character highlight is off for sokonanoda files
    ✔ #check results appear as inlay hints (199ms)
    ✔ clean lesson publishes empty diagnostics (141ms)
    ✔ kernel-rejected declaration carries the kernel-rejected code (163ms)
    ✔ open exercise carries a sorry warning, not an error (111ms)
    ✔ a declaration named Prop warns, not errors (73ms)
    ✔ open exercise shows a hover on the hole (102ms)
    ✔ hover 的类型文本折成记法（T-U12 面 #3，e2e 那一份） (227ms)
    ✔ notation input: the rewriter produces ∧ and hover teaches \and (200ms)
    ✔ restart server command re-syncs open documents (123ms)
    ✔ infoview command is registered and revealable (124ms)
    ✔ the project tree shows the real closure of an imported module (299ms)
    ✔ the project tree names the file a single-file document is (142ms)
    ✔ the project tree marks a broken import as the root cause (145ms)
    ✔ build / rebuild commands warm the compile cache through the CLI (5764ms)
    ✔ Clean Cache empties the project store and does not compile (E31) (4674ms)
    ✔ the Infoview receives the project view (E30) (48ms)
    ✔ Infoview 'definition' lands exactly where the editor F12 lands (E27) (210ms)
    ✔ doctor command returns a read-only source + version report
    ✔ declarations panel lists a project unit's declarations
    ✔ open declaration ships coloured goal runs to the Infoview (38ms)
    ✔ next hole jumps inside a project unit
    ✔ warmCacheOnOpen pre-builds the workspace at activation
    ✔ reopening a project unit hits the compile cache (4562ms)
    ✔ rewriting an unchanged project unit does not recompile (1934ms)
    ✔ editing a dependency refreshes the open unit once (5543ms)
    ✔ goal text uses the file's notation (643ms)
    ✔ goal text folds a binder notation whose type contains a lambda (338ms)
    ✔ Infoview 的 `⊢` 用记法箭头 `→`，且 runs 与 text 同源 (342ms)
    ✔ Infoview 里集合字面量显示成 `{a}`（不是 `Set.singleton α a`） (345ms)
    ✔ go to definition on a `{a}` set literal lands on `Set.singleton` (123ms)
    ✔ go to definition on a prelude name lands in the prelude source (125ms)
    ✔ go to definition on a notation symbol lands on its declaration (158ms)
    ✔ hover on a notation symbol shows the target's signature (251ms)

## 扩展接线日志（SOKO_E2E_LOG）
2026-09-28T11:49:47.744Z server command: /home/runner/work/sokonanoda-lang/sokonanoda-lang/editor/vscode/bin/linux-x64/sokonanoda-lsp (source=bundled)
2026-09-28T11:49:47.745Z client state: starting
2026-09-28T11:49:47.759Z client state: running
2026-09-28T11:49:47.765Z loadProject: no active .sokonanoda document
2026-09-28T11:49:48.008Z active document changed: file:///tmp/sokonanoda-vscode-test-POhzpU/check.sokonanoda
2026-09-28T11:49:48.017Z soko/project ok: project=null reason=no-imports
2026-09-28T11:49:48.154Z active document changed: (none)
2026-09-28T11:49:48.154Z loadProject: no active .sokonanoda document
2026-09-28T11:49:48.194Z loadProject: no active .sokonanoda document
2026-09-28T11:49:48.202Z active document changed: file:///tmp/sokonanoda-vscode-test-POhzpU/lesson-clean.sokonanoda
2026-09-28T11:49:48.214Z soko/project ok: project=null reason=no-imports
2026-09-28T11:49:48.311Z active document changed: (none)
2026-09-28T11:49:48.311Z loadProject: no active .sokonanoda document
2026-09-28T11:49:48.363Z active document changed: file:///tmp/sokonanoda-vscode-test-POhzpU/kernel-bad.sokonanoda
2026-09-28T11:49:48.385Z soko/project ok: project=null reason=no-imports
2026-09-28T11:49:48.419Z soko/project ok: project=null reason=no-imports
2026-09-28T11:49:48.523Z active document changed: (none)
2026-09-28T11:49:48.523Z loadProject: no active .sokonanoda document
2026-09-28T11:49:48.590Z loadProject: no active .sokonanoda document
2026-09-28T11:49:48.626Z active document changed: file:///tmp/sokonanoda-vscode-test-POhzpU/exercise.sokonanoda
2026-09-28T11:49:48.639Z soko/project ok: project=null reason=no-imports
2026-09-28T11:49:48.678Z active document changed: (none)
2026-09-28T11:49:48.678Z loadProject: no active .sokonanoda document
2026-09-28T11:49:48.741Z active document changed: file:///tmp/sokonanoda-vscode-test-POhzpU/reserved.sokonanoda
2026-09-28T11:49:48.751Z soko/project ok: project=null reason=no-imports
2026-09-28T11:49:48.813Z active document changed: (none)
2026-09-28T11:49:48.813Z loadProject: no active .sokonanoda document
2026-09-28T11:49:48.851Z active document changed: file:///tmp/sokonanoda-vscode-test-POhzpU/exercise-hover.sokonanoda
2026-09-28T11:49:48.864Z soko/project ok: project=null reason=no-imports
2026-09-28T11:49:48.928Z active document changed: (none)
2026-09-28T11:49:48.928Z loadProject: no active .sokonanoda document
2026-09-28T11:49:48.990Z active document changed: file:///home/runner/work/sokonanoda-lang/sokonanoda-lang/editor/vscode/src/test/fixtures/workspace/units/u01.sokonanoda
2026-09-28T11:49:49.007Z soko/project ok: project=units.u01 (2 modules) reason=null
2026-09-28T11:49:49.178Z active document changed: (none)
2026-09-28T11:49:49.178Z loadProject: no active .sokonanoda document
2026-09-28T11:49:49.180Z loadProject: no active .sokonanoda document
2026-09-28T11:49:49.253Z active document changed: file:///tmp/sokonanoda-vscode-test-POhzpU/notation-input.sokonanoda
2026-09-28T11:49:49.266Z soko/project ok: project=null reason=no-imports
2026-09-28T11:49:49.425Z active document changed: (none)
2026-09-28T11:49:49.425Z loadProject: no active .sokonanoda document
2026-09-28T11:49:49.464Z loadProject: no active .sokonanoda document
2026-09-28T11:49:49.484Z active document changed: file:///tmp/sokonanoda-vscode-test-POhzpU/restart.sokonanoda
2026-09-28T11:49:49.499Z soko/project ok: project=null reason=no-imports
2026-09-28T11:49:49.502Z client state: stopped
2026-09-28T11:49:49.506Z client state: starting
2026-09-28T11:49:49.537Z client state: running
2026-09-28T11:49:49.590Z active document changed: (none)
2026-09-28T11:49:49.590Z loadProject: no active .sokonanoda document
2026-09-28T11:49:49.749Z loadProject: no active .sokonanoda document
2026-09-28T11:49:49.801Z active document changed: file:///tmp/sokonanoda-vscode-test-POhzpU/proj-ok/Main.sokonanoda
2026-09-28T11:49:49.831Z soko/project ok: project=Main (2 modules) reason=null
2026-09-28T11:49:49.832Z soko/project ok: project=Main (2 modules) reason=null
2026-09-28T11:49:49.928Z soko/project ok: project=Main (2 modules) reason=null
2026-09-28T11:49:50.032Z soko/project ok: project=Main (2 modules) reason=null
2026-09-28T11:49:50.033Z active document changed: (none)
2026-09-28T11:49:50.033Z loadProject: no active .sokonanoda document
2026-09-28T11:49:50.068Z active document changed: file:///tmp/sokonanoda-vscode-test-POhzpU/single.sokonanoda
2026-09-28T11:49:50.080Z soko/project ok: project=null reason=no-imports
2026-09-28T11:49:50.083Z soko/project ok: project=null reason=no-imports
2026-09-28T11:49:50.186Z active document changed: (none)
2026-09-28T11:49:50.186Z loadProject: no active .sokonanoda document
2026-09-28T11:49:50.224Z active document changed: file:///tmp/sokonanoda-vscode-test-POhzpU/proj-broken/Main.sokonanoda
2026-09-28T11:49:50.233Z soko/project ok: project=Main (1 modules) reason=null
2026-09-28T11:49:50.235Z soko/project ok: project=Main (1 modules) reason=null
2026-09-28T11:49:50.261Z soko/project ok: project=Main (1 modules) reason=null
2026-09-28T11:49:50.341Z active document changed: (none)
2026-09-28T11:49:50.341Z loadProject: no active .sokonanoda document
2026-09-28T11:49:50.390Z active document changed: file:///home/runner/work/sokonanoda-lang/sokonanoda-lang/editor/vscode/src/test/fixtures/workspace/units/u01.sokonanoda
2026-09-28T11:49:50.416Z soko/project ok: project=units.u01 (2 modules) reason=null
2026-09-28T11:49:50.424Z soko/project ok: project=units.u01 (2 modules) reason=null
2026-09-28T11:49:51.264Z warmCacheOnOpen: exit=0
2026-09-28T11:49:53.128Z soko/project ok: project=units.u01 (2 modules) reason=null
2026-09-28T11:49:56.110Z soko/project ok: project=units.u01 (2 modules) reason=null
2026-09-28T11:49:56.130Z active document changed: (none)
2026-09-28T11:49:56.130Z loadProject: no active .sokonanoda document
2026-09-28T11:49:56.169Z active document changed: file:///home/runner/work/sokonanoda-lang/sokonanoda-lang/editor/vscode/src/test/fixtures/workspace/units/u01.sokonanoda
2026-09-28T11:49:56.186Z soko/project ok: project=units.u01 (2 modules) reason=null
2026-09-28T11:49:56.321Z soko/project ok: project=units.u01 (2 modules) reason=null
2026-09-28T11:49:56.333Z soko/project ok: project=units.u01 (2 modules) reason=null
2026-09-28T11:50:00.810Z soko/project ok: project=units.u01 (2 modules) reason=null
2026-09-28T11:50:00.835Z active document changed: (none)
2026-09-28T11:50:00.835Z loadProject: no active .sokonanoda document
2026-09-28T11:50:00.875Z active document changed: file:///home/runner/work/sokonanoda-lang/sokonanoda-lang/editor/vscode/src/test/fixtures/workspace/units/u01.sokonanoda
2026-09-28T11:50:00.884Z soko/project ok: project=units.u01 (2 modules) reason=null
2026-09-28T11:50:00.949Z active document changed: (none)
2026-09-28T11:50:00.949Z loadProject: no active .sokonanoda document
2026-09-28T11:50:00.981Z active document changed: file:///home/runner/work/sokonanoda-lang/sokonanoda-lang/editor/vscode/src/test/fixtures/workspace/units/u01.sokonanoda
2026-09-28T11:50:00.992Z soko/project ok: project=units.u01 (2 modules) reason=null
2026-09-28T11:50:01.117Z active document changed: (none)
2026-09-28T11:50:01.117Z loadProject: no active .sokonanoda document
2026-09-28T11:50:01.131Z active document changed: file:///home/runner/work/sokonanoda-lang/sokonanoda-lang/editor/vscode/src/test/fixtures/workspace/lib/Set.sokonanoda
2026-09-28T11:50:01.150Z soko/project ok: project=null reason=no-imports
2026-09-28T11:50:01.223Z active document changed: (none)
2026-09-28T11:50:01.223Z loadProject: no active .sokonanoda document
2026-09-28T11:50:01.269Z active document changed: file:///home/runner/work/sokonanoda-lang/sokonanoda-lang/editor/vscode/src/test/fixtures/workspace/units/u01.sokonanoda
2026-09-28T11:50:01.279Z soko/project ok: project=units.u01 (2 modules) reason=null
2026-09-28T11:50:01.303Z soko/project ok: project=units.u01 (2 modules) reason=null
2026-09-28T11:50:01.349Z active document changed: (none)
2026-09-28T11:50:01.349Z loadProject: no active .sokonanoda document
2026-09-28T11:50:01.379Z active document changed: file:///home/runner/work/sokonanoda-lang/sokonanoda-lang/editor/vscode/src/test/fixtures/workspace/units/u01.sokonanoda
2026-09-28T11:50:01.387Z soko/project ok: project=units.u01 (2 modules) reason=null
2026-09-28T11:50:01.444Z active document changed: (none)
2026-09-28T11:50:01.444Z loadProject: no active .sokonanoda document
2026-09-28T11:50:01.467Z active document changed: file:///home/runner/work/sokonanoda-lang/sokonanoda-lang/editor/vscode/src/test/fixtures/workspace/units/u01.sokonanoda
2026-09-28T11:50:01.479Z soko/project ok: project=units.u01 (2 modules) reason=null
2026-09-28T11:50:01.535Z active document changed: (none)
2026-09-28T11:50:01.535Z loadProject: no active .sokonanoda document
2026-09-28T11:50:01.565Z active document changed: file:///home/runner/work/sokonanoda-lang/sokonanoda-lang/editor/vscode/src/test/fixtures/workspace/units/u02-cold-open.sokonanoda
2026-09-28T11:50:01.579Z soko/project ok: project=null reason=no-imports
2026-09-28T11:50:06.021Z client state: stopped
2026-09-28T11:50:06.024Z client state: starting
2026-09-28T11:50:06.034Z client state: running
PERF e2e cache: cold=4470ms warm=91ms
2026-09-28T11:50:06.141Z active document changed: (none)
2026-09-28T11:50:06.141Z loadProject: no active .sokonanoda document
2026-09-28T11:50:06.163Z active document changed: file:///home/runner/work/sokonanoda-lang/sokonanoda-lang/editor/vscode/src/test/fixtures/workspace/units/u01.sokonanoda
2026-09-28T11:50:06.172Z soko/project ok: project=units.u01 (2 modules) reason=null
2026-09-28T11:50:06.289Z soko/project ok: project=units.u01 (2 modules) reason=null
2026-09-28T11:50:06.718Z soko/project ok: project=units.u01 (2 modules) reason=null
2026-09-28T11:50:07.160Z soko/project ok: project=units.u01 (2 modules) reason=null
2026-09-28T11:50:08.084Z active document changed: (none)
2026-09-28T11:50:08.084Z loadProject: no active .sokonanoda document
2026-09-28T11:50:08.105Z active document changed: file:///home/runner/work/sokonanoda-lang/sokonanoda-lang/editor/vscode/src/test/fixtures/workspace/units/u01.sokonanoda
2026-09-28T11:50:08.114Z soko/project ok: project=units.u01 (2 modules) reason=null
2026-09-28T11:50:08.972Z soko/project ok: project=units.u01 (2 modules) reason=null
2026-09-28T11:50:09.313Z soko/project ok: project=units.u01 (2 modules) reason=null
PERF e2e fanout: entry diagnostics signature=152 字节 · 稳定 ✓
2026-09-28T11:50:13.636Z active document changed: (none)
2026-09-28T11:50:13.637Z loadProject: no active .sokonanoda document
2026-09-28T11:50:13.663Z active document changed: file:///home/runner/work/sokonanoda-lang/sokonanoda-lang/editor/vscode/src/test/fixtures/workspace/units/u01.sokonanoda
2026-09-28T11:50:13.676Z soko/project ok: project=units.u01 (2 modules) reason=null
2026-09-28T11:50:14.269Z soko/project ok: project=units.u01 (2 modules) reason=null
2026-09-28T11:50:14.291Z active document changed: (none)
2026-09-28T11:50:14.291Z loadProject: no active .sokonanoda document
2026-09-28T11:50:14.317Z active document changed: file:///home/runner/work/sokonanoda-lang/sokonanoda-lang/editor/vscode/src/test/fixtures/workspace/units/u01.sokonanoda
2026-09-28T11:50:14.333Z soko/project ok: project=units.u01 (2 modules) reason=null
2026-09-28T11:50:14.643Z active document changed: (none)
2026-09-28T11:50:14.643Z loadProject: no active .sokonanoda document
2026-09-28T11:50:14.671Z active document changed: file:///home/runner/work/sokonanoda-lang/sokonanoda-lang/editor/vscode/src/test/fixtures/workspace/units/u01.sokonanoda
2026-09-28T11:50:14.684Z soko/project ok: project=units.u01 (2 modules) reason=null
2026-09-28T11:50:14.997Z active document changed: (none)
2026-09-28T11:50:14.997Z loadProject: no active .sokonanoda document
2026-09-28T11:50:15.024Z active document changed: file:///home/runner/work/sokonanoda-lang/sokonanoda-lang/editor/vscode/src/test/fixtures/workspace/units/u01.sokonanoda
2026-09-28T11:50:15.041Z soko/project ok: project=units.u01 (2 modules) reason=null
2026-09-28T11:50:15.354Z active document changed: (none)
2026-09-28T11:50:15.354Z loadProject: no active .sokonanoda document
2026-09-28T11:50:15.386Z active document changed: file:///home/runner/work/sokonanoda-lang/sokonanoda-lang/editor/vscode/src/test/fixtures/workspace/units/u01.sokonanoda
2026-09-28T11:50:15.401Z soko/project ok: project=units.u01 (2 modules) reason=null
2026-09-28T11:50:15.493Z active document changed: (none)
2026-09-28T11:50:15.493Z loadProject: no active .sokonanoda document
2026-09-28T11:50:15.522Z active document changed: file:///home/runner/work/sokonanoda-lang/sokonanoda-lang/editor/vscode/src/test/fixtures/workspace/units/u01.sokonanoda
2026-09-28T11:50:15.536Z soko/project ok: project=units.u01 (2 modules) reason=null
2026-09-28T11:50:15.633Z active document changed: (none)
2026-09-28T11:50:15.633Z loadProject: no active .sokonanoda document
2026-09-28T11:50:15.677Z active document changed: file:///home/runner/work/sokonanoda-lang/sokonanoda-lang/editor/vscode/src/test/fixtures/workspace/units/u01.sokonanoda
2026-09-28T11:50:15.699Z soko/project ok: project=units.u01 (2 modules) reason=null
2026-09-28T11:50:15.835Z active document changed: (none)
2026-09-28T11:50:15.835Z loadProject: no active .sokonanoda document
2026-09-28T11:50:15.905Z active document changed: file:///home/runner/work/sokonanoda-lang/sokonanoda-lang/editor/vscode/src/test/fixtures/workspace/units/u01.sokonanoda
2026-09-28T11:50:15.921Z soko/project ok: project=units.u01 (2 modules) reason=null
2026-09-28T11:50:16.123Z active document changed: (none)
2026-09-28T11:50:16.123Z loadProject: no active .sokonanoda document
2026-09-28T11:50:16.201Z client state: stopped
