# scripts/vscode-e2e.sh — VS Code 1.138.0 · extension v0.58.0 · 0e534720e9def285168874f8acd2df06c10fd785
# 结果：14 passing / 0 failing / 0 pending（exit=0）

## doctor（服务器解析与版本自述）
--- doctor ---
sokonanoda doctor — 扩展 v0.58.0 (6 checks)
[ok] 1/6 resolution：bundled — /Users/penglingwei/Documents/lean/sokonanoda/sokonanoda-lang/editor/vscode/bin/darwin-arm64/sokonanoda-lsp (source=bundled)
[ok] 2/6 server-version：0.58.0 (pid 94348) == 扩展 v0.58.0 (source=bundled)
[ok] 3/6 host-version：运行宿主 v0.58.0
[ok] 4/6 ignored-override：没有被忽略的 serverPath/env 覆盖
[info] 5/6 download-cache：缓存 marker 0.55.0 darwin-arm64 != 扩展 v0.58.0；可运行 sokonanoda update
[info] 6/6 obsolete-versions：检测到 0 个扩展版本快照、0 个 .obsolete 条目；完整重启 VS Code 会自动清理

## 用例
    ✔ .sokonanoda files get the sokonanoda language id
    ✔ confusable-character highlight is off for sokonanoda files
    ✔ #check results appear as inlay hints (114ms)
    ✔ clean lesson publishes empty diagnostics
    ✔ kernel-rejected declaration carries the kernel-rejected code
    ✔ open exercise carries a sorry warning, not an error
    ✔ a declaration named Prop warns, not errors
    ✔ open exercise shows a hover on the hole
    ✔ restart server command re-syncs open documents (42ms)
    ✔ infoview command is registered and revealable
    ✔ the project tree shows the real closure of an imported module (122ms)
    ✔ the project tree names the file a single-file document is (118ms)
    ✔ the project tree marks a broken import as the root cause (116ms)
    ✔ doctor command returns a read-only source + version report

## 扩展接线日志（SOKO_E2E_LOG）
2026-09-18T09:18:48.172Z server command: /Users/penglingwei/Documents/lean/sokonanoda/sokonanoda-lang/editor/vscode/bin/darwin-arm64/sokonanoda-lsp (source=bundled)
2026-09-18T09:18:48.173Z client state: starting
2026-09-18T09:18:48.624Z client state: running
2026-09-18T09:18:48.627Z loadProject: no active .sokonanoda document
2026-09-18T09:18:48.721Z active document changed: file:///var/folders/81/6wvjcvys3y300jnj259_2jbw0000gn/T/sokonanoda-vscode-test-ibDaoA/check.sokonanoda
2026-09-18T09:18:48.723Z soko/project ok: project=null reason=no-imports
2026-09-18T09:18:48.787Z active document changed: (none)
2026-09-18T09:18:48.787Z loadProject: no active .sokonanoda document
2026-09-18T09:18:48.804Z active document changed: file:///var/folders/81/6wvjcvys3y300jnj259_2jbw0000gn/T/sokonanoda-vscode-test-ibDaoA/lesson-clean.sokonanoda
2026-09-18T09:18:48.806Z soko/project ok: project=null reason=no-imports
2026-09-18T09:18:48.818Z active document changed: (none)
2026-09-18T09:18:48.819Z loadProject: no active .sokonanoda document
2026-09-18T09:18:48.831Z active document changed: file:///var/folders/81/6wvjcvys3y300jnj259_2jbw0000gn/T/sokonanoda-vscode-test-ibDaoA/kernel-bad.sokonanoda
2026-09-18T09:18:48.833Z soko/project ok: project=null reason=no-imports
2026-09-18T09:18:48.845Z active document changed: (none)
2026-09-18T09:18:48.845Z loadProject: no active .sokonanoda document
2026-09-18T09:18:48.857Z active document changed: file:///var/folders/81/6wvjcvys3y300jnj259_2jbw0000gn/T/sokonanoda-vscode-test-ibDaoA/exercise.sokonanoda
2026-09-18T09:18:48.859Z soko/project ok: project=null reason=no-imports
2026-09-18T09:18:48.882Z active document changed: (none)
2026-09-18T09:18:48.882Z loadProject: no active .sokonanoda document
2026-09-18T09:18:48.895Z active document changed: file:///var/folders/81/6wvjcvys3y300jnj259_2jbw0000gn/T/sokonanoda-vscode-test-ibDaoA/reserved.sokonanoda
2026-09-18T09:18:48.898Z soko/project ok: project=null reason=no-imports
2026-09-18T09:18:48.908Z active document changed: (none)
2026-09-18T09:18:48.908Z loadProject: no active .sokonanoda document
2026-09-18T09:18:48.924Z active document changed: file:///var/folders/81/6wvjcvys3y300jnj259_2jbw0000gn/T/sokonanoda-vscode-test-ibDaoA/exercise-hover.sokonanoda
2026-09-18T09:18:48.928Z soko/project ok: project=null reason=no-imports
2026-09-18T09:18:48.942Z active document changed: (none)
2026-09-18T09:18:48.942Z loadProject: no active .sokonanoda document
2026-09-18T09:18:48.958Z active document changed: file:///var/folders/81/6wvjcvys3y300jnj259_2jbw0000gn/T/sokonanoda-vscode-test-ibDaoA/restart.sokonanoda
2026-09-18T09:18:48.960Z soko/project ok: project=null reason=no-imports
2026-09-18T09:18:48.965Z client state: stopped
2026-09-18T09:18:48.968Z client state: starting
2026-09-18T09:18:48.979Z client state: running
2026-09-18T09:18:48.992Z active document changed: (none)
2026-09-18T09:18:48.993Z loadProject: no active .sokonanoda document
2026-09-18T09:18:49.046Z active document changed: file:///var/folders/81/6wvjcvys3y300jnj259_2jbw0000gn/T/sokonanoda-vscode-test-ibDaoA/proj-ok/Main.sokonanoda
2026-09-18T09:18:49.048Z soko/project ok: project=Main (2 modules) reason=null
2026-09-18T09:18:49.052Z soko/project ok: project=Main (2 modules) reason=null
2026-09-18T09:18:49.157Z active document changed: (none)
2026-09-18T09:18:49.157Z loadProject: no active .sokonanoda document
2026-09-18T09:18:49.168Z active document changed: file:///var/folders/81/6wvjcvys3y300jnj259_2jbw0000gn/T/sokonanoda-vscode-test-ibDaoA/single.sokonanoda
2026-09-18T09:18:49.170Z soko/project ok: project=null reason=no-imports
2026-09-18T09:18:49.174Z soko/project ok: project=null reason=no-imports
2026-09-18T09:18:49.278Z active document changed: (none)
2026-09-18T09:18:49.278Z loadProject: no active .sokonanoda document
2026-09-18T09:18:49.287Z active document changed: file:///var/folders/81/6wvjcvys3y300jnj259_2jbw0000gn/T/sokonanoda-vscode-test-ibDaoA/proj-broken/Main.sokonanoda
2026-09-18T09:18:49.289Z soko/project ok: project=Main (1 modules) reason=null
2026-09-18T09:18:49.292Z soko/project ok: project=Main (1 modules) reason=null
2026-09-18T09:18:49.398Z active document changed: (none)
2026-09-18T09:18:49.398Z loadProject: no active .sokonanoda document
2026-09-18T09:18:49.410Z client state: stopped
