# scripts/vscode-e2e.sh — VS Code 1.138.0 · extension v0.67.0 · 70e9fbc1a6752c602339ddc5c51db575fec56454
# 结果：23 passing / 4 failing / 0 pending（exit=1）

## doctor（服务器解析与版本自述）
--- doctor ---
sokonanoda doctor — 扩展 v0.67.0 (6 checks)
[ok] 1/6 resolution：bundled — /Users/penglingwei/Documents/lean/sokonanoda/sokonanoda-lang/editor/vscode/bin/darwin-arm64/sokonanoda-lsp (source=bundled)
[error] 2/6 server-version：运行 0.65.0 (pid 96972) != 扩展 v0.67.0；serverOverride 关闭，本应始终使用内置服务器。请 “Developer: Reload Window” 或清空 sokonanoda.serverPath
[ok] 3/6 host-version：运行宿主 v0.67.0
[ok] 4/6 ignored-override：没有被忽略的 serverPath/env 覆盖
[info] 5/6 download-cache：缓存 marker 0.66.0 darwin-arm64 != 扩展 v0.67.0；可运行 sokonanoda update
[info] 6/6 obsolete-versions：检测到 0 个扩展版本快照、0 个 .obsolete 条目；完整重启 VS Code 会自动清理

## 用例
    ✔ .sokonanoda files get the sokonanoda language id
    ✔ confusable-character highlight is off for sokonanoda files
    ✔ #check results appear as inlay hints (105ms)
    ✔ clean lesson publishes empty diagnostics (52ms)
    ✔ kernel-rejected declaration carries the kernel-rejected code
    ✔ open exercise carries a sorry warning, not an error
    ✔ a declaration named Prop warns, not errors
    ✔ open exercise shows a hover on the hole (56ms)
    ✔ notation input: the rewriter produces ∧ and hover teaches \and (121ms)
    ✔ restart server command re-syncs open documents (38ms)
    ✔ infoview command is registered and revealable (46ms)
    ✔ the project tree shows the real closure of an imported module (249ms)
    ✔ the project tree names the file a single-file document is (117ms)
    ✔ the project tree marks a broken import as the root cause (117ms)
    ✔ build / rebuild commands warm the compile cache through the CLI (53ms)
    ✔ doctor command returns a read-only source + version report
    ✔ declarations panel lists a project unit's declarations (136ms)
    1) open declaration ships coloured goal runs to the Infoview
    ✔ next hole jumps inside a project unit
    ✔ warmCacheOnOpen pre-builds the workspace at activation
    ✔ reopening a project unit hits the compile cache (463ms)
    ✔ rewriting an unchanged project unit does not recompile (1522ms)
    ✔ editing a dependency refreshes the open unit once (1516ms)
    ✔ goal text uses the file's notation (728ms)
    2) goal text folds a binder notation whose type contains a lambda
    3) go to definition on a notation symbol lands on its declaration
    4) hover on a notation symbol shows the target's signature
  1) sokonanoda extension (VS Code integration)
  2) sokonanoda extension (VS Code integration)
  3) sokonanoda extension (VS Code integration)
  4) sokonanoda extension (VS Code integration)

## 扩展接线日志（SOKO_E2E_LOG）
2026-09-25T08:43:03.827Z server command: /Users/penglingwei/Documents/lean/sokonanoda/sokonanoda-lang/editor/vscode/bin/darwin-arm64/sokonanoda-lsp (source=bundled)
2026-09-25T08:43:03.827Z client state: starting
2026-09-25T08:43:04.728Z warmCacheOnOpen: exit=0
2026-09-25T08:43:04.743Z client state: running
2026-09-25T08:43:04.746Z loadProject: no active .sokonanoda document
2026-09-25T08:43:04.846Z active document changed: file:///var/folders/81/6wvjcvys3y300jnj259_2jbw0000gn/T/sokonanoda-vscode-test-6dhgva/check.sokonanoda
2026-09-25T08:43:04.849Z soko/project ok: project=null reason=no-imports
2026-09-25T08:43:04.915Z active document changed: (none)
2026-09-25T08:43:04.916Z loadProject: no active .sokonanoda document
2026-09-25T08:43:04.938Z active document changed: file:///var/folders/81/6wvjcvys3y300jnj259_2jbw0000gn/T/sokonanoda-vscode-test-6dhgva/lesson-clean.sokonanoda
2026-09-25T08:43:04.941Z soko/project ok: project=null reason=no-imports
2026-09-25T08:43:04.978Z active document changed: (none)
2026-09-25T08:43:04.978Z loadProject: no active .sokonanoda document
2026-09-25T08:43:04.996Z active document changed: file:///var/folders/81/6wvjcvys3y300jnj259_2jbw0000gn/T/sokonanoda-vscode-test-6dhgva/kernel-bad.sokonanoda
2026-09-25T08:43:05.000Z soko/project ok: project=null reason=no-imports
2026-09-25T08:43:05.017Z active document changed: (none)
2026-09-25T08:43:05.017Z loadProject: no active .sokonanoda document
2026-09-25T08:43:05.034Z active document changed: file:///var/folders/81/6wvjcvys3y300jnj259_2jbw0000gn/T/sokonanoda-vscode-test-6dhgva/exercise.sokonanoda
2026-09-25T08:43:05.037Z soko/project ok: project=null reason=no-imports
2026-09-25T08:43:05.064Z active document changed: (none)
2026-09-25T08:43:05.064Z loadProject: no active .sokonanoda document
2026-09-25T08:43:05.083Z active document changed: file:///var/folders/81/6wvjcvys3y300jnj259_2jbw0000gn/T/sokonanoda-vscode-test-6dhgva/reserved.sokonanoda
2026-09-25T08:43:05.086Z soko/project ok: project=null reason=no-imports
2026-09-25T08:43:05.119Z active document changed: (none)
2026-09-25T08:43:05.119Z loadProject: no active .sokonanoda document
2026-09-25T08:43:05.145Z active document changed: file:///var/folders/81/6wvjcvys3y300jnj259_2jbw0000gn/T/sokonanoda-vscode-test-6dhgva/exercise-hover.sokonanoda
2026-09-25T08:43:05.150Z soko/project ok: project=null reason=no-imports
2026-09-25T08:43:05.182Z active document changed: (none)
2026-09-25T08:43:05.182Z loadProject: no active .sokonanoda document
2026-09-25T08:43:05.214Z active document changed: file:///var/folders/81/6wvjcvys3y300jnj259_2jbw0000gn/T/sokonanoda-vscode-test-6dhgva/notation-input.sokonanoda
2026-09-25T08:43:05.217Z soko/project ok: project=null reason=no-imports
2026-09-25T08:43:05.316Z active document changed: (none)
2026-09-25T08:43:05.317Z loadProject: no active .sokonanoda document
2026-09-25T08:43:05.332Z active document changed: file:///var/folders/81/6wvjcvys3y300jnj259_2jbw0000gn/T/sokonanoda-vscode-test-6dhgva/restart.sokonanoda
2026-09-25T08:43:05.335Z soko/project ok: project=null reason=no-imports
2026-09-25T08:43:05.339Z client state: stopped
2026-09-25T08:43:05.341Z client state: starting
2026-09-25T08:43:05.353Z client state: running
2026-09-25T08:43:05.362Z active document changed: (none)
2026-09-25T08:43:05.363Z loadProject: no active .sokonanoda document
2026-09-25T08:43:05.454Z active document changed: file:///var/folders/81/6wvjcvys3y300jnj259_2jbw0000gn/T/sokonanoda-vscode-test-6dhgva/proj-ok/Main.sokonanoda
2026-09-25T08:43:05.458Z soko/project ok: project=Main (2 modules) reason=null
2026-09-25T08:43:05.461Z soko/project ok: project=Main (2 modules) reason=null
2026-09-25T08:43:05.563Z soko/project ok: project=Main (2 modules) reason=null
2026-09-25T08:43:05.652Z soko/project ok: project=Main (2 modules) reason=null
2026-09-25T08:43:05.667Z active document changed: (none)
2026-09-25T08:43:05.667Z loadProject: no active .sokonanoda document
2026-09-25T08:43:05.678Z active document changed: file:///var/folders/81/6wvjcvys3y300jnj259_2jbw0000gn/T/sokonanoda-vscode-test-6dhgva/single.sokonanoda
2026-09-25T08:43:05.681Z soko/project ok: project=null reason=no-imports
2026-09-25T08:43:05.685Z soko/project ok: project=null reason=no-imports
2026-09-25T08:43:05.789Z active document changed: (none)
2026-09-25T08:43:05.789Z loadProject: no active .sokonanoda document
2026-09-25T08:43:05.800Z active document changed: file:///var/folders/81/6wvjcvys3y300jnj259_2jbw0000gn/T/sokonanoda-vscode-test-6dhgva/proj-broken/Main.sokonanoda
2026-09-25T08:43:05.803Z soko/project ok: project=Main (1 modules) reason=null
2026-09-25T08:43:05.806Z soko/project ok: project=Main (1 modules) reason=null
2026-09-25T08:43:05.911Z active document changed: (none)
2026-09-25T08:43:05.911Z loadProject: no active .sokonanoda document
2026-09-25T08:43:05.926Z active document changed: file:///var/folders/81/6wvjcvys3y300jnj259_2jbw0000gn/T/sokonanoda-vscode-test-6dhgva/build-smoke.sokonanoda
2026-09-25T08:43:05.929Z soko/project ok: project=null reason=no-imports
2026-09-25T08:43:05.952Z soko/project ok: project=null reason=no-imports
2026-09-25T08:43:05.967Z soko/project ok: project=null reason=no-imports
2026-09-25T08:43:05.976Z active document changed: (none)
2026-09-25T08:43:05.977Z loadProject: no active .sokonanoda document
2026-09-25T08:43:06.029Z active document changed: file:///Users/penglingwei/Documents/lean/sokonanoda/sokonanoda-lang/editor/vscode/src/test/fixtures/workspace/units/u01.sokonanoda
2026-09-25T08:43:06.033Z soko/project ok: project=null reason=no-imports
2026-09-25T08:43:06.125Z soko/project ok: project=units.u01 (2 modules) reason=null
2026-09-25T08:43:06.140Z active document changed: (none)
2026-09-25T08:43:06.141Z loadProject: no active .sokonanoda document
2026-09-25T08:43:06.149Z active document changed: file:///Users/penglingwei/Documents/lean/sokonanoda/sokonanoda-lang/editor/vscode/src/test/fixtures/workspace/units/u01.sokonanoda
2026-09-25T08:43:06.152Z soko/project ok: project=units.u01 (2 modules) reason=null
2026-09-25T08:43:06.177Z active document changed: (none)
2026-09-25T08:43:06.177Z loadProject: no active .sokonanoda document
2026-09-25T08:43:06.185Z active document changed: file:///Users/penglingwei/Documents/lean/sokonanoda/sokonanoda-lang/editor/vscode/src/test/fixtures/workspace/units/u01.sokonanoda
2026-09-25T08:43:06.188Z soko/project ok: project=units.u01 (2 modules) reason=null
2026-09-25T08:43:06.219Z active document changed: (none)
2026-09-25T08:43:06.220Z loadProject: no active .sokonanoda document
2026-09-25T08:43:06.233Z active document changed: file:///Users/penglingwei/Documents/lean/sokonanoda/sokonanoda-lang/editor/vscode/src/test/fixtures/workspace/units/u02.sokonanoda
2026-09-25T08:43:06.236Z soko/project ok: project=null reason=no-imports
2026-09-25T08:43:06.293Z soko/project ok: project=null reason=no-imports
2026-09-25T08:43:06.636Z client state: stopped
2026-09-25T08:43:06.638Z client state: starting
2026-09-25T08:43:06.644Z client state: running
PERF e2e cache: cold=410ms warm=53ms
2026-09-25T08:43:06.693Z active document changed: (none)
2026-09-25T08:43:06.693Z loadProject: no active .sokonanoda document
2026-09-25T08:43:06.703Z active document changed: file:///Users/penglingwei/Documents/lean/sokonanoda/sokonanoda-lang/editor/vscode/src/test/fixtures/workspace/units/u01.sokonanoda
2026-09-25T08:43:06.707Z soko/project ok: project=units.u01 (2 modules) reason=null
2026-09-25T08:43:06.840Z soko/project ok: project=units.u01 (2 modules) reason=null
2026-09-25T08:43:07.317Z soko/project ok: project=units.u01 (2 modules) reason=null
2026-09-25T08:43:08.224Z active document changed: (none)
2026-09-25T08:43:08.224Z loadProject: no active .sokonanoda document
2026-09-25T08:43:08.232Z active document changed: file:///Users/penglingwei/Documents/lean/sokonanoda/sokonanoda-lang/editor/vscode/src/test/fixtures/workspace/units/u01.sokonanoda
2026-09-25T08:43:08.235Z soko/project ok: project=units.u01 (2 modules) reason=null
2026-09-25T08:43:08.951Z soko/project ok: project=units.u01 (2 modules) reason=null
2026-09-25T08:43:09.580Z soko/project ok: project=units.u01 (2 modules) reason=null
PERF e2e fanout: entry diagnostics publishes=1
2026-09-25T08:43:09.756Z active document changed: (none)
2026-09-25T08:43:09.756Z loadProject: no active .sokonanoda document
2026-09-25T08:43:09.769Z active document changed: file:///Users/penglingwei/Documents/lean/sokonanoda/sokonanoda-lang/editor/vscode/src/test/fixtures/workspace/units/u01.sokonanoda
2026-09-25T08:43:09.772Z soko/project ok: project=units.u01 (2 modules) reason=null
2026-09-25T08:43:10.427Z soko/project ok: project=units.u01 (2 modules) reason=null
2026-09-25T08:43:10.495Z active document changed: (none)
2026-09-25T08:43:10.495Z loadProject: no active .sokonanoda document
2026-09-25T08:43:10.508Z active document changed: file:///Users/penglingwei/Documents/lean/sokonanoda/sokonanoda-lang/editor/vscode/src/test/fixtures/workspace/units/u01.sokonanoda
2026-09-25T08:43:10.511Z soko/project ok: project=units.u01 (2 modules) reason=null
2026-09-25T08:43:40.527Z active document changed: (none)
2026-09-25T08:43:40.528Z loadProject: no active .sokonanoda document
2026-09-25T08:43:40.539Z active document changed: file:///Users/penglingwei/Documents/lean/sokonanoda/sokonanoda-lang/editor/vscode/src/test/fixtures/workspace/units/u01.sokonanoda
2026-09-25T08:43:40.543Z soko/project ok: project=units.u01 (2 modules) reason=null
2026-09-25T08:43:55.949Z active document changed: (none)
2026-09-25T08:43:55.949Z loadProject: no active .sokonanoda document
2026-09-25T08:43:55.963Z active document changed: file:///Users/penglingwei/Documents/lean/sokonanoda/sokonanoda-lang/editor/vscode/src/test/fixtures/workspace/units/u01.sokonanoda
2026-09-25T08:43:55.970Z soko/project ok: project=units.u01 (2 modules) reason=null
2026-09-25T08:44:11.468Z active document changed: (none)
2026-09-25T08:44:11.468Z loadProject: no active .sokonanoda document
2026-09-25T08:44:11.483Z client state: stopped

## 失败详情
  1) sokonanoda extension (VS Code integration)
       open declaration ships coloured goal runs to the Infoview:

      AssertionError [ERR_ASSERTION]: open_one 的 goal 必须带 goal_runs，实际 = undefined
      + expected - actual

      -false
      +true
      
  	at Context.<anonymous> (src/test/extension.test.js:662:14)

  2) sokonanoda extension (VS Code integration)
       goal text folds a binder notation whose type contains a lambda:
     Error: timed out after 30000ms waiting for ③：exists_fun 的根状态到达
  	at waitFor (src/test/extension.test.js:157:15)
  	at async Context.<anonymous> (src/test/extension.test.js:1055:5)

  3) sokonanoda extension (VS Code integration)
       go to definition on a notation symbol lands on its declaration:

      AssertionError [ERR_ASSERTION]: 在 `∈` 上跳定义必须返回至少一个位置（现在返回 null）
      + expected - actual

      -false
      +true
      
  	at Context.<anonymous> (src/test/extension.test.js:1100:12)

  4) sokonanoda extension (VS Code integration)
       hover on a notation symbol shows the target's signature:

      AssertionError [ERR_ASSERTION]: hover 必须给出 `Set.mem` 的原始类型，实际 = `∈` —— 记法符号

输入：`\in`（别名 `\mem`）

`a ∈ A : Prop`
      + expected - actual

      -false
      +true
      
  	at Context.<anonymous> (src/test/extension.test.js:1126:12)

4 tests failed.
[90m[main 2026-09-25T08:44:11.486Z][0m Extension host with pid 96745 exited with code: 0, signal: unknown.
Exit code:   1
