# scripts/vscode-e2e.sh — VS Code 1.138.0 · extension v0.65.1 · 45e3736433b93d5fa162bec2cae80a45e6931309
# 结果：25 passing / 0 failing / 0 pending（exit=0）

## doctor（服务器解析与版本自述）
--- doctor ---
sokonanoda doctor — 扩展 v0.65.1 (6 checks)
[ok] 1/6 resolution：bundled — /home/runner/work/sokonanoda-lang/sokonanoda-lang/editor/vscode/bin/linux-x64/sokonanoda-lsp (source=bundled)
[ok] 2/6 server-version：0.65.1 (pid 3112) == 扩展 v0.65.1 (source=bundled)
[ok] 3/6 host-version：运行宿主 v0.65.1
[ok] 4/6 ignored-override：没有被忽略的 serverPath/env 覆盖
[info] 5/6 download-cache：无下载缓存（仅影响 CLI/universal 兜底，不影响内置服务器）
[info] 6/6 obsolete-versions：检测到 0 个扩展版本快照、0 个 .obsolete 条目；完整重启 VS Code 会自动清理

## 用例
    ✔ .sokonanoda files get the sokonanoda language id (93ms)
    ✔ confusable-character highlight is off for sokonanoda files
    ✔ #check results appear as inlay hints (230ms)
    ✔ clean lesson publishes empty diagnostics (93ms)
    ✔ kernel-rejected declaration carries the kernel-rejected code (39ms)
    ✔ open exercise carries a sorry warning, not an error (57ms)
    ✔ a declaration named Prop warns, not errors (52ms)
    ✔ open exercise shows a hover on the hole (123ms)
    ✔ notation input: the rewriter produces ∧ and hover teaches \and (144ms)
    ✔ restart server command re-syncs open documents (93ms)
    ✔ infoview command is registered and revealable (140ms)
    ✔ the project tree shows the real closure of an imported module (176ms)
    ✔ the project tree names the file a single-file document is (143ms)
    ✔ the project tree marks a broken import as the root cause (132ms)
    ✔ build / rebuild commands warm the compile cache through the CLI (91ms)
    ✔ doctor command returns a read-only source + version report (43ms)
    ✔ declarations panel lists a project unit's declarations (552ms)
    ✔ next hole jumps inside a project unit
    ✔ warmCacheOnOpen pre-builds the workspace at activation
    ✔ reopening a project unit hits the compile cache (4213ms)
    ✔ rewriting an unchanged project unit does not recompile (1544ms)
    ✔ editing a dependency refreshes the open unit once (1537ms)
    ✔ goal text uses the file's notation (753ms)
    ✔ go to definition on a notation symbol lands on its declaration (105ms)
    ✔ hover on a notation symbol shows the target's signature (110ms)

## 扩展接线日志（SOKO_E2E_LOG）
2026-09-23T16:19:05.891Z server command: /home/runner/work/sokonanoda-lang/sokonanoda-lang/editor/vscode/bin/linux-x64/sokonanoda-lsp (source=bundled)
2026-09-23T16:19:05.892Z client state: starting
2026-09-23T16:19:05.934Z client state: running
2026-09-23T16:19:05.944Z loadProject: no active .sokonanoda document
2026-09-23T16:19:06.184Z warmCacheOnOpen: exit=0
2026-09-23T16:19:06.233Z active document changed: file:///tmp/sokonanoda-vscode-test-FJKrYy/check.sokonanoda
2026-09-23T16:19:06.247Z soko/project ok: project=null reason=no-imports
2026-09-23T16:19:06.379Z active document changed: (none)
2026-09-23T16:19:06.379Z loadProject: no active .sokonanoda document
2026-09-23T16:19:06.414Z active document changed: file:///tmp/sokonanoda-vscode-test-FJKrYy/lesson-clean.sokonanoda
2026-09-23T16:19:06.428Z soko/project ok: project=null reason=no-imports
2026-09-23T16:19:06.428Z soko/project ok: project=null reason=no-imports
2026-09-23T16:19:06.490Z active document changed: (none)
2026-09-23T16:19:06.490Z loadProject: no active .sokonanoda document
2026-09-23T16:19:06.521Z active document changed: file:///tmp/sokonanoda-vscode-test-FJKrYy/kernel-bad.sokonanoda
2026-09-23T16:19:06.532Z soko/project ok: project=null reason=no-imports
2026-09-23T16:19:06.579Z active document changed: (none)
2026-09-23T16:19:06.579Z loadProject: no active .sokonanoda document
2026-09-23T16:19:06.630Z active document changed: file:///tmp/sokonanoda-vscode-test-FJKrYy/exercise.sokonanoda
2026-09-23T16:19:06.639Z soko/project ok: project=null reason=no-imports
2026-09-23T16:19:06.681Z active document changed: (none)
2026-09-23T16:19:06.681Z loadProject: no active .sokonanoda document
2026-09-23T16:19:06.728Z active document changed: file:///tmp/sokonanoda-vscode-test-FJKrYy/reserved.sokonanoda
2026-09-23T16:19:06.737Z soko/project ok: project=null reason=no-imports
2026-09-23T16:19:06.793Z active document changed: (none)
2026-09-23T16:19:06.793Z loadProject: no active .sokonanoda document
2026-09-23T16:19:06.850Z active document changed: file:///tmp/sokonanoda-vscode-test-FJKrYy/exercise-hover.sokonanoda
2026-09-23T16:19:06.865Z soko/project ok: project=null reason=no-imports
2026-09-23T16:19:06.931Z active document changed: (none)
2026-09-23T16:19:06.931Z loadProject: no active .sokonanoda document
2026-09-23T16:19:06.966Z active document changed: file:///tmp/sokonanoda-vscode-test-FJKrYy/notation-input.sokonanoda
2026-09-23T16:19:06.978Z soko/project ok: project=null reason=no-imports
2026-09-23T16:19:07.121Z active document changed: (none)
2026-09-23T16:19:07.121Z loadProject: no active .sokonanoda document
2026-09-23T16:19:07.162Z active document changed: file:///tmp/sokonanoda-vscode-test-FJKrYy/restart.sokonanoda
2026-09-23T16:19:07.179Z soko/project ok: project=null reason=no-imports
2026-09-23T16:19:07.181Z client state: stopped
2026-09-23T16:19:07.186Z client state: starting
2026-09-23T16:19:07.215Z client state: running
2026-09-23T16:19:07.262Z active document changed: (none)
2026-09-23T16:19:07.262Z loadProject: no active .sokonanoda document
2026-09-23T16:19:07.417Z loadProject: no active .sokonanoda document
2026-09-23T16:19:07.477Z active document changed: file:///tmp/sokonanoda-vscode-test-FJKrYy/proj-ok/Main.sokonanoda
2026-09-23T16:19:07.491Z soko/project ok: project=Main (2 modules) reason=null
2026-09-23T16:19:07.493Z soko/project ok: project=Main (2 modules) reason=null
2026-09-23T16:19:07.599Z active document changed: (none)
2026-09-23T16:19:07.599Z loadProject: no active .sokonanoda document
2026-09-23T16:19:07.633Z active document changed: file:///tmp/sokonanoda-vscode-test-FJKrYy/single.sokonanoda
2026-09-23T16:19:07.642Z soko/project ok: project=null reason=no-imports
2026-09-23T16:19:07.647Z soko/project ok: project=null reason=no-imports
2026-09-23T16:19:07.752Z active document changed: (none)
2026-09-23T16:19:07.752Z loadProject: no active .sokonanoda document
2026-09-23T16:19:07.776Z active document changed: file:///tmp/sokonanoda-vscode-test-FJKrYy/proj-broken/Main.sokonanoda
2026-09-23T16:19:07.783Z soko/project ok: project=Main (1 modules) reason=null
2026-09-23T16:19:07.788Z soko/project ok: project=Main (1 modules) reason=null
2026-09-23T16:19:07.893Z active document changed: (none)
2026-09-23T16:19:07.893Z loadProject: no active .sokonanoda document
2026-09-23T16:19:07.923Z active document changed: file:///tmp/sokonanoda-vscode-test-FJKrYy/build-smoke.sokonanoda
2026-09-23T16:19:07.930Z soko/project ok: project=null reason=no-imports
2026-09-23T16:19:07.966Z soko/project ok: project=null reason=no-imports
2026-09-23T16:19:07.989Z soko/project ok: project=null reason=no-imports
2026-09-23T16:19:08.011Z active document changed: (none)
2026-09-23T16:19:08.011Z loadProject: no active .sokonanoda document
2026-09-23T16:19:08.095Z active document changed: file:///home/runner/work/sokonanoda-lang/sokonanoda-lang/editor/vscode/src/test/fixtures/workspace/units/u01.sokonanoda
2026-09-23T16:19:08.107Z soko/project ok: project=null reason=no-imports
2026-09-23T16:19:08.117Z soko/project ok: project=null reason=no-imports
2026-09-23T16:19:08.547Z soko/project ok: project=units.u01 (2 modules) reason=null
2026-09-23T16:19:08.625Z active document changed: (none)
2026-09-23T16:19:08.625Z loadProject: no active .sokonanoda document
2026-09-23T16:19:08.640Z active document changed: file:///home/runner/work/sokonanoda-lang/sokonanoda-lang/editor/vscode/src/test/fixtures/workspace/units/u01.sokonanoda
2026-09-23T16:19:08.647Z soko/project ok: project=units.u01 (2 modules) reason=null
2026-09-23T16:19:08.691Z active document changed: (none)
2026-09-23T16:19:08.691Z loadProject: no active .sokonanoda document
2026-09-23T16:19:08.725Z active document changed: file:///home/runner/work/sokonanoda-lang/sokonanoda-lang/editor/vscode/src/test/fixtures/workspace/units/u02.sokonanoda
2026-09-23T16:19:08.735Z soko/project ok: project=null reason=no-imports
2026-09-23T16:19:12.870Z client state: stopped
2026-09-23T16:19:12.873Z client state: starting
2026-09-23T16:19:12.889Z client state: running
PERF e2e cache: cold=4158ms warm=54ms entries=1
2026-09-23T16:19:12.987Z active document changed: (none)
2026-09-23T16:19:12.987Z loadProject: no active .sokonanoda document
2026-09-23T16:19:13.015Z active document changed: file:///home/runner/work/sokonanoda-lang/sokonanoda-lang/editor/vscode/src/test/fixtures/workspace/units/u01.sokonanoda
2026-09-23T16:19:13.027Z soko/project ok: project=units.u01 (2 modules) reason=null
2026-09-23T16:19:13.187Z soko/project ok: project=units.u01 (2 modules) reason=null
2026-09-23T16:19:13.614Z soko/project ok: project=units.u01 (2 modules) reason=null
2026-09-23T16:19:14.541Z active document changed: (none)
2026-09-23T16:19:14.541Z loadProject: no active .sokonanoda document
2026-09-23T16:19:14.565Z active document changed: file:///home/runner/work/sokonanoda-lang/sokonanoda-lang/editor/vscode/src/test/fixtures/workspace/units/u01.sokonanoda
2026-09-23T16:19:14.575Z soko/project ok: project=units.u01 (2 modules) reason=null
2026-09-23T16:19:15.572Z soko/project ok: project=units.u01 (2 modules) reason=null
PERF e2e fanout: entry diagnostics publishes=1
2026-09-23T16:19:16.090Z active document changed: (none)
2026-09-23T16:19:16.090Z loadProject: no active .sokonanoda document
2026-09-23T16:19:16.128Z active document changed: file:///home/runner/work/sokonanoda-lang/sokonanoda-lang/editor/vscode/src/test/fixtures/workspace/units/u01.sokonanoda
2026-09-23T16:19:16.141Z soko/project ok: project=units.u01 (2 modules) reason=null
2026-09-23T16:19:16.774Z soko/project ok: project=units.u01 (2 modules) reason=null
2026-09-23T16:19:16.860Z active document changed: (none)
2026-09-23T16:19:16.860Z loadProject: no active .sokonanoda document
2026-09-23T16:19:16.878Z active document changed: file:///home/runner/work/sokonanoda-lang/sokonanoda-lang/editor/vscode/src/test/fixtures/workspace/units/u01.sokonanoda
2026-09-23T16:19:16.895Z soko/project ok: project=units.u01 (2 modules) reason=null
2026-09-23T16:19:16.996Z active document changed: (none)
2026-09-23T16:19:16.996Z loadProject: no active .sokonanoda document
2026-09-23T16:19:17.028Z active document changed: file:///home/runner/work/sokonanoda-lang/sokonanoda-lang/editor/vscode/src/test/fixtures/workspace/units/u01.sokonanoda
2026-09-23T16:19:17.041Z soko/project ok: project=units.u01 (2 modules) reason=null
2026-09-23T16:19:17.119Z active document changed: (none)
2026-09-23T16:19:17.119Z loadProject: no active .sokonanoda document
2026-09-23T16:19:17.158Z client state: stopped
