# scripts/vscode-e2e.sh — VS Code 1.106.0 · extension v0.78.1 · d252646dd6d8ac8ffad5428c8b82b27d35f9df1b
# 结果：35 passing / 0 failing / 0 pending（exit=0）

## doctor（服务器解析与版本自述）
--- doctor ---
sokonanoda doctor — 扩展 v0.78.1 (6 checks)
[ok] 1/6 resolution：bundled — /home/runner/work/sokonanoda-lang/sokonanoda-lang/editor/vscode/bin/linux-x64/sokonanoda-lsp (source=bundled)
[ok] 2/6 server-version：0.78.1 (pid 3096) == 扩展 v0.78.1 (source=bundled)
[ok] 3/6 host-version：运行宿主 v0.78.1
[ok] 4/6 ignored-override：没有被忽略的 serverPath/env 覆盖
[info] 5/6 download-cache：无下载缓存（仅影响 CLI/universal 兜底，不影响内置服务器）
[info] 6/6 obsolete-versions：检测到 0 个扩展版本快照、0 个 .obsolete 条目；完整重启 VS Code 会自动清理

## 用例
    ✔ .sokonanoda files get the sokonanoda language id (308ms)
    ✔ confusable-character highlight is off for sokonanoda files
    ✔ #check results appear as inlay hints (324ms)
    ✔ clean lesson publishes empty diagnostics (203ms)
    ✔ kernel-rejected declaration carries the kernel-rejected code (220ms)
    ✔ open exercise carries a sorry warning, not an error (100ms)
    ✔ a declaration named Prop warns, not errors (90ms)
    ✔ open exercise shows a hover on the hole (157ms)
    ✔ hover 的类型文本折成记法（T-U12 面 #3，e2e 那一份） (472ms)
    ✔ notation input: the rewriter produces ∧ and hover teaches \and (431ms)
    ✔ restart server command re-syncs open documents (151ms)
    ✔ infoview command is registered and revealable (162ms)
    ✔ the project tree shows the real closure of an imported module (465ms)
    ✔ the project tree names the file a single-file document is (219ms)
    ✔ the project tree marks a broken import as the root cause (183ms)
    ✔ build / rebuild commands warm the compile cache through the CLI (11127ms)
    ✔ Clean Cache empties the project store and does not compile (E31) (7572ms)
    ✔ the Infoview receives the project view (E30) (45ms)
    ✔ Infoview 'definition' lands exactly where the editor F12 lands (E27) (121ms)
    ✔ doctor command returns a read-only source + version report
    ✔ declarations panel lists a project unit's declarations
    ✔ open declaration ships coloured goal runs to the Infoview
    ✔ next hole jumps inside a project unit
    ✔ warmCacheOnOpen pre-builds the workspace at activation
    ✔ reopening a project unit hits the compile cache (4365ms)
    ✔ rewriting an unchanged project unit does not recompile (1954ms)
    ✔ editing a dependency refreshes the open unit once (5548ms)
    ✔ goal text uses the file's notation (637ms)
    ✔ goal text folds a binder notation whose type contains a lambda (336ms)
    ✔ Infoview 的 `⊢` 用记法箭头 `→`，且 runs 与 text 同源 (371ms)
    ✔ Infoview 里集合字面量显示成 `{a}`（不是 `Set.singleton α a`） (328ms)
    ✔ go to definition on a `{a}` set literal lands on `Set.singleton` (122ms)
    ✔ go to definition on a prelude name lands in the prelude source (154ms)
    ✔ go to definition on a notation symbol lands on its declaration (219ms)
    ✔ hover on a notation symbol shows the target's signature (138ms)

## 扩展接线日志（SOKO_E2E_LOG）
2026-09-29T14:50:21.498Z server command: /home/runner/work/sokonanoda-lang/sokonanoda-lang/editor/vscode/bin/linux-x64/sokonanoda-lsp (source=bundled)
2026-09-29T14:50:21.499Z client state: starting
2026-09-29T14:50:21.522Z client state: running
2026-09-29T14:50:21.536Z loadProject: no active .sokonanoda document
2026-09-29T14:50:22.095Z active document changed: file:///tmp/sokonanoda-vscode-test-5Rvrdg/check.sokonanoda
2026-09-29T14:50:22.116Z soko/project ok: project=null reason=no-imports
2026-09-29T14:50:22.266Z soko/project ok: project=null reason=no-imports
2026-09-29T14:50:22.332Z active document changed: (none)
2026-09-29T14:50:22.332Z loadProject: no active .sokonanoda document
2026-09-29T14:50:22.427Z active document changed: file:///tmp/sokonanoda-vscode-test-5Rvrdg/lesson-clean.sokonanoda
2026-09-29T14:50:22.450Z soko/project ok: project=null reason=no-imports
2026-09-29T14:50:22.556Z active document changed: (none)
2026-09-29T14:50:22.556Z loadProject: no active .sokonanoda document
2026-09-29T14:50:22.660Z loadProject: no active .sokonanoda document
2026-09-29T14:50:22.671Z active document changed: file:///tmp/sokonanoda-vscode-test-5Rvrdg/kernel-bad.sokonanoda
2026-09-29T14:50:22.694Z soko/project ok: project=null reason=no-imports
2026-09-29T14:50:22.797Z active document changed: (none)
2026-09-29T14:50:22.797Z loadProject: no active .sokonanoda document
2026-09-29T14:50:22.886Z active document changed: file:///tmp/sokonanoda-vscode-test-5Rvrdg/exercise.sokonanoda
2026-09-29T14:50:22.904Z soko/project ok: project=null reason=no-imports
2026-09-29T14:50:22.911Z soko/project ok: project=null reason=no-imports
2026-09-29T14:50:22.985Z active document changed: (none)
2026-09-29T14:50:22.985Z loadProject: no active .sokonanoda document
2026-09-29T14:50:23.061Z loadProject: no active .sokonanoda document
2026-09-29T14:50:23.062Z active document changed: file:///tmp/sokonanoda-vscode-test-5Rvrdg/reserved.sokonanoda
2026-09-29T14:50:23.082Z soko/project ok: project=null reason=no-imports
2026-09-29T14:50:23.159Z active document changed: (none)
2026-09-29T14:50:23.159Z loadProject: no active .sokonanoda document
2026-09-29T14:50:23.228Z active document changed: file:///tmp/sokonanoda-vscode-test-5Rvrdg/exercise-hover.sokonanoda
2026-09-29T14:50:23.241Z soko/project ok: project=null reason=no-imports
2026-09-29T14:50:23.351Z active document changed: (none)
2026-09-29T14:50:23.351Z loadProject: no active .sokonanoda document
2026-09-29T14:50:23.405Z loadProject: no active .sokonanoda document
2026-09-29T14:50:23.437Z active document changed: file:///home/runner/work/sokonanoda-lang/sokonanoda-lang/editor/vscode/src/test/fixtures/workspace/units/u01.sokonanoda
2026-09-29T14:50:23.461Z soko/project ok: project=units.u01 (2 modules) reason=null
2026-09-29T14:50:23.633Z soko/project ok: project=units.u01 (2 modules) reason=null
2026-09-29T14:50:23.919Z active document changed: (none)
2026-09-29T14:50:23.919Z loadProject: no active .sokonanoda document
2026-09-29T14:50:24.051Z active document changed: file:///tmp/sokonanoda-vscode-test-5Rvrdg/notation-input.sokonanoda
2026-09-29T14:50:24.053Z soko/project ok: project=null reason=no-imports
2026-09-29T14:50:24.291Z soko/project ok: project=null reason=parse-error
2026-09-29T14:50:24.451Z active document changed: (none)
2026-09-29T14:50:24.453Z loadProject: no active .sokonanoda document
2026-09-29T14:50:24.505Z active document changed: file:///tmp/sokonanoda-vscode-test-5Rvrdg/restart.sokonanoda
2026-09-29T14:50:24.523Z soko/project ok: project=null reason=no-imports
2026-09-29T14:50:24.528Z client state: stopped
2026-09-29T14:50:24.536Z client state: starting
2026-09-29T14:50:24.575Z client state: running
2026-09-29T14:50:24.696Z active document changed: (none)
2026-09-29T14:50:24.696Z loadProject: no active .sokonanoda document
2026-09-29T14:50:24.861Z loadProject: no active .sokonanoda document
2026-09-29T14:50:25.118Z active document changed: file:///tmp/sokonanoda-vscode-test-5Rvrdg/proj-ok/Main.sokonanoda
2026-09-29T14:50:25.151Z soko/project ok: project=Main (2 modules) reason=null
2026-09-29T14:50:25.155Z soko/project ok: project=Main (2 modules) reason=null
2026-09-29T14:50:25.246Z soko/project ok: project=Main (2 modules) reason=null
2026-09-29T14:50:25.263Z soko/project ok: project=Main (2 modules) reason=null
2026-09-29T14:50:25.355Z active document changed: (none)
2026-09-29T14:50:25.355Z loadProject: no active .sokonanoda document
2026-09-29T14:50:25.458Z active document changed: file:///tmp/sokonanoda-vscode-test-5Rvrdg/single.sokonanoda
2026-09-29T14:50:25.487Z soko/project ok: project=null reason=no-imports
2026-09-29T14:50:25.490Z soko/project ok: project=null reason=no-imports
2026-09-29T14:50:25.597Z active document changed: (none)
2026-09-29T14:50:25.597Z loadProject: no active .sokonanoda document
2026-09-29T14:50:25.643Z loadProject: no active .sokonanoda document
2026-09-29T14:50:25.675Z active document changed: file:///tmp/sokonanoda-vscode-test-5Rvrdg/proj-broken/Main.sokonanoda
2026-09-29T14:50:25.695Z soko/project ok: project=Main (1 modules) reason=null
2026-09-29T14:50:25.700Z soko/project ok: project=Main (1 modules) reason=null
2026-09-29T14:50:25.859Z soko/project ok: project=Main (1 modules) reason=null
2026-09-29T14:50:25.919Z active document changed: (none)
2026-09-29T14:50:25.919Z loadProject: no active .sokonanoda document
2026-09-29T14:50:26.029Z active document changed: file:///home/runner/work/sokonanoda-lang/sokonanoda-lang/editor/vscode/src/test/fixtures/workspace/units/u01.sokonanoda
2026-09-29T14:50:26.038Z soko/project ok: project=units.u01 (2 modules) reason=null
2026-09-29T14:50:29.496Z warmCacheOnOpen: exit=0
2026-09-29T14:50:32.080Z soko/project ok: project=units.u01 (2 modules) reason=null
2026-09-29T14:50:37.095Z soko/project ok: project=units.u01 (2 modules) reason=null
2026-09-29T14:50:37.112Z active document changed: (none)
2026-09-29T14:50:37.113Z loadProject: no active .sokonanoda document
2026-09-29T14:50:37.148Z active document changed: file:///home/runner/work/sokonanoda-lang/sokonanoda-lang/editor/vscode/src/test/fixtures/workspace/units/u01.sokonanoda
2026-09-29T14:50:37.151Z soko/project ok: project=units.u01 (2 modules) reason=null
2026-09-29T14:50:38.174Z soko/project ok: project=units.u01 (2 modules) reason=null
2026-09-29T14:50:38.183Z soko/project ok: project=units.u01 (2 modules) reason=null
2026-09-29T14:50:44.691Z soko/project ok: project=units.u01 (2 modules) reason=null
2026-09-29T14:50:44.718Z active document changed: (none)
2026-09-29T14:50:44.718Z loadProject: no active .sokonanoda document
2026-09-29T14:50:44.757Z active document changed: file:///home/runner/work/sokonanoda-lang/sokonanoda-lang/editor/vscode/src/test/fixtures/workspace/units/u01.sokonanoda
2026-09-29T14:50:44.760Z soko/project ok: project=units.u01 (2 modules) reason=null
2026-09-29T14:50:44.824Z active document changed: (none)
2026-09-29T14:50:44.824Z loadProject: no active .sokonanoda document
2026-09-29T14:50:44.850Z active document changed: file:///home/runner/work/sokonanoda-lang/sokonanoda-lang/editor/vscode/src/test/fixtures/workspace/units/u01.sokonanoda
2026-09-29T14:50:44.854Z soko/project ok: project=units.u01 (2 modules) reason=null
2026-09-29T14:50:44.930Z active document changed: (none)
2026-09-29T14:50:44.930Z loadProject: no active .sokonanoda document
2026-09-29T14:50:44.938Z active document changed: file:///home/runner/work/sokonanoda-lang/sokonanoda-lang/editor/vscode/src/test/fixtures/workspace/lib/Set.sokonanoda
2026-09-29T14:50:44.940Z soko/project ok: project=null reason=no-imports
2026-09-29T14:50:44.992Z active document changed: (none)
2026-09-29T14:50:44.992Z loadProject: no active .sokonanoda document
2026-09-29T14:50:45.041Z active document changed: file:///home/runner/work/sokonanoda-lang/sokonanoda-lang/editor/vscode/src/test/fixtures/workspace/units/u01.sokonanoda
2026-09-29T14:50:45.049Z soko/project ok: project=units.u01 (2 modules) reason=null
2026-09-29T14:50:45.119Z active document changed: (none)
2026-09-29T14:50:45.119Z loadProject: no active .sokonanoda document
2026-09-29T14:50:45.126Z loadProject: no active .sokonanoda document
2026-09-29T14:50:45.143Z active document changed: file:///home/runner/work/sokonanoda-lang/sokonanoda-lang/editor/vscode/src/test/fixtures/workspace/units/u01.sokonanoda
2026-09-29T14:50:45.145Z soko/project ok: project=units.u01 (2 modules) reason=null
2026-09-29T14:50:45.209Z active document changed: (none)
2026-09-29T14:50:45.209Z loadProject: no active .sokonanoda document
2026-09-29T14:50:45.237Z active document changed: file:///home/runner/work/sokonanoda-lang/sokonanoda-lang/editor/vscode/src/test/fixtures/workspace/units/u01.sokonanoda
2026-09-29T14:50:45.240Z soko/project ok: project=units.u01 (2 modules) reason=null
2026-09-29T14:50:45.312Z active document changed: (none)
2026-09-29T14:50:45.312Z loadProject: no active .sokonanoda document
2026-09-29T14:50:45.352Z active document changed: file:///home/runner/work/sokonanoda-lang/sokonanoda-lang/editor/vscode/src/test/fixtures/workspace/units/u02-cold-open.sokonanoda
2026-09-29T14:50:45.355Z soko/project ok: project=null reason=no-imports
2026-09-29T14:50:49.641Z client state: stopped
2026-09-29T14:50:49.645Z client state: starting
2026-09-29T14:50:49.656Z client state: running
PERF e2e cache: cold=4307ms warm=56ms
2026-09-29T14:50:49.754Z active document changed: (none)
2026-09-29T14:50:49.754Z loadProject: no active .sokonanoda document
2026-09-29T14:50:49.799Z active document changed: file:///home/runner/work/sokonanoda-lang/sokonanoda-lang/editor/vscode/src/test/fixtures/workspace/units/u01.sokonanoda
2026-09-29T14:50:49.803Z soko/project ok: project=units.u01 (2 modules) reason=null
2026-09-29T14:50:49.954Z soko/project ok: project=units.u01 (2 modules) reason=null
2026-09-29T14:50:50.351Z soko/project ok: project=units.u01 (2 modules) reason=null
2026-09-29T14:50:50.803Z soko/project ok: project=units.u01 (2 modules) reason=null
2026-09-29T14:50:51.720Z active document changed: (none)
2026-09-29T14:50:51.720Z loadProject: no active .sokonanoda document
2026-09-29T14:50:51.745Z active document changed: file:///home/runner/work/sokonanoda-lang/sokonanoda-lang/editor/vscode/src/test/fixtures/workspace/units/u01.sokonanoda
2026-09-29T14:50:51.748Z soko/project ok: project=units.u01 (2 modules) reason=null
2026-09-29T14:50:52.426Z soko/project ok: project=units.u01 (2 modules) reason=null
2026-09-29T14:50:52.907Z soko/project ok: project=units.u01 (2 modules) reason=null
PERF e2e fanout: entry diagnostics signature=152 字节 · 稳定 ✓
2026-09-29T14:50:57.280Z active document changed: (none)
2026-09-29T14:50:57.280Z loadProject: no active .sokonanoda document
2026-09-29T14:50:57.304Z active document changed: file:///home/runner/work/sokonanoda-lang/sokonanoda-lang/editor/vscode/src/test/fixtures/workspace/units/u01.sokonanoda
2026-09-29T14:50:57.306Z soko/project ok: project=units.u01 (2 modules) reason=null
2026-09-29T14:50:57.916Z soko/project ok: project=units.u01 (2 modules) reason=null
2026-09-29T14:50:57.928Z active document changed: (none)
2026-09-29T14:50:57.928Z loadProject: no active .sokonanoda document
2026-09-29T14:50:57.955Z active document changed: file:///home/runner/work/sokonanoda-lang/sokonanoda-lang/editor/vscode/src/test/fixtures/workspace/units/u01.sokonanoda
2026-09-29T14:50:57.966Z soko/project ok: project=units.u01 (2 modules) reason=null
2026-09-29T14:50:58.282Z active document changed: (none)
2026-09-29T14:50:58.282Z loadProject: no active .sokonanoda document
2026-09-29T14:50:58.341Z active document changed: file:///home/runner/work/sokonanoda-lang/sokonanoda-lang/editor/vscode/src/test/fixtures/workspace/units/u01.sokonanoda
2026-09-29T14:50:58.347Z soko/project ok: project=units.u01 (2 modules) reason=null
2026-09-29T14:50:58.667Z active document changed: (none)
2026-09-29T14:50:58.667Z loadProject: no active .sokonanoda document
2026-09-29T14:50:58.686Z active document changed: file:///home/runner/work/sokonanoda-lang/sokonanoda-lang/editor/vscode/src/test/fixtures/workspace/units/u01.sokonanoda
2026-09-29T14:50:58.693Z soko/project ok: project=units.u01 (2 modules) reason=null
2026-09-29T14:50:59.005Z active document changed: (none)
2026-09-29T14:50:59.005Z loadProject: no active .sokonanoda document
2026-09-29T14:50:59.035Z active document changed: file:///home/runner/work/sokonanoda-lang/sokonanoda-lang/editor/vscode/src/test/fixtures/workspace/units/u01.sokonanoda
2026-09-29T14:50:59.039Z soko/project ok: project=units.u01 (2 modules) reason=null
2026-09-29T14:50:59.140Z active document changed: (none)
2026-09-29T14:50:59.140Z loadProject: no active .sokonanoda document
2026-09-29T14:50:59.169Z active document changed: file:///home/runner/work/sokonanoda-lang/sokonanoda-lang/editor/vscode/src/test/fixtures/workspace/units/u01.sokonanoda
2026-09-29T14:50:59.174Z soko/project ok: project=units.u01 (2 modules) reason=null
2026-09-29T14:50:59.310Z active document changed: (none)
2026-09-29T14:50:59.310Z loadProject: no active .sokonanoda document
2026-09-29T14:50:59.396Z active document changed: file:///home/runner/work/sokonanoda-lang/sokonanoda-lang/editor/vscode/src/test/fixtures/workspace/units/u01.sokonanoda
2026-09-29T14:50:59.401Z soko/project ok: project=units.u01 (2 modules) reason=null
2026-09-29T14:50:59.565Z active document changed: (none)
2026-09-29T14:50:59.565Z loadProject: no active .sokonanoda document
2026-09-29T14:50:59.601Z active document changed: file:///home/runner/work/sokonanoda-lang/sokonanoda-lang/editor/vscode/src/test/fixtures/workspace/units/u01.sokonanoda
2026-09-29T14:50:59.608Z soko/project ok: project=units.u01 (2 modules) reason=null
2026-09-29T14:50:59.725Z active document changed: (none)
2026-09-29T14:50:59.725Z loadProject: no active .sokonanoda document
2026-09-29T14:50:59.805Z client state: stopped
