# scripts/vscode-e2e.sh — VS Code 1.106.0 · extension v0.73.0 · 171145a9978c88dbfaec46616c0df24e9bdeb6c9
# 结果：32 passing / 0 failing / 0 pending（exit=0）

## doctor（服务器解析与版本自述）
--- doctor ---
sokonanoda doctor — 扩展 v0.73.0 (6 checks)
[ok] 1/6 resolution：bundled — /home/runner/work/sokonanoda-lang/sokonanoda-lang/editor/vscode/bin/linux-x64/sokonanoda-lsp (source=bundled)
[ok] 2/6 server-version：0.73.0 (pid 3076) == 扩展 v0.73.0 (source=bundled)
[ok] 3/6 host-version：运行宿主 v0.73.0
[ok] 4/6 ignored-override：没有被忽略的 serverPath/env 覆盖
[info] 5/6 download-cache：无下载缓存（仅影响 CLI/universal 兜底，不影响内置服务器）
[info] 6/6 obsolete-versions：检测到 0 个扩展版本快照、0 个 .obsolete 条目；完整重启 VS Code 会自动清理

## 用例
    ✔ .sokonanoda files get the sokonanoda language id (92ms)
    ✔ confusable-character highlight is off for sokonanoda files
    ✔ #check results appear as inlay hints (265ms)
    ✔ clean lesson publishes empty diagnostics (185ms)
    ✔ kernel-rejected declaration carries the kernel-rejected code (173ms)
    ✔ open exercise carries a sorry warning, not an error (74ms)
    ✔ a declaration named Prop warns, not errors (66ms)
    ✔ open exercise shows a hover on the hole (198ms)
    ✔ hover 的类型文本折成记法（T-U12 面 #3，e2e 那一份） (194ms)
    ✔ notation input: the rewriter produces ∧ and hover teaches \and (289ms)
    ✔ restart server command re-syncs open documents (237ms)
    ✔ infoview command is registered and revealable (143ms)
    ✔ the project tree shows the real closure of an imported module (342ms)
    ✔ the project tree names the file a single-file document is (167ms)
    ✔ the project tree marks a broken import as the root cause (157ms)
    ✔ build / rebuild commands warm the compile cache through the CLI (168ms)
    ✔ doctor command returns a read-only source + version report (43ms)
    ✔ declarations panel lists a project unit's declarations (40ms)
    ✔ open declaration ships coloured goal runs to the Infoview (42ms)
    ✔ next hole jumps inside a project unit (43ms)
    ✔ warmCacheOnOpen pre-builds the workspace at activation
    ✔ reopening a project unit hits the compile cache (4712ms)
    ✔ rewriting an unchanged project unit does not recompile (1542ms)
    ✔ editing a dependency refreshes the open unit once (5646ms)
    ✔ goal text uses the file's notation (740ms)
    ✔ goal text folds a binder notation whose type contains a lambda (360ms)
    ✔ Infoview 的 `⊢` 用记法箭头 `→`，且 runs 与 text 同源 (339ms)
    ✔ Infoview 里集合字面量显示成 `{a}`（不是 `Set.singleton α a`） (339ms)
    ✔ go to definition on a `{a}` set literal lands on `Set.singleton` (115ms)
    ✔ go to definition on a prelude name lands in the prelude source (126ms)
    ✔ go to definition on a notation symbol lands on its declaration (128ms)
    ✔ hover on a notation symbol shows the target's signature (142ms)

## 扩展接线日志（SOKO_E2E_LOG）
2026-09-27T09:15:39.736Z server command: /home/runner/work/sokonanoda-lang/sokonanoda-lang/editor/vscode/bin/linux-x64/sokonanoda-lsp (source=bundled)
2026-09-27T09:15:39.737Z client state: starting
2026-09-27T09:15:39.760Z client state: running
2026-09-27T09:15:39.771Z loadProject: no active .sokonanoda document
2026-09-27T09:15:40.094Z active document changed: file:///tmp/sokonanoda-vscode-test-CzLQBd/check.sokonanoda
2026-09-27T09:15:40.114Z soko/project ok: project=null reason=no-imports
2026-09-27T09:15:40.128Z soko/project ok: project=null reason=no-imports
2026-09-27T09:15:40.257Z active document changed: (none)
2026-09-27T09:15:40.257Z loadProject: no active .sokonanoda document
2026-09-27T09:15:40.287Z loadProject: no active .sokonanoda document
2026-09-27T09:15:40.330Z active document changed: file:///tmp/sokonanoda-vscode-test-CzLQBd/lesson-clean.sokonanoda
2026-09-27T09:15:40.334Z soko/project ok: project=null reason=no-imports
2026-09-27T09:15:40.459Z active document changed: (none)
2026-09-27T09:15:40.459Z loadProject: no active .sokonanoda document
2026-09-27T09:15:40.532Z active document changed: file:///tmp/sokonanoda-vscode-test-CzLQBd/kernel-bad.sokonanoda
2026-09-27T09:15:40.551Z soko/project ok: project=null reason=no-imports
2026-09-27T09:15:40.565Z soko/project ok: project=null reason=no-imports
2026-09-27T09:15:40.653Z active document changed: (none)
2026-09-27T09:15:40.653Z loadProject: no active .sokonanoda document
2026-09-27T09:15:40.713Z active document changed: file:///tmp/sokonanoda-vscode-test-CzLQBd/exercise.sokonanoda
2026-09-27T09:15:40.731Z soko/project ok: project=null reason=no-imports
2026-09-27T09:15:40.794Z active document changed: (none)
2026-09-27T09:15:40.794Z loadProject: no active .sokonanoda document
2026-09-27T09:15:40.850Z active document changed: file:///tmp/sokonanoda-vscode-test-CzLQBd/reserved.sokonanoda
2026-09-27T09:15:40.869Z soko/project ok: project=null reason=no-imports
2026-09-27T09:15:40.918Z active document changed: (none)
2026-09-27T09:15:40.918Z loadProject: no active .sokonanoda document
2026-09-27T09:15:40.986Z active document changed: file:///tmp/sokonanoda-vscode-test-CzLQBd/exercise-hover.sokonanoda
2026-09-27T09:15:41.011Z soko/project ok: project=null reason=no-imports
2026-09-27T09:15:41.134Z active document changed: (none)
2026-09-27T09:15:41.134Z loadProject: no active .sokonanoda document
2026-09-27T09:15:41.161Z loadProject: no active .sokonanoda document
2026-09-27T09:15:41.197Z active document changed: file:///home/runner/work/sokonanoda-lang/sokonanoda-lang/editor/vscode/src/test/fixtures/workspace/units/u01.sokonanoda
2026-09-27T09:15:41.222Z soko/project ok: project=units.u01 (2 modules) reason=null
2026-09-27T09:15:41.387Z soko/project ok: project=units.u01 (2 modules) reason=null
2026-09-27T09:15:41.424Z active document changed: (none)
2026-09-27T09:15:41.424Z loadProject: no active .sokonanoda document
2026-09-27T09:15:41.524Z active document changed: file:///tmp/sokonanoda-vscode-test-CzLQBd/notation-input.sokonanoda
2026-09-27T09:15:41.545Z soko/project ok: project=null reason=no-imports
2026-09-27T09:15:41.753Z soko/project ok: project=null reason=no-imports
2026-09-27T09:15:41.762Z active document changed: (none)
2026-09-27T09:15:41.762Z loadProject: no active .sokonanoda document
2026-09-27T09:15:41.827Z active document changed: file:///tmp/sokonanoda-vscode-test-CzLQBd/restart.sokonanoda
2026-09-27T09:15:41.841Z soko/project ok: project=null reason=no-imports
2026-09-27T09:15:41.843Z client state: stopped
2026-09-27T09:15:41.850Z client state: starting
2026-09-27T09:15:41.889Z client state: running
2026-09-27T09:15:42.027Z active document changed: (none)
2026-09-27T09:15:42.027Z loadProject: no active .sokonanoda document
2026-09-27T09:15:42.099Z loadProject: no active .sokonanoda document
2026-09-27T09:15:42.298Z active document changed: file:///tmp/sokonanoda-vscode-test-CzLQBd/proj-ok/Main.sokonanoda
2026-09-27T09:15:42.317Z soko/project ok: project=Main (2 modules) reason=null
2026-09-27T09:15:42.323Z soko/project ok: project=Main (2 modules) reason=null
2026-09-27T09:15:42.428Z soko/project ok: project=Main (2 modules) reason=null
2026-09-27T09:15:42.518Z soko/project ok: project=Main (2 modules) reason=null
2026-09-27T09:15:42.534Z active document changed: (none)
2026-09-27T09:15:42.534Z loadProject: no active .sokonanoda document
2026-09-27T09:15:42.596Z active document changed: file:///tmp/sokonanoda-vscode-test-CzLQBd/single.sokonanoda
2026-09-27T09:15:42.610Z soko/project ok: project=null reason=no-imports
2026-09-27T09:15:42.611Z soko/project ok: project=null reason=no-imports
2026-09-27T09:15:42.718Z active document changed: (none)
2026-09-27T09:15:42.719Z loadProject: no active .sokonanoda document
2026-09-27T09:15:42.763Z active document changed: file:///tmp/sokonanoda-vscode-test-CzLQBd/proj-broken/Main.sokonanoda
2026-09-27T09:15:42.781Z soko/project ok: project=Main (1 modules) reason=null
2026-09-27T09:15:42.786Z soko/project ok: project=Main (1 modules) reason=null
2026-09-27T09:15:42.788Z soko/project ok: project=Main (1 modules) reason=null
2026-09-27T09:15:42.887Z active document changed: (none)
2026-09-27T09:15:42.887Z loadProject: no active .sokonanoda document
2026-09-27T09:15:42.927Z active document changed: file:///tmp/sokonanoda-vscode-test-CzLQBd/build-smoke.sokonanoda
2026-09-27T09:15:42.950Z soko/project ok: project=null reason=no-imports
2026-09-27T09:15:42.959Z soko/project ok: project=null reason=no-imports
2026-09-27T09:15:43.009Z soko/project ok: project=null reason=no-imports
2026-09-27T09:15:43.065Z soko/project ok: project=null reason=no-imports
2026-09-27T09:15:43.123Z soko/project ok: project=null reason=no-imports
2026-09-27T09:15:43.236Z active document changed: (none)
2026-09-27T09:15:43.236Z loadProject: no active .sokonanoda document
2026-09-27T09:15:43.344Z warmCacheOnOpen: exit=0
2026-09-27T09:15:43.345Z active document changed: file:///home/runner/work/sokonanoda-lang/sokonanoda-lang/editor/vscode/src/test/fixtures/workspace/units/u01.sokonanoda
2026-09-27T09:15:43.362Z soko/project ok: project=units.u01 (2 modules) reason=null
2026-09-27T09:15:43.451Z active document changed: (none)
2026-09-27T09:15:43.451Z loadProject: no active .sokonanoda document
2026-09-27T09:15:43.479Z active document changed: file:///home/runner/work/sokonanoda-lang/sokonanoda-lang/editor/vscode/src/test/fixtures/workspace/units/u01.sokonanoda
2026-09-27T09:15:43.498Z soko/project ok: project=units.u01 (2 modules) reason=null
2026-09-27T09:15:43.556Z active document changed: (none)
2026-09-27T09:15:43.556Z loadProject: no active .sokonanoda document
2026-09-27T09:15:43.588Z active document changed: file:///home/runner/work/sokonanoda-lang/sokonanoda-lang/editor/vscode/src/test/fixtures/workspace/units/u01.sokonanoda
2026-09-27T09:15:43.601Z soko/project ok: project=units.u01 (2 modules) reason=null
2026-09-27T09:15:43.683Z active document changed: (none)
2026-09-27T09:15:43.683Z loadProject: no active .sokonanoda document
2026-09-27T09:15:43.728Z active document changed: file:///home/runner/work/sokonanoda-lang/sokonanoda-lang/editor/vscode/src/test/fixtures/workspace/units/u02-cold-open.sokonanoda
2026-09-27T09:15:43.754Z soko/project ok: project=null reason=no-imports
2026-09-27T09:15:48.339Z client state: stopped
2026-09-27T09:15:48.342Z client state: starting
2026-09-27T09:15:48.352Z client state: running
PERF e2e cache: cold=4630ms warm=79ms
2026-09-27T09:15:48.473Z active document changed: (none)
2026-09-27T09:15:48.473Z loadProject: no active .sokonanoda document
2026-09-27T09:15:48.503Z active document changed: file:///home/runner/work/sokonanoda-lang/sokonanoda-lang/editor/vscode/src/test/fixtures/workspace/units/u01.sokonanoda
2026-09-27T09:15:48.512Z soko/project ok: project=units.u01 (2 modules) reason=null
2026-09-27T09:15:48.597Z soko/project ok: project=units.u01 (2 modules) reason=null
2026-09-27T09:15:49.102Z soko/project ok: project=units.u01 (2 modules) reason=null
2026-09-27T09:15:50.024Z active document changed: (none)
2026-09-27T09:15:50.024Z loadProject: no active .sokonanoda document
2026-09-27T09:15:50.048Z active document changed: file:///home/runner/work/sokonanoda-lang/sokonanoda-lang/editor/vscode/src/test/fixtures/workspace/units/u01.sokonanoda
2026-09-27T09:15:50.057Z soko/project ok: project=units.u01 (2 modules) reason=null
2026-09-27T09:15:51.321Z soko/project ok: project=units.u01 (2 modules) reason=null
PERF e2e fanout: entry diagnostics signature=152 字节 · 稳定 ✓
2026-09-27T09:15:55.679Z active document changed: (none)
2026-09-27T09:15:55.679Z loadProject: no active .sokonanoda document
2026-09-27T09:15:55.703Z active document changed: file:///home/runner/work/sokonanoda-lang/sokonanoda-lang/editor/vscode/src/test/fixtures/workspace/units/u01.sokonanoda
2026-09-27T09:15:55.717Z soko/project ok: project=units.u01 (2 modules) reason=null
2026-09-27T09:15:56.360Z soko/project ok: project=units.u01 (2 modules) reason=null
2026-09-27T09:15:56.433Z active document changed: (none)
2026-09-27T09:15:56.434Z loadProject: no active .sokonanoda document
2026-09-27T09:15:56.467Z active document changed: file:///home/runner/work/sokonanoda-lang/sokonanoda-lang/editor/vscode/src/test/fixtures/workspace/units/u01.sokonanoda
2026-09-27T09:15:56.491Z soko/project ok: project=units.u01 (2 modules) reason=null
2026-09-27T09:15:56.805Z active document changed: (none)
2026-09-27T09:15:56.805Z loadProject: no active .sokonanoda document
2026-09-27T09:15:56.828Z active document changed: file:///home/runner/work/sokonanoda-lang/sokonanoda-lang/editor/vscode/src/test/fixtures/workspace/units/u01.sokonanoda
2026-09-27T09:15:56.847Z soko/project ok: project=units.u01 (2 modules) reason=null
2026-09-27T09:15:57.156Z active document changed: (none)
2026-09-27T09:15:57.156Z loadProject: no active .sokonanoda document
2026-09-27T09:15:57.180Z active document changed: file:///home/runner/work/sokonanoda-lang/sokonanoda-lang/editor/vscode/src/test/fixtures/workspace/units/u01.sokonanoda
2026-09-27T09:15:57.198Z soko/project ok: project=units.u01 (2 modules) reason=null
2026-09-27T09:15:57.504Z active document changed: (none)
2026-09-27T09:15:57.504Z loadProject: no active .sokonanoda document
2026-09-27T09:15:57.530Z active document changed: file:///home/runner/work/sokonanoda-lang/sokonanoda-lang/editor/vscode/src/test/fixtures/workspace/units/u01.sokonanoda
2026-09-27T09:15:57.546Z soko/project ok: project=units.u01 (2 modules) reason=null
2026-09-27T09:15:57.628Z active document changed: (none)
2026-09-27T09:15:57.628Z loadProject: no active .sokonanoda document
2026-09-27T09:15:57.653Z active document changed: file:///home/runner/work/sokonanoda-lang/sokonanoda-lang/editor/vscode/src/test/fixtures/workspace/units/u01.sokonanoda
2026-09-27T09:15:57.672Z soko/project ok: project=units.u01 (2 modules) reason=null
2026-09-27T09:15:57.766Z active document changed: (none)
2026-09-27T09:15:57.766Z loadProject: no active .sokonanoda document
2026-09-27T09:15:57.796Z active document changed: file:///home/runner/work/sokonanoda-lang/sokonanoda-lang/editor/vscode/src/test/fixtures/workspace/units/u01.sokonanoda
2026-09-27T09:15:57.814Z soko/project ok: project=units.u01 (2 modules) reason=null
2026-09-27T09:15:57.919Z active document changed: (none)
2026-09-27T09:15:57.919Z loadProject: no active .sokonanoda document
2026-09-27T09:15:57.951Z active document changed: file:///home/runner/work/sokonanoda-lang/sokonanoda-lang/editor/vscode/src/test/fixtures/workspace/units/u01.sokonanoda
2026-09-27T09:15:57.976Z soko/project ok: project=units.u01 (2 modules) reason=null
2026-09-27T09:15:58.084Z active document changed: (none)
2026-09-27T09:15:58.084Z loadProject: no active .sokonanoda document
2026-09-27T09:15:58.150Z client state: stopped
