# scripts/vscode-e2e.sh — VS Code 1.106.0 · extension v0.78.0 · 2bad128c4df5aa641bd68300aa8884ebf02d4364
# 结果：35 passing / 0 failing / 0 pending（exit=0）

## doctor（服务器解析与版本自述）
--- doctor ---
sokonanoda doctor — 扩展 v0.78.0 (6 checks)
[ok] 1/6 resolution：bundled — /home/runner/work/sokonanoda-lang/sokonanoda-lang/editor/vscode/bin/linux-x64/sokonanoda-lsp (source=bundled)
[ok] 2/6 server-version：0.78.0 (pid 3110) == 扩展 v0.78.0 (source=bundled)
[ok] 3/6 host-version：运行宿主 v0.78.0
[ok] 4/6 ignored-override：没有被忽略的 serverPath/env 覆盖
[info] 5/6 download-cache：无下载缓存（仅影响 CLI/universal 兜底，不影响内置服务器）
[info] 6/6 obsolete-versions：检测到 0 个扩展版本快照、0 个 .obsolete 条目；完整重启 VS Code 会自动清理

## 用例
    ✔ .sokonanoda files get the sokonanoda language id (278ms)
    ✔ confusable-character highlight is off for sokonanoda files
    ✔ #check results appear as inlay hints (331ms)
    ✔ clean lesson publishes empty diagnostics (222ms)
    ✔ kernel-rejected declaration carries the kernel-rejected code (180ms)
    ✔ open exercise carries a sorry warning, not an error (56ms)
    ✔ a declaration named Prop warns, not errors (73ms)
    ✔ open exercise shows a hover on the hole (133ms)
    ✔ hover 的类型文本折成记法（T-U12 面 #3，e2e 那一份） (561ms)
    ✔ notation input: the rewriter produces ∧ and hover teaches \and (297ms)
    ✔ restart server command re-syncs open documents (261ms)
    ✔ infoview command is registered and revealable (179ms)
    ✔ the project tree shows the real closure of an imported module (428ms)
    ✔ the project tree names the file a single-file document is (206ms)
    ✔ the project tree marks a broken import as the root cause (194ms)
    ✔ build / rebuild commands warm the compile cache through the CLI (12128ms)
    ✔ Clean Cache empties the project store and does not compile (E31) (7578ms)
    ✔ the Infoview receives the project view (E30) (41ms)
    ✔ Infoview 'definition' lands exactly where the editor F12 lands (E27) (121ms)
    ✔ doctor command returns a read-only source + version report
    ✔ declarations panel lists a project unit's declarations
    ✔ open declaration ships coloured goal runs to the Infoview
    ✔ next hole jumps inside a project unit
    ✔ warmCacheOnOpen pre-builds the workspace at activation
    ✔ reopening a project unit hits the compile cache (4543ms)
    ✔ rewriting an unchanged project unit does not recompile (1937ms)
    ✔ editing a dependency refreshes the open unit once (5638ms)
    ✔ goal text uses the file's notation (643ms)
    ✔ goal text folds a binder notation whose type contains a lambda (337ms)
    ✔ Infoview 的 `⊢` 用记法箭头 `→`，且 runs 与 text 同源 (338ms)
    ✔ Infoview 里集合字面量显示成 `{a}`（不是 `Set.singleton α a`） (337ms)
    ✔ go to definition on a `{a}` set literal lands on `Set.singleton` (105ms)
    ✔ go to definition on a prelude name lands in the prelude source (134ms)
    ✔ go to definition on a notation symbol lands on its declaration (134ms)
    ✔ hover on a notation symbol shows the target's signature (169ms)

## 扩展接线日志（SOKO_E2E_LOG）
2026-09-29T10:47:15.174Z server command: /home/runner/work/sokonanoda-lang/sokonanoda-lang/editor/vscode/bin/linux-x64/sokonanoda-lsp (source=bundled)
2026-09-29T10:47:15.176Z client state: starting
2026-09-29T10:47:15.203Z client state: running
2026-09-29T10:47:15.213Z loadProject: no active .sokonanoda document
2026-09-29T10:47:15.783Z active document changed: file:///tmp/sokonanoda-vscode-test-dnzZKi/check.sokonanoda
2026-09-29T10:47:15.799Z soko/project ok: project=null reason=no-imports
2026-09-29T10:47:15.921Z soko/project ok: project=null reason=no-imports
2026-09-29T10:47:16.021Z active document changed: (none)
2026-09-29T10:47:16.021Z loadProject: no active .sokonanoda document
2026-09-29T10:47:16.125Z active document changed: file:///tmp/sokonanoda-vscode-test-dnzZKi/lesson-clean.sokonanoda
2026-09-29T10:47:16.156Z soko/project ok: project=null reason=no-imports
2026-09-29T10:47:16.264Z active document changed: (none)
2026-09-29T10:47:16.265Z loadProject: no active .sokonanoda document
2026-09-29T10:47:16.305Z loadProject: no active .sokonanoda document
2026-09-29T10:47:16.336Z active document changed: file:///tmp/sokonanoda-vscode-test-dnzZKi/kernel-bad.sokonanoda
2026-09-29T10:47:16.354Z soko/project ok: project=null reason=no-imports
2026-09-29T10:47:16.478Z active document changed: (none)
2026-09-29T10:47:16.478Z loadProject: no active .sokonanoda document
2026-09-29T10:47:16.527Z active document changed: file:///tmp/sokonanoda-vscode-test-dnzZKi/exercise.sokonanoda
2026-09-29T10:47:16.539Z soko/project ok: project=null reason=no-imports
2026-09-29T10:47:16.557Z soko/project ok: project=null reason=no-imports
2026-09-29T10:47:16.606Z active document changed: (none)
2026-09-29T10:47:16.606Z loadProject: no active .sokonanoda document
2026-09-29T10:47:16.674Z active document changed: file:///tmp/sokonanoda-vscode-test-dnzZKi/reserved.sokonanoda
2026-09-29T10:47:16.687Z soko/project ok: project=null reason=no-imports
2026-09-29T10:47:16.753Z active document changed: (none)
2026-09-29T10:47:16.753Z loadProject: no active .sokonanoda document
2026-09-29T10:47:16.808Z active document changed: file:///tmp/sokonanoda-vscode-test-dnzZKi/exercise-hover.sokonanoda
2026-09-29T10:47:16.822Z soko/project ok: project=null reason=no-imports
2026-09-29T10:47:16.894Z active document changed: (none)
2026-09-29T10:47:16.894Z loadProject: no active .sokonanoda document
2026-09-29T10:47:16.993Z loadProject: no active .sokonanoda document
2026-09-29T10:47:17.139Z active document changed: file:///home/runner/work/sokonanoda-lang/sokonanoda-lang/editor/vscode/src/test/fixtures/workspace/units/u01.sokonanoda
2026-09-29T10:47:17.163Z soko/project ok: project=units.u01 (2 modules) reason=null
2026-09-29T10:47:17.312Z soko/project ok: project=units.u01 (2 modules) reason=null
2026-09-29T10:47:17.510Z active document changed: (none)
2026-09-29T10:47:17.510Z loadProject: no active .sokonanoda document
2026-09-29T10:47:17.638Z active document changed: file:///tmp/sokonanoda-vscode-test-dnzZKi/notation-input.sokonanoda
2026-09-29T10:47:17.658Z soko/project ok: project=null reason=no-imports
2026-09-29T10:47:17.872Z soko/project ok: project=null reason=parse-error
2026-09-29T10:47:17.890Z active document changed: (none)
2026-09-29T10:47:17.890Z loadProject: no active .sokonanoda document
2026-09-29T10:47:18.060Z active document changed: file:///tmp/sokonanoda-vscode-test-dnzZKi/restart.sokonanoda
2026-09-29T10:47:18.086Z soko/project ok: project=null reason=no-imports
2026-09-29T10:47:18.089Z soko/project ok: project=null reason=no-imports
2026-09-29T10:47:18.090Z client state: stopped
2026-09-29T10:47:18.100Z client state: starting
2026-09-29T10:47:18.140Z client state: running
2026-09-29T10:47:18.250Z active document changed: (none)
2026-09-29T10:47:18.250Z loadProject: no active .sokonanoda document
2026-09-29T10:47:18.426Z loadProject: no active .sokonanoda document
2026-09-29T10:47:18.544Z active document changed: file:///tmp/sokonanoda-vscode-test-dnzZKi/proj-ok/Main.sokonanoda
2026-09-29T10:47:18.568Z soko/project ok: project=null reason=no-imports
2026-09-29T10:47:18.577Z soko/project ok: project=Main (2 modules) reason=null
2026-09-29T10:47:18.679Z soko/project ok: project=Main (2 modules) reason=null
2026-09-29T10:47:18.780Z soko/project ok: project=Main (2 modules) reason=null
2026-09-29T10:47:18.890Z active document changed: (none)
2026-09-29T10:47:18.890Z loadProject: no active .sokonanoda document
2026-09-29T10:47:18.982Z active document changed: file:///tmp/sokonanoda-vscode-test-dnzZKi/single.sokonanoda
2026-09-29T10:47:18.999Z soko/project ok: project=null reason=no-imports
2026-09-29T10:47:19.017Z soko/project ok: project=null reason=no-imports
2026-09-29T10:47:19.137Z active document changed: (none)
2026-09-29T10:47:19.137Z loadProject: no active .sokonanoda document
2026-09-29T10:47:19.146Z loadProject: no active .sokonanoda document
2026-09-29T10:47:19.205Z active document changed: file:///tmp/sokonanoda-vscode-test-dnzZKi/proj-broken/Main.sokonanoda
2026-09-29T10:47:19.230Z soko/project ok: project=Main (1 modules) reason=null
2026-09-29T10:47:19.236Z soko/project ok: project=Main (1 modules) reason=null
2026-09-29T10:47:19.366Z active document changed: (none)
2026-09-29T10:47:19.366Z loadProject: no active .sokonanoda document
2026-09-29T10:47:19.385Z loadProject: no active .sokonanoda document
2026-09-29T10:47:19.423Z active document changed: file:///home/runner/work/sokonanoda-lang/sokonanoda-lang/editor/vscode/src/test/fixtures/workspace/units/u01.sokonanoda
2026-09-29T10:47:19.434Z soko/project ok: project=units.u01 (2 modules) reason=null
2026-09-29T10:47:23.170Z warmCacheOnOpen: exit=0
2026-09-29T10:47:26.478Z soko/project ok: project=units.u01 (2 modules) reason=null
2026-09-29T10:47:31.501Z soko/project ok: project=units.u01 (2 modules) reason=null
2026-09-29T10:47:31.526Z active document changed: (none)
2026-09-29T10:47:31.527Z loadProject: no active .sokonanoda document
2026-09-29T10:47:31.562Z active document changed: file:///home/runner/work/sokonanoda-lang/sokonanoda-lang/editor/vscode/src/test/fixtures/workspace/units/u01.sokonanoda
2026-09-29T10:47:31.566Z soko/project ok: project=units.u01 (2 modules) reason=null
2026-09-29T10:47:32.589Z soko/project ok: project=units.u01 (2 modules) reason=null
2026-09-29T10:47:32.597Z soko/project ok: project=units.u01 (2 modules) reason=null
2026-09-29T10:47:39.110Z soko/project ok: project=units.u01 (2 modules) reason=null
2026-09-29T10:47:39.139Z active document changed: (none)
2026-09-29T10:47:39.139Z loadProject: no active .sokonanoda document
2026-09-29T10:47:39.174Z active document changed: file:///home/runner/work/sokonanoda-lang/sokonanoda-lang/editor/vscode/src/test/fixtures/workspace/units/u01.sokonanoda
2026-09-29T10:47:39.177Z soko/project ok: project=units.u01 (2 modules) reason=null
2026-09-29T10:47:39.243Z active document changed: (none)
2026-09-29T10:47:39.244Z loadProject: no active .sokonanoda document
2026-09-29T10:47:39.268Z active document changed: file:///home/runner/work/sokonanoda-lang/sokonanoda-lang/editor/vscode/src/test/fixtures/workspace/units/u01.sokonanoda
2026-09-29T10:47:39.272Z soko/project ok: project=units.u01 (2 modules) reason=null
2026-09-29T10:47:39.349Z active document changed: (none)
2026-09-29T10:47:39.350Z loadProject: no active .sokonanoda document
2026-09-29T10:47:39.358Z active document changed: file:///home/runner/work/sokonanoda-lang/sokonanoda-lang/editor/vscode/src/test/fixtures/workspace/lib/Set.sokonanoda
2026-09-29T10:47:39.360Z soko/project ok: project=null reason=no-imports
2026-09-29T10:47:39.410Z active document changed: (none)
2026-09-29T10:47:39.410Z loadProject: no active .sokonanoda document
2026-09-29T10:47:39.453Z active document changed: file:///home/runner/work/sokonanoda-lang/sokonanoda-lang/editor/vscode/src/test/fixtures/workspace/units/u01.sokonanoda
2026-09-29T10:47:39.457Z soko/project ok: project=units.u01 (2 modules) reason=null
2026-09-29T10:47:39.531Z active document changed: (none)
2026-09-29T10:47:39.531Z loadProject: no active .sokonanoda document
2026-09-29T10:47:39.546Z loadProject: no active .sokonanoda document
2026-09-29T10:47:39.559Z active document changed: file:///home/runner/work/sokonanoda-lang/sokonanoda-lang/editor/vscode/src/test/fixtures/workspace/units/u01.sokonanoda
2026-09-29T10:47:39.561Z soko/project ok: project=units.u01 (2 modules) reason=null
2026-09-29T10:47:39.623Z active document changed: (none)
2026-09-29T10:47:39.623Z loadProject: no active .sokonanoda document
2026-09-29T10:47:39.646Z active document changed: file:///home/runner/work/sokonanoda-lang/sokonanoda-lang/editor/vscode/src/test/fixtures/workspace/units/u01.sokonanoda
2026-09-29T10:47:39.649Z soko/project ok: project=units.u01 (2 modules) reason=null
2026-09-29T10:47:39.712Z active document changed: (none)
2026-09-29T10:47:39.712Z loadProject: no active .sokonanoda document
2026-09-29T10:47:39.747Z active document changed: file:///home/runner/work/sokonanoda-lang/sokonanoda-lang/editor/vscode/src/test/fixtures/workspace/units/u02-cold-open.sokonanoda
2026-09-29T10:47:39.750Z soko/project ok: project=null reason=no-imports
2026-09-29T10:47:44.193Z client state: stopped
2026-09-29T10:47:44.195Z client state: starting
2026-09-29T10:47:44.205Z client state: running
PERF e2e cache: cold=4465ms warm=76ms
2026-09-29T10:47:44.313Z active document changed: (none)
2026-09-29T10:47:44.313Z loadProject: no active .sokonanoda document
2026-09-29T10:47:44.341Z active document changed: file:///home/runner/work/sokonanoda-lang/sokonanoda-lang/editor/vscode/src/test/fixtures/workspace/units/u01.sokonanoda
2026-09-29T10:47:44.345Z soko/project ok: project=units.u01 (2 modules) reason=null
2026-09-29T10:47:44.499Z soko/project ok: project=units.u01 (2 modules) reason=null
2026-09-29T10:47:44.886Z soko/project ok: project=units.u01 (2 modules) reason=null
2026-09-29T10:47:45.336Z soko/project ok: project=units.u01 (2 modules) reason=null
2026-09-29T10:47:46.259Z active document changed: (none)
2026-09-29T10:47:46.259Z loadProject: no active .sokonanoda document
2026-09-29T10:47:46.282Z active document changed: file:///home/runner/work/sokonanoda-lang/sokonanoda-lang/editor/vscode/src/test/fixtures/workspace/units/u01.sokonanoda
2026-09-29T10:47:46.284Z soko/project ok: project=units.u01 (2 modules) reason=null
2026-09-29T10:47:46.986Z soko/project ok: project=units.u01 (2 modules) reason=null
2026-09-29T10:47:47.571Z soko/project ok: project=units.u01 (2 modules) reason=null
PERF e2e fanout: entry diagnostics signature=152 字节 · 稳定 ✓
2026-09-29T10:47:51.909Z active document changed: (none)
2026-09-29T10:47:51.909Z loadProject: no active .sokonanoda document
2026-09-29T10:47:51.937Z active document changed: file:///home/runner/work/sokonanoda-lang/sokonanoda-lang/editor/vscode/src/test/fixtures/workspace/units/u01.sokonanoda
2026-09-29T10:47:51.942Z soko/project ok: project=units.u01 (2 modules) reason=null
2026-09-29T10:47:52.540Z soko/project ok: project=units.u01 (2 modules) reason=null
2026-09-29T10:47:52.566Z active document changed: (none)
2026-09-29T10:47:52.567Z loadProject: no active .sokonanoda document
2026-09-29T10:47:52.594Z active document changed: file:///home/runner/work/sokonanoda-lang/sokonanoda-lang/editor/vscode/src/test/fixtures/workspace/units/u01.sokonanoda
2026-09-29T10:47:52.601Z soko/project ok: project=units.u01 (2 modules) reason=null
2026-09-29T10:47:52.915Z active document changed: (none)
2026-09-29T10:47:52.915Z loadProject: no active .sokonanoda document
2026-09-29T10:47:52.945Z active document changed: file:///home/runner/work/sokonanoda-lang/sokonanoda-lang/editor/vscode/src/test/fixtures/workspace/units/u01.sokonanoda
2026-09-29T10:47:52.949Z soko/project ok: project=units.u01 (2 modules) reason=null
2026-09-29T10:47:53.267Z active document changed: (none)
2026-09-29T10:47:53.267Z loadProject: no active .sokonanoda document
2026-09-29T10:47:53.292Z active document changed: file:///home/runner/work/sokonanoda-lang/sokonanoda-lang/editor/vscode/src/test/fixtures/workspace/units/u01.sokonanoda
2026-09-29T10:47:53.298Z soko/project ok: project=units.u01 (2 modules) reason=null
2026-09-29T10:47:53.613Z active document changed: (none)
2026-09-29T10:47:53.614Z loadProject: no active .sokonanoda document
2026-09-29T10:47:53.640Z active document changed: file:///home/runner/work/sokonanoda-lang/sokonanoda-lang/editor/vscode/src/test/fixtures/workspace/units/u01.sokonanoda
2026-09-29T10:47:53.646Z soko/project ok: project=units.u01 (2 modules) reason=null
2026-09-29T10:47:53.737Z active document changed: (none)
2026-09-29T10:47:53.737Z loadProject: no active .sokonanoda document
2026-09-29T10:47:53.770Z active document changed: file:///home/runner/work/sokonanoda-lang/sokonanoda-lang/editor/vscode/src/test/fixtures/workspace/units/u01.sokonanoda
2026-09-29T10:47:53.776Z soko/project ok: project=units.u01 (2 modules) reason=null
2026-09-29T10:47:53.885Z active document changed: (none)
2026-09-29T10:47:53.885Z loadProject: no active .sokonanoda document
2026-09-29T10:47:53.922Z active document changed: file:///home/runner/work/sokonanoda-lang/sokonanoda-lang/editor/vscode/src/test/fixtures/workspace/units/u01.sokonanoda
2026-09-29T10:47:53.930Z soko/project ok: project=units.u01 (2 modules) reason=null
2026-09-29T10:47:54.033Z active document changed: (none)
2026-09-29T10:47:54.034Z loadProject: no active .sokonanoda document
2026-09-29T10:47:54.069Z active document changed: file:///home/runner/work/sokonanoda-lang/sokonanoda-lang/editor/vscode/src/test/fixtures/workspace/units/u01.sokonanoda
2026-09-29T10:47:54.101Z soko/project ok: project=units.u01 (2 modules) reason=null
2026-09-29T10:47:54.229Z active document changed: (none)
2026-09-29T10:47:54.229Z loadProject: no active .sokonanoda document
2026-09-29T10:47:54.296Z client state: stopped
