# scripts/vscode-e2e.sh — VS Code 1.138.0 · extension v0.75.0 · a1040f254245299daa4cd2a3762b5ebd1f2e7ba0
# 结果：35 passing / 0 failing / 0 pending（exit=0）

## doctor（服务器解析与版本自述）
--- doctor ---
sokonanoda doctor — 扩展 v0.75.0 (6 checks)
[ok] 1/6 resolution：bundled — /home/runner/work/sokonanoda-lang/sokonanoda-lang/editor/vscode/bin/linux-x64/sokonanoda-lsp (source=bundled)
[ok] 2/6 server-version：0.75.0 (pid 3148) == 扩展 v0.75.0 (source=bundled)
[ok] 3/6 host-version：运行宿主 v0.75.0
[ok] 4/6 ignored-override：没有被忽略的 serverPath/env 覆盖
[info] 5/6 download-cache：无下载缓存（仅影响 CLI/universal 兜底，不影响内置服务器）
[info] 6/6 obsolete-versions：检测到 0 个扩展版本快照、0 个 .obsolete 条目；完整重启 VS Code 会自动清理

## 用例
    ✔ .sokonanoda files get the sokonanoda language id (135ms)
    ✔ confusable-character highlight is off for sokonanoda files
    ✔ #check results appear as inlay hints (429ms)
    ✔ clean lesson publishes empty diagnostics (235ms)
    ✔ kernel-rejected declaration carries the kernel-rejected code (66ms)
    ✔ open exercise carries a sorry warning, not an error (69ms)
    ✔ a declaration named Prop warns, not errors (79ms)
    ✔ open exercise shows a hover on the hole (117ms)
    ✔ hover 的类型文本折成记法（T-U12 面 #3，e2e 那一份） (251ms)
    ✔ notation input: the rewriter produces ∧ and hover teaches \and (211ms)
    ✔ restart server command re-syncs open documents (201ms)
    ✔ infoview command is registered and revealable (138ms)
    ✔ the project tree shows the real closure of an imported module (285ms)
    ✔ the project tree names the file a single-file document is (149ms)
    ✔ the project tree marks a broken import as the root cause (156ms)
    ✔ build / rebuild commands warm the compile cache through the CLI (4987ms)
    ✔ Clean Cache empties the project store and does not compile (E31) (4104ms)
    ✔ the Infoview receives the project view (E30) (39ms)
    ✔ Infoview 'definition' lands exactly where the editor F12 lands (E27) (163ms)
    ✔ doctor command returns a read-only source + version report
    ✔ declarations panel lists a project unit's declarations
    ✔ open declaration ships coloured goal runs to the Infoview
    ✔ next hole jumps inside a project unit
    ✔ warmCacheOnOpen pre-builds the workspace at activation
    ✔ reopening a project unit hits the compile cache (6135ms)
    ✔ rewriting an unchanged project unit does not recompile (1951ms)
    ✔ editing a dependency refreshes the open unit once (5539ms)
    ✔ goal text uses the file's notation (638ms)
    ✔ goal text folds a binder notation whose type contains a lambda (342ms)
    ✔ Infoview 的 `⊢` 用记法箭头 `→`，且 runs 与 text 同源 (335ms)
    ✔ Infoview 里集合字面量显示成 `{a}`（不是 `Set.singleton α a`） (339ms)
    ✔ go to definition on a `{a}` set literal lands on `Set.singleton` (100ms)
    ✔ go to definition on a prelude name lands in the prelude source (109ms)
    ✔ go to definition on a notation symbol lands on its declaration (113ms)
    ✔ hover on a notation symbol shows the target's signature (143ms)

## 扩展接线日志（SOKO_E2E_LOG）
2026-09-27T21:16:17.253Z server command: /home/runner/work/sokonanoda-lang/sokonanoda-lang/editor/vscode/bin/linux-x64/sokonanoda-lsp (source=bundled)
2026-09-27T21:16:17.258Z client state: starting
2026-09-27T21:16:17.305Z client state: running
2026-09-27T21:16:17.313Z loadProject: no active .sokonanoda document
2026-09-27T21:16:17.706Z loadProject: no active .sokonanoda document
2026-09-27T21:16:17.725Z active document changed: file:///tmp/sokonanoda-vscode-test-h32uVd/check.sokonanoda
2026-09-27T21:16:17.760Z soko/project ok: project=null reason=no-imports
2026-09-27T21:16:17.894Z soko/project ok: project=null reason=no-imports
2026-09-27T21:16:18.000Z active document changed: (none)
2026-09-27T21:16:18.000Z loadProject: no active .sokonanoda document
2026-09-27T21:16:18.122Z active document changed: file:///tmp/sokonanoda-vscode-test-h32uVd/lesson-clean.sokonanoda
2026-09-27T21:16:18.144Z soko/project ok: project=null reason=no-imports
2026-09-27T21:16:18.266Z active document changed: (none)
2026-09-27T21:16:18.266Z loadProject: no active .sokonanoda document
2026-09-27T21:16:18.314Z active document changed: file:///tmp/sokonanoda-vscode-test-h32uVd/kernel-bad.sokonanoda
2026-09-27T21:16:18.330Z soko/project ok: project=null reason=no-imports
2026-09-27T21:16:18.347Z soko/project ok: project=null reason=no-imports
2026-09-27T21:16:18.403Z active document changed: (none)
2026-09-27T21:16:18.403Z loadProject: no active .sokonanoda document
2026-09-27T21:16:18.463Z active document changed: file:///tmp/sokonanoda-vscode-test-h32uVd/exercise.sokonanoda
2026-09-27T21:16:18.476Z soko/project ok: project=null reason=no-imports
2026-09-27T21:16:18.541Z active document changed: (none)
2026-09-27T21:16:18.541Z loadProject: no active .sokonanoda document
2026-09-27T21:16:18.609Z active document changed: file:///tmp/sokonanoda-vscode-test-h32uVd/reserved.sokonanoda
2026-09-27T21:16:18.621Z soko/project ok: project=null reason=no-imports
2026-09-27T21:16:18.695Z active document changed: (none)
2026-09-27T21:16:18.695Z loadProject: no active .sokonanoda document
2026-09-27T21:16:18.748Z active document changed: file:///tmp/sokonanoda-vscode-test-h32uVd/exercise-hover.sokonanoda
2026-09-27T21:16:18.764Z soko/project ok: project=null reason=no-imports
2026-09-27T21:16:18.827Z active document changed: (none)
2026-09-27T21:16:18.827Z loadProject: no active .sokonanoda document
2026-09-27T21:16:18.883Z active document changed: file:///home/runner/work/sokonanoda-lang/sokonanoda-lang/editor/vscode/src/test/fixtures/workspace/units/u01.sokonanoda
2026-09-27T21:16:18.894Z soko/project ok: project=units.u01 (2 modules) reason=null
2026-09-27T21:16:19.100Z active document changed: (none)
2026-09-27T21:16:19.100Z loadProject: no active .sokonanoda document
2026-09-27T21:16:19.175Z active document changed: file:///tmp/sokonanoda-vscode-test-h32uVd/notation-input.sokonanoda
2026-09-27T21:16:19.194Z soko/project ok: project=null reason=no-imports
2026-09-27T21:16:19.194Z soko/project ok: project=null reason=no-imports
2026-09-27T21:16:19.352Z active document changed: (none)
2026-09-27T21:16:19.352Z loadProject: no active .sokonanoda document
2026-09-27T21:16:19.409Z loadProject: no active .sokonanoda document
2026-09-27T21:16:19.429Z active document changed: file:///tmp/sokonanoda-vscode-test-h32uVd/restart.sokonanoda
2026-09-27T21:16:19.447Z soko/project ok: project=null reason=no-imports
2026-09-27T21:16:19.470Z client state: stopped
2026-09-27T21:16:19.476Z client state: starting
2026-09-27T21:16:19.535Z client state: running
2026-09-27T21:16:19.658Z active document changed: (none)
2026-09-27T21:16:19.658Z loadProject: no active .sokonanoda document
2026-09-27T21:16:19.838Z loadProject: no active .sokonanoda document
2026-09-27T21:16:19.867Z active document changed: file:///tmp/sokonanoda-vscode-test-h32uVd/proj-ok/Main.sokonanoda
2026-09-27T21:16:19.895Z soko/project ok: project=null reason=no-imports
2026-09-27T21:16:19.896Z soko/project ok: project=null reason=no-imports
2026-09-27T21:16:19.990Z soko/project ok: project=Main (2 modules) reason=null
2026-09-27T21:16:20.098Z active document changed: (none)
2026-09-27T21:16:20.098Z loadProject: no active .sokonanoda document
2026-09-27T21:16:20.130Z loadProject: no active .sokonanoda document
2026-09-27T21:16:20.136Z active document changed: file:///tmp/sokonanoda-vscode-test-h32uVd/single.sokonanoda
2026-09-27T21:16:20.147Z soko/project ok: project=null reason=no-imports
2026-09-27T21:16:20.153Z soko/project ok: project=null reason=no-imports
2026-09-27T21:16:20.259Z active document changed: (none)
2026-09-27T21:16:20.259Z loadProject: no active .sokonanoda document
2026-09-27T21:16:20.302Z active document changed: file:///tmp/sokonanoda-vscode-test-h32uVd/proj-broken/Main.sokonanoda
2026-09-27T21:16:20.312Z soko/project ok: project=Main (1 modules) reason=null
2026-09-27T21:16:20.324Z soko/project ok: project=Main (1 modules) reason=null
2026-09-27T21:16:20.327Z soko/project ok: project=Main (1 modules) reason=null
2026-09-27T21:16:20.433Z active document changed: (none)
2026-09-27T21:16:20.433Z loadProject: no active .sokonanoda document
2026-09-27T21:16:20.476Z active document changed: file:///home/runner/work/sokonanoda-lang/sokonanoda-lang/editor/vscode/src/test/fixtures/workspace/units/u01.sokonanoda
2026-09-27T21:16:20.491Z soko/project ok: project=units.u01 (2 modules) reason=null
2026-09-27T21:16:20.554Z soko/project ok: project=units.u01 (2 modules) reason=null
2026-09-27T21:16:21.067Z warmCacheOnOpen: exit=0
2026-09-27T21:16:22.806Z soko/project ok: project=units.u01 (2 modules) reason=null
2026-09-27T21:16:25.426Z soko/project ok: project=units.u01 (2 modules) reason=null
2026-09-27T21:16:25.443Z active document changed: (none)
2026-09-27T21:16:25.443Z loadProject: no active .sokonanoda document
2026-09-27T21:16:25.474Z active document changed: file:///home/runner/work/sokonanoda-lang/sokonanoda-lang/editor/vscode/src/test/fixtures/workspace/units/u01.sokonanoda
2026-09-27T21:16:25.481Z soko/project ok: project=units.u01 (2 modules) reason=null
2026-09-27T21:16:25.529Z soko/project ok: project=units.u01 (2 modules) reason=null
2026-09-27T21:16:25.534Z soko/project ok: project=units.u01 (2 modules) reason=null
2026-09-27T21:16:29.553Z soko/project ok: project=units.u01 (2 modules) reason=null
2026-09-27T21:16:29.568Z active document changed: (none)
2026-09-27T21:16:29.568Z loadProject: no active .sokonanoda document
2026-09-27T21:16:29.596Z active document changed: file:///home/runner/work/sokonanoda-lang/sokonanoda-lang/editor/vscode/src/test/fixtures/workspace/units/u01.sokonanoda
2026-09-27T21:16:29.606Z soko/project ok: project=units.u01 (2 modules) reason=null
2026-09-27T21:16:29.665Z active document changed: (none)
2026-09-27T21:16:29.665Z loadProject: no active .sokonanoda document
2026-09-27T21:16:29.702Z active document changed: file:///home/runner/work/sokonanoda-lang/sokonanoda-lang/editor/vscode/src/test/fixtures/workspace/units/u01.sokonanoda
2026-09-27T21:16:29.710Z soko/project ok: project=units.u01 (2 modules) reason=null
2026-09-27T21:16:29.801Z active document changed: (none)
2026-09-27T21:16:29.801Z loadProject: no active .sokonanoda document
2026-09-27T21:16:29.814Z active document changed: file:///home/runner/work/sokonanoda-lang/sokonanoda-lang/editor/vscode/src/test/fixtures/workspace/lib/Set.sokonanoda
2026-09-27T21:16:29.837Z soko/project ok: project=null reason=no-imports
2026-09-27T21:16:29.903Z active document changed: (none)
2026-09-27T21:16:29.903Z loadProject: no active .sokonanoda document
2026-09-27T21:16:29.949Z active document changed: file:///home/runner/work/sokonanoda-lang/sokonanoda-lang/editor/vscode/src/test/fixtures/workspace/units/u01.sokonanoda
2026-09-27T21:16:29.963Z soko/project ok: project=units.u01 (2 modules) reason=null
2026-09-27T21:16:30.001Z soko/project ok: project=units.u01 (2 modules) reason=null
2026-09-27T21:16:30.031Z active document changed: (none)
2026-09-27T21:16:30.031Z loadProject: no active .sokonanoda document
2026-09-27T21:16:30.057Z active document changed: file:///home/runner/work/sokonanoda-lang/sokonanoda-lang/editor/vscode/src/test/fixtures/workspace/units/u01.sokonanoda
2026-09-27T21:16:30.066Z soko/project ok: project=units.u01 (2 modules) reason=null
2026-09-27T21:16:30.121Z active document changed: (none)
2026-09-27T21:16:30.121Z loadProject: no active .sokonanoda document
2026-09-27T21:16:30.142Z active document changed: file:///home/runner/work/sokonanoda-lang/sokonanoda-lang/editor/vscode/src/test/fixtures/workspace/units/u01.sokonanoda
2026-09-27T21:16:30.152Z soko/project ok: project=units.u01 (2 modules) reason=null
2026-09-27T21:16:30.206Z active document changed: (none)
2026-09-27T21:16:30.206Z loadProject: no active .sokonanoda document
2026-09-27T21:16:30.234Z active document changed: file:///home/runner/work/sokonanoda-lang/sokonanoda-lang/editor/vscode/src/test/fixtures/workspace/units/u02-cold-open.sokonanoda
2026-09-27T21:16:30.247Z soko/project ok: project=null reason=no-imports
2026-09-27T21:16:36.301Z client state: stopped
2026-09-27T21:16:36.303Z client state: starting
2026-09-27T21:16:36.312Z client state: running
PERF e2e cache: cold=6079ms warm=55ms
2026-09-27T21:16:36.400Z active document changed: (none)
2026-09-27T21:16:36.400Z loadProject: no active .sokonanoda document
2026-09-27T21:16:36.440Z active document changed: file:///home/runner/work/sokonanoda-lang/sokonanoda-lang/editor/vscode/src/test/fixtures/workspace/units/u01.sokonanoda
2026-09-27T21:16:36.450Z soko/project ok: project=units.u01 (2 modules) reason=null
2026-09-27T21:16:36.611Z soko/project ok: project=units.u01 (2 modules) reason=null
2026-09-27T21:16:36.982Z soko/project ok: project=units.u01 (2 modules) reason=null
2026-09-27T21:16:37.445Z soko/project ok: project=units.u01 (2 modules) reason=null
2026-09-27T21:16:38.366Z active document changed: (none)
2026-09-27T21:16:38.366Z loadProject: no active .sokonanoda document
2026-09-27T21:16:38.384Z active document changed: file:///home/runner/work/sokonanoda-lang/sokonanoda-lang/editor/vscode/src/test/fixtures/workspace/units/u01.sokonanoda
2026-09-27T21:16:38.392Z soko/project ok: project=units.u01 (2 modules) reason=null
2026-09-27T21:16:39.108Z soko/project ok: project=units.u01 (2 modules) reason=null
2026-09-27T21:16:39.577Z soko/project ok: project=units.u01 (2 modules) reason=null
PERF e2e fanout: entry diagnostics signature=152 字节 · 稳定 ✓
2026-09-27T21:16:43.914Z active document changed: (none)
2026-09-27T21:16:43.915Z loadProject: no active .sokonanoda document
2026-09-27T21:16:43.937Z active document changed: file:///home/runner/work/sokonanoda-lang/sokonanoda-lang/editor/vscode/src/test/fixtures/workspace/units/u01.sokonanoda
2026-09-27T21:16:43.948Z soko/project ok: project=units.u01 (2 modules) reason=null
2026-09-27T21:16:44.542Z soko/project ok: project=units.u01 (2 modules) reason=null
2026-09-27T21:16:44.563Z active document changed: (none)
2026-09-27T21:16:44.563Z loadProject: no active .sokonanoda document
2026-09-27T21:16:44.590Z active document changed: file:///home/runner/work/sokonanoda-lang/sokonanoda-lang/editor/vscode/src/test/fixtures/workspace/units/u01.sokonanoda
2026-09-27T21:16:44.603Z soko/project ok: project=units.u01 (2 modules) reason=null
2026-09-27T21:16:44.917Z active document changed: (none)
2026-09-27T21:16:44.917Z loadProject: no active .sokonanoda document
2026-09-27T21:16:44.938Z active document changed: file:///home/runner/work/sokonanoda-lang/sokonanoda-lang/editor/vscode/src/test/fixtures/workspace/units/u01.sokonanoda
2026-09-27T21:16:44.954Z soko/project ok: project=units.u01 (2 modules) reason=null
2026-09-27T21:16:45.263Z active document changed: (none)
2026-09-27T21:16:45.263Z loadProject: no active .sokonanoda document
2026-09-27T21:16:45.285Z active document changed: file:///home/runner/work/sokonanoda-lang/sokonanoda-lang/editor/vscode/src/test/fixtures/workspace/units/u01.sokonanoda
2026-09-27T21:16:45.299Z soko/project ok: project=units.u01 (2 modules) reason=null
2026-09-27T21:16:45.611Z active document changed: (none)
2026-09-27T21:16:45.611Z loadProject: no active .sokonanoda document
2026-09-27T21:16:45.635Z active document changed: file:///home/runner/work/sokonanoda-lang/sokonanoda-lang/editor/vscode/src/test/fixtures/workspace/units/u01.sokonanoda
2026-09-27T21:16:45.650Z soko/project ok: project=units.u01 (2 modules) reason=null
2026-09-27T21:16:45.729Z active document changed: (none)
2026-09-27T21:16:45.729Z loadProject: no active .sokonanoda document
2026-09-27T21:16:45.756Z active document changed: file:///home/runner/work/sokonanoda-lang/sokonanoda-lang/editor/vscode/src/test/fixtures/workspace/units/u01.sokonanoda
2026-09-27T21:16:45.766Z soko/project ok: project=units.u01 (2 modules) reason=null
2026-09-27T21:16:45.850Z active document changed: (none)
2026-09-27T21:16:45.850Z loadProject: no active .sokonanoda document
2026-09-27T21:16:45.876Z active document changed: file:///home/runner/work/sokonanoda-lang/sokonanoda-lang/editor/vscode/src/test/fixtures/workspace/units/u01.sokonanoda
2026-09-27T21:16:45.893Z soko/project ok: project=units.u01 (2 modules) reason=null
2026-09-27T21:16:45.977Z active document changed: (none)
2026-09-27T21:16:45.977Z loadProject: no active .sokonanoda document
2026-09-27T21:16:46.007Z active document changed: file:///home/runner/work/sokonanoda-lang/sokonanoda-lang/editor/vscode/src/test/fixtures/workspace/units/u01.sokonanoda
2026-09-27T21:16:46.024Z soko/project ok: project=units.u01 (2 modules) reason=null
2026-09-27T21:16:46.137Z active document changed: (none)
2026-09-27T21:16:46.137Z loadProject: no active .sokonanoda document
2026-09-27T21:16:46.196Z client state: stopped
