# scripts/vscode-e2e.sh — VS Code 1.138.0 · extension v0.58.0 · ba3d20b683a8bdb729897e9871d54cf9f46afaf5
# 结果：14 passing / 0 failing / 0 pending（exit=0）

## doctor（服务器解析与版本自述）
--- doctor ---
sokonanoda doctor — 扩展 v0.58.0 (6 checks)
[ok] 1/6 resolution：bundled — /Users/penglingwei/Documents/lean/sokonanoda/sokonanoda-lang/editor/vscode/bin/darwin-arm64/sokonanoda-lsp (source=bundled)
[ok] 2/6 server-version：0.58.0 (pid 89588) == 扩展 v0.58.0 (source=bundled)
[ok] 3/6 host-version：运行宿主 v0.58.0
[ok] 4/6 ignored-override：没有被忽略的 serverPath/env 覆盖
[info] 5/6 download-cache：缓存 marker 0.55.0 darwin-arm64 != 扩展 v0.58.0；可运行 sokonanoda update
[info] 6/6 obsolete-versions：检测到 0 个扩展版本快照、0 个 .obsolete 条目；完整重启 VS Code 会自动清理

## 用例
    ✔ .sokonanoda files get the sokonanoda language id
    ✔ confusable-character highlight is off for sokonanoda files
    ✔ #check results appear as inlay hints (115ms)
    ✔ clean lesson publishes empty diagnostics (52ms)
    ✔ kernel-rejected declaration carries the kernel-rejected code
    ✔ open exercise carries a sorry warning, not an error
    ✔ a declaration named Prop warns, not errors
    ✔ open exercise shows a hover on the hole
    ✔ restart server command re-syncs open documents (59ms)
    ✔ infoview command is registered and revealable
    ✔ the project tree shows the real closure of an imported module (123ms)
    ✔ the project tree names the file a single-file document is (116ms)
    ✔ the project tree marks a broken import as the root cause (116ms)
    ✔ doctor command returns a read-only source + version report

## 扩展接线日志（SOKO_E2E_LOG）
2026-09-18T07:39:27.083Z server command: /Users/penglingwei/Documents/lean/sokonanoda/sokonanoda-lang/editor/vscode/bin/darwin-arm64/sokonanoda-lsp (source=bundled)
2026-09-18T07:39:27.084Z client state: starting
2026-09-18T07:39:27.328Z client state: running
2026-09-18T07:39:27.331Z loadProject: no active .sokonanoda document
2026-09-18T07:39:27.422Z active document changed: file:///var/folders/81/6wvjcvys3y300jnj259_2jbw0000gn/T/sokonanoda-vscode-test-oXXJZn/check.sokonanoda
2026-09-18T07:39:27.469Z soko/project ok: project=null reason=no-imports
2026-09-18T07:39:27.493Z active document changed: (none)
2026-09-18T07:39:27.493Z loadProject: no active .sokonanoda document
2026-09-18T07:39:27.510Z active document changed: file:///var/folders/81/6wvjcvys3y300jnj259_2jbw0000gn/T/sokonanoda-vscode-test-oXXJZn/lesson-clean.sokonanoda
2026-09-18T07:39:27.532Z soko/project ok: project=null reason=no-imports
2026-09-18T07:39:27.553Z active document changed: (none)
2026-09-18T07:39:27.554Z loadProject: no active .sokonanoda document
2026-09-18T07:39:27.568Z active document changed: file:///var/folders/81/6wvjcvys3y300jnj259_2jbw0000gn/T/sokonanoda-vscode-test-oXXJZn/kernel-bad.sokonanoda
2026-09-18T07:39:27.572Z soko/project ok: project=null reason=no-imports
2026-09-18T07:39:27.581Z active document changed: (none)
2026-09-18T07:39:27.581Z loadProject: no active .sokonanoda document
2026-09-18T07:39:27.596Z active document changed: file:///var/folders/81/6wvjcvys3y300jnj259_2jbw0000gn/T/sokonanoda-vscode-test-oXXJZn/exercise.sokonanoda
2026-09-18T07:39:27.601Z soko/project ok: project=null reason=no-imports
2026-09-18T07:39:27.614Z active document changed: (none)
2026-09-18T07:39:27.614Z loadProject: no active .sokonanoda document
2026-09-18T07:39:27.631Z active document changed: file:///var/folders/81/6wvjcvys3y300jnj259_2jbw0000gn/T/sokonanoda-vscode-test-oXXJZn/reserved.sokonanoda
2026-09-18T07:39:27.633Z soko/project ok: project=null reason=no-imports
2026-09-18T07:39:27.644Z active document changed: (none)
2026-09-18T07:39:27.644Z loadProject: no active .sokonanoda document
2026-09-18T07:39:27.674Z active document changed: file:///var/folders/81/6wvjcvys3y300jnj259_2jbw0000gn/T/sokonanoda-vscode-test-oXXJZn/exercise-hover.sokonanoda
2026-09-18T07:39:27.676Z soko/project ok: project=null reason=no-imports
2026-09-18T07:39:27.688Z active document changed: (none)
2026-09-18T07:39:27.688Z loadProject: no active .sokonanoda document
2026-09-18T07:39:27.713Z active document changed: file:///var/folders/81/6wvjcvys3y300jnj259_2jbw0000gn/T/sokonanoda-vscode-test-oXXJZn/restart.sokonanoda
2026-09-18T07:39:27.717Z soko/project ok: project=null reason=no-imports
2026-09-18T07:39:27.719Z client state: stopped
2026-09-18T07:39:27.721Z client state: starting
2026-09-18T07:39:27.735Z client state: running
2026-09-18T07:39:27.753Z active document changed: (none)
2026-09-18T07:39:27.754Z loadProject: no active .sokonanoda document
2026-09-18T07:39:27.799Z active document changed: file:///var/folders/81/6wvjcvys3y300jnj259_2jbw0000gn/T/sokonanoda-vscode-test-oXXJZn/proj-ok/Main.sokonanoda
2026-09-18T07:39:27.800Z soko/project ok: project=Main (2 modules) reason=null
2026-09-18T07:39:27.805Z soko/project ok: project=Main (2 modules) reason=null
2026-09-18T07:39:27.908Z active document changed: (none)
2026-09-18T07:39:27.908Z loadProject: no active .sokonanoda document
2026-09-18T07:39:27.917Z active document changed: file:///var/folders/81/6wvjcvys3y300jnj259_2jbw0000gn/T/sokonanoda-vscode-test-oXXJZn/single.sokonanoda
2026-09-18T07:39:27.919Z soko/project ok: project=null reason=no-imports
2026-09-18T07:39:27.923Z soko/project ok: project=null reason=no-imports
2026-09-18T07:39:28.028Z active document changed: (none)
2026-09-18T07:39:28.028Z loadProject: no active .sokonanoda document
2026-09-18T07:39:28.037Z active document changed: file:///var/folders/81/6wvjcvys3y300jnj259_2jbw0000gn/T/sokonanoda-vscode-test-oXXJZn/proj-broken/Main.sokonanoda
2026-09-18T07:39:28.039Z soko/project ok: project=Main (1 modules) reason=null
2026-09-18T07:39:28.043Z soko/project ok: project=Main (1 modules) reason=null
2026-09-18T07:39:28.147Z active document changed: (none)
2026-09-18T07:39:28.147Z loadProject: no active .sokonanoda document
2026-09-18T07:39:28.160Z client state: stopped
