# scripts/vscode-e2e.sh — VS Code 1.138.0 · extension v0.63.1 · 8899d5a64f7a9070fbac595125df8406338cc8ba
# 结果：2 passing / 0 failing / 0 pending（exit=0）

## doctor（服务器解析与版本自述）
--- doctor ---
sokonanoda doctor — 扩展 v0.63.1 (6 checks)
[ok] 1/6 resolution：bundled — /Users/penglingwei/Documents/lean/sokonanoda/sokonanoda-lang/editor/vscode/bin/darwin-arm64/sokonanoda-lsp (source=bundled)
[ok] 2/6 server-version：0.63.1 (pid 6201) == 扩展 v0.63.1 (source=bundled)
[ok] 3/6 host-version：运行宿主 v0.63.1
[ok] 4/6 ignored-override：没有被忽略的 serverPath/env 覆盖
[info] 5/6 download-cache：缓存 marker 0.55.0 darwin-arm64 != 扩展 v0.63.1；可运行 sokonanoda update
[info] 6/6 obsolete-versions：检测到 0 个扩展版本快照、0 个 .obsolete 条目；完整重启 VS Code 会自动清理

## 用例
    ✔ declarations panel lists a project unit's declarations (261ms)
    ✔ next hole jumps inside a project unit

## 扩展接线日志（SOKO_E2E_LOG）
2026-09-21T16:30:22.718Z server command: /Users/penglingwei/Documents/lean/sokonanoda/sokonanoda-lang/editor/vscode/bin/darwin-arm64/sokonanoda-lsp (source=bundled)
2026-09-21T16:30:22.718Z client state: starting
2026-09-21T16:30:23.438Z client state: running
2026-09-21T16:30:23.441Z loadProject: no active .sokonanoda document
2026-09-21T16:30:23.532Z active document changed: file:///Users/penglingwei/Documents/lean/sokonanoda/sokonanoda-lang/editor/vscode/src/test/fixtures/workspace/units/u01.sokonanoda
2026-09-21T16:30:23.714Z soko/project ok: project=units.u01 (2 modules) reason=null
2026-09-21T16:30:23.721Z active document changed: (none)
2026-09-21T16:30:23.721Z loadProject: no active .sokonanoda document
2026-09-21T16:30:23.738Z active document changed: file:///Users/penglingwei/Documents/lean/sokonanoda/sokonanoda-lang/editor/vscode/src/test/fixtures/workspace/units/u01.sokonanoda
2026-09-21T16:30:23.740Z soko/project ok: project=units.u01 (2 modules) reason=null
2026-09-21T16:30:23.758Z active document changed: (none)
2026-09-21T16:30:23.759Z loadProject: no active .sokonanoda document
2026-09-21T16:30:23.769Z client state: stopped
