# scripts/vscode-e2e.sh — VS Code 1.138.0 · extension v0.78.0 · b6b79ce51a525f5e32f702ed0997130704ffbaf5
# 结果：35 passing / 0 failing / 0 pending（exit=0）

## doctor（服务器解析与版本自述）
--- doctor ---
sokonanoda doctor — 扩展 v0.78.0 (6 checks)
[ok] 1/6 resolution：bundled — /home/runner/work/sokonanoda-lang/sokonanoda-lang/editor/vscode/bin/linux-x64/sokonanoda-lsp (source=bundled)
[ok] 2/6 server-version：0.78.0 (pid 3052) == 扩展 v0.78.0 (source=bundled)
[ok] 3/6 host-version：运行宿主 v0.78.0
[ok] 4/6 ignored-override：没有被忽略的 serverPath/env 覆盖
[info] 5/6 download-cache：无下载缓存（仅影响 CLI/universal 兜底，不影响内置服务器）
[info] 6/6 obsolete-versions：检测到 0 个扩展版本快照、0 个 .obsolete 条目；完整重启 VS Code 会自动清理

## 用例
    ✔ .sokonanoda files get the sokonanoda language id (89ms)
    ✔ confusable-character highlight is off for sokonanoda files
    ✔ #check results appear as inlay hints (379ms)
    ✔ clean lesson publishes empty diagnostics (142ms)
    ✔ kernel-rejected declaration carries the kernel-rejected code (160ms)
    ✔ open exercise carries a sorry warning, not an error (91ms)
    ✔ a declaration named Prop warns, not errors (70ms)
    ✔ open exercise shows a hover on the hole (104ms)
    ✔ hover 的类型文本折成记法（T-U12 面 #3，e2e 那一份） (202ms)
    ✔ notation input: the rewriter produces ∧ and hover teaches \and (196ms)
    ✔ restart server command re-syncs open documents (201ms)
    ✔ infoview command is registered and revealable (84ms)
    ✔ the project tree shows the real closure of an imported module (328ms)
    ✔ the project tree names the file a single-file document is (154ms)
    ✔ the project tree marks a broken import as the root cause (137ms)
    ✔ build / rebuild commands warm the compile cache through the CLI (6169ms)
    ✔ Clean Cache empties the project store and does not compile (E31) (5574ms)
    ✔ the Infoview receives the project view (E30) (52ms)
    ✔ Infoview 'definition' lands exactly where the editor F12 lands (E27) (231ms)
    ✔ doctor command returns a read-only source + version report
    ✔ declarations panel lists a project unit's declarations
    ✔ open declaration ships coloured goal runs to the Infoview (44ms)
    ✔ next hole jumps inside a project unit
    ✔ warmCacheOnOpen pre-builds the workspace at activation
    ✔ reopening a project unit hits the compile cache (6555ms)
    ✔ rewriting an unchanged project unit does not recompile (1946ms)
    ✔ editing a dependency refreshes the open unit once (5842ms)
    ✔ goal text uses the file's notation (636ms)
    ✔ goal text folds a binder notation whose type contains a lambda (334ms)
    ✔ Infoview 的 `⊢` 用记法箭头 `→`，且 runs 与 text 同源 (334ms)
    ✔ Infoview 里集合字面量显示成 `{a}`（不是 `Set.singleton α a`） (341ms)
    ✔ go to definition on a `{a}` set literal lands on `Set.singleton` (94ms)
    ✔ go to definition on a prelude name lands in the prelude source (109ms)
    ✔ go to definition on a notation symbol lands on its declaration (124ms)
    ✔ hover on a notation symbol shows the target's signature (143ms)

## 扩展接线日志（SOKO_E2E_LOG）
2026-09-28T18:03:14.240Z server command: /home/runner/work/sokonanoda-lang/sokonanoda-lang/editor/vscode/bin/linux-x64/sokonanoda-lsp (source=bundled)
2026-09-28T18:03:14.244Z client state: starting
2026-09-28T18:03:14.292Z client state: running
2026-09-28T18:03:14.300Z loadProject: no active .sokonanoda document
2026-09-28T18:03:14.653Z loadProject: no active .sokonanoda document
2026-09-28T18:03:14.754Z active document changed: file:///tmp/sokonanoda-vscode-test-xqXJ8D/check.sokonanoda
2026-09-28T18:03:14.772Z soko/project ok: project=null reason=no-imports
2026-09-28T18:03:14.923Z soko/project ok: project=null reason=no-imports
2026-09-28T18:03:14.958Z active document changed: (none)
2026-09-28T18:03:14.958Z loadProject: no active .sokonanoda document
2026-09-28T18:03:15.009Z active document changed: file:///tmp/sokonanoda-vscode-test-xqXJ8D/lesson-clean.sokonanoda
2026-09-28T18:03:15.032Z soko/project ok: project=null reason=no-imports
2026-09-28T18:03:15.126Z active document changed: (none)
2026-09-28T18:03:15.126Z loadProject: no active .sokonanoda document
2026-09-28T18:03:15.178Z active document changed: file:///tmp/sokonanoda-vscode-test-xqXJ8D/kernel-bad.sokonanoda
2026-09-28T18:03:15.191Z soko/project ok: project=null reason=no-imports
2026-09-28T18:03:15.251Z soko/project ok: project=null reason=no-imports
2026-09-28T18:03:15.308Z active document changed: (none)
2026-09-28T18:03:15.308Z loadProject: no active .sokonanoda document
2026-09-28T18:03:15.393Z active document changed: file:///tmp/sokonanoda-vscode-test-xqXJ8D/exercise.sokonanoda
2026-09-28T18:03:15.407Z soko/project ok: project=null reason=no-imports
2026-09-28T18:03:15.407Z soko/project ok: project=null reason=no-imports
2026-09-28T18:03:15.454Z active document changed: (none)
2026-09-28T18:03:15.454Z loadProject: no active .sokonanoda document
2026-09-28T18:03:15.536Z active document changed: file:///tmp/sokonanoda-vscode-test-xqXJ8D/reserved.sokonanoda
2026-09-28T18:03:15.546Z soko/project ok: project=null reason=no-imports
2026-09-28T18:03:15.582Z active document changed: (none)
2026-09-28T18:03:15.582Z loadProject: no active .sokonanoda document
2026-09-28T18:03:15.626Z active document changed: file:///tmp/sokonanoda-vscode-test-xqXJ8D/exercise-hover.sokonanoda
2026-09-28T18:03:15.636Z soko/project ok: project=null reason=no-imports
2026-09-28T18:03:15.717Z active document changed: (none)
2026-09-28T18:03:15.717Z loadProject: no active .sokonanoda document
2026-09-28T18:03:15.762Z active document changed: file:///home/runner/work/sokonanoda-lang/sokonanoda-lang/editor/vscode/src/test/fixtures/workspace/units/u01.sokonanoda
2026-09-28T18:03:15.793Z soko/project ok: project=units.u01 (2 modules) reason=null
2026-09-28T18:03:15.940Z active document changed: (none)
2026-09-28T18:03:15.940Z loadProject: no active .sokonanoda document
2026-09-28T18:03:16.029Z active document changed: file:///tmp/sokonanoda-vscode-test-xqXJ8D/notation-input.sokonanoda
2026-09-28T18:03:16.042Z soko/project ok: project=null reason=no-imports
2026-09-28T18:03:16.042Z soko/project ok: project=null reason=no-imports
2026-09-28T18:03:16.177Z active document changed: (none)
2026-09-28T18:03:16.177Z loadProject: no active .sokonanoda document
2026-09-28T18:03:16.229Z active document changed: file:///tmp/sokonanoda-vscode-test-xqXJ8D/restart.sokonanoda
2026-09-28T18:03:16.236Z soko/project ok: project=null reason=no-imports
2026-09-28T18:03:16.242Z soko/project ok: project=null reason=no-imports
2026-09-28T18:03:16.247Z client state: stopped
2026-09-28T18:03:16.251Z client state: starting
2026-09-28T18:03:16.275Z client state: running
2026-09-28T18:03:16.393Z active document changed: (none)
2026-09-28T18:03:16.393Z loadProject: no active .sokonanoda document
2026-09-28T18:03:16.534Z loadProject: no active .sokonanoda document
2026-09-28T18:03:16.573Z active document changed: file:///tmp/sokonanoda-vscode-test-xqXJ8D/proj-ok/Main.sokonanoda
2026-09-28T18:03:16.602Z soko/project ok: project=null reason=no-imports
2026-09-28T18:03:16.616Z soko/project ok: project=Main (2 modules) reason=null
2026-09-28T18:03:16.716Z soko/project ok: project=Main (2 modules) reason=null
2026-09-28T18:03:16.807Z soko/project ok: project=Main (2 modules) reason=null
2026-09-28T18:03:16.850Z active document changed: (none)
2026-09-28T18:03:16.851Z loadProject: no active .sokonanoda document
2026-09-28T18:03:16.892Z active document changed: file:///tmp/sokonanoda-vscode-test-xqXJ8D/single.sokonanoda
2026-09-28T18:03:16.903Z soko/project ok: project=null reason=no-imports
2026-09-28T18:03:16.909Z soko/project ok: project=null reason=no-imports
2026-09-28T18:03:17.014Z active document changed: (none)
2026-09-28T18:03:17.014Z loadProject: no active .sokonanoda document
2026-09-28T18:03:17.040Z active document changed: file:///tmp/sokonanoda-vscode-test-xqXJ8D/proj-broken/Main.sokonanoda
2026-09-28T18:03:17.050Z soko/project ok: project=Main (1 modules) reason=null
2026-09-28T18:03:17.056Z soko/project ok: project=Main (1 modules) reason=null
2026-09-28T18:03:17.083Z soko/project ok: project=Main (1 modules) reason=null
2026-09-28T18:03:17.161Z active document changed: (none)
2026-09-28T18:03:17.161Z loadProject: no active .sokonanoda document
2026-09-28T18:03:17.188Z active document changed: file:///home/runner/work/sokonanoda-lang/sokonanoda-lang/editor/vscode/src/test/fixtures/workspace/units/u01.sokonanoda
2026-09-28T18:03:17.206Z soko/project ok: project=units.u01 (2 modules) reason=null
2026-09-28T18:03:17.245Z soko/project ok: project=units.u01 (2 modules) reason=null
2026-09-28T18:03:18.222Z warmCacheOnOpen: exit=0
2026-09-28T18:03:20.320Z soko/project ok: project=units.u01 (2 modules) reason=null
2026-09-28T18:03:23.335Z soko/project ok: project=units.u01 (2 modules) reason=null
2026-09-28T18:03:23.348Z active document changed: (none)
2026-09-28T18:03:23.348Z loadProject: no active .sokonanoda document
2026-09-28T18:03:23.380Z active document changed: file:///home/runner/work/sokonanoda-lang/sokonanoda-lang/editor/vscode/src/test/fixtures/workspace/units/u01.sokonanoda
2026-09-28T18:03:23.390Z soko/project ok: project=units.u01 (2 modules) reason=null
2026-09-28T18:03:24.409Z soko/project ok: project=units.u01 (2 modules) reason=null
2026-09-28T18:03:24.417Z soko/project ok: project=units.u01 (2 modules) reason=null
2026-09-28T18:03:28.929Z soko/project ok: project=units.u01 (2 modules) reason=null
2026-09-28T18:03:28.952Z active document changed: (none)
2026-09-28T18:03:28.952Z loadProject: no active .sokonanoda document
2026-09-28T18:03:28.993Z active document changed: file:///home/runner/work/sokonanoda-lang/sokonanoda-lang/editor/vscode/src/test/fixtures/workspace/units/u01.sokonanoda
2026-09-28T18:03:29.008Z soko/project ok: project=units.u01 (2 modules) reason=null
2026-09-28T18:03:29.066Z active document changed: (none)
2026-09-28T18:03:29.066Z loadProject: no active .sokonanoda document
2026-09-28T18:03:29.090Z active document changed: file:///home/runner/work/sokonanoda-lang/sokonanoda-lang/editor/vscode/src/test/fixtures/workspace/units/u01.sokonanoda
2026-09-28T18:03:29.113Z soko/project ok: project=units.u01 (2 modules) reason=null
2026-09-28T18:03:29.276Z active document changed: (none)
2026-09-28T18:03:29.276Z loadProject: no active .sokonanoda document
2026-09-28T18:03:29.286Z active document changed: file:///home/runner/work/sokonanoda-lang/sokonanoda-lang/editor/vscode/src/test/fixtures/workspace/lib/Set.sokonanoda
2026-09-28T18:03:29.299Z soko/project ok: project=null reason=no-imports
2026-09-28T18:03:29.343Z active document changed: (none)
2026-09-28T18:03:29.343Z loadProject: no active .sokonanoda document
2026-09-28T18:03:29.387Z active document changed: file:///home/runner/work/sokonanoda-lang/sokonanoda-lang/editor/vscode/src/test/fixtures/workspace/units/u01.sokonanoda
2026-09-28T18:03:29.404Z soko/project ok: project=units.u01 (2 modules) reason=null
2026-09-28T18:03:29.468Z soko/project ok: project=units.u01 (2 modules) reason=null
2026-09-28T18:03:29.480Z active document changed: (none)
2026-09-28T18:03:29.480Z loadProject: no active .sokonanoda document
2026-09-28T18:03:29.516Z active document changed: file:///home/runner/work/sokonanoda-lang/sokonanoda-lang/editor/vscode/src/test/fixtures/workspace/units/u01.sokonanoda
2026-09-28T18:03:29.528Z soko/project ok: project=units.u01 (2 modules) reason=null
2026-09-28T18:03:29.586Z active document changed: (none)
2026-09-28T18:03:29.586Z loadProject: no active .sokonanoda document
2026-09-28T18:03:29.611Z active document changed: file:///home/runner/work/sokonanoda-lang/sokonanoda-lang/editor/vscode/src/test/fixtures/workspace/units/u01.sokonanoda
2026-09-28T18:03:29.623Z soko/project ok: project=units.u01 (2 modules) reason=null
2026-09-28T18:03:29.681Z active document changed: (none)
2026-09-28T18:03:29.681Z loadProject: no active .sokonanoda document
2026-09-28T18:03:29.713Z active document changed: file:///home/runner/work/sokonanoda-lang/sokonanoda-lang/editor/vscode/src/test/fixtures/workspace/units/u02-cold-open.sokonanoda
2026-09-28T18:03:29.723Z soko/project ok: project=null reason=no-imports
2026-09-28T18:03:36.158Z client state: stopped
2026-09-28T18:03:36.160Z client state: starting
2026-09-28T18:03:36.168Z client state: running
PERF e2e cache: cold=6458ms warm=96ms
2026-09-28T18:03:36.282Z active document changed: (none)
2026-09-28T18:03:36.282Z loadProject: no active .sokonanoda document
2026-09-28T18:03:36.313Z active document changed: file:///home/runner/work/sokonanoda-lang/sokonanoda-lang/editor/vscode/src/test/fixtures/workspace/units/u01.sokonanoda
2026-09-28T18:03:36.322Z soko/project ok: project=units.u01 (2 modules) reason=null
2026-09-28T18:03:36.473Z soko/project ok: project=units.u01 (2 modules) reason=null
2026-09-28T18:03:36.858Z soko/project ok: project=units.u01 (2 modules) reason=null
2026-09-28T18:03:37.316Z soko/project ok: project=units.u01 (2 modules) reason=null
2026-09-28T18:03:38.236Z active document changed: (none)
2026-09-28T18:03:38.236Z loadProject: no active .sokonanoda document
2026-09-28T18:03:38.256Z active document changed: file:///home/runner/work/sokonanoda-lang/sokonanoda-lang/editor/vscode/src/test/fixtures/workspace/units/u01.sokonanoda
2026-09-28T18:03:38.269Z soko/project ok: project=units.u01 (2 modules) reason=null
2026-09-28T18:03:38.842Z soko/project ok: project=units.u01 (2 modules) reason=null
2026-09-28T18:03:39.698Z soko/project ok: project=units.u01 (2 modules) reason=null
PERF e2e fanout: entry diagnostics signature=152 字节 · 稳定 ✓
2026-09-28T18:03:44.091Z active document changed: (none)
2026-09-28T18:03:44.091Z loadProject: no active .sokonanoda document
2026-09-28T18:03:44.113Z active document changed: file:///home/runner/work/sokonanoda-lang/sokonanoda-lang/editor/vscode/src/test/fixtures/workspace/units/u01.sokonanoda
2026-09-28T18:03:44.125Z soko/project ok: project=units.u01 (2 modules) reason=null
2026-09-28T18:03:44.705Z soko/project ok: project=units.u01 (2 modules) reason=null
2026-09-28T18:03:44.734Z active document changed: (none)
2026-09-28T18:03:44.734Z loadProject: no active .sokonanoda document
2026-09-28T18:03:44.757Z active document changed: file:///home/runner/work/sokonanoda-lang/sokonanoda-lang/editor/vscode/src/test/fixtures/workspace/units/u01.sokonanoda
2026-09-28T18:03:44.770Z soko/project ok: project=units.u01 (2 modules) reason=null
2026-09-28T18:03:45.079Z active document changed: (none)
2026-09-28T18:03:45.079Z loadProject: no active .sokonanoda document
2026-09-28T18:03:45.100Z active document changed: file:///home/runner/work/sokonanoda-lang/sokonanoda-lang/editor/vscode/src/test/fixtures/workspace/units/u01.sokonanoda
2026-09-28T18:03:45.114Z soko/project ok: project=units.u01 (2 modules) reason=null
2026-09-28T18:03:45.428Z active document changed: (none)
2026-09-28T18:03:45.429Z loadProject: no active .sokonanoda document
2026-09-28T18:03:45.457Z active document changed: file:///home/runner/work/sokonanoda-lang/sokonanoda-lang/editor/vscode/src/test/fixtures/workspace/units/u01.sokonanoda
2026-09-28T18:03:45.467Z soko/project ok: project=units.u01 (2 modules) reason=null
2026-09-28T18:03:45.784Z active document changed: (none)
2026-09-28T18:03:45.785Z loadProject: no active .sokonanoda document
2026-09-28T18:03:45.806Z active document changed: file:///home/runner/work/sokonanoda-lang/sokonanoda-lang/editor/vscode/src/test/fixtures/workspace/units/u01.sokonanoda
2026-09-28T18:03:45.822Z soko/project ok: project=units.u01 (2 modules) reason=null
2026-09-28T18:03:45.892Z active document changed: (none)
2026-09-28T18:03:45.892Z loadProject: no active .sokonanoda document
2026-09-28T18:03:45.917Z active document changed: file:///home/runner/work/sokonanoda-lang/sokonanoda-lang/editor/vscode/src/test/fixtures/workspace/units/u01.sokonanoda
2026-09-28T18:03:45.929Z soko/project ok: project=units.u01 (2 modules) reason=null
2026-09-28T18:03:46.012Z active document changed: (none)
2026-09-28T18:03:46.012Z loadProject: no active .sokonanoda document
2026-09-28T18:03:46.047Z active document changed: file:///home/runner/work/sokonanoda-lang/sokonanoda-lang/editor/vscode/src/test/fixtures/workspace/units/u01.sokonanoda
2026-09-28T18:03:46.073Z soko/project ok: project=units.u01 (2 modules) reason=null
2026-09-28T18:03:46.151Z active document changed: (none)
2026-09-28T18:03:46.151Z loadProject: no active .sokonanoda document
2026-09-28T18:03:46.182Z active document changed: file:///home/runner/work/sokonanoda-lang/sokonanoda-lang/editor/vscode/src/test/fixtures/workspace/units/u01.sokonanoda
2026-09-28T18:03:46.203Z soko/project ok: project=units.u01 (2 modules) reason=null
2026-09-28T18:03:46.309Z active document changed: (none)
2026-09-28T18:03:46.309Z loadProject: no active .sokonanoda document
2026-09-28T18:03:46.351Z client state: stopped
