# scripts/vscode-e2e.sh — VS Code 1.138.0 · extension v0.77.0 · 70d3eca7b04506d78dee5a7b3f7d28470e443b21
# 结果：35 passing / 0 failing / 0 pending（exit=0）

## doctor（服务器解析与版本自述）
--- doctor ---
sokonanoda doctor — 扩展 v0.77.0 (6 checks)
[ok] 1/6 resolution：bundled — /home/runner/work/sokonanoda-lang/sokonanoda-lang/editor/vscode/bin/linux-x64/sokonanoda-lsp (source=bundled)
[ok] 2/6 server-version：0.77.0 (pid 3178) == 扩展 v0.77.0 (source=bundled)
[ok] 3/6 host-version：运行宿主 v0.77.0
[ok] 4/6 ignored-override：没有被忽略的 serverPath/env 覆盖
[info] 5/6 download-cache：无下载缓存（仅影响 CLI/universal 兜底，不影响内置服务器）
[info] 6/6 obsolete-versions：检测到 0 个扩展版本快照、0 个 .obsolete 条目；完整重启 VS Code 会自动清理

## 用例
    ✔ .sokonanoda files get the sokonanoda language id (40ms)
    ✔ confusable-character highlight is off for sokonanoda files
    ✔ #check results appear as inlay hints (292ms)
    ✔ clean lesson publishes empty diagnostics (199ms)
    ✔ kernel-rejected declaration carries the kernel-rejected code (166ms)
    ✔ open exercise carries a sorry warning, not an error (48ms)
    ✔ a declaration named Prop warns, not errors (64ms)
    ✔ open exercise shows a hover on the hole (99ms)
    ✔ hover 的类型文本折成记法（T-U12 面 #3，e2e 那一份） (194ms)
    ✔ notation input: the rewriter produces ∧ and hover teaches \and (182ms)
    ✔ restart server command re-syncs open documents (107ms)
    ✔ infoview command is registered and revealable (123ms)
    ✔ the project tree shows the real closure of an imported module (258ms)
    ✔ the project tree names the file a single-file document is (150ms)
    ✔ the project tree marks a broken import as the root cause (187ms)
    ✔ build / rebuild commands warm the compile cache through the CLI (5033ms)
    ✔ Clean Cache empties the project store and does not compile (E31) (4198ms)
    ✔ the Infoview receives the project view (E30) (45ms)
    ✔ Infoview 'definition' lands exactly where the editor F12 lands (E27) (150ms)
    ✔ doctor command returns a read-only source + version report
    ✔ declarations panel lists a project unit's declarations
    ✔ open declaration ships coloured goal runs to the Infoview (48ms)
    ✔ next hole jumps inside a project unit (39ms)
    ✔ warmCacheOnOpen pre-builds the workspace at activation
    ✔ reopening a project unit hits the compile cache (5446ms)
    ✔ rewriting an unchanged project unit does not recompile (1952ms)
    ✔ editing a dependency refreshes the open unit once (6549ms)
    ✔ goal text uses the file's notation (640ms)
    ✔ goal text folds a binder notation whose type contains a lambda (331ms)
    ✔ Infoview 的 `⊢` 用记法箭头 `→`，且 runs 与 text 同源 (340ms)
    ✔ Infoview 里集合字面量显示成 `{a}`（不是 `Set.singleton α a`） (335ms)
    ✔ go to definition on a `{a}` set literal lands on `Set.singleton` (113ms)
    ✔ go to definition on a prelude name lands in the prelude source (112ms)
    ✔ go to definition on a notation symbol lands on its declaration (135ms)
    ✔ hover on a notation symbol shows the target's signature (141ms)

## 扩展接线日志（SOKO_E2E_LOG）
2026-09-28T04:48:16.172Z server command: /home/runner/work/sokonanoda-lang/sokonanoda-lang/editor/vscode/bin/linux-x64/sokonanoda-lsp (source=bundled)
2026-09-28T04:48:16.173Z client state: starting
2026-09-28T04:48:16.223Z client state: running
2026-09-28T04:48:16.234Z loadProject: no active .sokonanoda document
2026-09-28T04:48:16.525Z loadProject: no active .sokonanoda document
2026-09-28T04:48:16.555Z active document changed: file:///tmp/sokonanoda-vscode-test-y3umjM/check.sokonanoda
2026-09-28T04:48:16.575Z soko/project ok: project=null reason=no-imports
2026-09-28T04:48:16.701Z soko/project ok: project=null reason=no-imports
2026-09-28T04:48:16.737Z active document changed: (none)
2026-09-28T04:48:16.737Z loadProject: no active .sokonanoda document
2026-09-28T04:48:16.803Z active document changed: file:///tmp/sokonanoda-vscode-test-y3umjM/lesson-clean.sokonanoda
2026-09-28T04:48:16.827Z soko/project ok: project=null reason=no-imports
2026-09-28T04:48:16.955Z active document changed: (none)
2026-09-28T04:48:16.955Z loadProject: no active .sokonanoda document
2026-09-28T04:48:17.013Z active document changed: file:///tmp/sokonanoda-vscode-test-y3umjM/kernel-bad.sokonanoda
2026-09-28T04:48:17.040Z soko/project ok: project=null reason=no-imports
2026-09-28T04:48:17.063Z soko/project ok: project=null reason=no-imports
2026-09-28T04:48:17.139Z active document changed: (none)
2026-09-28T04:48:17.139Z loadProject: no active .sokonanoda document
2026-09-28T04:48:17.182Z active document changed: file:///tmp/sokonanoda-vscode-test-y3umjM/exercise.sokonanoda
2026-09-28T04:48:17.190Z soko/project ok: project=null reason=no-imports
2026-09-28T04:48:17.257Z active document changed: (none)
2026-09-28T04:48:17.258Z loadProject: no active .sokonanoda document
2026-09-28T04:48:17.311Z active document changed: file:///tmp/sokonanoda-vscode-test-y3umjM/reserved.sokonanoda
2026-09-28T04:48:17.324Z soko/project ok: project=null reason=no-imports
2026-09-28T04:48:17.375Z active document changed: (none)
2026-09-28T04:48:17.375Z loadProject: no active .sokonanoda document
2026-09-28T04:48:17.414Z active document changed: file:///tmp/sokonanoda-vscode-test-y3umjM/exercise-hover.sokonanoda
2026-09-28T04:48:17.424Z soko/project ok: project=null reason=no-imports
2026-09-28T04:48:17.486Z active document changed: (none)
2026-09-28T04:48:17.486Z loadProject: no active .sokonanoda document
2026-09-28T04:48:17.525Z active document changed: file:///home/runner/work/sokonanoda-lang/sokonanoda-lang/editor/vscode/src/test/fixtures/workspace/units/u01.sokonanoda
2026-09-28T04:48:17.542Z soko/project ok: project=units.u01 (2 modules) reason=null
2026-09-28T04:48:17.706Z active document changed: (none)
2026-09-28T04:48:17.706Z loadProject: no active .sokonanoda document
2026-09-28T04:48:17.769Z active document changed: file:///tmp/sokonanoda-vscode-test-y3umjM/notation-input.sokonanoda
2026-09-28T04:48:17.785Z soko/project ok: project=null reason=no-imports
2026-09-28T04:48:17.794Z soko/project ok: project=null reason=no-imports
2026-09-28T04:48:17.927Z active document changed: (none)
2026-09-28T04:48:17.927Z loadProject: no active .sokonanoda document
2026-09-28T04:48:17.962Z active document changed: file:///tmp/sokonanoda-vscode-test-y3umjM/restart.sokonanoda
2026-09-28T04:48:17.972Z soko/project ok: project=null reason=no-imports
2026-09-28T04:48:17.976Z client state: stopped
2026-09-28T04:48:17.980Z client state: starting
2026-09-28T04:48:18.015Z client state: running
2026-09-28T04:48:18.034Z soko/project ok: project=null reason=no-imports
2026-09-28T04:48:18.071Z active document changed: (none)
2026-09-28T04:48:18.071Z loadProject: no active .sokonanoda document
2026-09-28T04:48:18.244Z active document changed: file:///tmp/sokonanoda-vscode-test-y3umjM/proj-ok/Main.sokonanoda
2026-09-28T04:48:18.259Z soko/project ok: project=null reason=no-imports
2026-09-28T04:48:18.262Z soko/project ok: project=null reason=no-imports
2026-09-28T04:48:18.268Z soko/project ok: project=null reason=no-imports
2026-09-28T04:48:18.365Z soko/project ok: project=Main (2 modules) reason=null
2026-09-28T04:48:18.484Z soko/project ok: project=Main (2 modules) reason=null
2026-09-28T04:48:18.503Z active document changed: (none)
2026-09-28T04:48:18.503Z loadProject: no active .sokonanoda document
2026-09-28T04:48:18.547Z active document changed: file:///tmp/sokonanoda-vscode-test-y3umjM/single.sokonanoda
2026-09-28T04:48:18.557Z soko/project ok: project=null reason=no-imports
2026-09-28T04:48:18.559Z soko/project ok: project=null reason=no-imports
2026-09-28T04:48:18.683Z active document changed: (none)
2026-09-28T04:48:18.683Z loadProject: no active .sokonanoda document
2026-09-28T04:48:18.737Z loadProject: no active .sokonanoda document
2026-09-28T04:48:18.759Z active document changed: file:///tmp/sokonanoda-vscode-test-y3umjM/proj-broken/Main.sokonanoda
2026-09-28T04:48:18.766Z soko/project ok: project=Main (1 modules) reason=null
2026-09-28T04:48:18.776Z soko/project ok: project=Main (1 modules) reason=null
2026-09-28T04:48:18.900Z active document changed: (none)
2026-09-28T04:48:18.900Z loadProject: no active .sokonanoda document
2026-09-28T04:48:18.941Z loadProject: no active .sokonanoda document
2026-09-28T04:48:18.942Z active document changed: file:///home/runner/work/sokonanoda-lang/sokonanoda-lang/editor/vscode/src/test/fixtures/workspace/units/u01.sokonanoda
2026-09-28T04:48:18.962Z soko/project ok: project=units.u01 (2 modules) reason=null
2026-09-28T04:48:19.705Z warmCacheOnOpen: exit=0
2026-09-28T04:48:21.268Z soko/project ok: project=units.u01 (2 modules) reason=null
2026-09-28T04:48:23.939Z soko/project ok: project=units.u01 (2 modules) reason=null
2026-09-28T04:48:23.958Z active document changed: (none)
2026-09-28T04:48:23.959Z loadProject: no active .sokonanoda document
2026-09-28T04:48:23.997Z active document changed: file:///home/runner/work/sokonanoda-lang/sokonanoda-lang/editor/vscode/src/test/fixtures/workspace/units/u01.sokonanoda
2026-09-28T04:48:24.006Z soko/project ok: project=units.u01 (2 modules) reason=null
2026-09-28T04:48:24.053Z soko/project ok: project=units.u01 (2 modules) reason=null
2026-09-28T04:48:24.064Z soko/project ok: project=units.u01 (2 modules) reason=null
2026-09-28T04:48:28.164Z soko/project ok: project=units.u01 (2 modules) reason=null
2026-09-28T04:48:28.181Z active document changed: (none)
2026-09-28T04:48:28.181Z loadProject: no active .sokonanoda document
2026-09-28T04:48:28.215Z active document changed: file:///home/runner/work/sokonanoda-lang/sokonanoda-lang/editor/vscode/src/test/fixtures/workspace/units/u01.sokonanoda
2026-09-28T04:48:28.228Z soko/project ok: project=units.u01 (2 modules) reason=null
2026-09-28T04:48:28.294Z active document changed: (none)
2026-09-28T04:48:28.294Z loadProject: no active .sokonanoda document
2026-09-28T04:48:28.324Z active document changed: file:///home/runner/work/sokonanoda-lang/sokonanoda-lang/editor/vscode/src/test/fixtures/workspace/units/u01.sokonanoda
2026-09-28T04:48:28.337Z soko/project ok: project=units.u01 (2 modules) reason=null
2026-09-28T04:48:28.418Z active document changed: (none)
2026-09-28T04:48:28.418Z loadProject: no active .sokonanoda document
2026-09-28T04:48:28.427Z active document changed: file:///home/runner/work/sokonanoda-lang/sokonanoda-lang/editor/vscode/src/test/fixtures/workspace/lib/Set.sokonanoda
2026-09-28T04:48:28.451Z soko/project ok: project=null reason=no-imports
2026-09-28T04:48:28.496Z active document changed: (none)
2026-09-28T04:48:28.496Z loadProject: no active .sokonanoda document
2026-09-28T04:48:28.548Z active document changed: file:///home/runner/work/sokonanoda-lang/sokonanoda-lang/editor/vscode/src/test/fixtures/workspace/units/u01.sokonanoda
2026-09-28T04:48:28.562Z soko/project ok: project=units.u01 (2 modules) reason=null
2026-09-28T04:48:28.624Z soko/project ok: project=units.u01 (2 modules) reason=null
2026-09-28T04:48:28.633Z active document changed: (none)
2026-09-28T04:48:28.633Z loadProject: no active .sokonanoda document
2026-09-28T04:48:28.668Z active document changed: file:///home/runner/work/sokonanoda-lang/sokonanoda-lang/editor/vscode/src/test/fixtures/workspace/units/u01.sokonanoda
2026-09-28T04:48:28.681Z soko/project ok: project=units.u01 (2 modules) reason=null
2026-09-28T04:48:28.743Z active document changed: (none)
2026-09-28T04:48:28.743Z loadProject: no active .sokonanoda document
2026-09-28T04:48:28.770Z active document changed: file:///home/runner/work/sokonanoda-lang/sokonanoda-lang/editor/vscode/src/test/fixtures/workspace/units/u01.sokonanoda
2026-09-28T04:48:28.782Z soko/project ok: project=units.u01 (2 modules) reason=null
2026-09-28T04:48:28.841Z active document changed: (none)
2026-09-28T04:48:28.841Z loadProject: no active .sokonanoda document
2026-09-28T04:48:28.875Z active document changed: file:///home/runner/work/sokonanoda-lang/sokonanoda-lang/editor/vscode/src/test/fixtures/workspace/units/u02-cold-open.sokonanoda
2026-09-28T04:48:28.887Z soko/project ok: project=null reason=no-imports
2026-09-28T04:48:34.250Z client state: stopped
2026-09-28T04:48:34.252Z client state: starting
2026-09-28T04:48:34.262Z client state: running
PERF e2e cache: cold=5390ms warm=54ms
2026-09-28T04:48:34.358Z active document changed: (none)
2026-09-28T04:48:34.358Z loadProject: no active .sokonanoda document
2026-09-28T04:48:34.399Z active document changed: file:///home/runner/work/sokonanoda-lang/sokonanoda-lang/editor/vscode/src/test/fixtures/workspace/units/u01.sokonanoda
2026-09-28T04:48:34.407Z soko/project ok: project=units.u01 (2 modules) reason=null
2026-09-28T04:48:34.568Z soko/project ok: project=units.u01 (2 modules) reason=null
2026-09-28T04:48:34.944Z soko/project ok: project=units.u01 (2 modules) reason=null
2026-09-28T04:48:35.403Z soko/project ok: project=units.u01 (2 modules) reason=null
2026-09-28T04:48:36.324Z active document changed: (none)
2026-09-28T04:48:36.324Z loadProject: no active .sokonanoda document
2026-09-28T04:48:36.345Z active document changed: file:///home/runner/work/sokonanoda-lang/sokonanoda-lang/editor/vscode/src/test/fixtures/workspace/units/u01.sokonanoda
2026-09-28T04:48:36.354Z soko/project ok: project=units.u01 (2 modules) reason=null
2026-09-28T04:48:37.153Z soko/project ok: project=units.u01 (2 modules) reason=null
2026-09-28T04:48:38.487Z soko/project ok: project=units.u01 (2 modules) reason=null
PERF e2e fanout: entry diagnostics signature=152 字节 · 稳定 ✓
2026-09-28T04:48:42.889Z active document changed: (none)
2026-09-28T04:48:42.889Z loadProject: no active .sokonanoda document
2026-09-28T04:48:42.915Z active document changed: file:///home/runner/work/sokonanoda-lang/sokonanoda-lang/editor/vscode/src/test/fixtures/workspace/units/u01.sokonanoda
2026-09-28T04:48:42.925Z soko/project ok: project=units.u01 (2 modules) reason=null
2026-09-28T04:48:43.527Z soko/project ok: project=units.u01 (2 modules) reason=null
2026-09-28T04:48:43.540Z active document changed: (none)
2026-09-28T04:48:43.540Z loadProject: no active .sokonanoda document
2026-09-28T04:48:43.562Z active document changed: file:///home/runner/work/sokonanoda-lang/sokonanoda-lang/editor/vscode/src/test/fixtures/workspace/units/u01.sokonanoda
2026-09-28T04:48:43.576Z soko/project ok: project=units.u01 (2 modules) reason=null
2026-09-28T04:48:43.885Z active document changed: (none)
2026-09-28T04:48:43.885Z loadProject: no active .sokonanoda document
2026-09-28T04:48:43.913Z active document changed: file:///home/runner/work/sokonanoda-lang/sokonanoda-lang/editor/vscode/src/test/fixtures/workspace/units/u01.sokonanoda
2026-09-28T04:48:43.925Z soko/project ok: project=units.u01 (2 modules) reason=null
2026-09-28T04:48:44.245Z active document changed: (none)
2026-09-28T04:48:44.245Z loadProject: no active .sokonanoda document
2026-09-28T04:48:44.266Z active document changed: file:///home/runner/work/sokonanoda-lang/sokonanoda-lang/editor/vscode/src/test/fixtures/workspace/units/u01.sokonanoda
2026-09-28T04:48:44.283Z soko/project ok: project=units.u01 (2 modules) reason=null
2026-09-28T04:48:44.590Z active document changed: (none)
2026-09-28T04:48:44.590Z loadProject: no active .sokonanoda document
2026-09-28T04:48:44.613Z active document changed: file:///home/runner/work/sokonanoda-lang/sokonanoda-lang/editor/vscode/src/test/fixtures/workspace/units/u01.sokonanoda
2026-09-28T04:48:44.629Z soko/project ok: project=units.u01 (2 modules) reason=null
2026-09-28T04:48:44.720Z active document changed: (none)
2026-09-28T04:48:44.720Z loadProject: no active .sokonanoda document
2026-09-28T04:48:44.743Z active document changed: file:///home/runner/work/sokonanoda-lang/sokonanoda-lang/editor/vscode/src/test/fixtures/workspace/units/u01.sokonanoda
2026-09-28T04:48:44.756Z soko/project ok: project=units.u01 (2 modules) reason=null
2026-09-28T04:48:44.846Z active document changed: (none)
2026-09-28T04:48:44.846Z loadProject: no active .sokonanoda document
2026-09-28T04:48:44.878Z active document changed: file:///home/runner/work/sokonanoda-lang/sokonanoda-lang/editor/vscode/src/test/fixtures/workspace/units/u01.sokonanoda
2026-09-28T04:48:44.895Z soko/project ok: project=units.u01 (2 modules) reason=null
2026-09-28T04:48:44.995Z active document changed: (none)
2026-09-28T04:48:44.995Z loadProject: no active .sokonanoda document
2026-09-28T04:48:45.028Z active document changed: file:///home/runner/work/sokonanoda-lang/sokonanoda-lang/editor/vscode/src/test/fixtures/workspace/units/u01.sokonanoda
2026-09-28T04:48:45.052Z soko/project ok: project=units.u01 (2 modules) reason=null
2026-09-28T04:48:45.159Z active document changed: (none)
2026-09-28T04:48:45.159Z loadProject: no active .sokonanoda document
2026-09-28T04:48:45.221Z client state: stopped
