# scripts/vscode-e2e.sh — VS Code 1.138.0 · extension v0.85.2 · d3c9989b13abffaa68b039ad5a5299d9c3f23b9d
# 结果：43 passing / 0 failing / 0 pending（exit=0）

## doctor（服务器解析与版本自述）
--- doctor ---
sokonanoda doctor — 扩展 v0.85.2 (6 checks)
[ok] 1/6 resolution：bundled — /Users/penglingwei/Documents/lean/sokonanoda/sokonanoda-lang/editor/vscode/bin/darwin-arm64/sokonanoda-lsp (source=bundled)
[ok] 2/6 server-version：0.85.2 (pid 52900) == 扩展 v0.85.2 (source=bundled)
[ok] 3/6 host-version：运行宿主 v0.85.2
[ok] 4/6 ignored-override：没有被忽略的 serverPath/env 覆盖
[info] 5/6 download-cache：缓存 marker 0.73.0 darwin-arm64 != 扩展 v0.85.2；可运行 sokonanoda update
[info] 6/6 obsolete-versions：检测到 0 个扩展版本快照、0 个 .obsolete 条目；完整重启 VS Code 会自动清理

## 用例
    ✔ .sokonanoda files get the sokonanoda language id (60ms)
    ✔ confusable-character highlight is off for sokonanoda files
    ✔ #check results appear as inlay hints (70ms)
    ✔ C3：`#check`/`#print` 的输出出现在 Infoview 的「命令输出」块里 (629ms)
    ✔ clean lesson publishes empty diagnostics
    ✔ kernel-rejected declaration carries the kernel-rejected code
    ✔ open exercise carries a sorry warning, not an error
    ✔ a declaration named Prop warns, not errors
    ✔ open exercise shows a hover on the hole
    ✔ hover 的类型文本折成记法（T-U12 面 #3，e2e 那一份）
    ✔ notation input: the rewriter produces ∧ and hover teaches \and (47ms)
    ✔ notation input: greek letters and the anon-ctor brackets, in a real host (40ms)
    ✔ restart server command re-syncs open documents (133ms)
    ✔ infoview command is registered and revealable
    ✔ the project tree shows the real closure of an imported module (319ms)
    ✔ the project tree names the file a single-file document is (116ms)
    ✔ the project tree marks a broken import as the root cause (155ms)
    ✔ build / rebuild commands warm the compile cache through the CLI (151ms)
    ✔ Clean Cache empties the project store and does not compile (E31) (1679ms)
    ✔ Rebuild shows a non-zero percent while it is still running (②) (195ms)
    ✔ the Infoview receives the project view (E30)
    ✔ Infoview 'definition' lands exactly where the editor F12 lands (E27) (83ms)
    ✔ import 行的模块名是链接，指向被导入的文件（documentLink） (40ms)
    ✔ doctor command returns a read-only source + version report
    ✔ declarations panel lists a project unit's declarations
    ✔ open declaration ships coloured goal runs to the Infoview
    ✔ next hole jumps inside a project unit
    ✔ warmCacheOnOpen pre-builds the workspace at activation
    ✔ reopening a project unit hits the compile cache (207ms)
    ✔ rewriting an unchanged project unit does not recompile (1918ms)
    ✔ editing a dependency refreshes the open unit once (4850ms)
    ✔ goal text uses the file's notation (329ms)
    ✔ goal text folds a binder notation whose type contains a lambda (220ms)
    ✔ B2：光标在末条 tactic 之内 ⇒ 目标是它**作用后**的状态（闭合 ⇒ 无目标） (317ms)
    ✔ Infoview 的 `⊢` 用记法箭头 `→`，且 runs 与 text 同源 (316ms)
    ✔ Infoview 里集合字面量显示成 `{a}`（不是 `Set.singleton α a`） (317ms)
    ✔ go to definition on a `{a}` set literal lands on `Set.singleton` (46ms)
    ✔ go to definition on a prelude name lands in the prelude source (52ms)
    ✔ go to definition on a notation symbol lands on its declaration
    ✔ hover on a notation symbol shows the target's signature (38ms)
    ✔ edit responsiveness: last keystroke reaches diagnostics and the goal panel (1666ms)
    ✔ edit responsiveness (project mode): A/B flicker with the show delay off vs on (3247ms)
    ✔ edit responsiveness (project mode): first keystroke after open vs steady state (783ms)

## 扩展接线日志（SOKO_E2E_LOG）
2026-10-08T13:37:05.782Z server command: /Users/penglingwei/Documents/lean/sokonanoda/sokonanoda-lang/editor/vscode/bin/darwin-arm64/sokonanoda-lsp (source=bundled)
2026-10-08T13:37:05.782Z client state: starting
2026-10-08T13:37:06.007Z warmCacheOnOpen: exit=0
2026-10-08T13:37:06.049Z client state: running
2026-10-08T13:37:06.052Z loadProject: no active .sokonanoda document
2026-10-08T13:37:06.185Z active document changed: file:///var/folders/81/6wvjcvys3y300jnj259_2jbw0000gn/T/sokonanoda-vscode-test-t85udH/check.sokonanoda
2026-10-08T13:37:06.189Z soko/project ok: project=null reason=no-imports
2026-10-08T13:37:06.225Z active document changed: (none)
2026-10-08T13:37:06.225Z loadProject: no active .sokonanoda document
2026-10-08T13:37:06.244Z active document changed: file:///var/folders/81/6wvjcvys3y300jnj259_2jbw0000gn/T/sokonanoda-vscode-test-t85udH/c3-command-output.sokonanoda
2026-10-08T13:37:06.248Z soko/project ok: project=null reason=no-imports
2026-10-08T13:37:06.448Z soko/project ok: project=null reason=no-imports
2026-10-08T13:37:06.862Z active document changed: (none)
2026-10-08T13:37:06.862Z loadProject: no active .sokonanoda document
2026-10-08T13:37:06.878Z active document changed: file:///var/folders/81/6wvjcvys3y300jnj259_2jbw0000gn/T/sokonanoda-vscode-test-t85udH/lesson-clean.sokonanoda
2026-10-08T13:37:06.882Z soko/project ok: project=null reason=no-imports
2026-10-08T13:37:06.894Z active document changed: (none)
2026-10-08T13:37:06.894Z loadProject: no active .sokonanoda document
2026-10-08T13:37:06.908Z active document changed: file:///var/folders/81/6wvjcvys3y300jnj259_2jbw0000gn/T/sokonanoda-vscode-test-t85udH/kernel-bad.sokonanoda
2026-10-08T13:37:06.910Z soko/project ok: project=null reason=no-imports
2026-10-08T13:37:06.923Z active document changed: (none)
2026-10-08T13:37:06.924Z loadProject: no active .sokonanoda document
2026-10-08T13:37:06.937Z active document changed: file:///var/folders/81/6wvjcvys3y300jnj259_2jbw0000gn/T/sokonanoda-vscode-test-t85udH/exercise.sokonanoda
2026-10-08T13:37:06.940Z soko/project ok: project=null reason=no-imports
2026-10-08T13:37:06.949Z active document changed: (none)
2026-10-08T13:37:06.949Z loadProject: no active .sokonanoda document
2026-10-08T13:37:06.962Z active document changed: file:///var/folders/81/6wvjcvys3y300jnj259_2jbw0000gn/T/sokonanoda-vscode-test-t85udH/reserved.sokonanoda
2026-10-08T13:37:06.964Z soko/project ok: project=null reason=no-imports
2026-10-08T13:37:06.977Z active document changed: (none)
2026-10-08T13:37:06.977Z loadProject: no active .sokonanoda document
2026-10-08T13:37:06.993Z active document changed: file:///var/folders/81/6wvjcvys3y300jnj259_2jbw0000gn/T/sokonanoda-vscode-test-t85udH/exercise-hover.sokonanoda
2026-10-08T13:37:06.995Z soko/project ok: project=null reason=no-imports
2026-10-08T13:37:07.006Z active document changed: (none)
2026-10-08T13:37:07.006Z loadProject: no active .sokonanoda document
2026-10-08T13:37:07.019Z active document changed: file:///Users/penglingwei/Documents/lean/sokonanoda/sokonanoda-lang/editor/vscode/src/test/fixtures/workspace/units/u01.sokonanoda
2026-10-08T13:37:07.022Z soko/project ok: project=units.u01 (2 modules) reason=null
2026-10-08T13:37:07.049Z active document changed: (none)
2026-10-08T13:37:07.049Z loadProject: no active .sokonanoda document
2026-10-08T13:37:07.065Z active document changed: file:///var/folders/81/6wvjcvys3y300jnj259_2jbw0000gn/T/sokonanoda-vscode-test-t85udH/notation-input.sokonanoda
2026-10-08T13:37:07.067Z soko/project ok: project=null reason=no-imports
2026-10-08T13:37:07.107Z active document changed: (none)
2026-10-08T13:37:07.107Z loadProject: no active .sokonanoda document
2026-10-08T13:37:07.119Z active document changed: file:///var/folders/81/6wvjcvys3y300jnj259_2jbw0000gn/T/sokonanoda-vscode-test-t85udH/notation-input-greek.sokonanoda
2026-10-08T13:37:07.121Z soko/project ok: project=null reason=no-imports
2026-10-08T13:37:07.156Z active document changed: (none)
2026-10-08T13:37:07.157Z loadProject: no active .sokonanoda document
2026-10-08T13:37:07.168Z active document changed: file:///var/folders/81/6wvjcvys3y300jnj259_2jbw0000gn/T/sokonanoda-vscode-test-t85udH/restart.sokonanoda
2026-10-08T13:37:07.170Z soko/project ok: project=null reason=no-imports
2026-10-08T13:37:07.174Z client state: stopped
2026-10-08T13:37:07.177Z client state: starting
2026-10-08T13:37:07.188Z client state: running
2026-10-08T13:37:07.295Z active document changed: (none)
2026-10-08T13:37:07.296Z loadProject: no active .sokonanoda document
2026-10-08T13:37:07.340Z active document changed: file:///var/folders/81/6wvjcvys3y300jnj259_2jbw0000gn/T/sokonanoda-vscode-test-t85udH/proj-ok/Main.sokonanoda
2026-10-08T13:37:07.344Z soko/project ok: project=Main (2 modules) reason=null
2026-10-08T13:37:07.346Z soko/project ok: project=Main (2 modules) reason=null
2026-10-08T13:37:07.379Z soko/project ok: project=Main (2 modules) reason=null
2026-10-08T13:37:07.447Z soko/project ok: project=Main (2 modules) reason=null
2026-10-08T13:37:07.546Z soko/project ok: project=Main (2 modules) reason=null
2026-10-08T13:37:07.666Z active document changed: (none)
2026-10-08T13:37:07.666Z loadProject: no active .sokonanoda document
2026-10-08T13:37:07.677Z active document changed: file:///var/folders/81/6wvjcvys3y300jnj259_2jbw0000gn/T/sokonanoda-vscode-test-t85udH/single.sokonanoda
2026-10-08T13:37:07.679Z soko/project ok: project=null reason=no-imports
2026-10-08T13:37:07.684Z soko/project ok: project=null reason=no-imports
2026-10-08T13:37:07.791Z active document changed: (none)
2026-10-08T13:37:07.792Z loadProject: no active .sokonanoda document
2026-10-08T13:37:07.837Z active document changed: file:///var/folders/81/6wvjcvys3y300jnj259_2jbw0000gn/T/sokonanoda-vscode-test-t85udH/proj-broken/Main.sokonanoda
2026-10-08T13:37:07.839Z soko/project ok: project=Main (1 modules) reason=null
2026-10-08T13:37:07.853Z soko/project ok: project=Main (1 modules) reason=null
2026-10-08T13:37:07.885Z soko/project ok: project=Main (1 modules) reason=null
2026-10-08T13:37:07.960Z active document changed: (none)
2026-10-08T13:37:07.960Z loadProject: no active .sokonanoda document
2026-10-08T13:37:07.971Z active document changed: file:///Users/penglingwei/Documents/lean/sokonanoda/sokonanoda-lang/editor/vscode/src/test/fixtures/workspace/units/u01.sokonanoda
2026-10-08T13:37:07.974Z soko/project ok: project=units.u01 (2 modules) reason=null
2026-10-08T13:37:07.996Z soko/project ok: project=units.u01 (2 modules) reason=null
2026-10-08T13:37:08.038Z soko/project ok: project=units.u01 (2 modules) reason=null
2026-10-08T13:37:08.116Z soko/project ok: project=units.u01 (2 modules) reason=null
2026-10-08T13:37:08.124Z active document changed: (none)
2026-10-08T13:37:08.124Z loadProject: no active .sokonanoda document
2026-10-08T13:37:08.132Z active document changed: file:///Users/penglingwei/Documents/lean/sokonanoda/sokonanoda-lang/editor/vscode/src/test/fixtures/workspace/units/u01.sokonanoda
2026-10-08T13:37:08.135Z soko/project ok: project=units.u01 (2 modules) reason=null
2026-10-08T13:37:08.154Z soko/project ok: project=units.u01 (2 modules) reason=null
2026-10-08T13:37:08.160Z soko/project ok: project=units.u01 (2 modules) reason=null
2026-10-08T13:37:09.807Z soko/project ok: project=units.u01 (2 modules) reason=null
2026-10-08T13:37:09.821Z active document changed: (none)
2026-10-08T13:37:09.821Z loadProject: no active .sokonanoda document
2026-10-08T13:37:09.838Z active document changed: file:///Users/penglingwei/Documents/lean/sokonanoda/sokonanoda-lang/editor/vscode/src/test/fixtures/workspace/units/u01.sokonanoda
2026-10-08T13:37:09.841Z soko/project ok: project=units.u01 (2 modules) reason=null
2026-10-08T13:37:09.861Z soko/project ok: project=units.u01 (2 modules) reason=null
2026-10-08T13:37:10.016Z soko/project ok: project=units.u01 (2 modules) reason=null
2026-10-08T13:37:10.026Z active document changed: (none)
2026-10-08T13:37:10.026Z loadProject: no active .sokonanoda document
2026-10-08T13:37:10.033Z active document changed: file:///Users/penglingwei/Documents/lean/sokonanoda/sokonanoda-lang/editor/vscode/src/test/fixtures/workspace/units/u01.sokonanoda
2026-10-08T13:37:10.036Z soko/project ok: project=units.u01 (2 modules) reason=null
2026-10-08T13:37:10.069Z active document changed: (none)
2026-10-08T13:37:10.070Z loadProject: no active .sokonanoda document
2026-10-08T13:37:10.083Z active document changed: file:///Users/penglingwei/Documents/lean/sokonanoda/sokonanoda-lang/editor/vscode/src/test/fixtures/workspace/units/u01.sokonanoda
2026-10-08T13:37:10.097Z soko/project ok: project=units.u01 (2 modules) reason=null
2026-10-08T13:37:10.144Z active document changed: (none)
2026-10-08T13:37:10.144Z loadProject: no active .sokonanoda document
2026-10-08T13:37:10.148Z active document changed: file:///Users/penglingwei/Documents/lean/sokonanoda/sokonanoda-lang/editor/vscode/src/test/fixtures/workspace/lib/Set.sokonanoda
2026-10-08T13:37:10.150Z soko/project ok: project=null reason=no-imports
2026-10-08T13:37:10.175Z active document changed: (none)
2026-10-08T13:37:10.175Z loadProject: no active .sokonanoda document
2026-10-08T13:37:10.192Z active document changed: file:///var/folders/81/6wvjcvys3y300jnj259_2jbw0000gn/T/sokonanoda-vscode-test-t85udH/import-links/Entry.sokonanoda
2026-10-08T13:37:10.194Z soko/project ok: project=Entry (2 modules) reason=null
2026-10-08T13:37:10.220Z active document changed: (none)
2026-10-08T13:37:10.220Z loadProject: no active .sokonanoda document
2026-10-08T13:37:10.238Z active document changed: file:///Users/penglingwei/Documents/lean/sokonanoda/sokonanoda-lang/editor/vscode/src/test/fixtures/workspace/units/u01.sokonanoda
2026-10-08T13:37:10.241Z soko/project ok: project=units.u01 (2 modules) reason=null
2026-10-08T13:37:10.274Z active document changed: (none)
2026-10-08T13:37:10.274Z loadProject: no active .sokonanoda document
2026-10-08T13:37:10.283Z active document changed: file:///Users/penglingwei/Documents/lean/sokonanoda/sokonanoda-lang/editor/vscode/src/test/fixtures/workspace/units/u01.sokonanoda
2026-10-08T13:37:10.286Z soko/project ok: project=units.u01 (2 modules) reason=null
2026-10-08T13:37:10.316Z active document changed: (none)
2026-10-08T13:37:10.316Z loadProject: no active .sokonanoda document
2026-10-08T13:37:10.326Z active document changed: file:///Users/penglingwei/Documents/lean/sokonanoda/sokonanoda-lang/editor/vscode/src/test/fixtures/workspace/units/u01.sokonanoda
2026-10-08T13:37:10.328Z soko/project ok: project=units.u01 (2 modules) reason=null
2026-10-08T13:37:10.355Z active document changed: (none)
2026-10-08T13:37:10.355Z loadProject: no active .sokonanoda document
2026-10-08T13:37:10.369Z active document changed: file:///Users/penglingwei/Documents/lean/sokonanoda/sokonanoda-lang/editor/vscode/src/test/fixtures/workspace/units/u02-cold-open.sokonanoda
2026-10-08T13:37:10.371Z soko/project ok: project=null reason=no-imports
2026-10-08T13:37:10.394Z soko/project ok: project=null reason=no-imports
2026-10-08T13:37:10.509Z client state: stopped
2026-10-08T13:37:10.511Z client state: starting
2026-10-08T13:37:10.515Z client state: running
PERF e2e cache: cold=149ms warm=58ms
2026-10-08T13:37:10.569Z active document changed: (none)
2026-10-08T13:37:10.569Z loadProject: no active .sokonanoda document
2026-10-08T13:37:10.578Z active document changed: file:///Users/penglingwei/Documents/lean/sokonanoda/sokonanoda-lang/editor/vscode/src/test/fixtures/workspace/units/u01.sokonanoda
2026-10-08T13:37:10.581Z soko/project ok: project=units.u01 (2 modules) reason=null
2026-10-08T13:37:10.767Z soko/project ok: project=units.u01 (2 modules) reason=null
2026-10-08T13:37:11.208Z soko/project ok: project=units.u01 (2 modules) reason=null
2026-10-08T13:37:11.616Z soko/project ok: project=units.u01 (2 modules) reason=null
2026-10-08T13:37:12.493Z active document changed: (none)
2026-10-08T13:37:12.493Z loadProject: no active .sokonanoda document
2026-10-08T13:37:12.503Z active document changed: file:///Users/penglingwei/Documents/lean/sokonanoda/sokonanoda-lang/editor/vscode/src/test/fixtures/workspace/units/u01.sokonanoda
2026-10-08T13:37:12.506Z soko/project ok: project=units.u01 (2 modules) reason=null
2026-10-08T13:37:13.058Z soko/project ok: project=units.u01 (2 modules) reason=null
PERF e2e fanout: entry diagnostics signature=152 字节 · 稳定 ✓
2026-10-08T13:37:17.355Z active document changed: (none)
2026-10-08T13:37:17.356Z loadProject: no active .sokonanoda document
2026-10-08T13:37:17.374Z active document changed: file:///Users/penglingwei/Documents/lean/sokonanoda/sokonanoda-lang/editor/vscode/src/test/fixtures/workspace/units/u01.sokonanoda
2026-10-08T13:37:17.377Z soko/project ok: project=units.u01 (2 modules) reason=null
2026-10-08T13:37:17.663Z soko/project ok: project=units.u01 (2 modules) reason=null
2026-10-08T13:37:17.693Z active document changed: (none)
2026-10-08T13:37:17.694Z loadProject: no active .sokonanoda document
2026-10-08T13:37:17.707Z active document changed: file:///Users/penglingwei/Documents/lean/sokonanoda/sokonanoda-lang/editor/vscode/src/test/fixtures/workspace/units/u01.sokonanoda
2026-10-08T13:37:17.711Z soko/project ok: project=units.u01 (2 modules) reason=null
2026-10-08T13:37:17.899Z soko/project ok: project=units.u01 (2 modules) reason=null
2026-10-08T13:37:17.920Z active document changed: (none)
2026-10-08T13:37:17.920Z loadProject: no active .sokonanoda document
2026-10-08T13:37:17.929Z active document changed: file:///Users/penglingwei/Documents/lean/sokonanoda/sokonanoda-lang/editor/vscode/src/test/fixtures/workspace/units/u01.sokonanoda
2026-10-08T13:37:17.932Z soko/project ok: project=units.u01 (2 modules) reason=null
2026-10-08T13:37:18.242Z active document changed: (none)
2026-10-08T13:37:18.242Z loadProject: no active .sokonanoda document
2026-10-08T13:37:18.250Z active document changed: file:///Users/penglingwei/Documents/lean/sokonanoda/sokonanoda-lang/editor/vscode/src/test/fixtures/workspace/units/u01.sokonanoda
2026-10-08T13:37:18.255Z soko/project ok: project=units.u01 (2 modules) reason=null
2026-10-08T13:37:18.566Z active document changed: (none)
2026-10-08T13:37:18.567Z loadProject: no active .sokonanoda document
2026-10-08T13:37:18.575Z active document changed: file:///Users/penglingwei/Documents/lean/sokonanoda/sokonanoda-lang/editor/vscode/src/test/fixtures/workspace/units/u01.sokonanoda
2026-10-08T13:37:18.578Z soko/project ok: project=units.u01 (2 modules) reason=null
2026-10-08T13:37:18.894Z active document changed: (none)
2026-10-08T13:37:18.894Z loadProject: no active .sokonanoda document
2026-10-08T13:37:18.912Z active document changed: file:///Users/penglingwei/Documents/lean/sokonanoda/sokonanoda-lang/editor/vscode/src/test/fixtures/workspace/units/u01.sokonanoda
2026-10-08T13:37:18.915Z soko/project ok: project=units.u01 (2 modules) reason=null
2026-10-08T13:37:18.954Z active document changed: (none)
2026-10-08T13:37:18.954Z loadProject: no active .sokonanoda document
2026-10-08T13:37:18.964Z active document changed: file:///Users/penglingwei/Documents/lean/sokonanoda/sokonanoda-lang/editor/vscode/src/test/fixtures/workspace/units/u01.sokonanoda
2026-10-08T13:37:18.967Z soko/project ok: project=units.u01 (2 modules) reason=null
2026-10-08T13:37:19.019Z active document changed: (none)
2026-10-08T13:37:19.019Z loadProject: no active .sokonanoda document
2026-10-08T13:37:19.028Z active document changed: file:///Users/penglingwei/Documents/lean/sokonanoda/sokonanoda-lang/editor/vscode/src/test/fixtures/workspace/units/u01.sokonanoda
2026-10-08T13:37:19.054Z soko/project ok: project=units.u01 (2 modules) reason=null
2026-10-08T13:37:19.058Z active document changed: (none)
2026-10-08T13:37:19.059Z loadProject: no active .sokonanoda document
2026-10-08T13:37:19.069Z active document changed: file:///Users/penglingwei/Documents/lean/sokonanoda/sokonanoda-lang/editor/vscode/src/test/fixtures/workspace/units/u01.sokonanoda
2026-10-08T13:37:19.072Z soko/project ok: project=units.u01 (2 modules) reason=null
2026-10-08T13:37:19.102Z active document changed: (none)
2026-10-08T13:37:19.102Z loadProject: no active .sokonanoda document
2026-10-08T13:37:19.114Z active document changed: file:///var/folders/81/6wvjcvys3y300jnj259_2jbw0000gn/T/sokonanoda-vscode-test-t85udH/typing-latency.sokonanoda
2026-10-08T13:37:19.118Z soko/project ok: project=null reason=no-imports
2026-10-08T13:37:19.324Z soko/project ok: project=null reason=no-imports
2026-10-08T13:37:19.723Z soko/project ok: project=null reason=parse-error
2026-10-08T13:37:20.074Z soko/project ok: project=null reason=no-imports
2026-10-08T13:37:20.767Z soko/project ok: project=null reason=no-imports
PERF editor_keystroke_latency file=typing-latency.sokonanoda decls=24 diagnostics_ms=119 panel_ms=270 flicker_frames=0 keystrokes=8 lights_per_keystroke=0.00 tree_fires=8 typed=" intro hq"
2026-10-08T13:37:20.785Z active document changed: (none)
2026-10-08T13:37:20.785Z loadProject: no active .sokonanoda document
2026-10-08T13:37:20.806Z active document changed: file:///var/folders/81/6wvjcvys3y300jnj259_2jbw0000gn/T/sokonanoda-vscode-test-t85udH/latency-project/units/typing.sokonanoda
2026-10-08T13:37:20.808Z soko/project ok: project=null reason=no-imports
2026-10-08T13:37:21.051Z soko/project ok: project=units.typing (2 modules) reason=null
2026-10-08T13:37:22.015Z soko/project ok: project=units.typing (2 modules) reason=null
2026-10-08T13:37:23.594Z soko/project ok: project=units.typing (2 modules) reason=null
PERF editor_keystroke_latency_project keystrokes=9 lights_showdelay_0=18 lights_default=0
2026-10-08T13:37:24.041Z active document changed: (none)
2026-10-08T13:37:24.041Z loadProject: no active .sokonanoda document
2026-10-08T13:37:24.055Z active document changed: file:///var/folders/81/6wvjcvys3y300jnj259_2jbw0000gn/T/sokonanoda-vscode-test-t85udH/latency-steady/units/typing.sokonanoda
2026-10-08T13:37:24.057Z soko/project ok: project=null reason=no-imports
2026-10-08T13:37:24.822Z soko/project ok: project=units.typing (2 modules) reason=null
2026-10-08T13:37:24.833Z active document changed: (none)
2026-10-08T13:37:24.833Z loadProject: no active .sokonanoda document
2026-10-08T13:37:24.847Z client state: stopped
