# scripts/vscode-e2e.sh — VS Code 1.106.0 · extension v0.65.5 · 2a0f9682a5c7c82802625985307261fdc42b3d77
# 结果：25 passing / 0 failing / 0 pending（exit=0）

## doctor（服务器解析与版本自述）
--- doctor ---
sokonanoda doctor — 扩展 v0.65.5 (6 checks)
[ok] 1/6 resolution：bundled — /home/runner/work/sokonanoda-lang/sokonanoda-lang/editor/vscode/bin/linux-x64/sokonanoda-lsp (source=bundled)
[ok] 2/6 server-version：0.65.5 (pid 3049) == 扩展 v0.65.5 (source=bundled)
[ok] 3/6 host-version：运行宿主 v0.65.5
[ok] 4/6 ignored-override：没有被忽略的 serverPath/env 覆盖
[info] 5/6 download-cache：无下载缓存（仅影响 CLI/universal 兜底，不影响内置服务器）
[info] 6/6 obsolete-versions：检测到 0 个扩展版本快照、0 个 .obsolete 条目；完整重启 VS Code 会自动清理

## 用例
    ✔ .sokonanoda files get the sokonanoda language id (91ms)
    ✔ confusable-character highlight is off for sokonanoda files
    ✔ #check results appear as inlay hints (233ms)
    ✔ clean lesson publishes empty diagnostics (140ms)
    ✔ kernel-rejected declaration carries the kernel-rejected code (99ms)
    ✔ open exercise carries a sorry warning, not an error (83ms)
    ✔ a declaration named Prop warns, not errors (65ms)
    ✔ open exercise shows a hover on the hole (99ms)
    ✔ notation input: the rewriter produces ∧ and hover teaches \and (185ms)
    ✔ restart server command re-syncs open documents (141ms)
    ✔ infoview command is registered and revealable (196ms)
    ✔ the project tree shows the real closure of an imported module (329ms)
    ✔ the project tree names the file a single-file document is (147ms)
    ✔ the project tree marks a broken import as the root cause (152ms)
    ✔ build / rebuild commands warm the compile cache through the CLI (138ms)
    ✔ doctor command returns a read-only source + version report (80ms)
    ✔ declarations panel lists a project unit's declarations (672ms)
    ✔ next hole jumps inside a project unit
    ✔ warmCacheOnOpen pre-builds the workspace at activation
    ✔ reopening a project unit hits the compile cache (256ms)
    ✔ rewriting an unchanged project unit does not recompile (1562ms)
    ✔ editing a dependency refreshes the open unit once (1526ms)
    ✔ goal text uses the file's notation (747ms)
    ✔ go to definition on a notation symbol lands on its declaration (124ms)
    ✔ hover on a notation symbol shows the target's signature (132ms)

## 扩展接线日志（SOKO_E2E_LOG）
2026-09-24T12:01:08.439Z server command: /home/runner/work/sokonanoda-lang/sokonanoda-lang/editor/vscode/bin/linux-x64/sokonanoda-lsp (source=bundled)
2026-09-24T12:01:08.440Z client state: starting
2026-09-24T12:01:08.456Z client state: running
2026-09-24T12:01:08.463Z loadProject: no active .sokonanoda document
2026-09-24T12:01:08.728Z active document changed: file:///tmp/sokonanoda-vscode-test-oIoAxV/check.sokonanoda
2026-09-24T12:01:08.759Z soko/project ok: project=null reason=no-imports
2026-09-24T12:01:08.898Z active document changed: (none)
2026-09-24T12:01:08.898Z loadProject: no active .sokonanoda document
2026-09-24T12:01:08.910Z loadProject: no active .sokonanoda document
2026-09-24T12:01:08.944Z active document changed: file:///tmp/sokonanoda-vscode-test-oIoAxV/lesson-clean.sokonanoda
2026-09-24T12:01:08.953Z soko/project ok: project=null reason=no-imports
2026-09-24T12:01:09.064Z active document changed: (none)
2026-09-24T12:01:09.064Z loadProject: no active .sokonanoda document
2026-09-24T12:01:09.154Z loadProject: no active .sokonanoda document
2026-09-24T12:01:09.156Z active document changed: file:///tmp/sokonanoda-vscode-test-oIoAxV/kernel-bad.sokonanoda
2026-09-24T12:01:09.167Z soko/project ok: project=null reason=no-imports
2026-09-24T12:01:09.222Z active document changed: (none)
2026-09-24T12:01:09.222Z loadProject: no active .sokonanoda document
2026-09-24T12:01:09.302Z active document changed: file:///tmp/sokonanoda-vscode-test-oIoAxV/exercise.sokonanoda
2026-09-24T12:01:09.312Z soko/project ok: project=null reason=no-imports
2026-09-24T12:01:09.355Z active document changed: (none)
2026-09-24T12:01:09.355Z loadProject: no active .sokonanoda document
2026-09-24T12:01:09.414Z active document changed: file:///tmp/sokonanoda-vscode-test-oIoAxV/reserved.sokonanoda
2026-09-24T12:01:09.424Z soko/project ok: project=null reason=no-imports
2026-09-24T12:01:09.460Z active document changed: (none)
2026-09-24T12:01:09.460Z loadProject: no active .sokonanoda document
2026-09-24T12:01:09.514Z active document changed: file:///tmp/sokonanoda-vscode-test-oIoAxV/exercise-hover.sokonanoda
2026-09-24T12:01:09.525Z soko/project ok: project=null reason=no-imports
2026-09-24T12:01:09.593Z active document changed: (none)
2026-09-24T12:01:09.593Z loadProject: no active .sokonanoda document
2026-09-24T12:01:09.642Z active document changed: file:///tmp/sokonanoda-vscode-test-oIoAxV/notation-input.sokonanoda
2026-09-24T12:01:09.655Z soko/project ok: project=null reason=no-imports
2026-09-24T12:01:09.714Z soko/project ok: project=null reason=no-imports
2026-09-24T12:01:09.822Z active document changed: (none)
2026-09-24T12:01:09.822Z loadProject: no active .sokonanoda document
2026-09-24T12:01:09.876Z loadProject: no active .sokonanoda document
2026-09-24T12:01:09.889Z active document changed: file:///tmp/sokonanoda-vscode-test-oIoAxV/restart.sokonanoda
2026-09-24T12:01:09.902Z soko/project ok: project=null reason=no-imports
2026-09-24T12:01:09.907Z client state: stopped
2026-09-24T12:01:09.912Z client state: starting
2026-09-24T12:01:09.957Z client state: running
2026-09-24T12:01:10.020Z active document changed: (none)
2026-09-24T12:01:10.020Z loadProject: no active .sokonanoda document
2026-09-24T12:01:10.163Z loadProject: no active .sokonanoda document
2026-09-24T12:01:10.336Z active document changed: file:///tmp/sokonanoda-vscode-test-oIoAxV/proj-ok/Main.sokonanoda
2026-09-24T12:01:10.370Z soko/project ok: project=null reason=no-imports
2026-09-24T12:01:10.373Z soko/project ok: project=Main (2 modules) reason=null
2026-09-24T12:01:10.469Z soko/project ok: project=Main (2 modules) reason=null
2026-09-24T12:01:10.571Z active document changed: (none)
2026-09-24T12:01:10.571Z loadProject: no active .sokonanoda document
2026-09-24T12:01:10.572Z loadProject: no active .sokonanoda document
2026-09-24T12:01:10.610Z active document changed: file:///tmp/sokonanoda-vscode-test-oIoAxV/single.sokonanoda
2026-09-24T12:01:10.624Z soko/project ok: project=null reason=no-imports
2026-09-24T12:01:10.625Z soko/project ok: project=null reason=no-imports
2026-09-24T12:01:10.729Z active document changed: (none)
2026-09-24T12:01:10.729Z loadProject: no active .sokonanoda document
2026-09-24T12:01:10.772Z active document changed: file:///tmp/sokonanoda-vscode-test-oIoAxV/proj-broken/Main.sokonanoda
2026-09-24T12:01:10.789Z soko/project ok: project=Main (1 modules) reason=null
2026-09-24T12:01:10.792Z soko/project ok: project=Main (1 modules) reason=null
2026-09-24T12:01:10.795Z soko/project ok: project=Main (1 modules) reason=null
2026-09-24T12:01:10.892Z active document changed: (none)
2026-09-24T12:01:10.892Z loadProject: no active .sokonanoda document
2026-09-24T12:01:10.935Z active document changed: file:///tmp/sokonanoda-vscode-test-oIoAxV/build-smoke.sokonanoda
2026-09-24T12:01:10.960Z soko/project ok: project=null reason=no-imports
2026-09-24T12:01:10.961Z soko/project ok: project=null reason=no-imports
2026-09-24T12:01:11.008Z soko/project ok: project=null reason=no-imports
2026-09-24T12:01:11.036Z soko/project ok: project=null reason=no-imports
2026-09-24T12:01:11.069Z active document changed: (none)
2026-09-24T12:01:11.069Z loadProject: no active .sokonanoda document
2026-09-24T12:01:11.117Z loadProject: no active .sokonanoda document
2026-09-24T12:01:11.227Z active document changed: file:///home/runner/work/sokonanoda-lang/sokonanoda-lang/editor/vscode/src/test/fixtures/workspace/units/u01.sokonanoda
2026-09-24T12:01:11.262Z soko/project ok: project=null reason=no-imports
2026-09-24T12:01:11.525Z warmCacheOnOpen: exit=0
2026-09-24T12:01:11.796Z soko/project ok: project=units.u01 (2 modules) reason=null
2026-09-24T12:01:11.870Z active document changed: (none)
2026-09-24T12:01:11.870Z loadProject: no active .sokonanoda document
2026-09-24T12:01:11.889Z active document changed: file:///home/runner/work/sokonanoda-lang/sokonanoda-lang/editor/vscode/src/test/fixtures/workspace/units/u01.sokonanoda
2026-09-24T12:01:11.900Z soko/project ok: project=units.u01 (2 modules) reason=null
2026-09-24T12:01:12.042Z active document changed: (none)
2026-09-24T12:01:12.042Z loadProject: no active .sokonanoda document
2026-09-24T12:01:12.089Z active document changed: file:///home/runner/work/sokonanoda-lang/sokonanoda-lang/editor/vscode/src/test/fixtures/workspace/units/u02.sokonanoda
2026-09-24T12:01:12.143Z soko/project ok: project=units.u02 (2 modules) reason=null
2026-09-24T12:01:12.154Z client state: stopped
2026-09-24T12:01:12.158Z client state: starting
2026-09-24T12:01:12.175Z client state: running
PERF e2e cache: cold=92ms warm=162ms
2026-09-24T12:01:12.332Z active document changed: (none)
2026-09-24T12:01:12.332Z loadProject: no active .sokonanoda document
2026-09-24T12:01:12.377Z active document changed: file:///home/runner/work/sokonanoda-lang/sokonanoda-lang/editor/vscode/src/test/fixtures/workspace/units/u01.sokonanoda
2026-09-24T12:01:12.389Z soko/project ok: project=units.u01 (2 modules) reason=null
2026-09-24T12:01:12.468Z soko/project ok: project=units.u01 (2 modules) reason=null
2026-09-24T12:01:12.983Z soko/project ok: project=units.u01 (2 modules) reason=null
2026-09-24T12:01:13.902Z active document changed: (none)
2026-09-24T12:01:13.902Z loadProject: no active .sokonanoda document
2026-09-24T12:01:13.919Z active document changed: file:///home/runner/work/sokonanoda-lang/sokonanoda-lang/editor/vscode/src/test/fixtures/workspace/units/u01.sokonanoda
2026-09-24T12:01:13.932Z soko/project ok: project=units.u01 (2 modules) reason=null
2026-09-24T12:01:15.424Z soko/project ok: project=units.u01 (2 modules) reason=null
PERF e2e fanout: entry diagnostics publishes=1
2026-09-24T12:01:15.444Z active document changed: (none)
2026-09-24T12:01:15.444Z loadProject: no active .sokonanoda document
2026-09-24T12:01:15.484Z active document changed: file:///home/runner/work/sokonanoda-lang/sokonanoda-lang/editor/vscode/src/test/fixtures/workspace/units/u01.sokonanoda
2026-09-24T12:01:15.501Z soko/project ok: project=units.u01 (2 modules) reason=null
2026-09-24T12:01:16.116Z soko/project ok: project=units.u01 (2 modules) reason=null
2026-09-24T12:01:16.205Z active document changed: (none)
2026-09-24T12:01:16.205Z loadProject: no active .sokonanoda document
2026-09-24T12:01:16.227Z active document changed: file:///home/runner/work/sokonanoda-lang/sokonanoda-lang/editor/vscode/src/test/fixtures/workspace/units/u01.sokonanoda
2026-09-24T12:01:16.243Z soko/project ok: project=units.u01 (2 modules) reason=null
2026-09-24T12:01:16.343Z active document changed: (none)
2026-09-24T12:01:16.344Z loadProject: no active .sokonanoda document
2026-09-24T12:01:16.377Z active document changed: file:///home/runner/work/sokonanoda-lang/sokonanoda-lang/editor/vscode/src/test/fixtures/workspace/units/u01.sokonanoda
2026-09-24T12:01:16.395Z soko/project ok: project=units.u01 (2 modules) reason=null
2026-09-24T12:01:16.492Z active document changed: (none)
2026-09-24T12:01:16.493Z loadProject: no active .sokonanoda document
2026-09-24T12:01:16.555Z client state: stopped
