# scripts/vscode-e2e.sh — VS Code 1.106.0 · extension v0.78.0 · 070a363da9c259e1c4862b2fd7a9ab798a5bbf07
# 结果：35 passing / 0 failing / 0 pending（exit=0）

## doctor（服务器解析与版本自述）
--- doctor ---
sokonanoda doctor — 扩展 v0.78.0 (6 checks)
[ok] 1/6 resolution：bundled — /home/runner/work/sokonanoda-lang/sokonanoda-lang/editor/vscode/bin/linux-x64/sokonanoda-lsp (source=bundled)
[ok] 2/6 server-version：0.78.0 (pid 3083) == 扩展 v0.78.0 (source=bundled)
[ok] 3/6 host-version：运行宿主 v0.78.0
[ok] 4/6 ignored-override：没有被忽略的 serverPath/env 覆盖
[info] 5/6 download-cache：无下载缓存（仅影响 CLI/universal 兜底，不影响内置服务器）
[info] 6/6 obsolete-versions：检测到 0 个扩展版本快照、0 个 .obsolete 条目；完整重启 VS Code 会自动清理

## 用例
    ✔ .sokonanoda files get the sokonanoda language id (150ms)
    ✔ confusable-character highlight is off for sokonanoda files
    ✔ #check results appear as inlay hints (264ms)
    ✔ clean lesson publishes empty diagnostics (163ms)
    ✔ kernel-rejected declaration carries the kernel-rejected code (73ms)
    ✔ open exercise carries a sorry warning, not an error (82ms)
    ✔ a declaration named Prop warns, not errors (60ms)
    ✔ open exercise shows a hover on the hole (300ms)
    ✔ hover 的类型文本折成记法（T-U12 面 #3，e2e 那一份） (377ms)
    ✔ notation input: the rewriter produces ∧ and hover teaches \and (320ms)
    ✔ restart server command re-syncs open documents (290ms)
    ✔ infoview command is registered and revealable (212ms)
    ✔ the project tree shows the real closure of an imported module (479ms)
    ✔ the project tree names the file a single-file document is (186ms)
    ✔ the project tree marks a broken import as the root cause (163ms)
    ✔ build / rebuild commands warm the compile cache through the CLI (5369ms)
    ✔ Clean Cache empties the project store and does not compile (E31) (4161ms)
    ✔ the Infoview receives the project view (E30) (43ms)
    ✔ Infoview 'definition' lands exactly where the editor F12 lands (E27) (129ms)
    ✔ doctor command returns a read-only source + version report
    ✔ declarations panel lists a project unit's declarations
    ✔ open declaration ships coloured goal runs to the Infoview
    ✔ next hole jumps inside a project unit
    ✔ warmCacheOnOpen pre-builds the workspace at activation
    ✔ reopening a project unit hits the compile cache (5505ms)
    ✔ rewriting an unchanged project unit does not recompile (1947ms)
    ✔ editing a dependency refreshes the open unit once (5958ms)
    ✔ goal text uses the file's notation (740ms)
    ✔ goal text folds a binder notation whose type contains a lambda (336ms)
    ✔ Infoview 的 `⊢` 用记法箭头 `→`，且 runs 与 text 同源 (348ms)
    ✔ Infoview 里集合字面量显示成 `{a}`（不是 `Set.singleton α a`） (350ms)
    ✔ go to definition on a `{a}` set literal lands on `Set.singleton` (118ms)
    ✔ go to definition on a prelude name lands in the prelude source (123ms)
    ✔ go to definition on a notation symbol lands on its declaration (153ms)
    ✔ hover on a notation symbol shows the target's signature (258ms)

## 扩展接线日志（SOKO_E2E_LOG）
2026-09-28T09:36:11.249Z server command: /home/runner/work/sokonanoda-lang/sokonanoda-lang/editor/vscode/bin/linux-x64/sokonanoda-lsp (source=bundled)
2026-09-28T09:36:11.251Z client state: starting
2026-09-28T09:36:11.272Z client state: running
2026-09-28T09:36:11.281Z loadProject: no active .sokonanoda document
2026-09-28T09:36:11.622Z active document changed: file:///tmp/sokonanoda-vscode-test-KOAUdL/check.sokonanoda
2026-09-28T09:36:11.633Z soko/project ok: project=null reason=no-imports
2026-09-28T09:36:11.804Z active document changed: (none)
2026-09-28T09:36:11.804Z loadProject: no active .sokonanoda document
2026-09-28T09:36:11.813Z loadProject: no active .sokonanoda document
2026-09-28T09:36:11.864Z active document changed: file:///tmp/sokonanoda-vscode-test-KOAUdL/lesson-clean.sokonanoda
2026-09-28T09:36:11.898Z soko/project ok: project=null reason=no-imports
2026-09-28T09:36:11.979Z active document changed: (none)
2026-09-28T09:36:11.979Z loadProject: no active .sokonanoda document
2026-09-28T09:36:12.033Z active document changed: file:///tmp/sokonanoda-vscode-test-KOAUdL/kernel-bad.sokonanoda
2026-09-28T09:36:12.052Z soko/project ok: project=null reason=no-imports
2026-09-28T09:36:12.097Z soko/project ok: project=null reason=no-imports
2026-09-28T09:36:12.125Z active document changed: (none)
2026-09-28T09:36:12.125Z loadProject: no active .sokonanoda document
2026-09-28T09:36:12.192Z active document changed: file:///tmp/sokonanoda-vscode-test-KOAUdL/exercise.sokonanoda
2026-09-28T09:36:12.209Z soko/project ok: project=null reason=no-imports
2026-09-28T09:36:12.272Z active document changed: (none)
2026-09-28T09:36:12.272Z loadProject: no active .sokonanoda document
2026-09-28T09:36:12.323Z active document changed: file:///tmp/sokonanoda-vscode-test-KOAUdL/reserved.sokonanoda
2026-09-28T09:36:12.338Z soko/project ok: project=null reason=no-imports
2026-09-28T09:36:12.397Z active document changed: (none)
2026-09-28T09:36:12.397Z loadProject: no active .sokonanoda document
2026-09-28T09:36:12.496Z active document changed: file:///tmp/sokonanoda-vscode-test-KOAUdL/exercise-hover.sokonanoda
2026-09-28T09:36:12.541Z soko/project ok: project=null reason=no-imports
2026-09-28T09:36:12.743Z active document changed: (none)
2026-09-28T09:36:12.743Z loadProject: no active .sokonanoda document
2026-09-28T09:36:12.745Z soko/project answer for another document: file:///tmp/sokonanoda-vscode-test-KOAUdL/exercise-hover.sokonanoda
2026-09-28T09:36:12.842Z active document changed: file:///home/runner/work/sokonanoda-lang/sokonanoda-lang/editor/vscode/src/test/fixtures/workspace/units/u01.sokonanoda
2026-09-28T09:36:12.866Z soko/project ok: project=units.u01 (2 modules) reason=null
2026-09-28T09:36:13.064Z soko/project ok: project=units.u01 (2 modules) reason=null
2026-09-28T09:36:13.182Z active document changed: (none)
2026-09-28T09:36:13.183Z loadProject: no active .sokonanoda document
2026-09-28T09:36:13.363Z active document changed: file:///tmp/sokonanoda-vscode-test-KOAUdL/notation-input.sokonanoda
2026-09-28T09:36:13.390Z soko/project ok: project=null reason=no-imports
2026-09-28T09:36:13.575Z active document changed: (none)
2026-09-28T09:36:13.575Z loadProject: no active .sokonanoda document
2026-09-28T09:36:13.586Z loadProject: no active .sokonanoda document
2026-09-28T09:36:13.666Z active document changed: file:///tmp/sokonanoda-vscode-test-KOAUdL/restart.sokonanoda
2026-09-28T09:36:13.689Z soko/project ok: project=null reason=no-imports
2026-09-28T09:36:13.690Z client state: stopped
2026-09-28T09:36:13.699Z client state: starting
2026-09-28T09:36:13.745Z client state: running
2026-09-28T09:36:13.889Z active document changed: (none)
2026-09-28T09:36:13.889Z loadProject: no active .sokonanoda document
2026-09-28T09:36:13.970Z loadProject: no active .sokonanoda document
2026-09-28T09:36:14.282Z active document changed: file:///tmp/sokonanoda-vscode-test-KOAUdL/proj-ok/Main.sokonanoda
2026-09-28T09:36:14.309Z soko/project ok: project=Main (2 modules) reason=null
2026-09-28T09:36:14.312Z soko/project ok: project=Main (2 modules) reason=null
2026-09-28T09:36:14.409Z soko/project ok: project=Main (2 modules) reason=null
2026-09-28T09:36:14.508Z soko/project ok: project=Main (2 modules) reason=null
2026-09-28T09:36:14.616Z active document changed: (none)
2026-09-28T09:36:14.616Z loadProject: no active .sokonanoda document
2026-09-28T09:36:14.680Z active document changed: file:///tmp/sokonanoda-vscode-test-KOAUdL/single.sokonanoda
2026-09-28T09:36:14.702Z soko/project ok: project=null reason=no-imports
2026-09-28T09:36:14.714Z soko/project ok: project=null reason=no-imports
2026-09-28T09:36:14.817Z active document changed: (none)
2026-09-28T09:36:14.817Z loadProject: no active .sokonanoda document
2026-09-28T09:36:14.867Z loadProject: no active .sokonanoda document
2026-09-28T09:36:14.868Z active document changed: file:///tmp/sokonanoda-vscode-test-KOAUdL/proj-broken/Main.sokonanoda
2026-09-28T09:36:14.885Z soko/project ok: project=Main (1 modules) reason=null
2026-09-28T09:36:14.893Z soko/project ok: project=Main (1 modules) reason=null
2026-09-28T09:36:15.000Z active document changed: (none)
2026-09-28T09:36:15.000Z loadProject: no active .sokonanoda document
2026-09-28T09:36:15.038Z active document changed: file:///home/runner/work/sokonanoda-lang/sokonanoda-lang/editor/vscode/src/test/fixtures/workspace/units/u01.sokonanoda
2026-09-28T09:36:15.046Z soko/project ok: project=units.u01 (2 modules) reason=null
2026-09-28T09:36:15.058Z soko/project ok: project=units.u01 (2 modules) reason=null
2026-09-28T09:36:15.749Z warmCacheOnOpen: exit=0
2026-09-28T09:36:17.776Z soko/project ok: project=units.u01 (2 modules) reason=null
2026-09-28T09:36:20.372Z soko/project ok: project=units.u01 (2 modules) reason=null
2026-09-28T09:36:20.393Z active document changed: (none)
2026-09-28T09:36:20.393Z loadProject: no active .sokonanoda document
2026-09-28T09:36:20.428Z active document changed: file:///home/runner/work/sokonanoda-lang/sokonanoda-lang/editor/vscode/src/test/fixtures/workspace/units/u01.sokonanoda
2026-09-28T09:36:20.433Z soko/project ok: project=units.u01 (2 modules) reason=null
2026-09-28T09:36:20.473Z soko/project ok: project=units.u01 (2 modules) reason=null
2026-09-28T09:36:20.483Z soko/project ok: project=units.u01 (2 modules) reason=null
2026-09-28T09:36:24.560Z soko/project ok: project=units.u01 (2 modules) reason=null
2026-09-28T09:36:24.579Z active document changed: (none)
2026-09-28T09:36:24.579Z loadProject: no active .sokonanoda document
2026-09-28T09:36:24.615Z active document changed: file:///home/runner/work/sokonanoda-lang/sokonanoda-lang/editor/vscode/src/test/fixtures/workspace/units/u01.sokonanoda
2026-09-28T09:36:24.619Z soko/project ok: project=units.u01 (2 modules) reason=null
2026-09-28T09:36:24.694Z active document changed: (none)
2026-09-28T09:36:24.695Z loadProject: no active .sokonanoda document
2026-09-28T09:36:24.723Z active document changed: file:///home/runner/work/sokonanoda-lang/sokonanoda-lang/editor/vscode/src/test/fixtures/workspace/units/u01.sokonanoda
2026-09-28T09:36:24.726Z soko/project ok: project=units.u01 (2 modules) reason=null
2026-09-28T09:36:24.810Z active document changed: (none)
2026-09-28T09:36:24.810Z loadProject: no active .sokonanoda document
2026-09-28T09:36:24.819Z active document changed: file:///home/runner/work/sokonanoda-lang/sokonanoda-lang/editor/vscode/src/test/fixtures/workspace/lib/Set.sokonanoda
2026-09-28T09:36:24.822Z soko/project ok: project=null reason=no-imports
2026-09-28T09:36:24.875Z active document changed: (none)
2026-09-28T09:36:24.875Z loadProject: no active .sokonanoda document
2026-09-28T09:36:24.927Z active document changed: file:///home/runner/work/sokonanoda-lang/sokonanoda-lang/editor/vscode/src/test/fixtures/workspace/units/u01.sokonanoda
2026-09-28T09:36:24.930Z soko/project ok: project=units.u01 (2 modules) reason=null
2026-09-28T09:36:25.009Z active document changed: (none)
2026-09-28T09:36:25.009Z loadProject: no active .sokonanoda document
2026-09-28T09:36:25.010Z soko/project answer for another document: file:///home/runner/work/sokonanoda-lang/sokonanoda-lang/editor/vscode/src/test/fixtures/workspace/units/u01.sokonanoda
2026-09-28T09:36:25.035Z active document changed: file:///home/runner/work/sokonanoda-lang/sokonanoda-lang/editor/vscode/src/test/fixtures/workspace/units/u01.sokonanoda
2026-09-28T09:36:25.038Z soko/project ok: project=units.u01 (2 modules) reason=null
2026-09-28T09:36:25.101Z active document changed: (none)
2026-09-28T09:36:25.101Z loadProject: no active .sokonanoda document
2026-09-28T09:36:25.123Z active document changed: file:///home/runner/work/sokonanoda-lang/sokonanoda-lang/editor/vscode/src/test/fixtures/workspace/units/u01.sokonanoda
2026-09-28T09:36:25.126Z soko/project ok: project=units.u01 (2 modules) reason=null
2026-09-28T09:36:25.191Z active document changed: (none)
2026-09-28T09:36:25.191Z loadProject: no active .sokonanoda document
2026-09-28T09:36:25.222Z active document changed: file:///home/runner/work/sokonanoda-lang/sokonanoda-lang/editor/vscode/src/test/fixtures/workspace/units/u02-cold-open.sokonanoda
2026-09-28T09:36:25.224Z soko/project ok: project=null reason=no-imports
2026-09-28T09:36:30.598Z client state: stopped
2026-09-28T09:36:30.601Z client state: starting
2026-09-28T09:36:30.620Z client state: running
PERF e2e cache: cold=5390ms warm=113ms
2026-09-28T09:36:30.741Z active document changed: (none)
2026-09-28T09:36:30.741Z loadProject: no active .sokonanoda document
2026-09-28T09:36:30.776Z active document changed: file:///home/runner/work/sokonanoda-lang/sokonanoda-lang/editor/vscode/src/test/fixtures/workspace/units/u01.sokonanoda
2026-09-28T09:36:30.781Z soko/project ok: project=units.u01 (2 modules) reason=null
2026-09-28T09:36:30.917Z soko/project ok: project=units.u01 (2 modules) reason=null
2026-09-28T09:36:31.320Z soko/project ok: project=units.u01 (2 modules) reason=null
2026-09-28T09:36:31.776Z soko/project ok: project=units.u01 (2 modules) reason=null
2026-09-28T09:36:32.697Z active document changed: (none)
2026-09-28T09:36:32.697Z loadProject: no active .sokonanoda document
2026-09-28T09:36:32.721Z active document changed: file:///home/runner/work/sokonanoda-lang/sokonanoda-lang/editor/vscode/src/test/fixtures/workspace/units/u01.sokonanoda
2026-09-28T09:36:32.724Z soko/project ok: project=units.u01 (2 modules) reason=null
2026-09-28T09:36:33.487Z soko/project ok: project=units.u01 (2 modules) reason=null
2026-09-28T09:36:34.278Z soko/project ok: project=units.u01 (2 modules) reason=null
PERF e2e fanout: entry diagnostics signature=152 字节 · 稳定 ✓
2026-09-28T09:36:38.666Z active document changed: (none)
2026-09-28T09:36:38.666Z loadProject: no active .sokonanoda document
2026-09-28T09:36:38.693Z active document changed: file:///home/runner/work/sokonanoda-lang/sokonanoda-lang/editor/vscode/src/test/fixtures/workspace/units/u01.sokonanoda
2026-09-28T09:36:38.701Z soko/project ok: project=units.u01 (2 modules) reason=null
2026-09-28T09:36:39.319Z soko/project ok: project=units.u01 (2 modules) reason=null
2026-09-28T09:36:39.419Z active document changed: (none)
2026-09-28T09:36:39.419Z loadProject: no active .sokonanoda document
2026-09-28T09:36:39.441Z active document changed: file:///home/runner/work/sokonanoda-lang/sokonanoda-lang/editor/vscode/src/test/fixtures/workspace/units/u01.sokonanoda
2026-09-28T09:36:39.449Z soko/project ok: project=units.u01 (2 modules) reason=null
2026-09-28T09:36:39.777Z active document changed: (none)
2026-09-28T09:36:39.777Z loadProject: no active .sokonanoda document
2026-09-28T09:36:39.817Z active document changed: file:///home/runner/work/sokonanoda-lang/sokonanoda-lang/editor/vscode/src/test/fixtures/workspace/units/u01.sokonanoda
2026-09-28T09:36:39.821Z soko/project ok: project=units.u01 (2 modules) reason=null
2026-09-28T09:36:40.154Z active document changed: (none)
2026-09-28T09:36:40.154Z loadProject: no active .sokonanoda document
2026-09-28T09:36:40.187Z active document changed: file:///home/runner/work/sokonanoda-lang/sokonanoda-lang/editor/vscode/src/test/fixtures/workspace/units/u01.sokonanoda
2026-09-28T09:36:40.194Z soko/project ok: project=units.u01 (2 modules) reason=null
2026-09-28T09:36:40.514Z active document changed: (none)
2026-09-28T09:36:40.514Z loadProject: no active .sokonanoda document
2026-09-28T09:36:40.541Z active document changed: file:///home/runner/work/sokonanoda-lang/sokonanoda-lang/editor/vscode/src/test/fixtures/workspace/units/u01.sokonanoda
2026-09-28T09:36:40.544Z soko/project ok: project=units.u01 (2 modules) reason=null
2026-09-28T09:36:40.644Z active document changed: (none)
2026-09-28T09:36:40.644Z loadProject: no active .sokonanoda document
2026-09-28T09:36:40.680Z active document changed: file:///home/runner/work/sokonanoda-lang/sokonanoda-lang/editor/vscode/src/test/fixtures/workspace/units/u01.sokonanoda
2026-09-28T09:36:40.684Z soko/project ok: project=units.u01 (2 modules) reason=null
2026-09-28T09:36:40.784Z active document changed: (none)
2026-09-28T09:36:40.784Z loadProject: no active .sokonanoda document
2026-09-28T09:36:40.823Z active document changed: file:///home/runner/work/sokonanoda-lang/sokonanoda-lang/editor/vscode/src/test/fixtures/workspace/units/u01.sokonanoda
2026-09-28T09:36:40.826Z soko/project ok: project=units.u01 (2 modules) reason=null
2026-09-28T09:36:40.964Z active document changed: (none)
2026-09-28T09:36:40.965Z loadProject: no active .sokonanoda document
2026-09-28T09:36:41.021Z active document changed: file:///home/runner/work/sokonanoda-lang/sokonanoda-lang/editor/vscode/src/test/fixtures/workspace/units/u01.sokonanoda
2026-09-28T09:36:41.029Z soko/project ok: project=units.u01 (2 modules) reason=null
2026-09-28T09:36:41.255Z active document changed: (none)
2026-09-28T09:36:41.255Z loadProject: no active .sokonanoda document
2026-09-28T09:36:41.334Z client state: stopped
