# scripts/vscode-e2e.sh — VS Code 1.106.0 · extension v0.65.2 · eef83f30bfb57dcb20595170e54158f9b3daff22
# 结果：25 passing / 0 failing / 0 pending（exit=0）

## doctor（服务器解析与版本自述）
--- doctor ---
sokonanoda doctor — 扩展 v0.65.2 (6 checks)
[ok] 1/6 resolution：bundled — /home/runner/work/sokonanoda-lang/sokonanoda-lang/editor/vscode/bin/linux-x64/sokonanoda-lsp (source=bundled)
[ok] 2/6 server-version：0.65.2 (pid 3060) == 扩展 v0.65.2 (source=bundled)
[ok] 3/6 host-version：运行宿主 v0.65.2
[ok] 4/6 ignored-override：没有被忽略的 serverPath/env 覆盖
[info] 5/6 download-cache：无下载缓存（仅影响 CLI/universal 兜底，不影响内置服务器）
[info] 6/6 obsolete-versions：检测到 0 个扩展版本快照、0 个 .obsolete 条目；完整重启 VS Code 会自动清理

## 用例
    ✔ .sokonanoda files get the sokonanoda language id (130ms)
    ✔ confusable-character highlight is off for sokonanoda files
    ✔ #check results appear as inlay hints (205ms)
    ✔ clean lesson publishes empty diagnostics (132ms)
    ✔ kernel-rejected declaration carries the kernel-rejected code (51ms)
    ✔ open exercise carries a sorry warning, not an error (99ms)
    ✔ a declaration named Prop warns, not errors (74ms)
    ✔ open exercise shows a hover on the hole (108ms)
    ✔ notation input: the rewriter produces ∧ and hover teaches \and (163ms)
    ✔ restart server command re-syncs open documents (125ms)
    ✔ infoview command is registered and revealable (107ms)
    ✔ the project tree shows the real closure of an imported module (200ms)
    ✔ the project tree names the file a single-file document is (157ms)
    ✔ the project tree marks a broken import as the root cause (138ms)
    ✔ build / rebuild commands warm the compile cache through the CLI (109ms)
    ✔ doctor command returns a read-only source + version report (48ms)
    ✔ declarations panel lists a project unit's declarations (578ms)
    ✔ next hole jumps inside a project unit
    ✔ warmCacheOnOpen pre-builds the workspace at activation
    ✔ reopening a project unit hits the compile cache (4295ms)
    ✔ rewriting an unchanged project unit does not recompile (1544ms)
    ✔ editing a dependency refreshes the open unit once (1531ms)
    ✔ goal text uses the file's notation (738ms)
    ✔ go to definition on a notation symbol lands on its declaration (98ms)
    ✔ hover on a notation symbol shows the target's signature (98ms)

## 扩展接线日志（SOKO_E2E_LOG）
2026-09-23T18:17:26.930Z server command: /home/runner/work/sokonanoda-lang/sokonanoda-lang/editor/vscode/bin/linux-x64/sokonanoda-lsp (source=bundled)
2026-09-23T18:17:26.932Z client state: starting
2026-09-23T18:17:26.950Z client state: running
2026-09-23T18:17:26.958Z loadProject: no active .sokonanoda document
2026-09-23T18:17:27.198Z warmCacheOnOpen: exit=0
2026-09-23T18:17:27.239Z active document changed: file:///tmp/sokonanoda-vscode-test-RAZM64/check.sokonanoda
2026-09-23T18:17:27.256Z soko/project ok: project=null reason=no-imports
2026-09-23T18:17:27.387Z active document changed: (none)
2026-09-23T18:17:27.387Z loadProject: no active .sokonanoda document
2026-09-23T18:17:27.426Z loadProject: no active .sokonanoda document
2026-09-23T18:17:27.432Z active document changed: file:///tmp/sokonanoda-vscode-test-RAZM64/lesson-clean.sokonanoda
2026-09-23T18:17:27.448Z soko/project ok: project=null reason=no-imports
2026-09-23T18:17:27.534Z active document changed: (none)
2026-09-23T18:17:27.534Z loadProject: no active .sokonanoda document
2026-09-23T18:17:27.579Z active document changed: file:///tmp/sokonanoda-vscode-test-RAZM64/kernel-bad.sokonanoda
2026-09-23T18:17:27.591Z soko/project ok: project=null reason=no-imports
2026-09-23T18:17:27.628Z soko/project ok: project=null reason=no-imports
2026-09-23T18:17:27.655Z active document changed: (none)
2026-09-23T18:17:27.655Z loadProject: no active .sokonanoda document
2026-09-23T18:17:27.747Z active document changed: file:///tmp/sokonanoda-vscode-test-RAZM64/exercise.sokonanoda
2026-09-23T18:17:27.763Z soko/project ok: project=null reason=no-imports
2026-09-23T18:17:27.829Z active document changed: (none)
2026-09-23T18:17:27.829Z loadProject: no active .sokonanoda document
2026-09-23T18:17:27.900Z active document changed: file:///tmp/sokonanoda-vscode-test-RAZM64/reserved.sokonanoda
2026-09-23T18:17:27.911Z soko/project ok: project=null reason=no-imports
2026-09-23T18:17:27.921Z soko/project ok: project=null reason=no-imports
2026-09-23T18:17:27.953Z active document changed: (none)
2026-09-23T18:17:27.953Z loadProject: no active .sokonanoda document
2026-09-23T18:17:27.996Z active document changed: file:///tmp/sokonanoda-vscode-test-RAZM64/exercise-hover.sokonanoda
2026-09-23T18:17:28.006Z soko/project ok: project=null reason=no-imports
2026-09-23T18:17:28.086Z active document changed: (none)
2026-09-23T18:17:28.086Z loadProject: no active .sokonanoda document
2026-09-23T18:17:28.136Z active document changed: file:///tmp/sokonanoda-vscode-test-RAZM64/notation-input.sokonanoda
2026-09-23T18:17:28.150Z soko/project ok: project=null reason=no-imports
2026-09-23T18:17:28.184Z soko/project ok: project=null reason=no-imports
2026-09-23T18:17:28.301Z active document changed: (none)
2026-09-23T18:17:28.301Z loadProject: no active .sokonanoda document
2026-09-23T18:17:28.355Z active document changed: file:///tmp/sokonanoda-vscode-test-RAZM64/restart.sokonanoda
2026-09-23T18:17:28.368Z soko/project ok: project=null reason=no-imports
2026-09-23T18:17:28.368Z soko/project ok: project=null reason=no-imports
2026-09-23T18:17:28.374Z client state: stopped
2026-09-23T18:17:28.379Z client state: starting
2026-09-23T18:17:28.416Z client state: running
2026-09-23T18:17:28.485Z active document changed: (none)
2026-09-23T18:17:28.485Z loadProject: no active .sokonanoda document
2026-09-23T18:17:28.627Z loadProject: no active .sokonanoda document
2026-09-23T18:17:28.672Z active document changed: file:///tmp/sokonanoda-vscode-test-RAZM64/proj-ok/Main.sokonanoda
2026-09-23T18:17:28.705Z soko/project ok: project=null reason=no-imports
2026-09-23T18:17:28.706Z soko/project ok: project=Main (2 modules) reason=null
2026-09-23T18:17:28.807Z active document changed: (none)
2026-09-23T18:17:28.807Z loadProject: no active .sokonanoda document
2026-09-23T18:17:28.853Z active document changed: file:///tmp/sokonanoda-vscode-test-RAZM64/single.sokonanoda
2026-09-23T18:17:28.865Z soko/project ok: project=null reason=no-imports
2026-09-23T18:17:28.869Z soko/project ok: project=null reason=no-imports
2026-09-23T18:17:28.972Z active document changed: (none)
2026-09-23T18:17:28.972Z loadProject: no active .sokonanoda document
2026-09-23T18:17:29.007Z active document changed: file:///tmp/sokonanoda-vscode-test-RAZM64/proj-broken/Main.sokonanoda
2026-09-23T18:17:29.018Z soko/project ok: project=Main (1 modules) reason=null
2026-09-23T18:17:29.019Z soko/project ok: project=Main (1 modules) reason=null
2026-09-23T18:17:29.045Z soko/project ok: project=Main (1 modules) reason=null
2026-09-23T18:17:29.123Z active document changed: (none)
2026-09-23T18:17:29.123Z loadProject: no active .sokonanoda document
2026-09-23T18:17:29.156Z active document changed: file:///tmp/sokonanoda-vscode-test-RAZM64/build-smoke.sokonanoda
2026-09-23T18:17:29.166Z soko/project ok: project=null reason=no-imports
2026-09-23T18:17:29.210Z soko/project ok: project=null reason=no-imports
2026-09-23T18:17:29.236Z soko/project ok: project=null reason=no-imports
2026-09-23T18:17:29.263Z active document changed: (none)
2026-09-23T18:17:29.263Z loadProject: no active .sokonanoda document
2026-09-23T18:17:29.350Z loadProject: no active .sokonanoda document
2026-09-23T18:17:29.387Z active document changed: file:///home/runner/work/sokonanoda-lang/sokonanoda-lang/editor/vscode/src/test/fixtures/workspace/units/u01.sokonanoda
2026-09-23T18:17:29.404Z soko/project ok: project=null reason=no-imports
2026-09-23T18:17:29.864Z soko/project ok: project=units.u01 (2 modules) reason=null
2026-09-23T18:17:29.917Z active document changed: (none)
2026-09-23T18:17:29.917Z loadProject: no active .sokonanoda document
2026-09-23T18:17:29.938Z active document changed: file:///home/runner/work/sokonanoda-lang/sokonanoda-lang/editor/vscode/src/test/fixtures/workspace/units/u01.sokonanoda
2026-09-23T18:17:29.949Z soko/project ok: project=units.u01 (2 modules) reason=null
2026-09-23T18:17:30.014Z active document changed: (none)
2026-09-23T18:17:30.015Z loadProject: no active .sokonanoda document
2026-09-23T18:17:30.050Z active document changed: file:///home/runner/work/sokonanoda-lang/sokonanoda-lang/editor/vscode/src/test/fixtures/workspace/units/u02.sokonanoda
2026-09-23T18:17:30.075Z soko/project ok: project=null reason=no-imports
2026-09-23T18:17:34.273Z client state: stopped
2026-09-23T18:17:34.275Z client state: starting
2026-09-23T18:17:34.286Z client state: running
PERF e2e cache: cold=4239ms warm=53ms entries=1
2026-09-23T18:17:34.363Z active document changed: (none)
2026-09-23T18:17:34.363Z loadProject: no active .sokonanoda document
2026-09-23T18:17:34.396Z active document changed: file:///home/runner/work/sokonanoda-lang/sokonanoda-lang/editor/vscode/src/test/fixtures/workspace/units/u01.sokonanoda
2026-09-23T18:17:34.406Z soko/project ok: project=units.u01 (2 modules) reason=null
2026-09-23T18:17:34.531Z soko/project ok: project=units.u01 (2 modules) reason=null
2026-09-23T18:17:34.992Z soko/project ok: project=units.u01 (2 modules) reason=null
2026-09-23T18:17:35.917Z active document changed: (none)
2026-09-23T18:17:35.917Z loadProject: no active .sokonanoda document
2026-09-23T18:17:35.938Z active document changed: file:///home/runner/work/sokonanoda-lang/sokonanoda-lang/editor/vscode/src/test/fixtures/workspace/units/u01.sokonanoda
2026-09-23T18:17:35.948Z soko/project ok: project=units.u01 (2 modules) reason=null
2026-09-23T18:17:36.957Z soko/project ok: project=units.u01 (2 modules) reason=null
PERF e2e fanout: entry diagnostics publishes=1
2026-09-23T18:17:37.457Z active document changed: (none)
2026-09-23T18:17:37.458Z loadProject: no active .sokonanoda document
2026-09-23T18:17:37.484Z active document changed: file:///home/runner/work/sokonanoda-lang/sokonanoda-lang/editor/vscode/src/test/fixtures/workspace/units/u01.sokonanoda
2026-09-23T18:17:37.495Z soko/project ok: project=units.u01 (2 modules) reason=null
2026-09-23T18:17:38.138Z soko/project ok: project=units.u01 (2 modules) reason=null
2026-09-23T18:17:38.205Z active document changed: (none)
2026-09-23T18:17:38.205Z loadProject: no active .sokonanoda document
2026-09-23T18:17:38.228Z active document changed: file:///home/runner/work/sokonanoda-lang/sokonanoda-lang/editor/vscode/src/test/fixtures/workspace/units/u01.sokonanoda
2026-09-23T18:17:38.240Z soko/project ok: project=units.u01 (2 modules) reason=null
2026-09-23T18:17:38.320Z active document changed: (none)
2026-09-23T18:17:38.320Z loadProject: no active .sokonanoda document
2026-09-23T18:17:38.348Z active document changed: file:///home/runner/work/sokonanoda-lang/sokonanoda-lang/editor/vscode/src/test/fixtures/workspace/units/u01.sokonanoda
2026-09-23T18:17:38.361Z soko/project ok: project=units.u01 (2 modules) reason=null
2026-09-23T18:17:38.430Z active document changed: (none)
2026-09-23T18:17:38.430Z loadProject: no active .sokonanoda document
2026-09-23T18:17:38.471Z client state: stopped
