# scripts/vscode-e2e.sh — VS Code 1.106.0 · extension v0.65.3 · ec68f64fa9ed58dd0ae05aeb3fa782a17c5e81c9
# 结果：25 passing / 0 failing / 0 pending（exit=0）

## doctor（服务器解析与版本自述）
--- doctor ---
sokonanoda doctor — 扩展 v0.65.3 (6 checks)
[ok] 1/6 resolution：bundled — /home/runner/work/sokonanoda-lang/sokonanoda-lang/editor/vscode/bin/linux-x64/sokonanoda-lsp (source=bundled)
[ok] 2/6 server-version：0.65.3 (pid 3116) == 扩展 v0.65.3 (source=bundled)
[ok] 3/6 host-version：运行宿主 v0.65.3
[ok] 4/6 ignored-override：没有被忽略的 serverPath/env 覆盖
[info] 5/6 download-cache：无下载缓存（仅影响 CLI/universal 兜底，不影响内置服务器）
[info] 6/6 obsolete-versions：检测到 0 个扩展版本快照、0 个 .obsolete 条目；完整重启 VS Code 会自动清理

## 用例
    ✔ .sokonanoda files get the sokonanoda language id (74ms)
    ✔ confusable-character highlight is off for sokonanoda files
    ✔ #check results appear as inlay hints (185ms)
    ✔ clean lesson publishes empty diagnostics (120ms)
    ✔ kernel-rejected declaration carries the kernel-rejected code (165ms)
    ✔ open exercise carries a sorry warning, not an error (39ms)
    ✔ a declaration named Prop warns, not errors (53ms)
    ✔ open exercise shows a hover on the hole (111ms)
    ✔ notation input: the rewriter produces ∧ and hover teaches \and (139ms)
    ✔ restart server command re-syncs open documents (99ms)
    ✔ infoview command is registered and revealable (122ms)
    ✔ the project tree shows the real closure of an imported module (198ms)
    ✔ the project tree names the file a single-file document is (140ms)
    ✔ the project tree marks a broken import as the root cause (137ms)
    ✔ build / rebuild commands warm the compile cache through the CLI (95ms)
    ✔ doctor command returns a read-only source + version report (46ms)
    ✔ declarations panel lists a project unit's declarations (554ms)
    ✔ next hole jumps inside a project unit (71ms)
    ✔ warmCacheOnOpen pre-builds the workspace at activation
    ✔ reopening a project unit hits the compile cache (3805ms)
    ✔ rewriting an unchanged project unit does not recompile (1549ms)
    ✔ editing a dependency refreshes the open unit once (1537ms)
    ✔ goal text uses the file's notation (749ms)
    ✔ go to definition on a notation symbol lands on its declaration (129ms)
    ✔ hover on a notation symbol shows the target's signature (120ms)

## 扩展接线日志（SOKO_E2E_LOG）
2026-09-24T00:51:35.683Z server command: /home/runner/work/sokonanoda-lang/sokonanoda-lang/editor/vscode/bin/linux-x64/sokonanoda-lsp (source=bundled)
2026-09-24T00:51:35.684Z client state: starting
2026-09-24T00:51:35.705Z client state: running
2026-09-24T00:51:35.714Z loadProject: no active .sokonanoda document
2026-09-24T00:51:35.920Z warmCacheOnOpen: exit=0
2026-09-24T00:51:35.975Z active document changed: file:///tmp/sokonanoda-vscode-test-TYMAOZ/check.sokonanoda
2026-09-24T00:51:35.989Z soko/project ok: project=null reason=no-imports
2026-09-24T00:51:36.093Z active document changed: (none)
2026-09-24T00:51:36.093Z loadProject: no active .sokonanoda document
2026-09-24T00:51:36.140Z active document changed: file:///tmp/sokonanoda-vscode-test-TYMAOZ/lesson-clean.sokonanoda
2026-09-24T00:51:36.150Z soko/project ok: project=null reason=no-imports
2026-09-24T00:51:36.163Z soko/project ok: project=null reason=no-imports
2026-09-24T00:51:36.233Z active document changed: (none)
2026-09-24T00:51:36.233Z loadProject: no active .sokonanoda document
2026-09-24T00:51:36.292Z active document changed: file:///tmp/sokonanoda-vscode-test-TYMAOZ/kernel-bad.sokonanoda
2026-09-24T00:51:36.303Z soko/project ok: project=null reason=no-imports
2026-09-24T00:51:36.338Z soko/project ok: project=null reason=no-imports
2026-09-24T00:51:36.422Z active document changed: (none)
2026-09-24T00:51:36.422Z loadProject: no active .sokonanoda document
2026-09-24T00:51:36.457Z active document changed: file:///tmp/sokonanoda-vscode-test-TYMAOZ/exercise.sokonanoda
2026-09-24T00:51:36.468Z soko/project ok: project=null reason=no-imports
2026-09-24T00:51:36.525Z active document changed: (none)
2026-09-24T00:51:36.525Z loadProject: no active .sokonanoda document
2026-09-24T00:51:36.571Z active document changed: file:///tmp/sokonanoda-vscode-test-TYMAOZ/reserved.sokonanoda
2026-09-24T00:51:36.580Z soko/project ok: project=null reason=no-imports
2026-09-24T00:51:36.627Z active document changed: (none)
2026-09-24T00:51:36.628Z loadProject: no active .sokonanoda document
2026-09-24T00:51:36.680Z active document changed: file:///tmp/sokonanoda-vscode-test-TYMAOZ/exercise-hover.sokonanoda
2026-09-24T00:51:36.688Z soko/project ok: project=null reason=no-imports
2026-09-24T00:51:36.748Z active document changed: (none)
2026-09-24T00:51:36.748Z loadProject: no active .sokonanoda document
2026-09-24T00:51:36.798Z active document changed: file:///tmp/sokonanoda-vscode-test-TYMAOZ/notation-input.sokonanoda
2026-09-24T00:51:36.808Z soko/project ok: project=null reason=no-imports
2026-09-24T00:51:36.921Z active document changed: (none)
2026-09-24T00:51:36.921Z loadProject: no active .sokonanoda document
2026-09-24T00:51:36.967Z active document changed: file:///tmp/sokonanoda-vscode-test-TYMAOZ/restart.sokonanoda
2026-09-24T00:51:36.975Z soko/project ok: project=null reason=no-imports
2026-09-24T00:51:36.980Z client state: stopped
2026-09-24T00:51:36.984Z client state: starting
2026-09-24T00:51:37.015Z client state: running
2026-09-24T00:51:37.070Z active document changed: (none)
2026-09-24T00:51:37.070Z loadProject: no active .sokonanoda document
2026-09-24T00:51:37.221Z loadProject: no active .sokonanoda document
2026-09-24T00:51:37.280Z active document changed: file:///tmp/sokonanoda-vscode-test-TYMAOZ/proj-ok/Main.sokonanoda
2026-09-24T00:51:37.298Z soko/project ok: project=Main (2 modules) reason=null
2026-09-24T00:51:37.300Z soko/project ok: project=Main (2 modules) reason=null
2026-09-24T00:51:37.409Z active document changed: (none)
2026-09-24T00:51:37.409Z loadProject: no active .sokonanoda document
2026-09-24T00:51:37.442Z active document changed: file:///tmp/sokonanoda-vscode-test-TYMAOZ/single.sokonanoda
2026-09-24T00:51:37.450Z soko/project ok: project=null reason=no-imports
2026-09-24T00:51:37.453Z soko/project ok: project=null reason=no-imports
2026-09-24T00:51:37.559Z active document changed: (none)
2026-09-24T00:51:37.559Z loadProject: no active .sokonanoda document
2026-09-24T00:51:37.590Z active document changed: file:///tmp/sokonanoda-vscode-test-TYMAOZ/proj-broken/Main.sokonanoda
2026-09-24T00:51:37.599Z soko/project ok: project=Main (1 modules) reason=null
2026-09-24T00:51:37.600Z soko/project ok: project=Main (1 modules) reason=null
2026-09-24T00:51:37.631Z soko/project ok: project=Main (1 modules) reason=null
2026-09-24T00:51:37.704Z active document changed: (none)
2026-09-24T00:51:37.704Z loadProject: no active .sokonanoda document
2026-09-24T00:51:37.738Z active document changed: file:///tmp/sokonanoda-vscode-test-TYMAOZ/build-smoke.sokonanoda
2026-09-24T00:51:37.746Z soko/project ok: project=null reason=no-imports
2026-09-24T00:51:37.781Z soko/project ok: project=null reason=no-imports
2026-09-24T00:51:37.806Z soko/project ok: project=null reason=no-imports
2026-09-24T00:51:37.836Z active document changed: (none)
2026-09-24T00:51:37.836Z loadProject: no active .sokonanoda document
2026-09-24T00:51:37.924Z loadProject: no active .sokonanoda document
2026-09-24T00:51:37.941Z active document changed: file:///home/runner/work/sokonanoda-lang/sokonanoda-lang/editor/vscode/src/test/fixtures/workspace/units/u01.sokonanoda
2026-09-24T00:51:37.953Z soko/project ok: project=null reason=no-imports
2026-09-24T00:51:38.404Z soko/project ok: project=units.u01 (2 modules) reason=null
2026-09-24T00:51:38.474Z active document changed: (none)
2026-09-24T00:51:38.474Z loadProject: no active .sokonanoda document
2026-09-24T00:51:38.528Z active document changed: file:///home/runner/work/sokonanoda-lang/sokonanoda-lang/editor/vscode/src/test/fixtures/workspace/units/u01.sokonanoda
2026-09-24T00:51:38.548Z soko/project ok: project=units.u01 (2 modules) reason=null
2026-09-24T00:51:38.643Z active document changed: (none)
2026-09-24T00:51:38.643Z loadProject: no active .sokonanoda document
2026-09-24T00:51:38.688Z active document changed: file:///home/runner/work/sokonanoda-lang/sokonanoda-lang/editor/vscode/src/test/fixtures/workspace/units/u02.sokonanoda
2026-09-24T00:51:38.701Z soko/project ok: project=null reason=no-imports
2026-09-24T00:51:42.404Z client state: stopped
2026-09-24T00:51:42.407Z client state: starting
2026-09-24T00:51:42.420Z client state: running
PERF e2e cache: cold=3743ms warm=58ms entries=1
2026-09-24T00:51:42.531Z active document changed: (none)
2026-09-24T00:51:42.531Z loadProject: no active .sokonanoda document
2026-09-24T00:51:42.566Z active document changed: file:///home/runner/work/sokonanoda-lang/sokonanoda-lang/editor/vscode/src/test/fixtures/workspace/units/u01.sokonanoda
2026-09-24T00:51:42.578Z soko/project ok: project=units.u01 (2 modules) reason=null
2026-09-24T00:51:42.729Z soko/project ok: project=units.u01 (2 modules) reason=null
2026-09-24T00:51:43.167Z soko/project ok: project=units.u01 (2 modules) reason=null
2026-09-24T00:51:44.090Z active document changed: (none)
2026-09-24T00:51:44.090Z loadProject: no active .sokonanoda document
2026-09-24T00:51:44.116Z active document changed: file:///home/runner/work/sokonanoda-lang/sokonanoda-lang/editor/vscode/src/test/fixtures/workspace/units/u01.sokonanoda
2026-09-24T00:51:44.129Z soko/project ok: project=units.u01 (2 modules) reason=null
2026-09-24T00:51:45.384Z soko/project ok: project=units.u01 (2 modules) reason=null
PERF e2e fanout: entry diagnostics publishes=1
2026-09-24T00:51:45.640Z active document changed: (none)
2026-09-24T00:51:45.640Z loadProject: no active .sokonanoda document
2026-09-24T00:51:45.673Z active document changed: file:///home/runner/work/sokonanoda-lang/sokonanoda-lang/editor/vscode/src/test/fixtures/workspace/units/u01.sokonanoda
2026-09-24T00:51:45.690Z soko/project ok: project=units.u01 (2 modules) reason=null
2026-09-24T00:51:46.316Z soko/project ok: project=units.u01 (2 modules) reason=null
2026-09-24T00:51:46.403Z active document changed: (none)
2026-09-24T00:51:46.403Z loadProject: no active .sokonanoda document
2026-09-24T00:51:46.432Z active document changed: file:///home/runner/work/sokonanoda-lang/sokonanoda-lang/editor/vscode/src/test/fixtures/workspace/units/u01.sokonanoda
2026-09-24T00:51:46.454Z soko/project ok: project=units.u01 (2 modules) reason=null
2026-09-24T00:51:46.543Z active document changed: (none)
2026-09-24T00:51:46.543Z loadProject: no active .sokonanoda document
2026-09-24T00:51:46.569Z active document changed: file:///home/runner/work/sokonanoda-lang/sokonanoda-lang/editor/vscode/src/test/fixtures/workspace/units/u01.sokonanoda
2026-09-24T00:51:46.587Z soko/project ok: project=units.u01 (2 modules) reason=null
2026-09-24T00:51:46.676Z active document changed: (none)
2026-09-24T00:51:46.676Z loadProject: no active .sokonanoda document
2026-09-24T00:51:46.735Z client state: stopped
