# scripts/vscode-e2e.sh — VS Code 1.106.0 · extension v0.62.0 · 81af38ce203ad91e2365ddc019cf69596d4a8da0
# 结果：16 passing / 0 failing / 0 pending（exit=0）

## doctor（服务器解析与版本自述）
--- doctor ---
sokonanoda doctor — 扩展 v0.62.0 (6 checks)
[ok] 1/6 resolution：bundled — /home/runner/work/sokonanoda-lang/sokonanoda-lang/editor/vscode/bin/linux-x64/sokonanoda-lsp (source=bundled)
[ok] 2/6 server-version：0.62.0 (pid 3111) == 扩展 v0.62.0 (source=bundled)
[ok] 3/6 host-version：运行宿主 v0.62.0
[ok] 4/6 ignored-override：没有被忽略的 serverPath/env 覆盖
[info] 5/6 download-cache：无下载缓存（仅影响 CLI/universal 兜底，不影响内置服务器）
[info] 6/6 obsolete-versions：检测到 0 个扩展版本快照、0 个 .obsolete 条目；完整重启 VS Code 会自动清理

## 用例
    ✔ .sokonanoda files get the sokonanoda language id (89ms)
    ✔ confusable-character highlight is off for sokonanoda files
    ✔ #check results appear as inlay hints (164ms)
    ✔ clean lesson publishes empty diagnostics (113ms)
    ✔ kernel-rejected declaration carries the kernel-rejected code (45ms)
    ✔ open exercise carries a sorry warning, not an error (43ms)
    ✔ a declaration named Prop warns, not errors
    ✔ open exercise shows a hover on the hole (92ms)
    ✔ notation input: the rewriter produces ∧ and hover teaches \and (126ms)
    ✔ restart server command re-syncs open documents (98ms)
    ✔ infoview command is registered and revealable (145ms)
    ✔ the project tree shows the real closure of an imported module (213ms)
    ✔ the project tree names the file a single-file document is (143ms)
    ✔ the project tree marks a broken import as the root cause (138ms)
    ✔ build / rebuild commands warm the compile cache through the CLI (87ms)
    ✔ doctor command returns a read-only source + version report

## 扩展接线日志（SOKO_E2E_LOG）
2026-09-21T00:38:16.305Z server command: /home/runner/work/sokonanoda-lang/sokonanoda-lang/editor/vscode/bin/linux-x64/sokonanoda-lsp (source=bundled)
2026-09-21T00:38:16.307Z client state: starting
2026-09-21T00:38:16.322Z client state: running
2026-09-21T00:38:16.329Z loadProject: no active .sokonanoda document
2026-09-21T00:38:16.542Z active document changed: file:///tmp/sokonanoda-vscode-test-AQVSq7/check.sokonanoda
2026-09-21T00:38:16.549Z soko/project ok: project=null reason=no-imports
2026-09-21T00:38:16.646Z active document changed: (none)
2026-09-21T00:38:16.646Z loadProject: no active .sokonanoda document
2026-09-21T00:38:16.694Z active document changed: file:///tmp/sokonanoda-vscode-test-AQVSq7/lesson-clean.sokonanoda
2026-09-21T00:38:16.706Z soko/project ok: project=null reason=no-imports
2026-09-21T00:38:16.718Z soko/project ok: project=null reason=no-imports
2026-09-21T00:38:16.774Z active document changed: (none)
2026-09-21T00:38:16.774Z loadProject: no active .sokonanoda document
2026-09-21T00:38:16.816Z active document changed: file:///tmp/sokonanoda-vscode-test-AQVSq7/kernel-bad.sokonanoda
2026-09-21T00:38:16.824Z soko/project ok: project=null reason=no-imports
2026-09-21T00:38:16.871Z active document changed: (none)
2026-09-21T00:38:16.872Z loadProject: no active .sokonanoda document
2026-09-21T00:38:16.909Z active document changed: file:///tmp/sokonanoda-vscode-test-AQVSq7/exercise.sokonanoda
2026-09-21T00:38:16.920Z soko/project ok: project=null reason=no-imports
2026-09-21T00:38:16.965Z active document changed: (none)
2026-09-21T00:38:16.965Z loadProject: no active .sokonanoda document
2026-09-21T00:38:16.998Z active document changed: file:///tmp/sokonanoda-vscode-test-AQVSq7/reserved.sokonanoda
2026-09-21T00:38:17.007Z soko/project ok: project=null reason=no-imports
2026-09-21T00:38:17.050Z active document changed: (none)
2026-09-21T00:38:17.050Z loadProject: no active .sokonanoda document
2026-09-21T00:38:17.086Z active document changed: file:///tmp/sokonanoda-vscode-test-AQVSq7/exercise-hover.sokonanoda
2026-09-21T00:38:17.098Z soko/project ok: project=null reason=no-imports
2026-09-21T00:38:17.150Z active document changed: (none)
2026-09-21T00:38:17.150Z loadProject: no active .sokonanoda document
2026-09-21T00:38:17.181Z active document changed: file:///tmp/sokonanoda-vscode-test-AQVSq7/notation-input.sokonanoda
2026-09-21T00:38:17.190Z soko/project ok: project=null reason=no-imports
2026-09-21T00:38:17.315Z active document changed: (none)
2026-09-21T00:38:17.315Z loadProject: no active .sokonanoda document
2026-09-21T00:38:17.353Z active document changed: file:///tmp/sokonanoda-vscode-test-AQVSq7/restart.sokonanoda
2026-09-21T00:38:17.373Z soko/project ok: project=null reason=no-imports
2026-09-21T00:38:17.374Z client state: stopped
2026-09-21T00:38:17.379Z client state: starting
2026-09-21T00:38:17.406Z client state: running
2026-09-21T00:38:17.442Z active document changed: (none)
2026-09-21T00:38:17.442Z loadProject: no active .sokonanoda document
2026-09-21T00:38:17.613Z loadProject: no active .sokonanoda document
2026-09-21T00:38:17.713Z active document changed: file:///tmp/sokonanoda-vscode-test-AQVSq7/proj-ok/Main.sokonanoda
2026-09-21T00:38:17.723Z soko/project ok: project=Main (2 modules) reason=null
2026-09-21T00:38:17.727Z soko/project ok: project=Main (2 modules) reason=null
2026-09-21T00:38:17.845Z active document changed: (none)
2026-09-21T00:38:17.845Z loadProject: no active .sokonanoda document
2026-09-21T00:38:17.883Z active document changed: file:///tmp/sokonanoda-vscode-test-AQVSq7/single.sokonanoda
2026-09-21T00:38:17.895Z soko/project ok: project=null reason=no-imports
2026-09-21T00:38:17.898Z soko/project ok: project=null reason=no-imports
2026-09-21T00:38:18.003Z active document changed: (none)
2026-09-21T00:38:18.003Z loadProject: no active .sokonanoda document
2026-09-21T00:38:18.034Z active document changed: file:///tmp/sokonanoda-vscode-test-AQVSq7/proj-broken/Main.sokonanoda
2026-09-21T00:38:18.042Z soko/project ok: project=Main (1 modules) reason=null
2026-09-21T00:38:18.044Z soko/project ok: project=Main (1 modules) reason=null
2026-09-21T00:38:18.072Z soko/project ok: project=Main (1 modules) reason=null
2026-09-21T00:38:18.149Z active document changed: (none)
2026-09-21T00:38:18.149Z loadProject: no active .sokonanoda document
2026-09-21T00:38:18.180Z active document changed: file:///tmp/sokonanoda-vscode-test-AQVSq7/build-smoke.sokonanoda
2026-09-21T00:38:18.187Z soko/project ok: project=null reason=no-imports
2026-09-21T00:38:18.221Z soko/project ok: project=null reason=no-imports
2026-09-21T00:38:18.241Z soko/project ok: project=null reason=no-imports
2026-09-21T00:38:18.274Z active document changed: (none)
2026-09-21T00:38:18.274Z loadProject: no active .sokonanoda document
2026-09-21T00:38:18.359Z client state: stopped
