# scripts/vscode-e2e.sh — VS Code 1.138.0 · extension v0.65.1 · aeb138a7cb07c73d30345cab99f2345d4b088a13
# 结果：25 passing / 0 failing / 0 pending（exit=0）

## doctor（服务器解析与版本自述）
--- doctor ---
sokonanoda doctor — 扩展 v0.65.1 (6 checks)
[ok] 1/6 resolution：bundled — /Users/penglingwei/Documents/lean/sokonanoda/sokonanoda-lang/editor/vscode/bin/darwin-arm64/sokonanoda-lsp (source=bundled)
[ok] 2/6 server-version：0.65.1 (pid 28865) == 扩展 v0.65.1 (source=bundled)
[ok] 3/6 host-version：运行宿主 v0.65.1
[ok] 4/6 ignored-override：没有被忽略的 serverPath/env 覆盖
[info] 5/6 download-cache：缓存 marker 0.55.0 darwin-arm64 != 扩展 v0.65.1；可运行 sokonanoda update
[info] 6/6 obsolete-versions：检测到 0 个扩展版本快照、0 个 .obsolete 条目；完整重启 VS Code 会自动清理

## 用例
    ✔ .sokonanoda files get the sokonanoda language id (51ms)
    ✔ confusable-character highlight is off for sokonanoda files
    ✔ #check results appear as inlay hints (115ms)
    ✔ clean lesson publishes empty diagnostics (41ms)
    ✔ kernel-rejected declaration carries the kernel-rejected code
    ✔ open exercise carries a sorry warning, not an error
    ✔ a declaration named Prop warns, not errors
    ✔ open exercise shows a hover on the hole (46ms)
    ✔ notation input: the rewriter produces ∧ and hover teaches \and (58ms)
    ✔ restart server command re-syncs open documents (41ms)
    ✔ infoview command is registered and revealable (56ms)
    ✔ the project tree shows the real closure of an imported module (124ms)
    ✔ the project tree names the file a single-file document is (121ms)
    ✔ the project tree marks a broken import as the root cause (120ms)
    ✔ build / rebuild commands warm the compile cache through the CLI (104ms)
    ✔ doctor command returns a read-only source + version report
    ✔ declarations panel lists a project unit's declarations (324ms)
    ✔ next hole jumps inside a project unit
    ✔ warmCacheOnOpen pre-builds the workspace at activation
    ✔ reopening a project unit hits the compile cache (761ms)
    ✔ rewriting an unchanged project unit does not recompile (1523ms)
    ✔ editing a dependency refreshes the open unit once (1525ms)
    ✔ goal text uses the file's notation (625ms)
    ✔ go to definition on a notation symbol lands on its declaration
    ✔ hover on a notation symbol shows the target's signature (39ms)

## 扩展接线日志（SOKO_E2E_LOG）
2026-09-23T14:13:13.481Z server command: /Users/penglingwei/Documents/lean/sokonanoda/sokonanoda-lang/editor/vscode/bin/darwin-arm64/sokonanoda-lsp (source=bundled)
2026-09-23T14:13:13.484Z client state: starting
2026-09-23T14:13:15.121Z warmCacheOnOpen: exit=0
2026-09-23T14:13:16.227Z client state: running
2026-09-23T14:13:16.230Z loadProject: no active .sokonanoda document
2026-09-23T14:13:16.400Z active document changed: file:///var/folders/81/6wvjcvys3y300jnj259_2jbw0000gn/T/sokonanoda-vscode-test-v7lB0Q/check.sokonanoda
2026-09-23T14:13:16.410Z soko/project ok: project=null reason=no-imports
2026-09-23T14:13:16.477Z active document changed: (none)
2026-09-23T14:13:16.478Z loadProject: no active .sokonanoda document
2026-09-23T14:13:16.500Z active document changed: file:///var/folders/81/6wvjcvys3y300jnj259_2jbw0000gn/T/sokonanoda-vscode-test-v7lB0Q/lesson-clean.sokonanoda
2026-09-23T14:13:16.508Z soko/project ok: project=null reason=no-imports
2026-09-23T14:13:16.528Z active document changed: (none)
2026-09-23T14:13:16.528Z loadProject: no active .sokonanoda document
2026-09-23T14:13:16.547Z active document changed: file:///var/folders/81/6wvjcvys3y300jnj259_2jbw0000gn/T/sokonanoda-vscode-test-v7lB0Q/kernel-bad.sokonanoda
2026-09-23T14:13:16.550Z soko/project ok: project=null reason=no-imports
2026-09-23T14:13:16.563Z active document changed: (none)
2026-09-23T14:13:16.563Z loadProject: no active .sokonanoda document
2026-09-23T14:13:16.579Z active document changed: file:///var/folders/81/6wvjcvys3y300jnj259_2jbw0000gn/T/sokonanoda-vscode-test-v7lB0Q/exercise.sokonanoda
2026-09-23T14:13:16.583Z soko/project ok: project=null reason=no-imports
2026-09-23T14:13:16.596Z active document changed: (none)
2026-09-23T14:13:16.597Z loadProject: no active .sokonanoda document
2026-09-23T14:13:16.618Z active document changed: file:///var/folders/81/6wvjcvys3y300jnj259_2jbw0000gn/T/sokonanoda-vscode-test-v7lB0Q/reserved.sokonanoda
2026-09-23T14:13:16.620Z soko/project ok: project=null reason=no-imports
2026-09-23T14:13:16.640Z active document changed: (none)
2026-09-23T14:13:16.640Z loadProject: no active .sokonanoda document
2026-09-23T14:13:16.661Z active document changed: file:///var/folders/81/6wvjcvys3y300jnj259_2jbw0000gn/T/sokonanoda-vscode-test-v7lB0Q/exercise-hover.sokonanoda
2026-09-23T14:13:16.664Z soko/project ok: project=null reason=no-imports
2026-09-23T14:13:16.702Z active document changed: (none)
2026-09-23T14:13:16.702Z loadProject: no active .sokonanoda document
2026-09-23T14:13:16.721Z active document changed: file:///var/folders/81/6wvjcvys3y300jnj259_2jbw0000gn/T/sokonanoda-vscode-test-v7lB0Q/notation-input.sokonanoda
2026-09-23T14:13:16.724Z soko/project ok: project=null reason=no-imports
2026-09-23T14:13:16.779Z active document changed: (none)
2026-09-23T14:13:16.779Z loadProject: no active .sokonanoda document
2026-09-23T14:13:16.795Z active document changed: file:///var/folders/81/6wvjcvys3y300jnj259_2jbw0000gn/T/sokonanoda-vscode-test-v7lB0Q/restart.sokonanoda
2026-09-23T14:13:16.797Z soko/project ok: project=null reason=no-imports
2026-09-23T14:13:16.804Z client state: stopped
2026-09-23T14:13:16.806Z client state: starting
2026-09-23T14:13:16.819Z client state: running
2026-09-23T14:13:16.829Z active document changed: (none)
2026-09-23T14:13:16.829Z loadProject: no active .sokonanoda document
2026-09-23T14:13:16.903Z active document changed: file:///var/folders/81/6wvjcvys3y300jnj259_2jbw0000gn/T/sokonanoda-vscode-test-v7lB0Q/proj-ok/Main.sokonanoda
2026-09-23T14:13:16.928Z soko/project ok: project=null reason=no-imports
2026-09-23T14:13:16.929Z soko/project ok: project=Main (2 modules) reason=null
2026-09-23T14:13:17.019Z active document changed: (none)
2026-09-23T14:13:17.019Z loadProject: no active .sokonanoda document
2026-09-23T14:13:17.034Z active document changed: file:///var/folders/81/6wvjcvys3y300jnj259_2jbw0000gn/T/sokonanoda-vscode-test-v7lB0Q/single.sokonanoda
2026-09-23T14:13:17.038Z soko/project ok: project=null reason=no-imports
2026-09-23T14:13:17.043Z soko/project ok: project=null reason=no-imports
2026-09-23T14:13:17.147Z active document changed: (none)
2026-09-23T14:13:17.147Z loadProject: no active .sokonanoda document
2026-09-23T14:13:17.159Z active document changed: file:///var/folders/81/6wvjcvys3y300jnj259_2jbw0000gn/T/sokonanoda-vscode-test-v7lB0Q/proj-broken/Main.sokonanoda
2026-09-23T14:13:17.162Z soko/project ok: project=Main (1 modules) reason=null
2026-09-23T14:13:17.168Z soko/project ok: project=Main (1 modules) reason=null
2026-09-23T14:13:17.273Z active document changed: (none)
2026-09-23T14:13:17.273Z loadProject: no active .sokonanoda document
2026-09-23T14:13:17.289Z active document changed: file:///var/folders/81/6wvjcvys3y300jnj259_2jbw0000gn/T/sokonanoda-vscode-test-v7lB0Q/build-smoke.sokonanoda
2026-09-23T14:13:17.295Z soko/project ok: project=null reason=no-imports
2026-09-23T14:13:17.352Z soko/project ok: project=null reason=no-imports
2026-09-23T14:13:17.381Z soko/project ok: project=null reason=no-imports
2026-09-23T14:13:17.384Z active document changed: (none)
2026-09-23T14:13:17.384Z loadProject: no active .sokonanoda document
2026-09-23T14:13:17.406Z active document changed: file:///Users/penglingwei/Documents/lean/sokonanoda/sokonanoda-lang/editor/vscode/src/test/fixtures/workspace/units/u01.sokonanoda
2026-09-23T14:13:17.409Z soko/project ok: project=null reason=no-imports
2026-09-23T14:13:17.488Z soko/project ok: project=null reason=no-imports
2026-09-23T14:13:17.717Z soko/project ok: project=units.u01 (2 modules) reason=null
2026-09-23T14:13:17.721Z active document changed: (none)
2026-09-23T14:13:17.722Z loadProject: no active .sokonanoda document
2026-09-23T14:13:17.735Z active document changed: file:///Users/penglingwei/Documents/lean/sokonanoda/sokonanoda-lang/editor/vscode/src/test/fixtures/workspace/units/u01.sokonanoda
2026-09-23T14:13:17.739Z soko/project ok: project=units.u01 (2 modules) reason=null
2026-09-23T14:13:17.752Z active document changed: (none)
2026-09-23T14:13:17.752Z loadProject: no active .sokonanoda document
2026-09-23T14:13:17.769Z active document changed: file:///Users/penglingwei/Documents/lean/sokonanoda/sokonanoda-lang/editor/vscode/src/test/fixtures/workspace/units/u02.sokonanoda
2026-09-23T14:13:17.773Z soko/project ok: project=null reason=no-imports
2026-09-23T14:13:18.465Z client state: stopped
2026-09-23T14:13:18.467Z client state: starting
2026-09-23T14:13:18.476Z client state: running
PERF e2e cache: cold=704ms warm=55ms entries=1
2026-09-23T14:13:18.525Z active document changed: (none)
2026-09-23T14:13:18.525Z loadProject: no active .sokonanoda document
2026-09-23T14:13:18.539Z active document changed: file:///Users/penglingwei/Documents/lean/sokonanoda/sokonanoda-lang/editor/vscode/src/test/fixtures/workspace/units/u01.sokonanoda
2026-09-23T14:13:18.543Z soko/project ok: project=units.u01 (2 modules) reason=null
2026-09-23T14:13:18.773Z soko/project ok: project=units.u01 (2 modules) reason=null
2026-09-23T14:13:19.213Z soko/project ok: project=units.u01 (2 modules) reason=null
2026-09-23T14:13:20.053Z active document changed: (none)
2026-09-23T14:13:20.053Z loadProject: no active .sokonanoda document
2026-09-23T14:13:20.067Z active document changed: file:///Users/penglingwei/Documents/lean/sokonanoda/sokonanoda-lang/editor/vscode/src/test/fixtures/workspace/units/u01.sokonanoda
2026-09-23T14:13:20.070Z soko/project ok: project=units.u01 (2 modules) reason=null
2026-09-23T14:13:20.731Z soko/project ok: project=units.u01 (2 modules) reason=null
PERF e2e fanout: entry diagnostics publishes=1
2026-09-23T14:13:21.583Z active document changed: (none)
2026-09-23T14:13:21.583Z loadProject: no active .sokonanoda document
2026-09-23T14:13:21.593Z active document changed: file:///Users/penglingwei/Documents/lean/sokonanoda/sokonanoda-lang/editor/vscode/src/test/fixtures/workspace/units/u01.sokonanoda
2026-09-23T14:13:21.596Z soko/project ok: project=units.u01 (2 modules) reason=null
2026-09-23T14:13:21.669Z soko/project ok: project=units.u01 (2 modules) reason=null
2026-09-23T14:13:22.130Z soko/project ok: project=units.u01 (2 modules) reason=null
2026-09-23T14:13:22.214Z active document changed: (none)
2026-09-23T14:13:22.214Z loadProject: no active .sokonanoda document
2026-09-23T14:13:22.224Z active document changed: file:///Users/penglingwei/Documents/lean/sokonanoda/sokonanoda-lang/editor/vscode/src/test/fixtures/workspace/units/u01.sokonanoda
2026-09-23T14:13:22.227Z soko/project ok: project=units.u01 (2 modules) reason=null
2026-09-23T14:13:22.256Z active document changed: (none)
2026-09-23T14:13:22.257Z loadProject: no active .sokonanoda document
2026-09-23T14:13:22.268Z active document changed: file:///Users/penglingwei/Documents/lean/sokonanoda/sokonanoda-lang/editor/vscode/src/test/fixtures/workspace/units/u01.sokonanoda
2026-09-23T14:13:22.271Z soko/project ok: project=units.u01 (2 modules) reason=null
2026-09-23T14:13:22.301Z active document changed: (none)
2026-09-23T14:13:22.301Z loadProject: no active .sokonanoda document
2026-09-23T14:13:22.314Z client state: stopped
