# scripts/vscode-e2e.sh — VS Code 1.138.0 · extension v0.58.0 · ed05f0d6293996d5082e6753cce84c7228ddae50
# 结果：14 passing / 0 failing / 0 pending（exit=0）

## doctor（服务器解析与版本自述）
--- doctor ---
sokonanoda doctor — 扩展 v0.58.0 (6 checks)
[ok] 1/6 resolution：bundled — /private/tmp/soko-merge/editor/vscode/bin/darwin-arm64/sokonanoda-lsp (source=bundled)
[ok] 2/6 server-version：0.58.0 (pid 42212) == 扩展 v0.58.0 (source=bundled)
[ok] 3/6 host-version：运行宿主 v0.58.0
[ok] 4/6 ignored-override：没有被忽略的 serverPath/env 覆盖
[info] 5/6 download-cache：缓存 marker 0.55.0 darwin-arm64 != 扩展 v0.58.0；可运行 sokonanoda update
[info] 6/6 obsolete-versions：检测到 0 个扩展版本快照、0 个 .obsolete 条目；完整重启 VS Code 会自动清理

## 用例
    ✔ .sokonanoda files get the sokonanoda language id (38ms)
    ✔ confusable-character highlight is off for sokonanoda files
    ✔ #check results appear as inlay hints (66ms)
    ✔ clean lesson publishes empty diagnostics
    ✔ kernel-rejected declaration carries the kernel-rejected code
    ✔ open exercise carries a sorry warning, not an error (124ms)
    ✔ a declaration named Prop warns, not errors
    ✔ open exercise shows a hover on the hole
    ✔ restart server command re-syncs open documents (40ms)
    ✔ infoview command is registered and revealable
    ✔ the project tree shows the real closure of an imported module (120ms)
    ✔ the project tree names the file a single-file document is (117ms)
    ✔ the project tree marks a broken import as the root cause (125ms)
    ✔ doctor command returns a read-only source + version report

## 扩展接线日志（SOKO_E2E_LOG）
2026-09-18T09:49:36.607Z server command: /private/tmp/soko-merge/editor/vscode/bin/darwin-arm64/sokonanoda-lsp (source=bundled)
2026-09-18T09:49:36.608Z client state: starting
2026-09-18T09:49:37.214Z client state: running
2026-09-18T09:49:37.217Z loadProject: no active .sokonanoda document
2026-09-18T09:49:37.307Z active document changed: file:///var/folders/81/6wvjcvys3y300jnj259_2jbw0000gn/T/sokonanoda-vscode-test-dR7J9M/check.sokonanoda
2026-09-18T09:49:37.310Z soko/project ok: project=null reason=no-imports
2026-09-18T09:49:37.349Z active document changed: (none)
2026-09-18T09:49:37.349Z loadProject: no active .sokonanoda document
2026-09-18T09:49:37.367Z active document changed: file:///var/folders/81/6wvjcvys3y300jnj259_2jbw0000gn/T/sokonanoda-vscode-test-dR7J9M/lesson-clean.sokonanoda
2026-09-18T09:49:37.369Z soko/project ok: project=null reason=no-imports
2026-09-18T09:49:37.391Z active document changed: (none)
2026-09-18T09:49:37.391Z loadProject: no active .sokonanoda document
2026-09-18T09:49:37.406Z active document changed: file:///var/folders/81/6wvjcvys3y300jnj259_2jbw0000gn/T/sokonanoda-vscode-test-dR7J9M/kernel-bad.sokonanoda
2026-09-18T09:49:37.408Z soko/project ok: project=null reason=no-imports
2026-09-18T09:49:37.419Z active document changed: (none)
2026-09-18T09:49:37.419Z loadProject: no active .sokonanoda document
2026-09-18T09:49:37.441Z active document changed: file:///var/folders/81/6wvjcvys3y300jnj259_2jbw0000gn/T/sokonanoda-vscode-test-dR7J9M/exercise.sokonanoda
2026-09-18T09:49:37.452Z soko/project ok: project=null reason=no-imports
2026-09-18T09:49:37.551Z active document changed: (none)
2026-09-18T09:49:37.551Z loadProject: no active .sokonanoda document
2026-09-18T09:49:37.564Z active document changed: file:///var/folders/81/6wvjcvys3y300jnj259_2jbw0000gn/T/sokonanoda-vscode-test-dR7J9M/reserved.sokonanoda
2026-09-18T09:49:37.566Z soko/project ok: project=null reason=no-imports
2026-09-18T09:49:37.576Z active document changed: (none)
2026-09-18T09:49:37.576Z loadProject: no active .sokonanoda document
2026-09-18T09:49:37.588Z active document changed: file:///var/folders/81/6wvjcvys3y300jnj259_2jbw0000gn/T/sokonanoda-vscode-test-dR7J9M/exercise-hover.sokonanoda
2026-09-18T09:49:37.590Z soko/project ok: project=null reason=no-imports
2026-09-18T09:49:37.600Z active document changed: (none)
2026-09-18T09:49:37.600Z loadProject: no active .sokonanoda document
2026-09-18T09:49:37.615Z active document changed: file:///var/folders/81/6wvjcvys3y300jnj259_2jbw0000gn/T/sokonanoda-vscode-test-dR7J9M/restart.sokonanoda
2026-09-18T09:49:37.617Z soko/project ok: project=null reason=no-imports
2026-09-18T09:49:37.622Z client state: stopped
2026-09-18T09:49:37.625Z client state: starting
2026-09-18T09:49:37.635Z client state: running
2026-09-18T09:49:37.647Z active document changed: (none)
2026-09-18T09:49:37.647Z loadProject: no active .sokonanoda document
2026-09-18T09:49:37.694Z active document changed: file:///var/folders/81/6wvjcvys3y300jnj259_2jbw0000gn/T/sokonanoda-vscode-test-dR7J9M/proj-ok/Main.sokonanoda
2026-09-18T09:49:37.696Z soko/project ok: project=Main (2 modules) reason=null
2026-09-18T09:49:37.700Z soko/project ok: project=Main (2 modules) reason=null
2026-09-18T09:49:37.804Z active document changed: (none)
2026-09-18T09:49:37.805Z loadProject: no active .sokonanoda document
2026-09-18T09:49:37.815Z active document changed: file:///var/folders/81/6wvjcvys3y300jnj259_2jbw0000gn/T/sokonanoda-vscode-test-dR7J9M/single.sokonanoda
2026-09-18T09:49:37.816Z soko/project ok: project=null reason=no-imports
2026-09-18T09:49:37.821Z soko/project ok: project=null reason=no-imports
2026-09-18T09:49:37.926Z active document changed: (none)
2026-09-18T09:49:37.926Z loadProject: no active .sokonanoda document
2026-09-18T09:49:37.939Z active document changed: file:///var/folders/81/6wvjcvys3y300jnj259_2jbw0000gn/T/sokonanoda-vscode-test-dR7J9M/proj-broken/Main.sokonanoda
2026-09-18T09:49:37.952Z soko/project ok: project=Main (1 modules) reason=null
2026-09-18T09:49:37.954Z soko/project ok: project=Main (1 modules) reason=null
2026-09-18T09:49:38.057Z active document changed: (none)
2026-09-18T09:49:38.057Z loadProject: no active .sokonanoda document
2026-09-18T09:49:38.070Z client state: stopped
