# scripts/vscode-e2e.sh — VS Code 1.106.0 · extension v0.78.0 · db570cca0db7dc702bdbbba4be3001347eba9664
# 结果：35 passing / 0 failing / 0 pending（exit=0）

## doctor（服务器解析与版本自述）
--- doctor ---
sokonanoda doctor — 扩展 v0.78.0 (6 checks)
[ok] 1/6 resolution：bundled — /home/runner/work/sokonanoda-lang/sokonanoda-lang/editor/vscode/bin/linux-x64/sokonanoda-lsp (source=bundled)
[ok] 2/6 server-version：0.78.0 (pid 3066) == 扩展 v0.78.0 (source=bundled)
[ok] 3/6 host-version：运行宿主 v0.78.0
[ok] 4/6 ignored-override：没有被忽略的 serverPath/env 覆盖
[info] 5/6 download-cache：无下载缓存（仅影响 CLI/universal 兜底，不影响内置服务器）
[info] 6/6 obsolete-versions：检测到 0 个扩展版本快照、0 个 .obsolete 条目；完整重启 VS Code 会自动清理

## 用例
    ✔ .sokonanoda files get the sokonanoda language id (117ms)
    ✔ confusable-character highlight is off for sokonanoda files
    ✔ #check results appear as inlay hints (195ms)
    ✔ clean lesson publishes empty diagnostics (157ms)
    ✔ kernel-rejected declaration carries the kernel-rejected code (180ms)
    ✔ open exercise carries a sorry warning, not an error (80ms)
    ✔ a declaration named Prop warns, not errors (60ms)
    ✔ open exercise shows a hover on the hole (105ms)
    ✔ hover 的类型文本折成记法（T-U12 面 #3，e2e 那一份） (261ms)
    ✔ notation input: the rewriter produces ∧ and hover teaches \and (206ms)
    ✔ restart server command re-syncs open documents (118ms)
    ✔ infoview command is registered and revealable (105ms)
    ✔ the project tree shows the real closure of an imported module (425ms)
    ✔ the project tree names the file a single-file document is (138ms)
    ✔ the project tree marks a broken import as the root cause (142ms)
    ✔ build / rebuild commands warm the compile cache through the CLI (6193ms)
    ✔ Clean Cache empties the project store and does not compile (E31) (5693ms)
    ✔ the Infoview receives the project view (E30) (47ms)
    ✔ Infoview 'definition' lands exactly where the editor F12 lands (E27) (155ms)
    ✔ doctor command returns a read-only source + version report
    ✔ declarations panel lists a project unit's declarations
    ✔ open declaration ships coloured goal runs to the Infoview
    ✔ next hole jumps inside a project unit
    ✔ warmCacheOnOpen pre-builds the workspace at activation
    ✔ reopening a project unit hits the compile cache (4431ms)
    ✔ rewriting an unchanged project unit does not recompile (1945ms)
    ✔ editing a dependency refreshes the open unit once (6448ms)
    ✔ goal text uses the file's notation (748ms)
    ✔ goal text folds a binder notation whose type contains a lambda (335ms)
    ✔ Infoview 的 `⊢` 用记法箭头 `→`，且 runs 与 text 同源 (340ms)
    ✔ Infoview 里集合字面量显示成 `{a}`（不是 `Set.singleton α a`） (340ms)
    ✔ go to definition on a `{a}` set literal lands on `Set.singleton` (119ms)
    ✔ go to definition on a prelude name lands in the prelude source (123ms)
    ✔ go to definition on a notation symbol lands on its declaration (159ms)
    ✔ hover on a notation symbol shows the target's signature (135ms)

## 扩展接线日志（SOKO_E2E_LOG）
2026-09-28T19:24:37.255Z server command: /home/runner/work/sokonanoda-lang/sokonanoda-lang/editor/vscode/bin/linux-x64/sokonanoda-lsp (source=bundled)
2026-09-28T19:24:37.257Z client state: starting
2026-09-28T19:24:37.274Z client state: running
2026-09-28T19:24:37.281Z loadProject: no active .sokonanoda document
2026-09-28T19:24:37.571Z active document changed: file:///tmp/sokonanoda-vscode-test-nXkeeO/check.sokonanoda
2026-09-28T19:24:37.580Z soko/project ok: project=null reason=no-imports
2026-09-28T19:24:37.693Z active document changed: (none)
2026-09-28T19:24:37.693Z loadProject: no active .sokonanoda document
2026-09-28T19:24:37.742Z loadProject: no active .sokonanoda document
2026-09-28T19:24:37.752Z active document changed: file:///tmp/sokonanoda-vscode-test-nXkeeO/lesson-clean.sokonanoda
2026-09-28T19:24:37.776Z soko/project ok: project=null reason=no-imports
2026-09-28T19:24:37.868Z active document changed: (none)
2026-09-28T19:24:37.868Z loadProject: no active .sokonanoda document
2026-09-28T19:24:37.926Z active document changed: file:///tmp/sokonanoda-vscode-test-nXkeeO/kernel-bad.sokonanoda
2026-09-28T19:24:37.947Z soko/project ok: project=null reason=no-imports
2026-09-28T19:24:37.984Z soko/project ok: project=null reason=no-imports
2026-09-28T19:24:38.068Z active document changed: (none)
2026-09-28T19:24:38.068Z loadProject: no active .sokonanoda document
2026-09-28T19:24:38.139Z active document changed: file:///tmp/sokonanoda-vscode-test-nXkeeO/exercise.sokonanoda
2026-09-28T19:24:38.155Z soko/project ok: project=null reason=no-imports
2026-09-28T19:24:38.155Z soko/project ok: project=null reason=no-imports
2026-09-28T19:24:38.188Z active document changed: (none)
2026-09-28T19:24:38.188Z loadProject: no active .sokonanoda document
2026-09-28T19:24:38.241Z active document changed: file:///tmp/sokonanoda-vscode-test-nXkeeO/reserved.sokonanoda
2026-09-28T19:24:38.252Z soko/project ok: project=null reason=no-imports
2026-09-28T19:24:38.287Z active document changed: (none)
2026-09-28T19:24:38.287Z loadProject: no active .sokonanoda document
2026-09-28T19:24:38.339Z active document changed: file:///tmp/sokonanoda-vscode-test-nXkeeO/exercise-hover.sokonanoda
2026-09-28T19:24:38.350Z soko/project ok: project=null reason=no-imports
2026-09-28T19:24:38.418Z active document changed: (none)
2026-09-28T19:24:38.418Z loadProject: no active .sokonanoda document
2026-09-28T19:24:38.457Z active document changed: file:///home/runner/work/sokonanoda-lang/sokonanoda-lang/editor/vscode/src/test/fixtures/workspace/units/u01.sokonanoda
2026-09-28T19:24:38.472Z soko/project ok: project=units.u01 (2 modules) reason=null
2026-09-28T19:24:38.654Z soko/project ok: project=units.u01 (2 modules) reason=null
2026-09-28T19:24:38.727Z active document changed: (none)
2026-09-28T19:24:38.727Z loadProject: no active .sokonanoda document
2026-09-28T19:24:38.786Z active document changed: file:///tmp/sokonanoda-vscode-test-nXkeeO/notation-input.sokonanoda
2026-09-28T19:24:38.804Z soko/project ok: project=null reason=no-imports
2026-09-28T19:24:38.979Z active document changed: (none)
2026-09-28T19:24:38.979Z loadProject: no active .sokonanoda document
2026-09-28T19:24:39.018Z loadProject: no active .sokonanoda document
2026-09-28T19:24:39.032Z active document changed: file:///tmp/sokonanoda-vscode-test-nXkeeO/restart.sokonanoda
2026-09-28T19:24:39.044Z soko/project ok: project=null reason=no-imports
2026-09-28T19:24:39.048Z client state: stopped
2026-09-28T19:24:39.052Z client state: starting
2026-09-28T19:24:39.085Z client state: running
2026-09-28T19:24:39.148Z active document changed: (none)
2026-09-28T19:24:39.148Z loadProject: no active .sokonanoda document
2026-09-28T19:24:39.298Z loadProject: no active .sokonanoda document
2026-09-28T19:24:39.366Z active document changed: file:///tmp/sokonanoda-vscode-test-nXkeeO/proj-ok/Main.sokonanoda
2026-09-28T19:24:39.388Z soko/project ok: project=Main (2 modules) reason=null
2026-09-28T19:24:39.392Z soko/project ok: project=Main (2 modules) reason=null
2026-09-28T19:24:39.490Z soko/project ok: project=Main (2 modules) reason=null
2026-09-28T19:24:39.586Z soko/project ok: project=Main (2 modules) reason=null
2026-09-28T19:24:39.692Z active document changed: (none)
2026-09-28T19:24:39.692Z loadProject: no active .sokonanoda document
2026-09-28T19:24:39.722Z active document changed: file:///tmp/sokonanoda-vscode-test-nXkeeO/single.sokonanoda
2026-09-28T19:24:39.737Z soko/project ok: project=null reason=no-imports
2026-09-28T19:24:39.740Z soko/project ok: project=null reason=no-imports
2026-09-28T19:24:39.839Z active document changed: (none)
2026-09-28T19:24:39.840Z loadProject: no active .sokonanoda document
2026-09-28T19:24:39.873Z active document changed: file:///tmp/sokonanoda-vscode-test-nXkeeO/proj-broken/Main.sokonanoda
2026-09-28T19:24:39.882Z soko/project ok: project=Main (1 modules) reason=null
2026-09-28T19:24:39.885Z soko/project ok: project=Main (1 modules) reason=null
2026-09-28T19:24:39.913Z soko/project ok: project=Main (1 modules) reason=null
2026-09-28T19:24:39.991Z active document changed: (none)
2026-09-28T19:24:39.991Z loadProject: no active .sokonanoda document
2026-09-28T19:24:40.023Z active document changed: file:///home/runner/work/sokonanoda-lang/sokonanoda-lang/editor/vscode/src/test/fixtures/workspace/units/u01.sokonanoda
2026-09-28T19:24:40.061Z soko/project ok: project=units.u01 (2 modules) reason=null
2026-09-28T19:24:40.068Z soko/project ok: project=units.u01 (2 modules) reason=null
2026-09-28T19:24:41.253Z warmCacheOnOpen: exit=0
2026-09-28T19:24:43.173Z soko/project ok: project=units.u01 (2 modules) reason=null
2026-09-28T19:24:46.189Z soko/project ok: project=units.u01 (2 modules) reason=null
2026-09-28T19:24:46.210Z active document changed: (none)
2026-09-28T19:24:46.210Z loadProject: no active .sokonanoda document
2026-09-28T19:24:46.254Z active document changed: file:///home/runner/work/sokonanoda-lang/sokonanoda-lang/editor/vscode/src/test/fixtures/workspace/units/u01.sokonanoda
2026-09-28T19:24:46.269Z soko/project ok: project=units.u01 (2 modules) reason=null
2026-09-28T19:24:47.392Z soko/project ok: project=units.u01 (2 modules) reason=null
2026-09-28T19:24:47.398Z soko/project ok: project=units.u01 (2 modules) reason=null
2026-09-28T19:24:51.910Z soko/project ok: project=units.u01 (2 modules) reason=null
2026-09-28T19:24:51.934Z active document changed: (none)
2026-09-28T19:24:51.934Z loadProject: no active .sokonanoda document
2026-09-28T19:24:51.972Z active document changed: file:///home/runner/work/sokonanoda-lang/sokonanoda-lang/editor/vscode/src/test/fixtures/workspace/units/u01.sokonanoda
2026-09-28T19:24:51.982Z soko/project ok: project=units.u01 (2 modules) reason=null
2026-09-28T19:24:52.045Z active document changed: (none)
2026-09-28T19:24:52.045Z loadProject: no active .sokonanoda document
2026-09-28T19:24:52.071Z active document changed: file:///home/runner/work/sokonanoda-lang/sokonanoda-lang/editor/vscode/src/test/fixtures/workspace/units/u01.sokonanoda
2026-09-28T19:24:52.083Z soko/project ok: project=units.u01 (2 modules) reason=null
2026-09-28T19:24:52.176Z active document changed: (none)
2026-09-28T19:24:52.176Z loadProject: no active .sokonanoda document
2026-09-28T19:24:52.185Z active document changed: file:///home/runner/work/sokonanoda-lang/sokonanoda-lang/editor/vscode/src/test/fixtures/workspace/lib/Set.sokonanoda
2026-09-28T19:24:52.208Z soko/project ok: project=null reason=no-imports
2026-09-28T19:24:52.279Z active document changed: (none)
2026-09-28T19:24:52.279Z loadProject: no active .sokonanoda document
2026-09-28T19:24:52.329Z active document changed: file:///home/runner/work/sokonanoda-lang/sokonanoda-lang/editor/vscode/src/test/fixtures/workspace/units/u01.sokonanoda
2026-09-28T19:24:52.338Z soko/project ok: project=units.u01 (2 modules) reason=null
2026-09-28T19:24:52.378Z soko/project ok: project=units.u01 (2 modules) reason=null
2026-09-28T19:24:52.424Z active document changed: (none)
2026-09-28T19:24:52.424Z loadProject: no active .sokonanoda document
2026-09-28T19:24:52.452Z active document changed: file:///home/runner/work/sokonanoda-lang/sokonanoda-lang/editor/vscode/src/test/fixtures/workspace/units/u01.sokonanoda
2026-09-28T19:24:52.462Z soko/project ok: project=units.u01 (2 modules) reason=null
2026-09-28T19:24:52.516Z active document changed: (none)
2026-09-28T19:24:52.516Z loadProject: no active .sokonanoda document
2026-09-28T19:24:52.538Z active document changed: file:///home/runner/work/sokonanoda-lang/sokonanoda-lang/editor/vscode/src/test/fixtures/workspace/units/u01.sokonanoda
2026-09-28T19:24:52.548Z soko/project ok: project=units.u01 (2 modules) reason=null
2026-09-28T19:24:52.607Z active document changed: (none)
2026-09-28T19:24:52.607Z loadProject: no active .sokonanoda document
2026-09-28T19:24:52.638Z active document changed: file:///home/runner/work/sokonanoda-lang/sokonanoda-lang/editor/vscode/src/test/fixtures/workspace/units/u02-cold-open.sokonanoda
2026-09-28T19:24:52.655Z soko/project ok: project=null reason=no-imports
2026-09-28T19:24:56.995Z client state: stopped
2026-09-28T19:24:56.997Z client state: starting
2026-09-28T19:24:57.007Z client state: running
PERF e2e cache: cold=4372ms warm=56ms
2026-09-28T19:24:57.114Z active document changed: (none)
2026-09-28T19:24:57.114Z loadProject: no active .sokonanoda document
2026-09-28T19:24:57.143Z active document changed: file:///home/runner/work/sokonanoda-lang/sokonanoda-lang/editor/vscode/src/test/fixtures/workspace/units/u01.sokonanoda
2026-09-28T19:24:57.155Z soko/project ok: project=units.u01 (2 modules) reason=null
2026-09-28T19:24:57.325Z soko/project ok: project=units.u01 (2 modules) reason=null
2026-09-28T19:24:57.682Z soko/project ok: project=units.u01 (2 modules) reason=null
2026-09-28T19:24:58.147Z soko/project ok: project=units.u01 (2 modules) reason=null
2026-09-28T19:24:59.068Z active document changed: (none)
2026-09-28T19:24:59.068Z loadProject: no active .sokonanoda document
2026-09-28T19:24:59.088Z active document changed: file:///home/runner/work/sokonanoda-lang/sokonanoda-lang/editor/vscode/src/test/fixtures/workspace/units/u01.sokonanoda
2026-09-28T19:24:59.100Z soko/project ok: project=units.u01 (2 modules) reason=null
2026-09-28T19:24:59.806Z soko/project ok: project=units.u01 (2 modules) reason=null
2026-09-28T19:25:01.117Z soko/project ok: project=units.u01 (2 modules) reason=null
PERF e2e fanout: entry diagnostics signature=152 字节 · 稳定 ✓
2026-09-28T19:25:05.526Z active document changed: (none)
2026-09-28T19:25:05.526Z loadProject: no active .sokonanoda document
2026-09-28T19:25:05.560Z active document changed: file:///home/runner/work/sokonanoda-lang/sokonanoda-lang/editor/vscode/src/test/fixtures/workspace/units/u01.sokonanoda
2026-09-28T19:25:05.569Z soko/project ok: project=units.u01 (2 modules) reason=null
2026-09-28T19:25:06.187Z soko/project ok: project=units.u01 (2 modules) reason=null
2026-09-28T19:25:06.285Z active document changed: (none)
2026-09-28T19:25:06.286Z loadProject: no active .sokonanoda document
2026-09-28T19:25:06.306Z active document changed: file:///home/runner/work/sokonanoda-lang/sokonanoda-lang/editor/vscode/src/test/fixtures/workspace/units/u01.sokonanoda
2026-09-28T19:25:06.318Z soko/project ok: project=units.u01 (2 modules) reason=null
2026-09-28T19:25:06.633Z active document changed: (none)
2026-09-28T19:25:06.633Z loadProject: no active .sokonanoda document
2026-09-28T19:25:06.663Z active document changed: file:///home/runner/work/sokonanoda-lang/sokonanoda-lang/editor/vscode/src/test/fixtures/workspace/units/u01.sokonanoda
2026-09-28T19:25:06.674Z soko/project ok: project=units.u01 (2 modules) reason=null
2026-09-28T19:25:06.986Z active document changed: (none)
2026-09-28T19:25:06.986Z loadProject: no active .sokonanoda document
2026-09-28T19:25:07.014Z active document changed: file:///home/runner/work/sokonanoda-lang/sokonanoda-lang/editor/vscode/src/test/fixtures/workspace/units/u01.sokonanoda
2026-09-28T19:25:07.029Z soko/project ok: project=units.u01 (2 modules) reason=null
2026-09-28T19:25:07.337Z active document changed: (none)
2026-09-28T19:25:07.337Z loadProject: no active .sokonanoda document
2026-09-28T19:25:07.363Z active document changed: file:///home/runner/work/sokonanoda-lang/sokonanoda-lang/editor/vscode/src/test/fixtures/workspace/units/u01.sokonanoda
2026-09-28T19:25:07.380Z soko/project ok: project=units.u01 (2 modules) reason=null
2026-09-28T19:25:07.469Z active document changed: (none)
2026-09-28T19:25:07.469Z loadProject: no active .sokonanoda document
2026-09-28T19:25:07.496Z active document changed: file:///home/runner/work/sokonanoda-lang/sokonanoda-lang/editor/vscode/src/test/fixtures/workspace/units/u01.sokonanoda
2026-09-28T19:25:07.508Z soko/project ok: project=units.u01 (2 modules) reason=null
2026-09-28T19:25:07.607Z active document changed: (none)
2026-09-28T19:25:07.607Z loadProject: no active .sokonanoda document
2026-09-28T19:25:07.645Z active document changed: file:///home/runner/work/sokonanoda-lang/sokonanoda-lang/editor/vscode/src/test/fixtures/workspace/units/u01.sokonanoda
2026-09-28T19:25:07.662Z soko/project ok: project=units.u01 (2 modules) reason=null
2026-09-28T19:25:07.779Z active document changed: (none)
2026-09-28T19:25:07.779Z loadProject: no active .sokonanoda document
2026-09-28T19:25:07.812Z active document changed: file:///home/runner/work/sokonanoda-lang/sokonanoda-lang/editor/vscode/src/test/fixtures/workspace/units/u01.sokonanoda
2026-09-28T19:25:07.829Z soko/project ok: project=units.u01 (2 modules) reason=null
2026-09-28T19:25:07.931Z active document changed: (none)
2026-09-28T19:25:07.931Z loadProject: no active .sokonanoda document
2026-09-28T19:25:07.994Z client state: stopped
