# scripts/vscode-e2e.sh — VS Code 1.138.0 · extension v0.63.1 · b8fc64f524a1e6ba50f98a7d0bd41f80cad0d0e4
# 结果：3 passing / 3 failing / 0 pending（exit=1）

## doctor（服务器解析与版本自述）
--- doctor ---
sokonanoda doctor — 扩展 v0.63.1 (6 checks)
[ok] 1/6 resolution：bundled — /Users/penglingwei/Documents/lean/sokonanoda/sokonanoda-lang/editor/vscode/bin/darwin-arm64/sokonanoda-lsp (source=bundled)
[error] 2/6 server-version：运行 0.63.0 (pid 99518) != 扩展 v0.63.1；serverOverride 关闭，本应始终使用内置服务器。请 “Developer: Reload Window” 或清空 sokonanoda.serverPath
[ok] 3/6 host-version：运行宿主 v0.63.1
[ok] 4/6 ignored-override：没有被忽略的 serverPath/env 覆盖
[info] 5/6 download-cache：缓存 marker 0.55.0 darwin-arm64 != 扩展 v0.63.1；可运行 sokonanoda update
[info] 6/6 obsolete-versions：检测到 0 个扩展版本快照、0 个 .obsolete 条目；完整重启 VS Code 会自动清理

## 用例
    ✔ infoview command is registered and revealable (136ms)
    ✔ declarations panel lists a project unit's declarations (400ms)
    ✔ next hole jumps inside a project unit
    1) goal text uses the file's notation
    2) go to definition on a notation symbol lands on its declaration
    3) hover on a notation symbol shows the target's signature
  1) sokonanoda extension (VS Code integration)
  2) sokonanoda extension (VS Code integration)
  3) sokonanoda extension (VS Code integration)

## 扩展接线日志（SOKO_E2E_LOG）
2026-09-21T16:25:34.634Z server command: /Users/penglingwei/Documents/lean/sokonanoda/sokonanoda-lang/editor/vscode/bin/darwin-arm64/sokonanoda-lsp (source=bundled)
2026-09-21T16:25:34.635Z client state: starting
2026-09-21T16:25:34.648Z client state: running
2026-09-21T16:25:34.651Z loadProject: no active .sokonanoda document
2026-09-21T16:25:34.878Z active document changed: file:///Users/penglingwei/Documents/lean/sokonanoda/sokonanoda-lang/editor/vscode/src/test/fixtures/workspace/units/u01.sokonanoda
2026-09-21T16:25:35.195Z soko/project ok: project=units.u01 (2 modules) reason=null
2026-09-21T16:25:35.209Z active document changed: (none)
2026-09-21T16:25:35.209Z loadProject: no active .sokonanoda document
2026-09-21T16:25:35.218Z active document changed: file:///Users/penglingwei/Documents/lean/sokonanoda/sokonanoda-lang/editor/vscode/src/test/fixtures/workspace/units/u01.sokonanoda
2026-09-21T16:25:35.222Z soko/project ok: project=units.u01 (2 modules) reason=null
2026-09-21T16:25:35.236Z active document changed: (none)
2026-09-21T16:25:35.236Z loadProject: no active .sokonanoda document
2026-09-21T16:25:35.245Z active document changed: file:///Users/penglingwei/Documents/lean/sokonanoda/sokonanoda-lang/editor/vscode/src/test/fixtures/workspace/units/u01.sokonanoda
2026-09-21T16:25:35.249Z soko/project ok: project=units.u01 (2 modules) reason=null
2026-09-21T16:25:35.397Z soko/project ok: project=units.u01 (2 modules) reason=null
2026-09-21T16:25:35.462Z active document changed: (none)
2026-09-21T16:25:35.462Z loadProject: no active .sokonanoda document
2026-09-21T16:25:35.471Z active document changed: file:///Users/penglingwei/Documents/lean/sokonanoda/sokonanoda-lang/editor/vscode/src/test/fixtures/workspace/units/u01.sokonanoda
2026-09-21T16:25:35.477Z soko/project ok: project=units.u01 (2 modules) reason=null
2026-09-21T16:25:35.523Z active document changed: (none)
2026-09-21T16:25:35.523Z loadProject: no active .sokonanoda document
2026-09-21T16:25:35.535Z active document changed: file:///Users/penglingwei/Documents/lean/sokonanoda/sokonanoda-lang/editor/vscode/src/test/fixtures/workspace/units/u01.sokonanoda
2026-09-21T16:25:35.544Z soko/project ok: project=units.u01 (2 modules) reason=null
2026-09-21T16:25:35.552Z active document changed: (none)
2026-09-21T16:25:35.552Z loadProject: no active .sokonanoda document
2026-09-21T16:25:35.569Z client state: stopped

## 失败详情
  1) sokonanoda extension (VS Code integration)
       goal text uses the file's notation:

      AssertionError [ERR_ASSERTION]: open_one 的根状态必须用源文件的记法（⊆ / ∈），实际 = forall (α : Type 0) (A B : Set α), Set.subset α A B -> (forall (x : α), Set.mem α x A -> Set.mem α x B)
      + expected - actual

      -false
      +true
      
  	at Context.<anonymous> (src/test/extension.test.js:655:12)

  2) sokonanoda extension (VS Code integration)
       go to definition on a notation symbol lands on its declaration:

      AssertionError [ERR_ASSERTION]: 在 `∈` 上跳定义必须返回至少一个位置（现在返回 null）
      + expected - actual

      -false
      +true
      
  	at Context.<anonymous> (src/test/extension.test.js:676:12)

  3) sokonanoda extension (VS Code integration)
       hover on a notation symbol shows the target's signature:

      AssertionError [ERR_ASSERTION]: hover 必须给出 `Set.mem` 的原始类型，实际 = `∈` —— 记法符号

输入：`\in`（别名 `\mem`）

`a ∈ A : Prop`
      + expected - actual

      -false
      +true
      
  	at Context.<anonymous> (src/test/extension.test.js:697:12)

3 tests failed.
[90m[main 2026-09-21T16:25:35.580Z][0m Extension host with pid 99270 exited with code: 0, signal: unknown.
Exit code:   1
