# scripts/vscode-e2e.sh — VS Code 1.138.0 · extension v0.74.0 · 8842f2357bb95b9337ce2fa804ef6588e53a0704
# 结果：35 passing / 0 failing / 0 pending（exit=0）

## doctor（服务器解析与版本自述）
--- doctor ---
sokonanoda doctor — 扩展 v0.74.0 (6 checks)
[ok] 1/6 resolution：bundled — /home/runner/work/sokonanoda-lang/sokonanoda-lang/editor/vscode/bin/linux-x64/sokonanoda-lsp (source=bundled)
[ok] 2/6 server-version：0.74.0 (pid 2887) == 扩展 v0.74.0 (source=bundled)
[ok] 3/6 host-version：运行宿主 v0.74.0
[ok] 4/6 ignored-override：没有被忽略的 serverPath/env 覆盖
[info] 5/6 download-cache：无下载缓存（仅影响 CLI/universal 兜底，不影响内置服务器）
[info] 6/6 obsolete-versions：检测到 0 个扩展版本快照、0 个 .obsolete 条目；完整重启 VS Code 会自动清理

## 用例
    ✔ .sokonanoda files get the sokonanoda language id (62ms)
    ✔ confusable-character highlight is off for sokonanoda files
    ✔ #check results appear as inlay hints (214ms)
    ✔ clean lesson publishes empty diagnostics (174ms)
    ✔ kernel-rejected declaration carries the kernel-rejected code (161ms)
    ✔ open exercise carries a sorry warning, not an error (64ms)
    ✔ a declaration named Prop warns, not errors (50ms)
    ✔ open exercise shows a hover on the hole (102ms)
    ✔ hover 的类型文本折成记法（T-U12 面 #3，e2e 那一份） (187ms)
    ✔ notation input: the rewriter produces ∧ and hover teaches \and (177ms)
    ✔ restart server command re-syncs open documents (131ms)
    ✔ infoview command is registered and revealable (155ms)
    ✔ the project tree shows the real closure of an imported module (371ms)
    ✔ the project tree names the file a single-file document is (139ms)
    ✔ the project tree marks a broken import as the root cause (177ms)
    ✔ build / rebuild commands warm the compile cache through the CLI (4514ms)
    ✔ Clean Cache empties the project store and does not compile (E31) (3851ms)
    ✔ the Infoview receives the project view (E30)
    ✔ Infoview 'definition' lands exactly where the editor F12 lands (E27) (97ms)
    ✔ doctor command returns a read-only source + version report
    ✔ declarations panel lists a project unit's declarations
    ✔ open declaration ships coloured goal runs to the Infoview
    ✔ next hole jumps inside a project unit
    ✔ warmCacheOnOpen pre-builds the workspace at activation
    ✔ reopening a project unit hits the compile cache (4492ms)
    ✔ rewriting an unchanged project unit does not recompile (1966ms)
    ✔ editing a dependency refreshes the open unit once (6033ms)
    ✔ goal text uses the file's notation (633ms)
    ✔ goal text folds a binder notation whose type contains a lambda (329ms)
    ✔ Infoview 的 `⊢` 用记法箭头 `→`，且 runs 与 text 同源 (325ms)
    ✔ Infoview 里集合字面量显示成 `{a}`（不是 `Set.singleton α a`） (120ms)
    ✔ go to definition on a `{a}` set literal lands on `Set.singleton` (60ms)
    ✔ go to definition on a prelude name lands in the prelude source (65ms)
    ✔ go to definition on a notation symbol lands on its declaration (81ms)
    ✔ hover on a notation symbol shows the target's signature (89ms)

## 扩展接线日志（SOKO_E2E_LOG）
2026-09-27T18:54:56.145Z server command: /home/runner/work/sokonanoda-lang/sokonanoda-lang/editor/vscode/bin/linux-x64/sokonanoda-lsp (source=bundled)
2026-09-27T18:54:56.146Z client state: starting
2026-09-27T18:54:56.194Z client state: running
2026-09-27T18:54:56.202Z loadProject: no active .sokonanoda document
2026-09-27T18:54:56.430Z active document changed: file:///tmp/sokonanoda-vscode-test-hACWqR/check.sokonanoda
2026-09-27T18:54:56.437Z soko/project ok: project=null reason=no-imports
2026-09-27T18:54:56.571Z active document changed: (none)
2026-09-27T18:54:56.571Z loadProject: no active .sokonanoda document
2026-09-27T18:54:56.597Z loadProject: no active .sokonanoda document
2026-09-27T18:54:56.652Z active document changed: file:///tmp/sokonanoda-vscode-test-hACWqR/lesson-clean.sokonanoda
2026-09-27T18:54:56.668Z soko/project ok: project=null reason=no-imports
2026-09-27T18:54:56.770Z active document changed: (none)
2026-09-27T18:54:56.770Z loadProject: no active .sokonanoda document
2026-09-27T18:54:56.824Z active document changed: file:///tmp/sokonanoda-vscode-test-hACWqR/kernel-bad.sokonanoda
2026-09-27T18:54:56.840Z soko/project ok: project=null reason=no-imports
2026-09-27T18:54:56.853Z soko/project ok: project=null reason=no-imports
2026-09-27T18:54:56.951Z active document changed: (none)
2026-09-27T18:54:56.951Z loadProject: no active .sokonanoda document
2026-09-27T18:54:57.010Z active document changed: file:///tmp/sokonanoda-vscode-test-hACWqR/exercise.sokonanoda
2026-09-27T18:54:57.021Z soko/project ok: project=null reason=no-imports
2026-09-27T18:54:57.041Z soko/project ok: project=null reason=no-imports
2026-09-27T18:54:57.057Z active document changed: (none)
2026-09-27T18:54:57.057Z loadProject: no active .sokonanoda document
2026-09-27T18:54:57.105Z active document changed: file:///tmp/sokonanoda-vscode-test-hACWqR/reserved.sokonanoda
2026-09-27T18:54:57.113Z soko/project ok: project=null reason=no-imports
2026-09-27T18:54:57.150Z active document changed: (none)
2026-09-27T18:54:57.150Z loadProject: no active .sokonanoda document
2026-09-27T18:54:57.195Z active document changed: file:///tmp/sokonanoda-vscode-test-hACWqR/exercise-hover.sokonanoda
2026-09-27T18:54:57.204Z soko/project ok: project=null reason=no-imports
2026-09-27T18:54:57.281Z active document changed: (none)
2026-09-27T18:54:57.282Z loadProject: no active .sokonanoda document
2026-09-27T18:54:57.311Z active document changed: file:///home/runner/work/sokonanoda-lang/sokonanoda-lang/editor/vscode/src/test/fixtures/workspace/units/u01.sokonanoda
2026-09-27T18:54:57.324Z soko/project ok: project=units.u01 (2 modules) reason=null
2026-09-27T18:54:57.478Z active document changed: (none)
2026-09-27T18:54:57.478Z loadProject: no active .sokonanoda document
2026-09-27T18:54:57.519Z active document changed: file:///tmp/sokonanoda-vscode-test-hACWqR/notation-input.sokonanoda
2026-09-27T18:54:57.536Z soko/project ok: project=null reason=no-imports
2026-09-27T18:54:57.566Z soko/project ok: project=null reason=no-imports
2026-09-27T18:54:57.699Z active document changed: (none)
2026-09-27T18:54:57.699Z loadProject: no active .sokonanoda document
2026-09-27T18:54:57.748Z active document changed: file:///tmp/sokonanoda-vscode-test-hACWqR/restart.sokonanoda
2026-09-27T18:54:57.762Z soko/project ok: project=null reason=no-imports
2026-09-27T18:54:57.762Z soko/project ok: project=null reason=no-imports
2026-09-27T18:54:57.783Z client state: stopped
2026-09-27T18:54:57.791Z client state: starting
2026-09-27T18:54:57.826Z client state: running
2026-09-27T18:54:57.871Z active document changed: (none)
2026-09-27T18:54:57.871Z loadProject: no active .sokonanoda document
2026-09-27T18:54:58.035Z loadProject: no active .sokonanoda document
2026-09-27T18:54:58.085Z active document changed: file:///tmp/sokonanoda-vscode-test-hACWqR/proj-ok/Main.sokonanoda
2026-09-27T18:54:58.101Z soko/project ok: project=Main (2 modules) reason=null
2026-09-27T18:54:58.103Z soko/project ok: project=Main (2 modules) reason=null
2026-09-27T18:54:58.206Z soko/project ok: project=Main (2 modules) reason=null
2026-09-27T18:54:58.305Z soko/project ok: project=Main (2 modules) reason=null
2026-09-27T18:54:58.411Z active document changed: (none)
2026-09-27T18:54:58.411Z loadProject: no active .sokonanoda document
2026-09-27T18:54:58.442Z active document changed: file:///tmp/sokonanoda-vscode-test-hACWqR/single.sokonanoda
2026-09-27T18:54:58.455Z soko/project ok: project=null reason=no-imports
2026-09-27T18:54:58.457Z soko/project ok: project=null reason=no-imports
2026-09-27T18:54:58.562Z active document changed: (none)
2026-09-27T18:54:58.562Z loadProject: no active .sokonanoda document
2026-09-27T18:54:58.619Z active document changed: file:///tmp/sokonanoda-vscode-test-hACWqR/proj-broken/Main.sokonanoda
2026-09-27T18:54:58.646Z soko/project ok: project=Main (1 modules) reason=null
2026-09-27T18:54:58.649Z soko/project ok: project=Main (1 modules) reason=null
2026-09-27T18:54:58.653Z soko/project ok: project=Main (1 modules) reason=null
2026-09-27T18:54:58.757Z active document changed: (none)
2026-09-27T18:54:58.757Z loadProject: no active .sokonanoda document
2026-09-27T18:54:58.796Z active document changed: file:///home/runner/work/sokonanoda-lang/sokonanoda-lang/editor/vscode/src/test/fixtures/workspace/units/u01.sokonanoda
2026-09-27T18:54:58.813Z soko/project ok: project=units.u01 (2 modules) reason=null
2026-09-27T18:54:58.814Z soko/project ok: project=units.u01 (2 modules) reason=null
2026-09-27T18:54:59.108Z warmCacheOnOpen: exit=0
2026-09-27T18:55:00.940Z soko/project ok: project=units.u01 (2 modules) reason=null
2026-09-27T18:55:03.277Z soko/project ok: project=units.u01 (2 modules) reason=null
2026-09-27T18:55:03.294Z active document changed: (none)
2026-09-27T18:55:03.294Z loadProject: no active .sokonanoda document
2026-09-27T18:55:03.323Z active document changed: file:///home/runner/work/sokonanoda-lang/sokonanoda-lang/editor/vscode/src/test/fixtures/workspace/units/u01.sokonanoda
2026-09-27T18:55:03.330Z soko/project ok: project=units.u01 (2 modules) reason=null
2026-09-27T18:55:03.368Z soko/project ok: project=units.u01 (2 modules) reason=null
2026-09-27T18:55:03.374Z soko/project ok: project=units.u01 (2 modules) reason=null
2026-09-27T18:55:07.150Z soko/project ok: project=units.u01 (2 modules) reason=null
2026-09-27T18:55:07.162Z active document changed: (none)
2026-09-27T18:55:07.162Z loadProject: no active .sokonanoda document
2026-09-27T18:55:07.184Z active document changed: file:///home/runner/work/sokonanoda-lang/sokonanoda-lang/editor/vscode/src/test/fixtures/workspace/units/u01.sokonanoda
2026-09-27T18:55:07.191Z soko/project ok: project=units.u01 (2 modules) reason=null
2026-09-27T18:55:07.239Z active document changed: (none)
2026-09-27T18:55:07.239Z loadProject: no active .sokonanoda document
2026-09-27T18:55:07.259Z active document changed: file:///home/runner/work/sokonanoda-lang/sokonanoda-lang/editor/vscode/src/test/fixtures/workspace/units/u01.sokonanoda
2026-09-27T18:55:07.268Z soko/project ok: project=units.u01 (2 modules) reason=null
2026-09-27T18:55:07.323Z active document changed: (none)
2026-09-27T18:55:07.323Z loadProject: no active .sokonanoda document
2026-09-27T18:55:07.329Z active document changed: file:///home/runner/work/sokonanoda-lang/sokonanoda-lang/editor/vscode/src/test/fixtures/workspace/lib/Set.sokonanoda
2026-09-27T18:55:07.337Z soko/project ok: project=null reason=no-imports
2026-09-27T18:55:07.365Z active document changed: (none)
2026-09-27T18:55:07.365Z loadProject: no active .sokonanoda document
2026-09-27T18:55:07.399Z active document changed: file:///home/runner/work/sokonanoda-lang/sokonanoda-lang/editor/vscode/src/test/fixtures/workspace/units/u01.sokonanoda
2026-09-27T18:55:07.407Z soko/project ok: project=units.u01 (2 modules) reason=null
2026-09-27T18:55:07.457Z active document changed: (none)
2026-09-27T18:55:07.457Z loadProject: no active .sokonanoda document
2026-09-27T18:55:07.476Z active document changed: file:///home/runner/work/sokonanoda-lang/sokonanoda-lang/editor/vscode/src/test/fixtures/workspace/units/u01.sokonanoda
2026-09-27T18:55:07.486Z soko/project ok: project=units.u01 (2 modules) reason=null
2026-09-27T18:55:07.520Z soko/project ok: project=units.u01 (2 modules) reason=null
2026-09-27T18:55:07.530Z active document changed: (none)
2026-09-27T18:55:07.530Z loadProject: no active .sokonanoda document
2026-09-27T18:55:07.552Z active document changed: file:///home/runner/work/sokonanoda-lang/sokonanoda-lang/editor/vscode/src/test/fixtures/workspace/units/u01.sokonanoda
2026-09-27T18:55:07.560Z soko/project ok: project=units.u01 (2 modules) reason=null
2026-09-27T18:55:07.600Z active document changed: (none)
2026-09-27T18:55:07.600Z loadProject: no active .sokonanoda document
2026-09-27T18:55:07.621Z active document changed: file:///home/runner/work/sokonanoda-lang/sokonanoda-lang/editor/vscode/src/test/fixtures/workspace/units/u02-cold-open.sokonanoda
2026-09-27T18:55:07.630Z soko/project ok: project=null reason=no-imports
2026-09-27T18:55:12.050Z client state: stopped
2026-09-27T18:55:12.051Z client state: starting
2026-09-27T18:55:12.060Z client state: running
PERF e2e cache: cold=4439ms warm=53ms
2026-09-27T18:55:12.173Z active document changed: (none)
2026-09-27T18:55:12.173Z loadProject: no active .sokonanoda document
2026-09-27T18:55:12.230Z active document changed: file:///home/runner/work/sokonanoda-lang/sokonanoda-lang/editor/vscode/src/test/fixtures/workspace/units/u01.sokonanoda
2026-09-27T18:55:12.238Z soko/project ok: project=units.u01 (2 modules) reason=null
2026-09-27T18:55:12.369Z soko/project ok: project=units.u01 (2 modules) reason=null
2026-09-27T18:55:12.734Z soko/project ok: project=units.u01 (2 modules) reason=null
2026-09-27T18:55:13.226Z soko/project ok: project=units.u01 (2 modules) reason=null
2026-09-27T18:55:14.149Z active document changed: (none)
2026-09-27T18:55:14.149Z loadProject: no active .sokonanoda document
2026-09-27T18:55:14.164Z active document changed: file:///home/runner/work/sokonanoda-lang/sokonanoda-lang/editor/vscode/src/test/fixtures/workspace/units/u01.sokonanoda
2026-09-27T18:55:14.170Z soko/project ok: project=units.u01 (2 modules) reason=null
2026-09-27T18:55:14.653Z soko/project ok: project=units.u01 (2 modules) reason=null
2026-09-27T18:55:15.936Z soko/project ok: project=units.u01 (2 modules) reason=null
PERF e2e fanout: entry diagnostics signature=152 字节 · 稳定 ✓
2026-09-27T18:55:20.190Z active document changed: (none)
2026-09-27T18:55:20.190Z loadProject: no active .sokonanoda document
2026-09-27T18:55:20.210Z active document changed: file:///home/runner/work/sokonanoda-lang/sokonanoda-lang/editor/vscode/src/test/fixtures/workspace/units/u01.sokonanoda
2026-09-27T18:55:20.219Z soko/project ok: project=units.u01 (2 modules) reason=null
2026-09-27T18:55:20.732Z soko/project ok: project=units.u01 (2 modules) reason=null
2026-09-27T18:55:20.831Z active document changed: (none)
2026-09-27T18:55:20.831Z loadProject: no active .sokonanoda document
2026-09-27T18:55:20.850Z active document changed: file:///home/runner/work/sokonanoda-lang/sokonanoda-lang/editor/vscode/src/test/fixtures/workspace/units/u01.sokonanoda
2026-09-27T18:55:20.863Z soko/project ok: project=units.u01 (2 modules) reason=null
2026-09-27T18:55:21.171Z active document changed: (none)
2026-09-27T18:55:21.171Z loadProject: no active .sokonanoda document
2026-09-27T18:55:21.184Z active document changed: file:///home/runner/work/sokonanoda-lang/sokonanoda-lang/editor/vscode/src/test/fixtures/workspace/units/u01.sokonanoda
2026-09-27T18:55:21.198Z soko/project ok: project=units.u01 (2 modules) reason=null
2026-09-27T18:55:21.505Z active document changed: (none)
2026-09-27T18:55:21.505Z loadProject: no active .sokonanoda document
2026-09-27T18:55:21.517Z active document changed: file:///home/runner/work/sokonanoda-lang/sokonanoda-lang/editor/vscode/src/test/fixtures/workspace/units/u01.sokonanoda
2026-09-27T18:55:21.524Z soko/project ok: project=units.u01 (2 modules) reason=null
2026-09-27T18:55:21.582Z soko/project ok: project=units.u01 (2 modules) reason=null
2026-09-27T18:55:21.632Z active document changed: (none)
2026-09-27T18:55:21.632Z loadProject: no active .sokonanoda document
2026-09-27T18:55:21.647Z active document changed: file:///home/runner/work/sokonanoda-lang/sokonanoda-lang/editor/vscode/src/test/fixtures/workspace/units/u01.sokonanoda
2026-09-27T18:55:21.654Z soko/project ok: project=units.u01 (2 modules) reason=null
2026-09-27T18:55:21.705Z active document changed: (none)
2026-09-27T18:55:21.705Z loadProject: no active .sokonanoda document
2026-09-27T18:55:21.717Z active document changed: file:///home/runner/work/sokonanoda-lang/sokonanoda-lang/editor/vscode/src/test/fixtures/workspace/units/u01.sokonanoda
2026-09-27T18:55:21.725Z soko/project ok: project=units.u01 (2 modules) reason=null
2026-09-27T18:55:21.777Z active document changed: (none)
2026-09-27T18:55:21.777Z loadProject: no active .sokonanoda document
2026-09-27T18:55:21.795Z active document changed: file:///home/runner/work/sokonanoda-lang/sokonanoda-lang/editor/vscode/src/test/fixtures/workspace/units/u01.sokonanoda
2026-09-27T18:55:21.812Z soko/project ok: project=units.u01 (2 modules) reason=null
2026-09-27T18:55:21.869Z active document changed: (none)
2026-09-27T18:55:21.869Z loadProject: no active .sokonanoda document
2026-09-27T18:55:21.891Z active document changed: file:///home/runner/work/sokonanoda-lang/sokonanoda-lang/editor/vscode/src/test/fixtures/workspace/units/u01.sokonanoda
2026-09-27T18:55:21.901Z soko/project ok: project=units.u01 (2 modules) reason=null
2026-09-27T18:55:21.969Z active document changed: (none)
2026-09-27T18:55:21.969Z loadProject: no active .sokonanoda document
2026-09-27T18:55:22.027Z client state: stopped
