# scripts/vscode-e2e.sh — VS Code 1.138.0 · extension v0.72.0 · e375682b849851947307e21a16e13e94887f89f3
# 结果：28 passing / 0 failing / 0 pending（exit=0）

## doctor（服务器解析与版本自述）
--- doctor ---
sokonanoda doctor — 扩展 v0.72.0 (6 checks)
[ok] 1/6 resolution：bundled — /Users/penglingwei/Documents/lean/sokonanoda/sokonanoda-lang/editor/vscode/bin/darwin-arm64/sokonanoda-lsp (source=bundled)
[ok] 2/6 server-version：0.72.0 (pid 97860) == 扩展 v0.72.0 (source=bundled)
[ok] 3/6 host-version：运行宿主 v0.72.0
[ok] 4/6 ignored-override：没有被忽略的 serverPath/env 覆盖
[info] 5/6 download-cache：缓存 marker 0.66.0 darwin-arm64 != 扩展 v0.72.0；可运行 sokonanoda update
[info] 6/6 obsolete-versions：检测到 0 个扩展版本快照、0 个 .obsolete 条目；完整重启 VS Code 会自动清理

## 用例
    ✔ .sokonanoda files get the sokonanoda language id
    ✔ confusable-character highlight is off for sokonanoda files
    ✔ #check results appear as inlay hints (109ms)
    ✔ clean lesson publishes empty diagnostics (51ms)
    ✔ kernel-rejected declaration carries the kernel-rejected code
    ✔ open exercise carries a sorry warning, not an error
    ✔ a declaration named Prop warns, not errors
    ✔ open exercise shows a hover on the hole (47ms)
    ✔ hover 的类型文本折成记法（T-U12 面 #3，e2e 那一份） (47ms)
    ✔ notation input: the rewriter produces ∧ and hover teaches \and (61ms)
    ✔ restart server command re-syncs open documents (39ms)
    ✔ infoview command is registered and revealable (44ms)
    ✔ the project tree shows the real closure of an imported module (225ms)
    ✔ the project tree names the file a single-file document is (118ms)
    ✔ the project tree marks a broken import as the root cause (120ms)
    ✔ build / rebuild commands warm the compile cache through the CLI (64ms)
    ✔ doctor command returns a read-only source + version report
    ✔ declarations panel lists a project unit's declarations
    ✔ open declaration ships coloured goal runs to the Infoview
    ✔ next hole jumps inside a project unit
    ✔ warmCacheOnOpen pre-builds the workspace at activation
    ✔ reopening a project unit hits the compile cache (557ms)
    ✔ rewriting an unchanged project unit does not recompile (1520ms)
    ✔ editing a dependency refreshes the open unit once (5062ms)
    ✔ goal text uses the file's notation (732ms)
    ✔ goal text folds a binder notation whose type contains a lambda (322ms)
    ✔ go to definition on a notation symbol lands on its declaration (39ms)
    ✔ hover on a notation symbol shows the target's signature (38ms)

## 扩展接线日志（SOKO_E2E_LOG）
2026-09-26T00:49:48.160Z server command: /Users/penglingwei/Documents/lean/sokonanoda/sokonanoda-lang/editor/vscode/bin/darwin-arm64/sokonanoda-lsp (source=bundled)
2026-09-26T00:49:48.160Z client state: starting
2026-09-26T00:49:48.250Z warmCacheOnOpen: exit=0
2026-09-26T00:49:48.510Z client state: running
2026-09-26T00:49:48.513Z loadProject: no active .sokonanoda document
2026-09-26T00:49:48.605Z active document changed: file:///var/folders/81/6wvjcvys3y300jnj259_2jbw0000gn/T/sokonanoda-vscode-test-oa5ieF/check.sokonanoda
2026-09-26T00:49:48.608Z soko/project ok: project=null reason=no-imports
2026-09-26T00:49:48.670Z active document changed: (none)
2026-09-26T00:49:48.671Z loadProject: no active .sokonanoda document
2026-09-26T00:49:48.693Z active document changed: file:///var/folders/81/6wvjcvys3y300jnj259_2jbw0000gn/T/sokonanoda-vscode-test-oa5ieF/lesson-clean.sokonanoda
2026-09-26T00:49:48.696Z soko/project ok: project=null reason=no-imports
2026-09-26T00:49:48.730Z active document changed: (none)
2026-09-26T00:49:48.731Z loadProject: no active .sokonanoda document
2026-09-26T00:49:48.744Z active document changed: file:///var/folders/81/6wvjcvys3y300jnj259_2jbw0000gn/T/sokonanoda-vscode-test-oa5ieF/kernel-bad.sokonanoda
2026-09-26T00:49:48.748Z soko/project ok: project=null reason=no-imports
2026-09-26T00:49:48.769Z active document changed: (none)
2026-09-26T00:49:48.769Z loadProject: no active .sokonanoda document
2026-09-26T00:49:48.789Z active document changed: file:///var/folders/81/6wvjcvys3y300jnj259_2jbw0000gn/T/sokonanoda-vscode-test-oa5ieF/exercise.sokonanoda
2026-09-26T00:49:48.792Z soko/project ok: project=null reason=no-imports
2026-09-26T00:49:48.814Z active document changed: (none)
2026-09-26T00:49:48.815Z loadProject: no active .sokonanoda document
2026-09-26T00:49:48.841Z active document changed: file:///var/folders/81/6wvjcvys3y300jnj259_2jbw0000gn/T/sokonanoda-vscode-test-oa5ieF/reserved.sokonanoda
2026-09-26T00:49:48.842Z soko/project ok: project=null reason=no-imports
2026-09-26T00:49:48.864Z active document changed: (none)
2026-09-26T00:49:48.864Z loadProject: no active .sokonanoda document
2026-09-26T00:49:48.886Z active document changed: file:///var/folders/81/6wvjcvys3y300jnj259_2jbw0000gn/T/sokonanoda-vscode-test-oa5ieF/exercise-hover.sokonanoda
2026-09-26T00:49:48.888Z soko/project ok: project=null reason=no-imports
2026-09-26T00:49:48.919Z active document changed: (none)
2026-09-26T00:49:48.920Z loadProject: no active .sokonanoda document
2026-09-26T00:49:48.940Z active document changed: file:///var/folders/81/6wvjcvys3y300jnj259_2jbw0000gn/T/sokonanoda-vscode-test-oa5ieF/notation-hover.sokonanoda
2026-09-26T00:49:48.945Z soko/project ok: project=null reason=no-imports
2026-09-26T00:49:48.975Z active document changed: (none)
2026-09-26T00:49:48.975Z loadProject: no active .sokonanoda document
2026-09-26T00:49:48.994Z active document changed: file:///var/folders/81/6wvjcvys3y300jnj259_2jbw0000gn/T/sokonanoda-vscode-test-oa5ieF/notation-input.sokonanoda
2026-09-26T00:49:48.997Z soko/project ok: project=null reason=no-imports
2026-09-26T00:49:49.053Z active document changed: (none)
2026-09-26T00:49:49.053Z loadProject: no active .sokonanoda document
2026-09-26T00:49:49.069Z active document changed: file:///var/folders/81/6wvjcvys3y300jnj259_2jbw0000gn/T/sokonanoda-vscode-test-oa5ieF/restart.sokonanoda
2026-09-26T00:49:49.072Z soko/project ok: project=null reason=no-imports
2026-09-26T00:49:49.076Z client state: stopped
2026-09-26T00:49:49.079Z client state: starting
2026-09-26T00:49:49.091Z client state: running
2026-09-26T00:49:49.107Z active document changed: (none)
2026-09-26T00:49:49.107Z loadProject: no active .sokonanoda document
2026-09-26T00:49:49.170Z active document changed: file:///var/folders/81/6wvjcvys3y300jnj259_2jbw0000gn/T/sokonanoda-vscode-test-oa5ieF/proj-ok/Main.sokonanoda
2026-09-26T00:49:49.173Z soko/project ok: project=null reason=no-imports
2026-09-26T00:49:49.178Z soko/project ok: project=Main (2 modules) reason=null
2026-09-26T00:49:49.280Z soko/project ok: project=Main (2 modules) reason=null
2026-09-26T00:49:49.375Z soko/project ok: project=Main (2 modules) reason=null
2026-09-26T00:49:49.383Z active document changed: (none)
2026-09-26T00:49:49.384Z loadProject: no active .sokonanoda document
2026-09-26T00:49:49.396Z active document changed: file:///var/folders/81/6wvjcvys3y300jnj259_2jbw0000gn/T/sokonanoda-vscode-test-oa5ieF/single.sokonanoda
2026-09-26T00:49:49.399Z soko/project ok: project=null reason=no-imports
2026-09-26T00:49:49.402Z soko/project ok: project=null reason=no-imports
2026-09-26T00:49:49.506Z active document changed: (none)
2026-09-26T00:49:49.506Z loadProject: no active .sokonanoda document
2026-09-26T00:49:49.520Z active document changed: file:///var/folders/81/6wvjcvys3y300jnj259_2jbw0000gn/T/sokonanoda-vscode-test-oa5ieF/proj-broken/Main.sokonanoda
2026-09-26T00:49:49.522Z soko/project ok: project=Main (1 modules) reason=null
2026-09-26T00:49:49.526Z soko/project ok: project=Main (1 modules) reason=null
2026-09-26T00:49:49.657Z active document changed: (none)
2026-09-26T00:49:49.657Z loadProject: no active .sokonanoda document
2026-09-26T00:49:49.683Z active document changed: file:///var/folders/81/6wvjcvys3y300jnj259_2jbw0000gn/T/sokonanoda-vscode-test-oa5ieF/build-smoke.sokonanoda
2026-09-26T00:49:49.686Z soko/project ok: project=null reason=no-imports
2026-09-26T00:49:49.706Z soko/project ok: project=null reason=no-imports
2026-09-26T00:49:49.718Z soko/project ok: project=null reason=no-imports
2026-09-26T00:49:49.724Z soko/project ok: project=null reason=no-imports
2026-09-26T00:49:49.728Z active document changed: (none)
2026-09-26T00:49:49.729Z loadProject: no active .sokonanoda document
2026-09-26T00:49:49.758Z active document changed: file:///Users/penglingwei/Documents/lean/sokonanoda/sokonanoda-lang/editor/vscode/src/test/fixtures/workspace/units/u01.sokonanoda
2026-09-26T00:49:49.762Z soko/project ok: project=units.u01 (2 modules) reason=null
2026-09-26T00:49:49.794Z active document changed: (none)
2026-09-26T00:49:49.795Z loadProject: no active .sokonanoda document
2026-09-26T00:49:49.806Z active document changed: file:///Users/penglingwei/Documents/lean/sokonanoda/sokonanoda-lang/editor/vscode/src/test/fixtures/workspace/units/u01.sokonanoda
2026-09-26T00:49:49.810Z soko/project ok: project=units.u01 (2 modules) reason=null
2026-09-26T00:49:49.848Z active document changed: (none)
2026-09-26T00:49:49.848Z loadProject: no active .sokonanoda document
2026-09-26T00:49:49.876Z active document changed: file:///Users/penglingwei/Documents/lean/sokonanoda/sokonanoda-lang/editor/vscode/src/test/fixtures/workspace/units/u01.sokonanoda
2026-09-26T00:49:49.880Z soko/project ok: project=units.u01 (2 modules) reason=null
2026-09-26T00:49:49.915Z active document changed: (none)
2026-09-26T00:49:49.915Z loadProject: no active .sokonanoda document
2026-09-26T00:49:49.950Z active document changed: file:///Users/penglingwei/Documents/lean/sokonanoda/sokonanoda-lang/editor/vscode/src/test/fixtures/workspace/units/u02.sokonanoda
2026-09-26T00:49:49.953Z soko/project ok: project=null reason=no-imports
2026-09-26T00:49:49.958Z soko/project ok: project=null reason=no-imports
2026-09-26T00:49:50.427Z client state: stopped
2026-09-26T00:49:50.429Z client state: starting
2026-09-26T00:49:50.435Z client state: running
PERF e2e cache: cold=502ms warm=54ms
2026-09-26T00:49:50.488Z active document changed: (none)
2026-09-26T00:49:50.488Z loadProject: no active .sokonanoda document
2026-09-26T00:49:50.499Z active document changed: file:///Users/penglingwei/Documents/lean/sokonanoda/sokonanoda-lang/editor/vscode/src/test/fixtures/workspace/units/u01.sokonanoda
2026-09-26T00:49:50.503Z soko/project ok: project=units.u01 (2 modules) reason=null
2026-09-26T00:49:50.630Z soko/project ok: project=units.u01 (2 modules) reason=null
2026-09-26T00:49:51.108Z soko/project ok: project=units.u01 (2 modules) reason=null
2026-09-26T00:49:52.016Z active document changed: (none)
2026-09-26T00:49:52.016Z loadProject: no active .sokonanoda document
2026-09-26T00:49:52.030Z active document changed: file:///Users/penglingwei/Documents/lean/sokonanoda/sokonanoda-lang/editor/vscode/src/test/fixtures/workspace/units/u01.sokonanoda
2026-09-26T00:49:52.036Z soko/project ok: project=units.u01 (2 modules) reason=null
2026-09-26T00:49:52.739Z soko/project ok: project=units.u01 (2 modules) reason=null
2026-09-26T00:49:53.375Z soko/project ok: project=units.u01 (2 modules) reason=null
PERF e2e fanout: entry diagnostics signature=152 字节 · 稳定 ✓
2026-09-26T00:49:57.088Z active document changed: (none)
2026-09-26T00:49:57.088Z loadProject: no active .sokonanoda document
2026-09-26T00:49:57.109Z active document changed: file:///Users/penglingwei/Documents/lean/sokonanoda/sokonanoda-lang/editor/vscode/src/test/fixtures/workspace/units/u01.sokonanoda
2026-09-26T00:49:57.113Z soko/project ok: project=units.u01 (2 modules) reason=null
2026-09-26T00:49:57.756Z soko/project ok: project=units.u01 (2 modules) reason=null
2026-09-26T00:49:57.832Z active document changed: (none)
2026-09-26T00:49:57.833Z loadProject: no active .sokonanoda document
2026-09-26T00:49:57.849Z active document changed: file:///Users/penglingwei/Documents/lean/sokonanoda/sokonanoda-lang/editor/vscode/src/test/fixtures/workspace/units/u01.sokonanoda
2026-09-26T00:49:57.853Z soko/project ok: project=units.u01 (2 modules) reason=null
2026-09-26T00:49:58.168Z active document changed: (none)
2026-09-26T00:49:58.168Z loadProject: no active .sokonanoda document
2026-09-26T00:49:58.180Z active document changed: file:///Users/penglingwei/Documents/lean/sokonanoda/sokonanoda-lang/editor/vscode/src/test/fixtures/workspace/units/u01.sokonanoda
2026-09-26T00:49:58.184Z soko/project ok: project=units.u01 (2 modules) reason=null
2026-09-26T00:49:58.213Z active document changed: (none)
2026-09-26T00:49:58.213Z loadProject: no active .sokonanoda document
2026-09-26T00:49:58.224Z active document changed: file:///Users/penglingwei/Documents/lean/sokonanoda/sokonanoda-lang/editor/vscode/src/test/fixtures/workspace/units/u01.sokonanoda
2026-09-26T00:49:58.228Z soko/project ok: project=units.u01 (2 modules) reason=null
2026-09-26T00:49:58.256Z active document changed: (none)
2026-09-26T00:49:58.256Z loadProject: no active .sokonanoda document
2026-09-26T00:49:58.268Z client state: stopped
