# scripts/vscode-e2e.sh — VS Code 1.138.0 · extension v0.87.3 · 7ba8846dfe4a893cdffe29e4eb9bf2cb9f1aad72
# 结果：48 passing / 0 failing / 0 pending（exit=0）

## doctor（服务器解析与版本自述）
--- doctor ---
sokonanoda doctor — 扩展 v0.87.3 (6 checks)
[ok] 1/6 resolution：bundled — /Users/penglingwei/Documents/lean/sokonanoda/sokonanoda-lang/editor/vscode/bin/darwin-arm64/sokonanoda-lsp (source=bundled)
[ok] 2/6 server-version：0.87.3 (pid 62461) == 扩展 v0.87.3 (source=bundled)
[ok] 3/6 host-version：运行宿主 v0.87.3
[ok] 4/6 ignored-override：没有被忽略的 serverPath/env 覆盖
[info] 5/6 download-cache：缓存 marker 0.73.0 darwin-arm64 != 扩展 v0.87.3；可运行 sokonanoda update
[info] 6/6 obsolete-versions：检测到 0 个扩展版本快照、0 个 .obsolete 条目；完整重启 VS Code 会自动清理

## 用例
    ✔ .sokonanoda files get the sokonanoda language id (48ms)
    ✔ confusable-character highlight is off for sokonanoda files
    ✔ `#check` results are NOT inlay hints (they live in the Infoview) (112ms)
    ✔ C3：`#check`/`#print` 的输出出现在 Infoview 的「命令输出」块里 (536ms)
    ✔ C3（项目模式）：带 import 的文件里 `#print` 的输出也要到 Infoview (550ms)
    ✔ C3 重复输出：项目文件里连续编辑，`#check` 的输出始终只有一条 (3721ms)
    ✔ C3 重复输出（产物回放）：从模块根产物回放之后再编辑，`#check`/`#print` 仍恰好一条 (4374ms)
    ✔ hover 收口 + 产物写者照实：卡片三处同形，产物版本不说谎（2026-10-10 第 3 轮） (371ms)
    ✔ G-108/G-109：报错里的名字仍可 F12；`apply` 按 defeq 展开闭合目标（2026-10-10） (130ms)
    ✔ clean lesson publishes empty diagnostics
    ✔ kernel-rejected declaration carries the kernel-rejected code (38ms)
    ✔ open exercise carries a sorry warning, not an error
    ✔ a declaration named Prop warns, not errors
    ✔ open exercise shows a hover on the hole (42ms)
    ✔ hover 的类型文本折成记法（T-U12 面 #3，e2e 那一份） (89ms)
    ✔ notation input: the rewriter produces ∧ and hover teaches \and (52ms)
    ✔ notation input: greek letters and the anon-ctor brackets, in a real host (59ms)
    ✔ restart server command re-syncs open documents (135ms)
    ✔ infoview command is registered and revealable
    ✔ the project tree shows the real closure of an imported module (220ms)
    ✔ the project tree names the file a single-file document is (120ms)
    ✔ the project tree marks a broken import as the root cause (122ms)
    ✔ build / rebuild commands warm the compile cache through the CLI (178ms)
    ✔ Clean Cache empties the project store and does not compile (E31) (1678ms)
    ✔ Rebuild shows a non-zero percent while it is still running (②) (205ms)
    ✔ the Infoview receives the project view (E30)
    ✔ Infoview 'definition' lands exactly where the editor F12 lands (E27) (64ms)
    ✔ import 行的模块名是链接，指向被导入的文件（documentLink） (40ms)
    ✔ doctor command returns a read-only source + version report
    ✔ declarations panel lists a project unit's declarations
    ✔ open declaration ships coloured goal runs to the Infoview
    ✔ next hole jumps inside a project unit
    ✔ warmCacheOnOpen pre-builds the workspace at activation
    ✔ reopening a project unit hits the compile cache (210ms)
    ✔ rewriting an unchanged project unit does not recompile (2237ms)
    ✔ editing a dependency refreshes the open unit once (4861ms)
    ✔ goal text uses the file's notation (333ms)
    ✔ goal text folds a binder notation whose type contains a lambda (219ms)
    ✔ B2：光标在末条 tactic 之内 ⇒ 目标是它**作用后**的状态（闭合 ⇒ 无目标） (318ms)
    ✔ Infoview 的 `⊢` 用记法箭头 `→`，且 runs 与 text 同源 (324ms)
    ✔ Infoview 里集合字面量显示成 `{a}`（不是 `Set.singleton α a`） (322ms)
    ✔ go to definition on a `{a}` set literal lands on `Set.singleton` (41ms)
    ✔ go to definition on a prelude name lands in the prelude source (65ms)
    ✔ go to definition on a notation symbol lands on its declaration (38ms)
    ✔ hover on a notation symbol shows the target's signature
    ✔ edit responsiveness: last keystroke reaches diagnostics and the goal panel (1597ms)
    ✔ edit responsiveness (project mode): A/B flicker with the show delay off vs on (3298ms)
    ✔ edit responsiveness (project mode): first keystroke after open vs steady state (794ms)

## 扩展接线日志（SOKO_E2E_LOG）
2026-10-10T11:45:57.498Z server command: /Users/penglingwei/Documents/lean/sokonanoda/sokonanoda-lang/editor/vscode/bin/darwin-arm64/sokonanoda-lsp (source=bundled)
2026-10-10T11:45:57.499Z client state: starting
2026-10-10T11:45:57.641Z warmCacheOnOpen: exit=0
2026-10-10T11:45:58.033Z client state: running
2026-10-10T11:45:58.036Z loadProject: no active .sokonanoda document
2026-10-10T11:45:58.129Z active document changed: file:///var/folders/81/6wvjcvys3y300jnj259_2jbw0000gn/T/sokonanoda-vscode-test-2NqfJs/check-no-inlay.sokonanoda
2026-10-10T11:45:58.131Z soko/project ok: project=null reason=no-imports
2026-10-10T11:45:58.212Z active document changed: (none)
2026-10-10T11:45:58.212Z loadProject: no active .sokonanoda document
2026-10-10T11:45:58.243Z active document changed: file:///var/folders/81/6wvjcvys3y300jnj259_2jbw0000gn/T/sokonanoda-vscode-test-2NqfJs/c3-command-output.sokonanoda
2026-10-10T11:45:58.244Z soko/project ok: project=null reason=no-imports
2026-10-10T11:45:58.440Z soko/project ok: project=null reason=no-imports
2026-10-10T11:45:58.790Z active document changed: (none)
2026-10-10T11:45:58.790Z loadProject: no active .sokonanoda document
2026-10-10T11:45:58.830Z active document changed: file:///var/folders/81/6wvjcvys3y300jnj259_2jbw0000gn/T/sokonanoda-vscode-test-2NqfJs/c3-project/Main.sokonanoda
2026-10-10T11:45:58.832Z soko/project ok: project=null reason=no-imports
2026-10-10T11:45:59.036Z soko/project ok: project=Main (2 modules) reason=null
2026-10-10T11:45:59.347Z active document changed: (none)
2026-10-10T11:45:59.347Z loadProject: no active .sokonanoda document
2026-10-10T11:45:59.370Z active document changed: file:///var/folders/81/6wvjcvys3y300jnj259_2jbw0000gn/T/sokonanoda-vscode-test-2NqfJs/check-repeat/Main.sokonanoda
2026-10-10T11:45:59.385Z soko/project ok: project=null reason=no-imports
2026-10-10T11:45:59.586Z soko/project ok: project=Main (2 modules) reason=null
2026-10-10T11:45:59.932Z soko/project ok: project=Main (2 modules) reason=null
2026-10-10T11:46:00.240Z soko/project ok: project=Main (2 modules) reason=null
2026-10-10T11:46:00.548Z soko/project ok: project=Main (2 modules) reason=null
2026-10-10T11:46:03.096Z active document changed: (none)
2026-10-10T11:46:03.097Z loadProject: no active .sokonanoda document
2026-10-10T11:46:03.127Z active document changed: file:///var/folders/81/6wvjcvys3y300jnj259_2jbw0000gn/T/sokonanoda-vscode-test-2NqfJs/check-replay/Main.sokonanoda
2026-10-10T11:46:03.130Z soko/project ok: project=null reason=no-imports
2026-10-10T11:46:03.414Z soko/project ok: project=Main (2 modules) reason=null
2026-10-10T11:46:03.757Z client state: stopped
2026-10-10T11:46:03.761Z client state: starting
2026-10-10T11:46:03.779Z client state: running
2026-10-10T11:46:03.964Z soko/project ok: project=Main (2 modules) reason=null
2026-10-10T11:46:04.631Z soko/project ok: project=Main (2 modules) reason=null
2026-10-10T11:46:04.979Z soko/project ok: project=Main (2 modules) reason=null
2026-10-10T11:46:07.487Z active document changed: (none)
2026-10-10T11:46:07.487Z loadProject: no active .sokonanoda document
2026-10-10T11:46:07.517Z active document changed: file:///var/folders/81/6wvjcvys3y300jnj259_2jbw0000gn/T/sokonanoda-vscode-test-2NqfJs/hover-card/Main.sokonanoda
2026-10-10T11:46:07.519Z soko/project ok: project=Main (2 modules) reason=null
2026-10-10T11:46:07.781Z soko/project ok: project=Main (2 modules) reason=null
2026-10-10T11:46:07.879Z active document changed: (none)
2026-10-10T11:46:07.879Z loadProject: no active .sokonanoda document
2026-10-10T11:46:07.900Z active document changed: file:///var/folders/81/6wvjcvys3y300jnj259_2jbw0000gn/T/sokonanoda-vscode-test-2NqfJs/g108-g109/Main.sokonanoda
2026-10-10T11:46:07.902Z soko/project ok: project=null reason=no-imports
2026-10-10T11:46:08.019Z active document changed: (none)
2026-10-10T11:46:08.019Z loadProject: no active .sokonanoda document
2026-10-10T11:46:08.032Z active document changed: file:///var/folders/81/6wvjcvys3y300jnj259_2jbw0000gn/T/sokonanoda-vscode-test-2NqfJs/lesson-clean.sokonanoda
2026-10-10T11:46:08.033Z soko/project ok: project=null reason=no-imports
2026-10-10T11:46:08.051Z active document changed: (none)
2026-10-10T11:46:08.051Z loadProject: no active .sokonanoda document
2026-10-10T11:46:08.086Z active document changed: file:///var/folders/81/6wvjcvys3y300jnj259_2jbw0000gn/T/sokonanoda-vscode-test-2NqfJs/kernel-bad.sokonanoda
2026-10-10T11:46:08.088Z soko/project ok: project=null reason=no-imports
2026-10-10T11:46:08.101Z active document changed: (none)
2026-10-10T11:46:08.101Z loadProject: no active .sokonanoda document
2026-10-10T11:46:08.118Z active document changed: file:///var/folders/81/6wvjcvys3y300jnj259_2jbw0000gn/T/sokonanoda-vscode-test-2NqfJs/exercise.sokonanoda
2026-10-10T11:46:08.120Z soko/project ok: project=null reason=no-imports
2026-10-10T11:46:08.136Z active document changed: (none)
2026-10-10T11:46:08.136Z loadProject: no active .sokonanoda document
2026-10-10T11:46:08.153Z active document changed: file:///var/folders/81/6wvjcvys3y300jnj259_2jbw0000gn/T/sokonanoda-vscode-test-2NqfJs/reserved.sokonanoda
2026-10-10T11:46:08.155Z soko/project ok: project=null reason=no-imports
2026-10-10T11:46:08.167Z active document changed: (none)
2026-10-10T11:46:08.167Z loadProject: no active .sokonanoda document
2026-10-10T11:46:08.181Z active document changed: file:///var/folders/81/6wvjcvys3y300jnj259_2jbw0000gn/T/sokonanoda-vscode-test-2NqfJs/exercise-hover.sokonanoda
2026-10-10T11:46:08.182Z soko/project ok: project=null reason=no-imports
2026-10-10T11:46:08.215Z active document changed: (none)
2026-10-10T11:46:08.215Z loadProject: no active .sokonanoda document
2026-10-10T11:46:08.243Z active document changed: file:///Users/penglingwei/Documents/lean/sokonanoda/sokonanoda-lang/editor/vscode/src/test/fixtures/workspace/units/u01.sokonanoda
2026-10-10T11:46:08.246Z soko/project ok: project=units.u01 (2 modules) reason=null
2026-10-10T11:46:08.313Z active document changed: (none)
2026-10-10T11:46:08.313Z loadProject: no active .sokonanoda document
2026-10-10T11:46:08.331Z active document changed: file:///var/folders/81/6wvjcvys3y300jnj259_2jbw0000gn/T/sokonanoda-vscode-test-2NqfJs/notation-input.sokonanoda
2026-10-10T11:46:08.333Z soko/project ok: project=null reason=no-imports
2026-10-10T11:46:08.390Z active document changed: (none)
2026-10-10T11:46:08.390Z loadProject: no active .sokonanoda document
2026-10-10T11:46:08.406Z active document changed: file:///var/folders/81/6wvjcvys3y300jnj259_2jbw0000gn/T/sokonanoda-vscode-test-2NqfJs/notation-input-greek.sokonanoda
2026-10-10T11:46:08.409Z soko/project ok: project=null reason=no-imports
2026-10-10T11:46:08.470Z active document changed: (none)
2026-10-10T11:46:08.470Z loadProject: no active .sokonanoda document
2026-10-10T11:46:08.486Z active document changed: file:///var/folders/81/6wvjcvys3y300jnj259_2jbw0000gn/T/sokonanoda-vscode-test-2NqfJs/restart.sokonanoda
2026-10-10T11:46:08.488Z soko/project ok: project=null reason=no-imports
2026-10-10T11:46:08.495Z client state: stopped
2026-10-10T11:46:08.496Z client state: starting
2026-10-10T11:46:08.503Z client state: running
2026-10-10T11:46:08.612Z active document changed: (none)
2026-10-10T11:46:08.612Z loadProject: no active .sokonanoda document
2026-10-10T11:46:08.664Z active document changed: file:///var/folders/81/6wvjcvys3y300jnj259_2jbw0000gn/T/sokonanoda-vscode-test-2NqfJs/proj-ok/Main.sokonanoda
2026-10-10T11:46:08.667Z soko/project ok: project=Main (2 modules) reason=null
2026-10-10T11:46:08.672Z soko/project ok: project=Main (2 modules) reason=null
2026-10-10T11:46:08.773Z soko/project ok: project=Main (2 modules) reason=null
2026-10-10T11:46:08.869Z soko/project ok: project=Main (2 modules) reason=null
2026-10-10T11:46:08.876Z active document changed: (none)
2026-10-10T11:46:08.876Z loadProject: no active .sokonanoda document
2026-10-10T11:46:08.889Z active document changed: file:///var/folders/81/6wvjcvys3y300jnj259_2jbw0000gn/T/sokonanoda-vscode-test-2NqfJs/single.sokonanoda
2026-10-10T11:46:08.891Z soko/project ok: project=null reason=no-imports
2026-10-10T11:46:08.896Z soko/project ok: project=null reason=no-imports
2026-10-10T11:46:09.001Z active document changed: (none)
2026-10-10T11:46:09.001Z loadProject: no active .sokonanoda document
2026-10-10T11:46:09.015Z active document changed: file:///var/folders/81/6wvjcvys3y300jnj259_2jbw0000gn/T/sokonanoda-vscode-test-2NqfJs/proj-broken/Main.sokonanoda
2026-10-10T11:46:09.017Z soko/project ok: project=Main (1 modules) reason=null
2026-10-10T11:46:09.023Z soko/project ok: project=Main (1 modules) reason=null
2026-10-10T11:46:09.128Z active document changed: (none)
2026-10-10T11:46:09.128Z loadProject: no active .sokonanoda document
2026-10-10T11:46:09.137Z active document changed: file:///Users/penglingwei/Documents/lean/sokonanoda/sokonanoda-lang/editor/vscode/src/test/fixtures/workspace/units/u01.sokonanoda
2026-10-10T11:46:09.140Z soko/project ok: project=units.u01 (2 modules) reason=null
2026-10-10T11:46:09.188Z soko/project ok: project=units.u01 (2 modules) reason=null
2026-10-10T11:46:09.219Z soko/project ok: project=units.u01 (2 modules) reason=null
2026-10-10T11:46:09.311Z soko/project ok: project=units.u01 (2 modules) reason=null
2026-10-10T11:46:09.328Z active document changed: (none)
2026-10-10T11:46:09.329Z loadProject: no active .sokonanoda document
2026-10-10T11:46:09.346Z active document changed: file:///Users/penglingwei/Documents/lean/sokonanoda/sokonanoda-lang/editor/vscode/src/test/fixtures/workspace/units/u01.sokonanoda
2026-10-10T11:46:09.349Z soko/project ok: project=units.u01 (2 modules) reason=null
2026-10-10T11:46:09.370Z soko/project ok: project=units.u01 (2 modules) reason=null
2026-10-10T11:46:09.377Z soko/project ok: project=units.u01 (2 modules) reason=null
2026-10-10T11:46:11.011Z soko/project ok: project=units.u01 (2 modules) reason=null
2026-10-10T11:46:11.027Z active document changed: (none)
2026-10-10T11:46:11.028Z loadProject: no active .sokonanoda document
2026-10-10T11:46:11.047Z active document changed: file:///Users/penglingwei/Documents/lean/sokonanoda/sokonanoda-lang/editor/vscode/src/test/fixtures/workspace/units/u01.sokonanoda
2026-10-10T11:46:11.049Z soko/project ok: project=units.u01 (2 modules) reason=null
2026-10-10T11:46:11.082Z soko/project ok: project=units.u01 (2 modules) reason=null
2026-10-10T11:46:11.232Z soko/project ok: project=units.u01 (2 modules) reason=null
2026-10-10T11:46:11.243Z active document changed: (none)
2026-10-10T11:46:11.244Z loadProject: no active .sokonanoda document
2026-10-10T11:46:11.253Z active document changed: file:///Users/penglingwei/Documents/lean/sokonanoda/sokonanoda-lang/editor/vscode/src/test/fixtures/workspace/units/u01.sokonanoda
2026-10-10T11:46:11.256Z soko/project ok: project=units.u01 (2 modules) reason=null
2026-10-10T11:46:11.285Z active document changed: (none)
2026-10-10T11:46:11.285Z loadProject: no active .sokonanoda document
2026-10-10T11:46:11.298Z active document changed: file:///Users/penglingwei/Documents/lean/sokonanoda/sokonanoda-lang/editor/vscode/src/test/fixtures/workspace/units/u01.sokonanoda
2026-10-10T11:46:11.301Z soko/project ok: project=units.u01 (2 modules) reason=null
2026-10-10T11:46:11.339Z active document changed: (none)
2026-10-10T11:46:11.340Z loadProject: no active .sokonanoda document
2026-10-10T11:46:11.344Z active document changed: file:///Users/penglingwei/Documents/lean/sokonanoda/sokonanoda-lang/editor/vscode/src/test/fixtures/workspace/lib/Set.sokonanoda
2026-10-10T11:46:11.347Z soko/project ok: project=null reason=no-imports
2026-10-10T11:46:11.369Z active document changed: (none)
2026-10-10T11:46:11.369Z loadProject: no active .sokonanoda document
2026-10-10T11:46:11.390Z active document changed: file:///var/folders/81/6wvjcvys3y300jnj259_2jbw0000gn/T/sokonanoda-vscode-test-2NqfJs/import-links/Entry.sokonanoda
2026-10-10T11:46:11.392Z soko/project ok: project=null reason=no-imports
2026-10-10T11:46:11.414Z active document changed: (none)
2026-10-10T11:46:11.414Z loadProject: no active .sokonanoda document
2026-10-10T11:46:11.434Z active document changed: file:///Users/penglingwei/Documents/lean/sokonanoda/sokonanoda-lang/editor/vscode/src/test/fixtures/workspace/units/u01.sokonanoda
2026-10-10T11:46:11.438Z soko/project ok: project=units.u01 (2 modules) reason=null
2026-10-10T11:46:11.472Z active document changed: (none)
2026-10-10T11:46:11.472Z loadProject: no active .sokonanoda document
2026-10-10T11:46:11.485Z active document changed: file:///Users/penglingwei/Documents/lean/sokonanoda/sokonanoda-lang/editor/vscode/src/test/fixtures/workspace/units/u01.sokonanoda
2026-10-10T11:46:11.488Z soko/project ok: project=units.u01 (2 modules) reason=null
2026-10-10T11:46:11.518Z active document changed: (none)
2026-10-10T11:46:11.519Z loadProject: no active .sokonanoda document
2026-10-10T11:46:11.530Z active document changed: file:///Users/penglingwei/Documents/lean/sokonanoda/sokonanoda-lang/editor/vscode/src/test/fixtures/workspace/units/u01.sokonanoda
2026-10-10T11:46:11.532Z soko/project ok: project=units.u01 (2 modules) reason=null
2026-10-10T11:46:11.560Z active document changed: (none)
2026-10-10T11:46:11.560Z loadProject: no active .sokonanoda document
2026-10-10T11:46:11.585Z active document changed: file:///Users/penglingwei/Documents/lean/sokonanoda/sokonanoda-lang/editor/vscode/src/test/fixtures/workspace/units/u02-cold-open.sokonanoda
2026-10-10T11:46:11.587Z soko/project ok: project=null reason=no-imports
2026-10-10T11:46:11.594Z soko/project ok: project=null reason=no-imports
2026-10-10T11:46:11.721Z client state: stopped
2026-10-10T11:46:11.723Z client state: starting
2026-10-10T11:46:11.729Z client state: running
PERF e2e cache: cold=154ms warm=55ms
2026-10-10T11:46:11.779Z active document changed: (none)
2026-10-10T11:46:11.779Z loadProject: no active .sokonanoda document
2026-10-10T11:46:11.791Z active document changed: file:///Users/penglingwei/Documents/lean/sokonanoda/sokonanoda-lang/editor/vscode/src/test/fixtures/workspace/units/u01.sokonanoda
2026-10-10T11:46:11.793Z soko/project ok: project=null reason=no-imports
2026-10-10T11:46:12.070Z soko/project ok: project=units.u01 (2 modules) reason=null
2026-10-10T11:46:12.404Z soko/project ok: project=units.u01 (2 modules) reason=null
2026-10-10T11:46:13.070Z soko/project ok: project=units.u01 (2 modules) reason=null
2026-10-10T11:46:14.027Z active document changed: (none)
2026-10-10T11:46:14.028Z loadProject: no active .sokonanoda document
2026-10-10T11:46:14.044Z active document changed: file:///Users/penglingwei/Documents/lean/sokonanoda/sokonanoda-lang/editor/vscode/src/test/fixtures/workspace/units/u01.sokonanoda
2026-10-10T11:46:14.047Z soko/project ok: project=units.u01 (2 modules) reason=null
2026-10-10T11:46:14.598Z soko/project ok: project=units.u01 (2 modules) reason=null
PERF e2e fanout: entry diagnostics signature=152 字节 · 稳定 ✓
2026-10-10T11:46:18.903Z active document changed: (none)
2026-10-10T11:46:18.903Z loadProject: no active .sokonanoda document
2026-10-10T11:46:18.928Z active document changed: file:///Users/penglingwei/Documents/lean/sokonanoda/sokonanoda-lang/editor/vscode/src/test/fixtures/workspace/units/u01.sokonanoda
2026-10-10T11:46:18.931Z soko/project ok: project=units.u01 (2 modules) reason=null
2026-10-10T11:46:19.209Z soko/project ok: project=units.u01 (2 modules) reason=null
2026-10-10T11:46:19.245Z active document changed: (none)
2026-10-10T11:46:19.245Z loadProject: no active .sokonanoda document
2026-10-10T11:46:19.257Z active document changed: file:///Users/penglingwei/Documents/lean/sokonanoda/sokonanoda-lang/editor/vscode/src/test/fixtures/workspace/units/u01.sokonanoda
2026-10-10T11:46:19.259Z soko/project ok: project=units.u01 (2 modules) reason=null
2026-10-10T11:46:19.446Z soko/project ok: project=units.u01 (2 modules) reason=null
2026-10-10T11:46:19.470Z active document changed: (none)
2026-10-10T11:46:19.470Z loadProject: no active .sokonanoda document
2026-10-10T11:46:19.479Z active document changed: file:///Users/penglingwei/Documents/lean/sokonanoda/sokonanoda-lang/editor/vscode/src/test/fixtures/workspace/units/u01.sokonanoda
2026-10-10T11:46:19.483Z soko/project ok: project=units.u01 (2 modules) reason=null
2026-10-10T11:46:19.797Z active document changed: (none)
2026-10-10T11:46:19.798Z loadProject: no active .sokonanoda document
2026-10-10T11:46:19.815Z active document changed: file:///Users/penglingwei/Documents/lean/sokonanoda/sokonanoda-lang/editor/vscode/src/test/fixtures/workspace/units/u01.sokonanoda
2026-10-10T11:46:19.818Z soko/project ok: project=units.u01 (2 modules) reason=null
2026-10-10T11:46:20.130Z active document changed: (none)
2026-10-10T11:46:20.131Z loadProject: no active .sokonanoda document
2026-10-10T11:46:20.145Z active document changed: file:///Users/penglingwei/Documents/lean/sokonanoda/sokonanoda-lang/editor/vscode/src/test/fixtures/workspace/units/u01.sokonanoda
2026-10-10T11:46:20.148Z soko/project ok: project=units.u01 (2 modules) reason=null
2026-10-10T11:46:20.461Z active document changed: (none)
2026-10-10T11:46:20.462Z loadProject: no active .sokonanoda document
2026-10-10T11:46:20.476Z active document changed: file:///Users/penglingwei/Documents/lean/sokonanoda/sokonanoda-lang/editor/vscode/src/test/fixtures/workspace/units/u01.sokonanoda
2026-10-10T11:46:20.479Z soko/project ok: project=units.u01 (2 modules) reason=null
2026-10-10T11:46:20.512Z active document changed: (none)
2026-10-10T11:46:20.512Z loadProject: no active .sokonanoda document
2026-10-10T11:46:20.529Z active document changed: file:///Users/penglingwei/Documents/lean/sokonanoda/sokonanoda-lang/editor/vscode/src/test/fixtures/workspace/units/u01.sokonanoda
2026-10-10T11:46:20.532Z soko/project ok: project=units.u01 (2 modules) reason=null
2026-10-10T11:46:20.582Z active document changed: (none)
2026-10-10T11:46:20.582Z loadProject: no active .sokonanoda document
2026-10-10T11:46:20.594Z active document changed: file:///Users/penglingwei/Documents/lean/sokonanoda/sokonanoda-lang/editor/vscode/src/test/fixtures/workspace/units/u01.sokonanoda
2026-10-10T11:46:20.597Z soko/project ok: project=units.u01 (2 modules) reason=null
2026-10-10T11:46:20.625Z active document changed: (none)
2026-10-10T11:46:20.625Z loadProject: no active .sokonanoda document
2026-10-10T11:46:20.634Z active document changed: file:///Users/penglingwei/Documents/lean/sokonanoda/sokonanoda-lang/editor/vscode/src/test/fixtures/workspace/units/u01.sokonanoda
2026-10-10T11:46:20.637Z soko/project ok: project=units.u01 (2 modules) reason=null
2026-10-10T11:46:20.667Z active document changed: (none)
2026-10-10T11:46:20.667Z loadProject: no active .sokonanoda document
2026-10-10T11:46:20.686Z active document changed: file:///var/folders/81/6wvjcvys3y300jnj259_2jbw0000gn/T/sokonanoda-vscode-test-2NqfJs/typing-latency.sokonanoda
2026-10-10T11:46:20.687Z soko/project ok: project=null reason=no-imports
2026-10-10T11:46:21.299Z soko/project ok: project=null reason=parse-error
2026-10-10T11:46:21.514Z soko/project ok: project=null reason=no-imports
2026-10-10T11:46:22.260Z soko/project ok: project=null reason=no-imports
PERF editor_keystroke_latency file=typing-latency.sokonanoda decls=24 diagnostics_ms=113 panel_ms=276 flicker_frames=0 keystrokes=8 lights_per_keystroke=0.00 tree_fires=6 typed=" intro hq"
2026-10-10T11:46:22.283Z active document changed: (none)
2026-10-10T11:46:22.284Z loadProject: no active .sokonanoda document
2026-10-10T11:46:22.310Z active document changed: file:///var/folders/81/6wvjcvys3y300jnj259_2jbw0000gn/T/sokonanoda-vscode-test-2NqfJs/latency-project/units/typing.sokonanoda
2026-10-10T11:46:22.313Z soko/project ok: project=null reason=no-imports
2026-10-10T11:46:22.565Z soko/project ok: project=units.typing (2 modules) reason=null
2026-10-10T11:46:23.539Z soko/project ok: project=units.typing (2 modules) reason=null
2026-10-10T11:46:25.145Z soko/project ok: project=units.typing (2 modules) reason=null
PERF editor_keystroke_latency_project keystrokes=9 lights_showdelay_0=18 lights_default=0
2026-10-10T11:46:25.595Z active document changed: (none)
2026-10-10T11:46:25.596Z loadProject: no active .sokonanoda document
2026-10-10T11:46:25.615Z active document changed: file:///var/folders/81/6wvjcvys3y300jnj259_2jbw0000gn/T/sokonanoda-vscode-test-2NqfJs/latency-steady/units/typing.sokonanoda
2026-10-10T11:46:25.617Z soko/project ok: project=null reason=no-imports
2026-10-10T11:46:25.932Z soko/project ok: project=units.typing (2 modules) reason=null
2026-10-10T11:46:26.388Z soko/project ok: project=units.typing (2 modules) reason=null
2026-10-10T11:46:26.408Z active document changed: (none)
2026-10-10T11:46:26.409Z loadProject: no active .sokonanoda document
2026-10-10T11:46:26.437Z client state: stopped
