# scripts/vscode-e2e.sh — VS Code 1.106.0 · extension v0.82.0 · c465a1f03bb7408c062e1d03f32dbb6f54f84a83
# 结果：40 passing / 0 failing / 0 pending（exit=0）

## doctor（服务器解析与版本自述）
--- doctor ---
sokonanoda doctor — 扩展 v0.82.0 (6 checks)
[ok] 1/6 resolution：bundled — /Users/penglingwei/Documents/lean/sokonanoda/sokonanoda-lang/editor/vscode/bin/darwin-arm64/sokonanoda-lsp (source=bundled)
[ok] 2/6 server-version：0.82.0 (pid 79974) == 扩展 v0.82.0 (source=bundled)
[ok] 3/6 host-version：运行宿主 v0.82.0
[ok] 4/6 ignored-override：没有被忽略的 serverPath/env 覆盖
[info] 5/6 download-cache：缓存 marker 0.73.0 darwin-arm64 != 扩展 v0.82.0；可运行 sokonanoda update
[info] 6/6 obsolete-versions：检测到 0 个扩展版本快照、0 个 .obsolete 条目；完整重启 VS Code 会自动清理

## 用例
    ✔ .sokonanoda files get the sokonanoda language id
    ✔ confusable-character highlight is off for sokonanoda files
    ✔ #check results appear as inlay hints (70ms)
    ✔ clean lesson publishes empty diagnostics
    ✔ kernel-rejected declaration carries the kernel-rejected code (119ms)
    ✔ open exercise carries a sorry warning, not an error
    ✔ a declaration named Prop warns, not errors (128ms)
    ✔ open exercise shows a hover on the hole (110ms)
    ✔ hover 的类型文本折成记法（T-U12 面 #3，e2e 那一份）
    ✔ notation input: the rewriter produces ∧ and hover teaches \and (53ms)
    ✔ notation input: greek letters and the anon-ctor brackets, in a real host
    ✔ restart server command re-syncs open documents
    ✔ infoview command is registered and revealable (43ms)
    ✔ the project tree shows the real closure of an imported module (234ms)
    ✔ the project tree names the file a single-file document is (127ms)
    ✔ the project tree marks a broken import as the root cause (116ms)
    ✔ build / rebuild commands warm the compile cache through the CLI (498ms)
    ✔ Clean Cache empties the project store and does not compile (E31) (2020ms)
    ✔ Rebuild shows a non-zero percent while it is still running (②) (497ms)
    ✔ the Infoview receives the project view (E30)
    ✔ Infoview 'definition' lands exactly where the editor F12 lands (E27) (56ms)
    ✔ doctor command returns a read-only source + version report
    ✔ declarations panel lists a project unit's declarations
    ✔ open declaration ships coloured goal runs to the Infoview
    ✔ next hole jumps inside a project unit
    ✔ warmCacheOnOpen pre-builds the workspace at activation
    ✔ reopening a project unit hits the compile cache (540ms)
    ✔ rewriting an unchanged project unit does not recompile (1928ms)
    ✔ editing a dependency refreshes the open unit once (5022ms)
    ✔ goal text uses the file's notation (636ms)
    ✔ goal text folds a binder notation whose type contains a lambda (326ms)
    ✔ Infoview 的 `⊢` 用记法箭头 `→`，且 runs 与 text 同源 (325ms)
    ✔ Infoview 里集合字面量显示成 `{a}`（不是 `Set.singleton α a`） (328ms)
    ✔ go to definition on a `{a}` set literal lands on `Set.singleton`
    ✔ go to definition on a prelude name lands in the prelude source (44ms)
    ✔ go to definition on a notation symbol lands on its declaration
    ✔ hover on a notation symbol shows the target's signature (44ms)
    ✔ edit responsiveness: last keystroke reaches diagnostics and the goal panel (1695ms)
    ✔ edit responsiveness (project mode): A/B flicker with the show delay off vs on (3478ms)
    ✔ edit responsiveness (project mode): first keystroke after open vs steady state (1058ms)

## 扩展接线日志（SOKO_E2E_LOG）
2026-10-06T05:23:02.143Z server command: /Users/penglingwei/Documents/lean/sokonanoda/sokonanoda-lang/editor/vscode/bin/darwin-arm64/sokonanoda-lsp (source=bundled)
2026-10-06T05:23:02.144Z client state: starting
2026-10-06T05:23:02.582Z warmCacheOnOpen: exit=0
2026-10-06T05:23:02.665Z client state: running
2026-10-06T05:23:02.667Z loadProject: no active .sokonanoda document
2026-10-06T05:23:02.767Z active document changed: file:///var/folders/81/6wvjcvys3y300jnj259_2jbw0000gn/T/sokonanoda-vscode-test-xZ8FRb/check.sokonanoda
2026-10-06T05:23:02.772Z soko/project ok: project=null reason=no-imports
2026-10-06T05:23:02.801Z active document changed: (none)
2026-10-06T05:23:02.801Z loadProject: no active .sokonanoda document
2026-10-06T05:23:02.812Z active document changed: file:///var/folders/81/6wvjcvys3y300jnj259_2jbw0000gn/T/sokonanoda-vscode-test-xZ8FRb/lesson-clean.sokonanoda
2026-10-06T05:23:02.817Z soko/project ok: project=null reason=no-imports
2026-10-06T05:23:02.823Z active document changed: (none)
2026-10-06T05:23:02.823Z loadProject: no active .sokonanoda document
2026-10-06T05:23:02.839Z active document changed: file:///var/folders/81/6wvjcvys3y300jnj259_2jbw0000gn/T/sokonanoda-vscode-test-xZ8FRb/kernel-bad.sokonanoda
2026-10-06T05:23:02.842Z soko/project ok: project=null reason=no-imports
2026-10-06T05:23:02.946Z active document changed: (none)
2026-10-06T05:23:02.946Z loadProject: no active .sokonanoda document
2026-10-06T05:23:02.959Z active document changed: file:///var/folders/81/6wvjcvys3y300jnj259_2jbw0000gn/T/sokonanoda-vscode-test-xZ8FRb/exercise.sokonanoda
2026-10-06T05:23:02.963Z soko/project ok: project=null reason=no-imports
2026-10-06T05:23:02.968Z active document changed: (none)
2026-10-06T05:23:02.969Z loadProject: no active .sokonanoda document
2026-10-06T05:23:02.986Z active document changed: file:///var/folders/81/6wvjcvys3y300jnj259_2jbw0000gn/T/sokonanoda-vscode-test-xZ8FRb/reserved.sokonanoda
2026-10-06T05:23:02.989Z soko/project ok: project=null reason=no-imports
2026-10-06T05:23:03.101Z active document changed: (none)
2026-10-06T05:23:03.101Z loadProject: no active .sokonanoda document
2026-10-06T05:23:03.120Z active document changed: file:///var/folders/81/6wvjcvys3y300jnj259_2jbw0000gn/T/sokonanoda-vscode-test-xZ8FRb/exercise-hover.sokonanoda
2026-10-06T05:23:03.123Z soko/project ok: project=null reason=no-imports
2026-10-06T05:23:03.219Z active document changed: (none)
2026-10-06T05:23:03.219Z loadProject: no active .sokonanoda document
2026-10-06T05:23:03.236Z active document changed: file:///Users/penglingwei/Documents/lean/sokonanoda/sokonanoda-lang/editor/vscode/src/test/fixtures/workspace/units/u01.sokonanoda
2026-10-06T05:23:03.239Z soko/project ok: project=units.u01 (2 modules) reason=null
2026-10-06T05:23:03.262Z active document changed: (none)
2026-10-06T05:23:03.262Z loadProject: no active .sokonanoda document
2026-10-06T05:23:03.274Z active document changed: file:///var/folders/81/6wvjcvys3y300jnj259_2jbw0000gn/T/sokonanoda-vscode-test-xZ8FRb/notation-input.sokonanoda
2026-10-06T05:23:03.277Z soko/project ok: project=null reason=no-imports
2026-10-06T05:23:03.331Z active document changed: (none)
2026-10-06T05:23:03.331Z loadProject: no active .sokonanoda document
2026-10-06T05:23:03.342Z active document changed: file:///var/folders/81/6wvjcvys3y300jnj259_2jbw0000gn/T/sokonanoda-vscode-test-xZ8FRb/notation-input-greek.sokonanoda
2026-10-06T05:23:03.345Z soko/project ok: project=null reason=no-imports
2026-10-06T05:23:03.373Z active document changed: (none)
2026-10-06T05:23:03.373Z loadProject: no active .sokonanoda document
2026-10-06T05:23:03.383Z active document changed: file:///var/folders/81/6wvjcvys3y300jnj259_2jbw0000gn/T/sokonanoda-vscode-test-xZ8FRb/restart.sokonanoda
2026-10-06T05:23:03.387Z soko/project ok: project=null reason=no-imports
2026-10-06T05:23:03.387Z client state: stopped
2026-10-06T05:23:03.389Z client state: starting
2026-10-06T05:23:03.399Z client state: running
2026-10-06T05:23:03.408Z active document changed: (none)
2026-10-06T05:23:03.408Z loadProject: no active .sokonanoda document
2026-10-06T05:23:03.471Z active document changed: file:///var/folders/81/6wvjcvys3y300jnj259_2jbw0000gn/T/sokonanoda-vscode-test-xZ8FRb/proj-ok/Main.sokonanoda
2026-10-06T05:23:03.479Z soko/project ok: project=null reason=no-imports
2026-10-06T05:23:03.480Z soko/project ok: project=null reason=no-imports
2026-10-06T05:23:03.581Z soko/project ok: project=Main (2 modules) reason=null
2026-10-06T05:23:03.690Z active document changed: (none)
2026-10-06T05:23:03.691Z loadProject: no active .sokonanoda document
2026-10-06T05:23:03.707Z loadProject: no active .sokonanoda document
2026-10-06T05:23:03.708Z active document changed: file:///var/folders/81/6wvjcvys3y300jnj259_2jbw0000gn/T/sokonanoda-vscode-test-xZ8FRb/single.sokonanoda
2026-10-06T05:23:03.716Z soko/project ok: project=null reason=no-imports
2026-10-06T05:23:03.718Z soko/project ok: project=null reason=no-imports
2026-10-06T05:23:03.822Z active document changed: (none)
2026-10-06T05:23:03.822Z loadProject: no active .sokonanoda document
2026-10-06T05:23:03.833Z active document changed: file:///var/folders/81/6wvjcvys3y300jnj259_2jbw0000gn/T/sokonanoda-vscode-test-xZ8FRb/proj-broken/Main.sokonanoda
2026-10-06T05:23:03.836Z soko/project ok: project=Main (1 modules) reason=null
2026-10-06T05:23:03.838Z soko/project ok: project=Main (1 modules) reason=null
2026-10-06T05:23:03.943Z active document changed: (none)
2026-10-06T05:23:03.943Z loadProject: no active .sokonanoda document
2026-10-06T05:23:03.953Z active document changed: file:///Users/penglingwei/Documents/lean/sokonanoda/sokonanoda-lang/editor/vscode/src/test/fixtures/workspace/units/u01.sokonanoda
2026-10-06T05:23:03.955Z soko/project ok: project=units.u01 (2 modules) reason=null
2026-10-06T05:23:03.976Z soko/project ok: project=units.u01 (2 modules) reason=null
2026-10-06T05:23:04.043Z soko/project ok: project=units.u01 (2 modules) reason=null
2026-10-06T05:23:04.445Z soko/project ok: project=units.u01 (2 modules) reason=null
2026-10-06T05:23:04.452Z active document changed: (none)
2026-10-06T05:23:04.452Z loadProject: no active .sokonanoda document
2026-10-06T05:23:04.468Z active document changed: file:///Users/penglingwei/Documents/lean/sokonanoda/sokonanoda-lang/editor/vscode/src/test/fixtures/workspace/units/u01.sokonanoda
2026-10-06T05:23:04.470Z soko/project ok: project=units.u01 (2 modules) reason=null
2026-10-06T05:23:04.493Z soko/project ok: project=units.u01 (2 modules) reason=null
2026-10-06T05:23:04.503Z soko/project ok: project=units.u01 (2 modules) reason=null
2026-10-06T05:23:06.476Z soko/project ok: project=units.u01 (2 modules) reason=null
2026-10-06T05:23:06.482Z active document changed: (none)
2026-10-06T05:23:06.482Z loadProject: no active .sokonanoda document
2026-10-06T05:23:06.491Z active document changed: file:///Users/penglingwei/Documents/lean/sokonanoda/sokonanoda-lang/editor/vscode/src/test/fixtures/workspace/units/u01.sokonanoda
2026-10-06T05:23:06.492Z soko/project ok: project=units.u01 (2 modules) reason=null
2026-10-06T05:23:06.525Z soko/project ok: project=units.u01 (2 modules) reason=null
2026-10-06T05:23:06.982Z soko/project ok: project=units.u01 (2 modules) reason=null
2026-10-06T05:23:06.984Z active document changed: (none)
2026-10-06T05:23:06.985Z loadProject: no active .sokonanoda document
2026-10-06T05:23:07.005Z active document changed: file:///Users/penglingwei/Documents/lean/sokonanoda/sokonanoda-lang/editor/vscode/src/test/fixtures/workspace/units/u01.sokonanoda
2026-10-06T05:23:07.007Z soko/project ok: project=units.u01 (2 modules) reason=null
2026-10-06T05:23:07.031Z active document changed: (none)
2026-10-06T05:23:07.032Z loadProject: no active .sokonanoda document
2026-10-06T05:23:07.039Z active document changed: file:///Users/penglingwei/Documents/lean/sokonanoda/sokonanoda-lang/editor/vscode/src/test/fixtures/workspace/units/u01.sokonanoda
2026-10-06T05:23:07.041Z soko/project ok: project=units.u01 (2 modules) reason=null
2026-10-06T05:23:07.077Z active document changed: (none)
2026-10-06T05:23:07.077Z loadProject: no active .sokonanoda document
2026-10-06T05:23:07.083Z active document changed: file:///Users/penglingwei/Documents/lean/sokonanoda/sokonanoda-lang/editor/vscode/src/test/fixtures/workspace/lib/Set.sokonanoda
2026-10-06T05:23:07.085Z soko/project ok: project=null reason=no-imports
2026-10-06T05:23:07.114Z active document changed: (none)
2026-10-06T05:23:07.114Z loadProject: no active .sokonanoda document
2026-10-06T05:23:07.132Z active document changed: file:///Users/penglingwei/Documents/lean/sokonanoda/sokonanoda-lang/editor/vscode/src/test/fixtures/workspace/units/u01.sokonanoda
2026-10-06T05:23:07.134Z soko/project ok: project=units.u01 (2 modules) reason=null
2026-10-06T05:23:07.164Z active document changed: (none)
2026-10-06T05:23:07.164Z loadProject: no active .sokonanoda document
2026-10-06T05:23:07.176Z active document changed: file:///Users/penglingwei/Documents/lean/sokonanoda/sokonanoda-lang/editor/vscode/src/test/fixtures/workspace/units/u01.sokonanoda
2026-10-06T05:23:07.178Z soko/project ok: project=units.u01 (2 modules) reason=null
2026-10-06T05:23:07.203Z active document changed: (none)
2026-10-06T05:23:07.203Z loadProject: no active .sokonanoda document
2026-10-06T05:23:07.213Z active document changed: file:///Users/penglingwei/Documents/lean/sokonanoda/sokonanoda-lang/editor/vscode/src/test/fixtures/workspace/units/u01.sokonanoda
2026-10-06T05:23:07.215Z soko/project ok: project=units.u01 (2 modules) reason=null
2026-10-06T05:23:07.237Z active document changed: (none)
2026-10-06T05:23:07.237Z loadProject: no active .sokonanoda document
2026-10-06T05:23:07.253Z active document changed: file:///Users/penglingwei/Documents/lean/sokonanoda/sokonanoda-lang/editor/vscode/src/test/fixtures/workspace/units/u02-cold-open.sokonanoda
2026-10-06T05:23:07.254Z soko/project ok: project=null reason=no-imports
2026-10-06T05:23:07.281Z soko/project ok: project=null reason=no-imports
2026-10-06T05:23:07.731Z client state: stopped
2026-10-06T05:23:07.732Z client state: starting
2026-10-06T05:23:07.739Z client state: running
PERF e2e cache: cold=485ms warm=53ms
2026-10-06T05:23:07.792Z active document changed: (none)
2026-10-06T05:23:07.792Z loadProject: no active .sokonanoda document
2026-10-06T05:23:07.800Z active document changed: file:///Users/penglingwei/Documents/lean/sokonanoda/sokonanoda-lang/editor/vscode/src/test/fixtures/workspace/units/u01.sokonanoda
2026-10-06T05:23:07.802Z soko/project ok: project=units.u01 (2 modules) reason=null
2026-10-06T05:23:08.002Z soko/project ok: project=units.u01 (2 modules) reason=null
2026-10-06T05:23:08.412Z soko/project ok: project=units.u01 (2 modules) reason=null
2026-10-06T05:23:08.843Z soko/project ok: project=units.u01 (2 modules) reason=null
2026-10-06T05:23:09.730Z active document changed: (none)
2026-10-06T05:23:09.730Z loadProject: no active .sokonanoda document
2026-10-06T05:23:09.738Z active document changed: file:///Users/penglingwei/Documents/lean/sokonanoda/sokonanoda-lang/editor/vscode/src/test/fixtures/workspace/units/u01.sokonanoda
2026-10-06T05:23:09.740Z soko/project ok: project=units.u01 (2 modules) reason=null
2026-10-06T05:23:10.328Z soko/project ok: project=units.u01 (2 modules) reason=null
2026-10-06T05:23:11.149Z soko/project ok: project=units.u01 (2 modules) reason=null
PERF e2e fanout: entry diagnostics signature=152 字节 · 稳定 ✓
2026-10-06T05:23:14.757Z active document changed: (none)
2026-10-06T05:23:14.757Z loadProject: no active .sokonanoda document
2026-10-06T05:23:14.765Z active document changed: file:///Users/penglingwei/Documents/lean/sokonanoda/sokonanoda-lang/editor/vscode/src/test/fixtures/workspace/units/u01.sokonanoda
2026-10-06T05:23:14.766Z soko/project ok: project=units.u01 (2 modules) reason=null
2026-10-06T05:23:15.320Z soko/project ok: project=units.u01 (2 modules) reason=null
2026-10-06T05:23:15.398Z active document changed: (none)
2026-10-06T05:23:15.398Z loadProject: no active .sokonanoda document
2026-10-06T05:23:15.406Z active document changed: file:///Users/penglingwei/Documents/lean/sokonanoda/sokonanoda-lang/editor/vscode/src/test/fixtures/workspace/units/u01.sokonanoda
2026-10-06T05:23:15.409Z soko/project ok: project=units.u01 (2 modules) reason=null
2026-10-06T05:23:15.728Z active document changed: (none)
2026-10-06T05:23:15.729Z loadProject: no active .sokonanoda document
2026-10-06T05:23:15.736Z active document changed: file:///Users/penglingwei/Documents/lean/sokonanoda/sokonanoda-lang/editor/vscode/src/test/fixtures/workspace/units/u01.sokonanoda
2026-10-06T05:23:15.738Z soko/project ok: project=units.u01 (2 modules) reason=null
2026-10-06T05:23:16.058Z active document changed: (none)
2026-10-06T05:23:16.058Z loadProject: no active .sokonanoda document
2026-10-06T05:23:16.066Z active document changed: file:///Users/penglingwei/Documents/lean/sokonanoda/sokonanoda-lang/editor/vscode/src/test/fixtures/workspace/units/u01.sokonanoda
2026-10-06T05:23:16.067Z soko/project ok: project=units.u01 (2 modules) reason=null
2026-10-06T05:23:16.390Z active document changed: (none)
2026-10-06T05:23:16.390Z loadProject: no active .sokonanoda document
2026-10-06T05:23:16.398Z active document changed: file:///Users/penglingwei/Documents/lean/sokonanoda/sokonanoda-lang/editor/vscode/src/test/fixtures/workspace/units/u01.sokonanoda
2026-10-06T05:23:16.400Z soko/project ok: project=units.u01 (2 modules) reason=null
2026-10-06T05:23:16.428Z active document changed: (none)
2026-10-06T05:23:16.428Z loadProject: no active .sokonanoda document
2026-10-06T05:23:16.437Z active document changed: file:///Users/penglingwei/Documents/lean/sokonanoda/sokonanoda-lang/editor/vscode/src/test/fixtures/workspace/units/u01.sokonanoda
2026-10-06T05:23:16.439Z soko/project ok: project=units.u01 (2 modules) reason=null
2026-10-06T05:23:16.477Z active document changed: (none)
2026-10-06T05:23:16.477Z loadProject: no active .sokonanoda document
2026-10-06T05:23:16.484Z active document changed: file:///Users/penglingwei/Documents/lean/sokonanoda/sokonanoda-lang/editor/vscode/src/test/fixtures/workspace/units/u01.sokonanoda
2026-10-06T05:23:16.486Z soko/project ok: project=units.u01 (2 modules) reason=null
2026-10-06T05:23:16.513Z active document changed: (none)
2026-10-06T05:23:16.513Z loadProject: no active .sokonanoda document
2026-10-06T05:23:16.523Z active document changed: file:///Users/penglingwei/Documents/lean/sokonanoda/sokonanoda-lang/editor/vscode/src/test/fixtures/workspace/units/u01.sokonanoda
2026-10-06T05:23:16.528Z soko/project ok: project=units.u01 (2 modules) reason=null
2026-10-06T05:23:16.564Z active document changed: (none)
2026-10-06T05:23:16.564Z loadProject: no active .sokonanoda document
2026-10-06T05:23:16.575Z active document changed: file:///var/folders/81/6wvjcvys3y300jnj259_2jbw0000gn/T/sokonanoda-vscode-test-xZ8FRb/typing-latency.sokonanoda
2026-10-06T05:23:16.578Z soko/project ok: project=null reason=no-imports
2026-10-06T05:23:17.598Z soko/project ok: project=null reason=no-imports
2026-10-06T05:23:18.253Z soko/project ok: project=null reason=no-imports
PERF editor_keystroke_latency file=typing-latency.sokonanoda decls=24 diagnostics_ms=116 panel_ms=277 flicker_frames=0 keystrokes=8 lights_per_keystroke=0.00 tree_fires=4 typed=" intro hq"
2026-10-06T05:23:18.266Z active document changed: (none)
2026-10-06T05:23:18.267Z loadProject: no active .sokonanoda document
2026-10-06T05:23:18.280Z active document changed: file:///var/folders/81/6wvjcvys3y300jnj259_2jbw0000gn/T/sokonanoda-vscode-test-xZ8FRb/latency-project/units/typing.sokonanoda
2026-10-06T05:23:18.283Z soko/project ok: project=null reason=no-imports
2026-10-06T05:23:18.586Z soko/project ok: project=units.typing (2 modules) reason=null
2026-10-06T05:23:19.665Z soko/project ok: project=units.typing (2 modules) reason=null
2026-10-06T05:23:20.954Z soko/project ok: project=units.typing (2 modules) reason=null
2026-10-06T05:23:21.304Z soko/project ok: project=units.typing (2 modules) reason=null
PERF editor_keystroke_latency_project keystrokes=9 lights_showdelay_0=18 lights_default=0
2026-10-06T05:23:21.754Z active document changed: (none)
2026-10-06T05:23:21.754Z loadProject: no active .sokonanoda document
2026-10-06T05:23:21.770Z active document changed: file:///var/folders/81/6wvjcvys3y300jnj259_2jbw0000gn/T/sokonanoda-vscode-test-xZ8FRb/latency-steady/units/typing.sokonanoda
2026-10-06T05:23:21.773Z soko/project ok: project=null reason=no-imports
2026-10-06T05:23:21.976Z soko/project ok: project=null reason=no-imports
2026-10-06T05:23:22.277Z soko/project ok: project=units.typing (2 modules) reason=null
2026-10-06T05:23:22.810Z soko/project ok: project=units.typing (2 modules) reason=null
2026-10-06T05:23:22.820Z active document changed: (none)
2026-10-06T05:23:22.821Z loadProject: no active .sokonanoda document
2026-10-06T05:23:22.840Z client state: stopped
