# scripts/vscode-e2e.sh — VS Code 1.138.0 · extension v0.58.0 · b5d00c8ea866ca3f6f32d5d72e5d0a1f8377016d
# 结果：14 passing / 0 failing / 0 pending（exit=0）

## doctor（服务器解析与版本自述）
--- doctor ---
sokonanoda doctor — 扩展 v0.58.0 (6 checks)
[ok] 1/6 resolution：bundled — /home/runner/work/sokonanoda-lang/sokonanoda-lang/editor/vscode/bin/linux-x64/sokonanoda-lsp (source=bundled)
[ok] 2/6 server-version：0.58.0 (pid 2854) == 扩展 v0.58.0 (source=bundled)
[ok] 3/6 host-version：运行宿主 v0.58.0
[ok] 4/6 ignored-override：没有被忽略的 serverPath/env 覆盖
[info] 5/6 download-cache：无下载缓存（仅影响 CLI/universal 兜底，不影响内置服务器）
[info] 6/6 obsolete-versions：检测到 0 个扩展版本快照、0 个 .obsolete 条目；完整重启 VS Code 会自动清理

## 用例
    ✔ .sokonanoda files get the sokonanoda language id (65ms)
    ✔ confusable-character highlight is off for sokonanoda files
    ✔ #check results appear as inlay hints (144ms)
    ✔ clean lesson publishes empty diagnostics (78ms)
    ✔ kernel-rejected declaration carries the kernel-rejected code (39ms)
    ✔ open exercise carries a sorry warning, not an error
    ✔ a declaration named Prop warns, not errors
    ✔ open exercise shows a hover on the hole (57ms)
    ✔ restart server command re-syncs open documents (66ms)
    ✔ infoview command is registered and revealable (127ms)
    ✔ the project tree shows the real closure of an imported module (158ms)
    ✔ the project tree names the file a single-file document is (165ms)
    ✔ the project tree marks a broken import as the root cause (129ms)
    ✔ doctor command returns a read-only source + version report

## 扩展接线日志（SOKO_E2E_LOG）
2026-09-18T10:26:11.727Z server command: /home/runner/work/sokonanoda-lang/sokonanoda-lang/editor/vscode/bin/linux-x64/sokonanoda-lsp (source=bundled)
2026-09-18T10:26:11.727Z client state: starting
2026-09-18T10:26:11.740Z client state: running
2026-09-18T10:26:11.745Z loadProject: no active .sokonanoda document
2026-09-18T10:26:11.893Z active document changed: file:///tmp/sokonanoda-vscode-test-Sre8Zs/check.sokonanoda
2026-09-18T10:26:11.898Z soko/project ok: project=null reason=no-imports
2026-09-18T10:26:11.989Z active document changed: (none)
2026-09-18T10:26:11.989Z loadProject: no active .sokonanoda document
2026-09-18T10:26:12.017Z loadProject: no active .sokonanoda document
2026-09-18T10:26:12.020Z active document changed: file:///tmp/sokonanoda-vscode-test-Sre8Zs/lesson-clean.sokonanoda
2026-09-18T10:26:12.028Z soko/project ok: project=null reason=no-imports
2026-09-18T10:26:12.097Z active document changed: (none)
2026-09-18T10:26:12.097Z loadProject: no active .sokonanoda document
2026-09-18T10:26:12.131Z active document changed: file:///tmp/sokonanoda-vscode-test-Sre8Zs/kernel-bad.sokonanoda
2026-09-18T10:26:12.139Z soko/project ok: project=null reason=no-imports
2026-09-18T10:26:12.184Z active document changed: (none)
2026-09-18T10:26:12.184Z loadProject: no active .sokonanoda document
2026-09-18T10:26:12.213Z active document changed: file:///tmp/sokonanoda-vscode-test-Sre8Zs/exercise.sokonanoda
2026-09-18T10:26:12.218Z soko/project ok: project=null reason=no-imports
2026-09-18T10:26:12.255Z active document changed: (none)
2026-09-18T10:26:12.255Z loadProject: no active .sokonanoda document
2026-09-18T10:26:12.281Z active document changed: file:///tmp/sokonanoda-vscode-test-Sre8Zs/reserved.sokonanoda
2026-09-18T10:26:12.287Z soko/project ok: project=null reason=no-imports
2026-09-18T10:26:12.316Z active document changed: (none)
2026-09-18T10:26:12.316Z loadProject: no active .sokonanoda document
2026-09-18T10:26:12.348Z active document changed: file:///tmp/sokonanoda-vscode-test-Sre8Zs/exercise-hover.sokonanoda
2026-09-18T10:26:12.354Z soko/project ok: project=null reason=no-imports
2026-09-18T10:26:12.384Z active document changed: (none)
2026-09-18T10:26:12.384Z loadProject: no active .sokonanoda document
2026-09-18T10:26:12.416Z active document changed: file:///tmp/sokonanoda-vscode-test-Sre8Zs/restart.sokonanoda
2026-09-18T10:26:12.423Z soko/project ok: project=null reason=no-imports
2026-09-18T10:26:12.428Z client state: stopped
2026-09-18T10:26:12.431Z client state: starting
2026-09-18T10:26:12.449Z client state: running
2026-09-18T10:26:12.488Z active document changed: (none)
2026-09-18T10:26:12.488Z loadProject: no active .sokonanoda document
2026-09-18T10:26:12.653Z loadProject: no active .sokonanoda document
2026-09-18T10:26:12.671Z active document changed: file:///tmp/sokonanoda-vscode-test-Sre8Zs/proj-ok/Main.sokonanoda
2026-09-18T10:26:12.679Z soko/project ok: project=Main (2 modules) reason=null
2026-09-18T10:26:12.684Z soko/project ok: project=Main (2 modules) reason=null
2026-09-18T10:26:12.792Z active document changed: (none)
2026-09-18T10:26:12.792Z loadProject: no active .sokonanoda document
2026-09-18T10:26:12.850Z active document changed: file:///tmp/sokonanoda-vscode-test-Sre8Zs/single.sokonanoda
2026-09-18T10:26:12.856Z soko/project ok: project=null reason=no-imports
2026-09-18T10:26:12.856Z soko/project ok: project=null reason=no-imports
2026-09-18T10:26:12.861Z soko/project ok: project=null reason=no-imports
2026-09-18T10:26:12.966Z active document changed: (none)
2026-09-18T10:26:12.966Z loadProject: no active .sokonanoda document
2026-09-18T10:26:12.985Z active document changed: file:///tmp/sokonanoda-vscode-test-Sre8Zs/proj-broken/Main.sokonanoda
2026-09-18T10:26:12.996Z soko/project ok: project=Main (1 modules) reason=null
2026-09-18T10:26:12.997Z soko/project ok: project=Main (1 modules) reason=null
2026-09-18T10:26:13.031Z soko/project ok: project=Main (1 modules) reason=null
2026-09-18T10:26:13.102Z active document changed: (none)
2026-09-18T10:26:13.102Z loadProject: no active .sokonanoda document
2026-09-18T10:26:13.136Z client state: stopped
