# scripts/vscode-e2e.sh — VS Code 1.106.0 · extension v0.73.0 · 5cd382ba571fb930a9cd18fb6cd09ba21e39ff51
# 结果：32 passing / 0 failing / 0 pending（exit=0）

## doctor（服务器解析与版本自述）
--- doctor ---
sokonanoda doctor — 扩展 v0.73.0 (6 checks)
[ok] 1/6 resolution：bundled — /home/runner/work/sokonanoda-lang/sokonanoda-lang/editor/vscode/bin/linux-x64/sokonanoda-lsp (source=bundled)
[ok] 2/6 server-version：0.73.0 (pid 3066) == 扩展 v0.73.0 (source=bundled)
[ok] 3/6 host-version：运行宿主 v0.73.0
[ok] 4/6 ignored-override：没有被忽略的 serverPath/env 覆盖
[info] 5/6 download-cache：无下载缓存（仅影响 CLI/universal 兜底，不影响内置服务器）
[info] 6/6 obsolete-versions：检测到 0 个扩展版本快照、0 个 .obsolete 条目；完整重启 VS Code 会自动清理

## 用例
    ✔ .sokonanoda files get the sokonanoda language id (101ms)
    ✔ confusable-character highlight is off for sokonanoda files
    ✔ #check results appear as inlay hints (297ms)
    ✔ clean lesson publishes empty diagnostics (210ms)
    ✔ kernel-rejected declaration carries the kernel-rejected code (193ms)
    ✔ open exercise carries a sorry warning, not an error (79ms)
    ✔ a declaration named Prop warns, not errors (163ms)
    ✔ open exercise shows a hover on the hole (176ms)
    ✔ hover 的类型文本折成记法（T-U12 面 #3，e2e 那一份） (198ms)
    ✔ notation input: the rewriter produces ∧ and hover teaches \and (264ms)
    ✔ restart server command re-syncs open documents (118ms)
    ✔ infoview command is registered and revealable (188ms)
    ✔ the project tree shows the real closure of an imported module (291ms)
    ✔ the project tree names the file a single-file document is (186ms)
    ✔ the project tree marks a broken import as the root cause (178ms)
    ✔ build / rebuild commands warm the compile cache through the CLI (196ms)
    ✔ doctor command returns a read-only source + version report (72ms)
    ✔ declarations panel lists a project unit's declarations (43ms)
    ✔ open declaration ships coloured goal runs to the Infoview (58ms)
    ✔ next hole jumps inside a project unit (49ms)
    ✔ warmCacheOnOpen pre-builds the workspace at activation
    ✔ reopening a project unit hits the compile cache (5068ms)
    ✔ rewriting an unchanged project unit does not recompile (1541ms)
    ✔ editing a dependency refreshes the open unit once (6150ms)
    ✔ goal text uses the file's notation (737ms)
    ✔ goal text folds a binder notation whose type contains a lambda (343ms)
    ✔ Infoview 的 `⊢` 用记法箭头 `→`，且 runs 与 text 同源 (331ms)
    ✔ Infoview 里集合字面量显示成 `{a}`（不是 `Set.singleton α a`） (342ms)
    ✔ go to definition on a `{a}` set literal lands on `Set.singleton` (131ms)
    ✔ go to definition on a prelude name lands in the prelude source (130ms)
    ✔ go to definition on a notation symbol lands on its declaration (183ms)
    ✔ hover on a notation symbol shows the target's signature (194ms)

## 扩展接线日志（SOKO_E2E_LOG）
2026-09-27T11:37:03.239Z server command: /home/runner/work/sokonanoda-lang/sokonanoda-lang/editor/vscode/bin/linux-x64/sokonanoda-lsp (source=bundled)
2026-09-27T11:37:03.240Z client state: starting
2026-09-27T11:37:03.266Z client state: running
2026-09-27T11:37:03.276Z loadProject: no active .sokonanoda document
2026-09-27T11:37:03.634Z loadProject: no active .sokonanoda document
2026-09-27T11:37:03.656Z active document changed: file:///tmp/sokonanoda-vscode-test-FL0l85/check.sokonanoda
2026-09-27T11:37:03.667Z soko/project ok: project=null reason=no-imports
2026-09-27T11:37:03.806Z soko/project ok: project=null reason=no-imports
2026-09-27T11:37:03.829Z active document changed: (none)
2026-09-27T11:37:03.829Z loadProject: no active .sokonanoda document
2026-09-27T11:37:03.908Z active document changed: file:///tmp/sokonanoda-vscode-test-FL0l85/lesson-clean.sokonanoda
2026-09-27T11:37:03.935Z soko/project ok: project=null reason=no-imports
2026-09-27T11:37:04.056Z active document changed: (none)
2026-09-27T11:37:04.056Z loadProject: no active .sokonanoda document
2026-09-27T11:37:04.096Z loadProject: no active .sokonanoda document
2026-09-27T11:37:04.137Z active document changed: file:///tmp/sokonanoda-vscode-test-FL0l85/kernel-bad.sokonanoda
2026-09-27T11:37:04.155Z soko/project ok: project=null reason=no-imports
2026-09-27T11:37:04.268Z active document changed: (none)
2026-09-27T11:37:04.269Z loadProject: no active .sokonanoda document
2026-09-27T11:37:04.336Z active document changed: file:///tmp/sokonanoda-vscode-test-FL0l85/exercise.sokonanoda
2026-09-27T11:37:04.358Z soko/project ok: project=null reason=no-imports
2026-09-27T11:37:04.364Z soko/project ok: project=null reason=no-imports
2026-09-27T11:37:04.435Z active document changed: (none)
2026-09-27T11:37:04.435Z loadProject: no active .sokonanoda document
2026-09-27T11:37:04.484Z active document changed: file:///tmp/sokonanoda-vscode-test-FL0l85/reserved.sokonanoda
2026-09-27T11:37:04.503Z soko/project ok: project=null reason=no-imports
2026-09-27T11:37:04.539Z soko/project ok: project=null reason=no-imports
2026-09-27T11:37:04.638Z active document changed: (none)
2026-09-27T11:37:04.638Z loadProject: no active .sokonanoda document
2026-09-27T11:37:04.707Z loadProject: no active .sokonanoda document
2026-09-27T11:37:04.730Z active document changed: file:///tmp/sokonanoda-vscode-test-FL0l85/exercise-hover.sokonanoda
2026-09-27T11:37:04.747Z soko/project ok: project=null reason=no-imports
2026-09-27T11:37:04.852Z active document changed: (none)
2026-09-27T11:37:04.852Z loadProject: no active .sokonanoda document
2026-09-27T11:37:04.892Z loadProject: no active .sokonanoda document
2026-09-27T11:37:04.921Z active document changed: file:///home/runner/work/sokonanoda-lang/sokonanoda-lang/editor/vscode/src/test/fixtures/workspace/units/u01.sokonanoda
2026-09-27T11:37:04.941Z soko/project ok: project=units.u01 (2 modules) reason=null
2026-09-27T11:37:05.100Z soko/project ok: project=units.u01 (2 modules) reason=null
2026-09-27T11:37:05.117Z active document changed: (none)
2026-09-27T11:37:05.117Z loadProject: no active .sokonanoda document
2026-09-27T11:37:05.197Z active document changed: file:///tmp/sokonanoda-vscode-test-FL0l85/notation-input.sokonanoda
2026-09-27T11:37:05.210Z soko/project ok: project=null reason=no-imports
2026-09-27T11:37:05.412Z soko/project ok: project=null reason=no-imports
2026-09-27T11:37:05.413Z active document changed: (none)
2026-09-27T11:37:05.413Z loadProject: no active .sokonanoda document
2026-09-27T11:37:05.461Z active document changed: file:///tmp/sokonanoda-vscode-test-FL0l85/restart.sokonanoda
2026-09-27T11:37:05.477Z soko/project ok: project=null reason=no-imports
2026-09-27T11:37:05.479Z client state: stopped
2026-09-27T11:37:05.484Z client state: starting
2026-09-27T11:37:05.518Z client state: running
2026-09-27T11:37:05.587Z active document changed: (none)
2026-09-27T11:37:05.587Z loadProject: no active .sokonanoda document
2026-09-27T11:37:05.741Z loadProject: no active .sokonanoda document
2026-09-27T11:37:05.886Z active document changed: file:///tmp/sokonanoda-vscode-test-FL0l85/proj-ok/Main.sokonanoda
2026-09-27T11:37:05.899Z soko/project ok: project=Main (2 modules) reason=null
2026-09-27T11:37:05.906Z soko/project ok: project=Main (2 modules) reason=null
2026-09-27T11:37:06.012Z soko/project ok: project=Main (2 modules) reason=null
2026-09-27T11:37:06.101Z soko/project ok: project=Main (2 modules) reason=null
2026-09-27T11:37:06.123Z active document changed: (none)
2026-09-27T11:37:06.124Z loadProject: no active .sokonanoda document
2026-09-27T11:37:06.196Z active document changed: file:///tmp/sokonanoda-vscode-test-FL0l85/single.sokonanoda
2026-09-27T11:37:06.228Z soko/project ok: project=null reason=no-imports
2026-09-27T11:37:06.235Z soko/project ok: project=null reason=no-imports
2026-09-27T11:37:06.330Z active document changed: (none)
2026-09-27T11:37:06.330Z loadProject: no active .sokonanoda document
2026-09-27T11:37:06.376Z loadProject: no active .sokonanoda document
2026-09-27T11:37:06.390Z active document changed: file:///tmp/sokonanoda-vscode-test-FL0l85/proj-broken/Main.sokonanoda
2026-09-27T11:37:06.414Z soko/project ok: project=Main (1 modules) reason=null
2026-09-27T11:37:06.416Z soko/project ok: project=Main (1 modules) reason=null
2026-09-27T11:37:06.520Z active document changed: (none)
2026-09-27T11:37:06.520Z loadProject: no active .sokonanoda document
2026-09-27T11:37:06.572Z loadProject: no active .sokonanoda document
2026-09-27T11:37:06.592Z active document changed: file:///tmp/sokonanoda-vscode-test-FL0l85/build-smoke.sokonanoda
2026-09-27T11:37:06.655Z soko/project ok: project=null reason=no-imports
2026-09-27T11:37:06.680Z soko/project ok: project=null reason=no-imports
2026-09-27T11:37:06.722Z soko/project ok: project=null reason=no-imports
2026-09-27T11:37:06.791Z soko/project ok: project=null reason=no-imports
2026-09-27T11:37:06.796Z active document changed: (none)
2026-09-27T11:37:06.796Z loadProject: no active .sokonanoda document
2026-09-27T11:37:07.018Z active document changed: file:///home/runner/work/sokonanoda-lang/sokonanoda-lang/editor/vscode/src/test/fixtures/workspace/units/u01.sokonanoda
2026-09-27T11:37:07.053Z soko/project ok: project=units.u01 (2 modules) reason=null
2026-09-27T11:37:07.166Z active document changed: (none)
2026-09-27T11:37:07.166Z loadProject: no active .sokonanoda document
2026-09-27T11:37:07.209Z active document changed: file:///home/runner/work/sokonanoda-lang/sokonanoda-lang/editor/vscode/src/test/fixtures/workspace/units/u01.sokonanoda
2026-09-27T11:37:07.228Z soko/project ok: project=units.u01 (2 modules) reason=null
2026-09-27T11:37:07.318Z active document changed: (none)
2026-09-27T11:37:07.318Z loadProject: no active .sokonanoda document
2026-09-27T11:37:07.340Z warmCacheOnOpen: exit=0
2026-09-27T11:37:07.355Z active document changed: file:///home/runner/work/sokonanoda-lang/sokonanoda-lang/editor/vscode/src/test/fixtures/workspace/units/u01.sokonanoda
2026-09-27T11:37:07.364Z soko/project ok: project=units.u01 (2 modules) reason=null
2026-09-27T11:37:07.439Z active document changed: (none)
2026-09-27T11:37:07.439Z loadProject: no active .sokonanoda document
2026-09-27T11:37:07.487Z active document changed: file:///home/runner/work/sokonanoda-lang/sokonanoda-lang/editor/vscode/src/test/fixtures/workspace/units/u02-cold-open.sokonanoda
2026-09-27T11:37:07.507Z soko/project ok: project=null reason=no-imports
2026-09-27T11:37:12.424Z client state: stopped
2026-09-27T11:37:12.427Z client state: starting
2026-09-27T11:37:12.436Z client state: running
PERF e2e cache: cold=4963ms warm=103ms
2026-09-27T11:37:12.557Z active document changed: (none)
2026-09-27T11:37:12.557Z loadProject: no active .sokonanoda document
2026-09-27T11:37:12.586Z active document changed: file:///home/runner/work/sokonanoda-lang/sokonanoda-lang/editor/vscode/src/test/fixtures/workspace/units/u01.sokonanoda
2026-09-27T11:37:12.598Z soko/project ok: project=units.u01 (2 modules) reason=null
2026-09-27T11:37:12.744Z soko/project ok: project=units.u01 (2 modules) reason=null
2026-09-27T11:37:13.134Z soko/project ok: project=units.u01 (2 modules) reason=null
2026-09-27T11:37:14.108Z active document changed: (none)
2026-09-27T11:37:14.108Z loadProject: no active .sokonanoda document
2026-09-27T11:37:14.131Z active document changed: file:///home/runner/work/sokonanoda-lang/sokonanoda-lang/editor/vscode/src/test/fixtures/workspace/units/u01.sokonanoda
2026-09-27T11:37:14.141Z soko/project ok: project=units.u01 (2 modules) reason=null
2026-09-27T11:37:15.945Z soko/project ok: project=units.u01 (2 modules) reason=null
PERF e2e fanout: entry diagnostics signature=152 字节 · 稳定 ✓
2026-09-27T11:37:20.268Z active document changed: (none)
2026-09-27T11:37:20.269Z loadProject: no active .sokonanoda document
2026-09-27T11:37:20.293Z active document changed: file:///home/runner/work/sokonanoda-lang/sokonanoda-lang/editor/vscode/src/test/fixtures/workspace/units/u01.sokonanoda
2026-09-27T11:37:20.305Z soko/project ok: project=units.u01 (2 modules) reason=null
2026-09-27T11:37:20.951Z soko/project ok: project=units.u01 (2 modules) reason=null
2026-09-27T11:37:21.017Z active document changed: (none)
2026-09-27T11:37:21.017Z loadProject: no active .sokonanoda document
2026-09-27T11:37:21.046Z active document changed: file:///home/runner/work/sokonanoda-lang/sokonanoda-lang/editor/vscode/src/test/fixtures/workspace/units/u01.sokonanoda
2026-09-27T11:37:21.064Z soko/project ok: project=units.u01 (2 modules) reason=null
2026-09-27T11:37:21.372Z active document changed: (none)
2026-09-27T11:37:21.372Z loadProject: no active .sokonanoda document
2026-09-27T11:37:21.391Z active document changed: file:///home/runner/work/sokonanoda-lang/sokonanoda-lang/editor/vscode/src/test/fixtures/workspace/units/u01.sokonanoda
2026-09-27T11:37:21.407Z soko/project ok: project=units.u01 (2 modules) reason=null
2026-09-27T11:37:21.714Z active document changed: (none)
2026-09-27T11:37:21.714Z loadProject: no active .sokonanoda document
2026-09-27T11:37:21.745Z active document changed: file:///home/runner/work/sokonanoda-lang/sokonanoda-lang/editor/vscode/src/test/fixtures/workspace/units/u01.sokonanoda
2026-09-27T11:37:21.760Z soko/project ok: project=units.u01 (2 modules) reason=null
2026-09-27T11:37:22.068Z active document changed: (none)
2026-09-27T11:37:22.068Z loadProject: no active .sokonanoda document
2026-09-27T11:37:22.092Z active document changed: file:///home/runner/work/sokonanoda-lang/sokonanoda-lang/editor/vscode/src/test/fixtures/workspace/units/u01.sokonanoda
2026-09-27T11:37:22.107Z soko/project ok: project=units.u01 (2 modules) reason=null
2026-09-27T11:37:22.213Z active document changed: (none)
2026-09-27T11:37:22.213Z loadProject: no active .sokonanoda document
2026-09-27T11:37:22.239Z active document changed: file:///home/runner/work/sokonanoda-lang/sokonanoda-lang/editor/vscode/src/test/fixtures/workspace/units/u01.sokonanoda
2026-09-27T11:37:22.254Z soko/project ok: project=units.u01 (2 modules) reason=null
2026-09-27T11:37:22.355Z active document changed: (none)
2026-09-27T11:37:22.355Z loadProject: no active .sokonanoda document
2026-09-27T11:37:22.396Z active document changed: file:///home/runner/work/sokonanoda-lang/sokonanoda-lang/editor/vscode/src/test/fixtures/workspace/units/u01.sokonanoda
2026-09-27T11:37:22.419Z soko/project ok: project=units.u01 (2 modules) reason=null
2026-09-27T11:37:22.564Z active document changed: (none)
2026-09-27T11:37:22.564Z loadProject: no active .sokonanoda document
2026-09-27T11:37:22.614Z active document changed: file:///home/runner/work/sokonanoda-lang/sokonanoda-lang/editor/vscode/src/test/fixtures/workspace/units/u01.sokonanoda
2026-09-27T11:37:22.642Z soko/project ok: project=units.u01 (2 modules) reason=null
2026-09-27T11:37:22.783Z active document changed: (none)
2026-09-27T11:37:22.783Z loadProject: no active .sokonanoda document
2026-09-27T11:37:22.846Z client state: stopped
