# scripts/vscode-e2e.sh — VS Code 1.106.0 · extension v0.62.0 · c41cc96b05c186ce05bddf4e1cf12c8238657b7a
# 结果：16 passing / 0 failing / 0 pending（exit=0）

## doctor（服务器解析与版本自述）
--- doctor ---
sokonanoda doctor — 扩展 v0.62.0 (6 checks)
[ok] 1/6 resolution：bundled — /home/runner/work/sokonanoda-lang/sokonanoda-lang/editor/vscode/bin/linux-x64/sokonanoda-lsp (source=bundled)
[ok] 2/6 server-version：0.62.0 (pid 3047) == 扩展 v0.62.0 (source=bundled)
[ok] 3/6 host-version：运行宿主 v0.62.0
[ok] 4/6 ignored-override：没有被忽略的 serverPath/env 覆盖
[info] 5/6 download-cache：无下载缓存（仅影响 CLI/universal 兜底，不影响内置服务器）
[info] 6/6 obsolete-versions：检测到 0 个扩展版本快照、0 个 .obsolete 条目；完整重启 VS Code 会自动清理

## 用例
    ✔ .sokonanoda files get the sokonanoda language id (110ms)
    ✔ confusable-character highlight is off for sokonanoda files
    ✔ #check results appear as inlay hints (193ms)
    ✔ clean lesson publishes empty diagnostics (135ms)
    ✔ kernel-rejected declaration carries the kernel-rejected code (40ms)
    ✔ open exercise carries a sorry warning, not an error (41ms)
    ✔ a declaration named Prop warns, not errors (48ms)
    ✔ open exercise shows a hover on the hole (137ms)
    ✔ notation input: the rewriter produces ∧ and hover teaches \and (155ms)
    ✔ restart server command re-syncs open documents (125ms)
    ✔ infoview command is registered and revealable (133ms)
    ✔ the project tree shows the real closure of an imported module (221ms)
    ✔ the project tree names the file a single-file document is (152ms)
    ✔ the project tree marks a broken import as the root cause (148ms)
    ✔ build / rebuild commands warm the compile cache through the CLI (110ms)
    ✔ doctor command returns a read-only source + version report

## 扩展接线日志（SOKO_E2E_LOG）
2026-09-20T14:28:05.708Z server command: /home/runner/work/sokonanoda-lang/sokonanoda-lang/editor/vscode/bin/linux-x64/sokonanoda-lsp (source=bundled)
2026-09-20T14:28:05.709Z client state: starting
2026-09-20T14:28:05.730Z client state: running
2026-09-20T14:28:05.738Z loadProject: no active .sokonanoda document
2026-09-20T14:28:05.995Z active document changed: file:///tmp/sokonanoda-vscode-test-ihnQbR/check.sokonanoda
2026-09-20T14:28:06.007Z soko/project ok: project=null reason=no-imports
2026-09-20T14:28:06.125Z active document changed: (none)
2026-09-20T14:28:06.125Z loadProject: no active .sokonanoda document
2026-09-20T14:28:06.173Z loadProject: no active .sokonanoda document
2026-09-20T14:28:06.176Z active document changed: file:///tmp/sokonanoda-vscode-test-ihnQbR/lesson-clean.sokonanoda
2026-09-20T14:28:06.189Z soko/project ok: project=null reason=no-imports
2026-09-20T14:28:06.268Z active document changed: (none)
2026-09-20T14:28:06.268Z loadProject: no active .sokonanoda document
2026-09-20T14:28:06.303Z active document changed: file:///tmp/sokonanoda-vscode-test-ihnQbR/kernel-bad.sokonanoda
2026-09-20T14:28:06.314Z soko/project ok: project=null reason=no-imports
2026-09-20T14:28:06.364Z active document changed: (none)
2026-09-20T14:28:06.364Z loadProject: no active .sokonanoda document
2026-09-20T14:28:06.400Z active document changed: file:///tmp/sokonanoda-vscode-test-ihnQbR/exercise.sokonanoda
2026-09-20T14:28:06.410Z soko/project ok: project=null reason=no-imports
2026-09-20T14:28:06.458Z active document changed: (none)
2026-09-20T14:28:06.458Z loadProject: no active .sokonanoda document
2026-09-20T14:28:06.496Z active document changed: file:///tmp/sokonanoda-vscode-test-ihnQbR/reserved.sokonanoda
2026-09-20T14:28:06.508Z soko/project ok: project=null reason=no-imports
2026-09-20T14:28:06.562Z active document changed: (none)
2026-09-20T14:28:06.562Z loadProject: no active .sokonanoda document
2026-09-20T14:28:06.625Z active document changed: file:///tmp/sokonanoda-vscode-test-ihnQbR/exercise-hover.sokonanoda
2026-09-20T14:28:06.641Z soko/project ok: project=null reason=no-imports
2026-09-20T14:28:06.710Z active document changed: (none)
2026-09-20T14:28:06.710Z loadProject: no active .sokonanoda document
2026-09-20T14:28:06.767Z active document changed: file:///tmp/sokonanoda-vscode-test-ihnQbR/notation-input.sokonanoda
2026-09-20T14:28:06.784Z soko/project ok: project=null reason=no-imports
2026-09-20T14:28:06.805Z soko/project ok: project=null reason=no-imports
2026-09-20T14:28:06.907Z active document changed: (none)
2026-09-20T14:28:06.907Z loadProject: no active .sokonanoda document
2026-09-20T14:28:06.978Z active document changed: file:///tmp/sokonanoda-vscode-test-ihnQbR/restart.sokonanoda
2026-09-20T14:28:06.988Z soko/project ok: project=null reason=no-imports
2026-09-20T14:28:06.991Z soko/project ok: project=null reason=no-imports
2026-09-20T14:28:06.993Z client state: stopped
2026-09-20T14:28:06.998Z client state: starting
2026-09-20T14:28:07.024Z client state: running
2026-09-20T14:28:07.087Z active document changed: (none)
2026-09-20T14:28:07.087Z loadProject: no active .sokonanoda document
2026-09-20T14:28:07.230Z loadProject: no active .sokonanoda document
2026-09-20T14:28:07.337Z active document changed: file:///tmp/sokonanoda-vscode-test-ihnQbR/proj-ok/Main.sokonanoda
2026-09-20T14:28:07.354Z soko/project ok: project=Main (2 modules) reason=null
2026-09-20T14:28:07.357Z soko/project ok: project=Main (2 modules) reason=null
2026-09-20T14:28:07.469Z active document changed: (none)
2026-09-20T14:28:07.469Z loadProject: no active .sokonanoda document
2026-09-20T14:28:07.517Z active document changed: file:///tmp/sokonanoda-vscode-test-ihnQbR/single.sokonanoda
2026-09-20T14:28:07.528Z soko/project ok: project=null reason=no-imports
2026-09-20T14:28:07.530Z soko/project ok: project=null reason=no-imports
2026-09-20T14:28:07.636Z active document changed: (none)
2026-09-20T14:28:07.636Z loadProject: no active .sokonanoda document
2026-09-20T14:28:07.676Z active document changed: file:///tmp/sokonanoda-vscode-test-ihnQbR/proj-broken/Main.sokonanoda
2026-09-20T14:28:07.687Z soko/project ok: project=Main (1 modules) reason=null
2026-09-20T14:28:07.688Z soko/project ok: project=Main (1 modules) reason=null
2026-09-20T14:28:07.702Z soko/project ok: project=Main (1 modules) reason=null
2026-09-20T14:28:07.792Z active document changed: (none)
2026-09-20T14:28:07.792Z loadProject: no active .sokonanoda document
2026-09-20T14:28:07.829Z active document changed: file:///tmp/sokonanoda-vscode-test-ihnQbR/build-smoke.sokonanoda
2026-09-20T14:28:07.854Z soko/project ok: project=null reason=no-imports
2026-09-20T14:28:07.876Z soko/project ok: project=null reason=no-imports
2026-09-20T14:28:07.907Z soko/project ok: project=null reason=no-imports
2026-09-20T14:28:07.940Z active document changed: (none)
2026-09-20T14:28:07.940Z loadProject: no active .sokonanoda document
2026-09-20T14:28:08.019Z loadProject: no active .sokonanoda document
2026-09-20T14:28:08.056Z client state: stopped
