# scripts/vscode-e2e.sh — VS Code 1.138.0 · extension v0.65.3 · 1b4f3934f0d06ab04d643bdddadaa9803a54f6fb
# 结果：3 passing / 0 failing / 0 pending（exit=0）

## doctor（服务器解析与版本自述）
--- doctor ---
sokonanoda doctor — 扩展 v0.65.3 (6 checks)
[ok] 1/6 resolution：bundled — /Users/penglingwei/Documents/lean/sokonanoda/sokonanoda-lang/editor/vscode/bin/darwin-arm64/sokonanoda-lsp (source=bundled)
[ok] 2/6 server-version：0.65.3 (pid 36284) == 扩展 v0.65.3 (source=bundled)
[ok] 3/6 host-version：运行宿主 v0.65.3
[ok] 4/6 ignored-override：没有被忽略的 serverPath/env 覆盖
[info] 5/6 download-cache：缓存 marker 0.55.0 darwin-arm64 != 扩展 v0.65.3；可运行 sokonanoda update
[info] 6/6 obsolete-versions：检测到 0 个扩展版本快照、0 个 .obsolete 条目；完整重启 VS Code 会自动清理

## 用例
    ✔ the project tree shows the real closure of an imported module (287ms)
    ✔ the project tree names the file a single-file document is (134ms)
    ✔ the project tree marks a broken import as the root cause (125ms)

## 扩展接线日志（SOKO_E2E_LOG）
2026-09-24T03:56:42.514Z server command: /Users/penglingwei/Documents/lean/sokonanoda/sokonanoda-lang/editor/vscode/bin/darwin-arm64/sokonanoda-lsp (source=bundled)
2026-09-24T03:56:42.515Z client state: starting
2026-09-24T03:56:43.096Z warmCacheOnOpen: exit=0
2026-09-24T03:56:43.467Z client state: running
2026-09-24T03:56:43.470Z loadProject: no active .sokonanoda document
2026-09-24T03:56:43.541Z active document changed: file:///var/folders/81/6wvjcvys3y300jnj259_2jbw0000gn/T/sokonanoda-vscode-test-U8OXfR/proj-ok/Main.sokonanoda
2026-09-24T03:56:43.544Z soko/project ok: project=Main (2 modules) reason=null
2026-09-24T03:56:43.558Z soko/project ok: project=Main (2 modules) reason=null
2026-09-24T03:56:43.660Z soko/project ok: project=Main (2 modules) reason=null
2026-09-24T03:56:43.735Z soko/project ok: project=Main (2 modules) reason=null
2026-09-24T03:56:43.771Z active document changed: (none)
2026-09-24T03:56:43.771Z loadProject: no active .sokonanoda document
2026-09-24T03:56:43.797Z active document changed: file:///var/folders/81/6wvjcvys3y300jnj259_2jbw0000gn/T/sokonanoda-vscode-test-U8OXfR/single.sokonanoda
2026-09-24T03:56:43.799Z soko/project ok: project=null reason=no-imports
2026-09-24T03:56:43.808Z soko/project ok: project=null reason=no-imports
2026-09-24T03:56:43.914Z active document changed: (none)
2026-09-24T03:56:43.914Z loadProject: no active .sokonanoda document
2026-09-24T03:56:43.932Z active document changed: file:///var/folders/81/6wvjcvys3y300jnj259_2jbw0000gn/T/sokonanoda-vscode-test-U8OXfR/proj-broken/Main.sokonanoda
2026-09-24T03:56:43.935Z soko/project ok: project=Main (1 modules) reason=null
2026-09-24T03:56:43.942Z soko/project ok: project=Main (1 modules) reason=null
2026-09-24T03:56:44.047Z active document changed: (none)
2026-09-24T03:56:44.047Z loadProject: no active .sokonanoda document
2026-09-24T03:56:44.061Z client state: stopped
