# scripts/vscode-e2e.sh — VS Code 1.106.0 · extension v0.78.0 · f685ff934e8455bf1a88dda637ad31b643ed1785
# 结果：35 passing / 0 failing / 0 pending（exit=0）

## doctor（服务器解析与版本自述）
--- doctor ---
sokonanoda doctor — 扩展 v0.78.0 (6 checks)
[ok] 1/6 resolution：bundled — /home/runner/work/sokonanoda-lang/sokonanoda-lang/editor/vscode/bin/linux-x64/sokonanoda-lsp (source=bundled)
[ok] 2/6 server-version：0.78.0 (pid 2851) == 扩展 v0.78.0 (source=bundled)
[ok] 3/6 host-version：运行宿主 v0.78.0
[ok] 4/6 ignored-override：没有被忽略的 serverPath/env 覆盖
[info] 5/6 download-cache：无下载缓存（仅影响 CLI/universal 兜底，不影响内置服务器）
[info] 6/6 obsolete-versions：检测到 0 个扩展版本快照、0 个 .obsolete 条目；完整重启 VS Code 会自动清理

## 用例
    ✔ .sokonanoda files get the sokonanoda language id (165ms)
    ✔ confusable-character highlight is off for sokonanoda files
    ✔ #check results appear as inlay hints (274ms)
    ✔ clean lesson publishes empty diagnostics (192ms)
    ✔ kernel-rejected declaration carries the kernel-rejected code (184ms)
    ✔ open exercise carries a sorry warning, not an error (136ms)
    ✔ a declaration named Prop warns, not errors (71ms)
    ✔ open exercise shows a hover on the hole (95ms)
    ✔ hover 的类型文本折成记法（T-U12 面 #3，e2e 那一份） (192ms)
    ✔ notation input: the rewriter produces ∧ and hover teaches \and (230ms)
    ✔ restart server command re-syncs open documents (153ms)
    ✔ infoview command is registered and revealable (130ms)
    ✔ the project tree shows the real closure of an imported module (279ms)
    ✔ the project tree names the file a single-file document is (157ms)
    ✔ the project tree marks a broken import as the root cause (149ms)
    ✔ build / rebuild commands warm the compile cache through the CLI (12182ms)
    ✔ Clean Cache empties the project store and does not compile (E31) (7569ms)
    ✔ the Infoview receives the project view (E30) (44ms)
    ✔ Infoview 'definition' lands exactly where the editor F12 lands (E27) (137ms)
    ✔ doctor command returns a read-only source + version report
    ✔ declarations panel lists a project unit's declarations
    ✔ open declaration ships coloured goal runs to the Infoview
    ✔ next hole jumps inside a project unit
    ✔ warmCacheOnOpen pre-builds the workspace at activation
    ✔ reopening a project unit hits the compile cache (4941ms)
    ✔ rewriting an unchanged project unit does not recompile (1946ms)
    ✔ editing a dependency refreshes the open unit once (5640ms)
    ✔ goal text uses the file's notation (632ms)
    ✔ goal text folds a binder notation whose type contains a lambda (331ms)
    ✔ Infoview 的 `⊢` 用记法箭头 `→`，且 runs 与 text 同源 (326ms)
    ✔ Infoview 里集合字面量显示成 `{a}`（不是 `Set.singleton α a`） (324ms)
    ✔ go to definition on a `{a}` set literal lands on `Set.singleton` (88ms)
    ✔ go to definition on a prelude name lands in the prelude source (89ms)
    ✔ go to definition on a notation symbol lands on its declaration (148ms)
    ✔ hover on a notation symbol shows the target's signature (149ms)

## 扩展接线日志（SOKO_E2E_LOG）
2026-09-29T07:44:16.362Z server command: /home/runner/work/sokonanoda-lang/sokonanoda-lang/editor/vscode/bin/linux-x64/sokonanoda-lsp (source=bundled)
2026-09-29T07:44:16.363Z client state: starting
2026-09-29T07:44:16.384Z client state: running
2026-09-29T07:44:16.392Z loadProject: no active .sokonanoda document
2026-09-29T07:44:16.777Z active document changed: file:///tmp/sokonanoda-vscode-test-eFmyTG/check.sokonanoda
2026-09-29T07:44:16.787Z soko/project ok: project=null reason=no-imports
2026-09-29T07:44:16.952Z soko/project ok: project=null reason=no-imports
2026-09-29T07:44:16.965Z active document changed: (none)
2026-09-29T07:44:16.966Z loadProject: no active .sokonanoda document
2026-09-29T07:44:17.039Z active document changed: file:///tmp/sokonanoda-vscode-test-eFmyTG/lesson-clean.sokonanoda
2026-09-29T07:44:17.057Z soko/project ok: project=null reason=no-imports
2026-09-29T07:44:17.180Z active document changed: (none)
2026-09-29T07:44:17.180Z loadProject: no active .sokonanoda document
2026-09-29T07:44:17.237Z loadProject: no active .sokonanoda document
2026-09-29T07:44:17.260Z active document changed: file:///tmp/sokonanoda-vscode-test-eFmyTG/kernel-bad.sokonanoda
2026-09-29T07:44:17.275Z soko/project ok: project=null reason=no-imports
2026-09-29T07:44:17.385Z active document changed: (none)
2026-09-29T07:44:17.385Z loadProject: no active .sokonanoda document
2026-09-29T07:44:17.474Z loadProject: no active .sokonanoda document
2026-09-29T07:44:17.505Z active document changed: file:///tmp/sokonanoda-vscode-test-eFmyTG/exercise.sokonanoda
2026-09-29T07:44:17.526Z soko/project ok: project=null reason=no-imports
2026-09-29T07:44:17.568Z active document changed: (none)
2026-09-29T07:44:17.568Z loadProject: no active .sokonanoda document
2026-09-29T07:44:17.632Z active document changed: file:///tmp/sokonanoda-vscode-test-eFmyTG/reserved.sokonanoda
2026-09-29T07:44:17.644Z soko/project ok: project=null reason=no-imports
2026-09-29T07:44:17.674Z active document changed: (none)
2026-09-29T07:44:17.674Z loadProject: no active .sokonanoda document
2026-09-29T07:44:17.722Z active document changed: file:///tmp/sokonanoda-vscode-test-eFmyTG/exercise-hover.sokonanoda
2026-09-29T07:44:17.731Z soko/project ok: project=null reason=no-imports
2026-09-29T07:44:17.776Z active document changed: (none)
2026-09-29T07:44:17.776Z loadProject: no active .sokonanoda document
2026-09-29T07:44:17.822Z active document changed: file:///home/runner/work/sokonanoda-lang/sokonanoda-lang/editor/vscode/src/test/fixtures/workspace/units/u01.sokonanoda
2026-09-29T07:44:17.838Z soko/project ok: project=units.u01 (2 modules) reason=null
2026-09-29T07:44:17.988Z active document changed: (none)
2026-09-29T07:44:17.988Z loadProject: no active .sokonanoda document
2026-09-29T07:44:18.008Z loadProject: no active .sokonanoda document
2026-09-29T07:44:18.116Z active document changed: file:///tmp/sokonanoda-vscode-test-eFmyTG/notation-input.sokonanoda
2026-09-29T07:44:18.130Z soko/project ok: project=null reason=no-imports
2026-09-29T07:44:18.256Z active document changed: (none)
2026-09-29T07:44:18.256Z loadProject: no active .sokonanoda document
2026-09-29T07:44:18.331Z active document changed: file:///tmp/sokonanoda-vscode-test-eFmyTG/restart.sokonanoda
2026-09-29T07:44:18.344Z soko/project ok: project=null reason=no-imports
2026-09-29T07:44:18.348Z client state: stopped
2026-09-29T07:44:18.350Z soko/project ok: project=null reason=no-imports
2026-09-29T07:44:18.351Z client state: starting
2026-09-29T07:44:18.388Z client state: running
2026-09-29T07:44:18.435Z active document changed: (none)
2026-09-29T07:44:18.435Z loadProject: no active .sokonanoda document
2026-09-29T07:44:18.607Z loadProject: no active .sokonanoda document
2026-09-29T07:44:18.639Z active document changed: file:///tmp/sokonanoda-vscode-test-eFmyTG/proj-ok/Main.sokonanoda
2026-09-29T07:44:18.655Z soko/project ok: project=null reason=no-imports
2026-09-29T07:44:18.656Z soko/project ok: project=null reason=no-imports
2026-09-29T07:44:18.755Z soko/project ok: project=Main (2 modules) reason=null
2026-09-29T07:44:18.865Z active document changed: (none)
2026-09-29T07:44:18.865Z loadProject: no active .sokonanoda document
2026-09-29T07:44:18.887Z loadProject: no active .sokonanoda document
2026-09-29T07:44:18.916Z active document changed: file:///tmp/sokonanoda-vscode-test-eFmyTG/single.sokonanoda
2026-09-29T07:44:18.926Z soko/project ok: project=null reason=no-imports
2026-09-29T07:44:18.928Z soko/project ok: project=null reason=no-imports
2026-09-29T07:44:19.038Z active document changed: (none)
2026-09-29T07:44:19.038Z loadProject: no active .sokonanoda document
2026-09-29T07:44:19.080Z active document changed: file:///tmp/sokonanoda-vscode-test-eFmyTG/proj-broken/Main.sokonanoda
2026-09-29T07:44:19.094Z soko/project ok: project=Main (1 modules) reason=null
2026-09-29T07:44:19.095Z soko/project ok: project=Main (1 modules) reason=null
2026-09-29T07:44:19.099Z soko/project ok: project=Main (1 modules) reason=null
2026-09-29T07:44:19.204Z active document changed: (none)
2026-09-29T07:44:19.204Z loadProject: no active .sokonanoda document
2026-09-29T07:44:19.249Z active document changed: file:///home/runner/work/sokonanoda-lang/sokonanoda-lang/editor/vscode/src/test/fixtures/workspace/units/u01.sokonanoda
2026-09-29T07:44:19.269Z soko/project ok: project=units.u01 (2 modules) reason=null
2026-09-29T07:44:19.273Z soko/project ok: project=units.u01 (2 modules) reason=null
2026-09-29T07:44:22.359Z warmCacheOnOpen: exit=0
2026-09-29T07:44:25.379Z soko/project ok: project=units.u01 (2 modules) reason=null
2026-09-29T07:44:31.391Z soko/project ok: project=units.u01 (2 modules) reason=null
2026-09-29T07:44:31.406Z active document changed: (none)
2026-09-29T07:44:31.406Z loadProject: no active .sokonanoda document
2026-09-29T07:44:31.445Z active document changed: file:///home/runner/work/sokonanoda-lang/sokonanoda-lang/editor/vscode/src/test/fixtures/workspace/units/u01.sokonanoda
2026-09-29T07:44:31.454Z soko/project ok: project=units.u01 (2 modules) reason=null
2026-09-29T07:44:32.466Z soko/project ok: project=units.u01 (2 modules) reason=null
2026-09-29T07:44:32.472Z soko/project ok: project=units.u01 (2 modules) reason=null
2026-09-29T07:44:38.980Z soko/project ok: project=units.u01 (2 modules) reason=null
2026-09-29T07:44:38.999Z active document changed: (none)
2026-09-29T07:44:38.999Z loadProject: no active .sokonanoda document
2026-09-29T07:44:39.034Z active document changed: file:///home/runner/work/sokonanoda-lang/sokonanoda-lang/editor/vscode/src/test/fixtures/workspace/units/u01.sokonanoda
2026-09-29T07:44:39.043Z soko/project ok: project=units.u01 (2 modules) reason=null
2026-09-29T07:44:39.094Z active document changed: (none)
2026-09-29T07:44:39.094Z loadProject: no active .sokonanoda document
2026-09-29T07:44:39.117Z active document changed: file:///home/runner/work/sokonanoda-lang/sokonanoda-lang/editor/vscode/src/test/fixtures/workspace/units/u01.sokonanoda
2026-09-29T07:44:39.123Z soko/project ok: project=units.u01 (2 modules) reason=null
2026-09-29T07:44:39.208Z active document changed: (none)
2026-09-29T07:44:39.208Z loadProject: no active .sokonanoda document
2026-09-29T07:44:39.220Z active document changed: file:///home/runner/work/sokonanoda-lang/sokonanoda-lang/editor/vscode/src/test/fixtures/workspace/lib/Set.sokonanoda
2026-09-29T07:44:39.238Z soko/project ok: project=null reason=no-imports
2026-09-29T07:44:39.300Z active document changed: (none)
2026-09-29T07:44:39.300Z loadProject: no active .sokonanoda document
2026-09-29T07:44:39.338Z active document changed: file:///home/runner/work/sokonanoda-lang/sokonanoda-lang/editor/vscode/src/test/fixtures/workspace/units/u01.sokonanoda
2026-09-29T07:44:39.350Z soko/project ok: project=units.u01 (2 modules) reason=null
2026-09-29T07:44:39.412Z active document changed: (none)
2026-09-29T07:44:39.412Z loadProject: no active .sokonanoda document
2026-09-29T07:44:39.413Z soko/project answer for another document: file:///home/runner/work/sokonanoda-lang/sokonanoda-lang/editor/vscode/src/test/fixtures/workspace/units/u01.sokonanoda
2026-09-29T07:44:39.440Z active document changed: file:///home/runner/work/sokonanoda-lang/sokonanoda-lang/editor/vscode/src/test/fixtures/workspace/units/u01.sokonanoda
2026-09-29T07:44:39.450Z soko/project ok: project=units.u01 (2 modules) reason=null
2026-09-29T07:44:39.504Z active document changed: (none)
2026-09-29T07:44:39.504Z loadProject: no active .sokonanoda document
2026-09-29T07:44:39.523Z active document changed: file:///home/runner/work/sokonanoda-lang/sokonanoda-lang/editor/vscode/src/test/fixtures/workspace/units/u01.sokonanoda
2026-09-29T07:44:39.533Z soko/project ok: project=units.u01 (2 modules) reason=null
2026-09-29T07:44:39.573Z active document changed: (none)
2026-09-29T07:44:39.573Z loadProject: no active .sokonanoda document
2026-09-29T07:44:39.605Z active document changed: file:///home/runner/work/sokonanoda-lang/sokonanoda-lang/editor/vscode/src/test/fixtures/workspace/units/u02-cold-open.sokonanoda
2026-09-29T07:44:39.625Z soko/project ok: project=null reason=no-imports
2026-09-29T07:44:44.480Z client state: stopped
2026-09-29T07:44:44.482Z client state: starting
2026-09-29T07:44:44.491Z client state: running
PERF e2e cache: cold=4888ms warm=52ms
2026-09-29T07:44:44.571Z active document changed: (none)
2026-09-29T07:44:44.571Z loadProject: no active .sokonanoda document
2026-09-29T07:44:44.607Z active document changed: file:///home/runner/work/sokonanoda-lang/sokonanoda-lang/editor/vscode/src/test/fixtures/workspace/units/u01.sokonanoda
2026-09-29T07:44:44.617Z soko/project ok: project=units.u01 (2 modules) reason=null
2026-09-29T07:44:44.801Z soko/project ok: project=units.u01 (2 modules) reason=null
2026-09-29T07:44:45.147Z soko/project ok: project=units.u01 (2 modules) reason=null
2026-09-29T07:44:45.605Z soko/project ok: project=units.u01 (2 modules) reason=null
2026-09-29T07:44:46.528Z active document changed: (none)
2026-09-29T07:44:46.528Z loadProject: no active .sokonanoda document
2026-09-29T07:44:46.548Z active document changed: file:///home/runner/work/sokonanoda-lang/sokonanoda-lang/editor/vscode/src/test/fixtures/workspace/units/u01.sokonanoda
2026-09-29T07:44:46.556Z soko/project ok: project=units.u01 (2 modules) reason=null
2026-09-29T07:44:47.271Z soko/project ok: project=units.u01 (2 modules) reason=null
2026-09-29T07:44:47.808Z soko/project ok: project=units.u01 (2 modules) reason=null
PERF e2e fanout: entry diagnostics signature=152 字节 · 稳定 ✓
2026-09-29T07:44:52.178Z active document changed: (none)
2026-09-29T07:44:52.178Z loadProject: no active .sokonanoda document
2026-09-29T07:44:52.199Z active document changed: file:///home/runner/work/sokonanoda-lang/sokonanoda-lang/editor/vscode/src/test/fixtures/workspace/units/u01.sokonanoda
2026-09-29T07:44:52.210Z soko/project ok: project=units.u01 (2 modules) reason=null
2026-09-29T07:44:52.785Z soko/project ok: project=units.u01 (2 modules) reason=null
2026-09-29T07:44:52.822Z active document changed: (none)
2026-09-29T07:44:52.822Z loadProject: no active .sokonanoda document
2026-09-29T07:44:52.845Z active document changed: file:///home/runner/work/sokonanoda-lang/sokonanoda-lang/editor/vscode/src/test/fixtures/workspace/units/u01.sokonanoda
2026-09-29T07:44:52.856Z soko/project ok: project=units.u01 (2 modules) reason=null
2026-09-29T07:44:53.168Z active document changed: (none)
2026-09-29T07:44:53.168Z loadProject: no active .sokonanoda document
2026-09-29T07:44:53.184Z active document changed: file:///home/runner/work/sokonanoda-lang/sokonanoda-lang/editor/vscode/src/test/fixtures/workspace/units/u01.sokonanoda
2026-09-29T07:44:53.195Z soko/project ok: project=units.u01 (2 modules) reason=null
2026-09-29T07:44:53.503Z active document changed: (none)
2026-09-29T07:44:53.503Z loadProject: no active .sokonanoda document
2026-09-29T07:44:53.518Z active document changed: file:///home/runner/work/sokonanoda-lang/sokonanoda-lang/editor/vscode/src/test/fixtures/workspace/units/u01.sokonanoda
2026-09-29T07:44:53.533Z soko/project ok: project=units.u01 (2 modules) reason=null
2026-09-29T07:44:53.836Z active document changed: (none)
2026-09-29T07:44:53.836Z loadProject: no active .sokonanoda document
2026-09-29T07:44:53.858Z active document changed: file:///home/runner/work/sokonanoda-lang/sokonanoda-lang/editor/vscode/src/test/fixtures/workspace/units/u01.sokonanoda
2026-09-29T07:44:53.872Z soko/project ok: project=units.u01 (2 modules) reason=null
2026-09-29T07:44:53.934Z active document changed: (none)
2026-09-29T07:44:53.934Z loadProject: no active .sokonanoda document
2026-09-29T07:44:53.951Z active document changed: file:///home/runner/work/sokonanoda-lang/sokonanoda-lang/editor/vscode/src/test/fixtures/workspace/units/u01.sokonanoda
2026-09-29T07:44:53.967Z soko/project ok: project=units.u01 (2 modules) reason=null
2026-09-29T07:44:54.039Z active document changed: (none)
2026-09-29T07:44:54.039Z loadProject: no active .sokonanoda document
2026-09-29T07:44:54.081Z active document changed: file:///home/runner/work/sokonanoda-lang/sokonanoda-lang/editor/vscode/src/test/fixtures/workspace/units/u01.sokonanoda
2026-09-29T07:44:54.094Z soko/project ok: project=units.u01 (2 modules) reason=null
2026-09-29T07:44:54.207Z active document changed: (none)
2026-09-29T07:44:54.207Z loadProject: no active .sokonanoda document
2026-09-29T07:44:54.259Z active document changed: file:///home/runner/work/sokonanoda-lang/sokonanoda-lang/editor/vscode/src/test/fixtures/workspace/units/u01.sokonanoda
2026-09-29T07:44:54.274Z soko/project ok: project=units.u01 (2 modules) reason=null
2026-09-29T07:44:54.383Z active document changed: (none)
2026-09-29T07:44:54.383Z loadProject: no active .sokonanoda document
2026-09-29T07:44:54.441Z client state: stopped
