# scripts/vscode-e2e.sh — VS Code 1.106.0 · extension v0.65.2 · d321f3c46aeaf4b41ce968fad0d231368f360a94
# 结果：25 passing / 0 failing / 0 pending（exit=0）

## doctor（服务器解析与版本自述）
--- doctor ---
sokonanoda doctor — 扩展 v0.65.2 (6 checks)
[ok] 1/6 resolution：bundled — /home/runner/work/sokonanoda-lang/sokonanoda-lang/editor/vscode/bin/linux-x64/sokonanoda-lsp (source=bundled)
[ok] 2/6 server-version：0.65.2 (pid 2820) == 扩展 v0.65.2 (source=bundled)
[ok] 3/6 host-version：运行宿主 v0.65.2
[ok] 4/6 ignored-override：没有被忽略的 serverPath/env 覆盖
[info] 5/6 download-cache：无下载缓存（仅影响 CLI/universal 兜底，不影响内置服务器）
[info] 6/6 obsolete-versions：检测到 0 个扩展版本快照、0 个 .obsolete 条目；完整重启 VS Code 会自动清理

## 用例
    ✔ .sokonanoda files get the sokonanoda language id (70ms)
    ✔ confusable-character highlight is off for sokonanoda files
    ✔ #check results appear as inlay hints (135ms)
    ✔ clean lesson publishes empty diagnostics (84ms)
    ✔ kernel-rejected declaration carries the kernel-rejected code (40ms)
    ✔ open exercise carries a sorry warning, not an error
    ✔ a declaration named Prop warns, not errors
    ✔ open exercise shows a hover on the hole (77ms)
    ✔ notation input: the rewriter produces ∧ and hover teaches \and (105ms)
    ✔ restart server command re-syncs open documents (71ms)
    ✔ infoview command is registered and revealable (81ms)
    ✔ the project tree shows the real closure of an imported module (190ms)
    ✔ the project tree names the file a single-file document is (147ms)
    ✔ the project tree marks a broken import as the root cause (129ms)
    ✔ build / rebuild commands warm the compile cache through the CLI (72ms)
    ✔ doctor command returns a read-only source + version report
    ✔ declarations panel lists a project unit's declarations (460ms)
    ✔ next hole jumps inside a project unit
    ✔ warmCacheOnOpen pre-builds the workspace at activation
    ✔ reopening a project unit hits the compile cache (3251ms)
    ✔ rewriting an unchanged project unit does not recompile (1539ms)
    ✔ editing a dependency refreshes the open unit once (1526ms)
    ✔ goal text uses the file's notation (738ms)
    ✔ go to definition on a notation symbol lands on its declaration (93ms)
    ✔ hover on a notation symbol shows the target's signature (90ms)

## 扩展接线日志（SOKO_E2E_LOG）
2026-09-23T20:45:38.243Z server command: /home/runner/work/sokonanoda-lang/sokonanoda-lang/editor/vscode/bin/linux-x64/sokonanoda-lsp (source=bundled)
2026-09-23T20:45:38.244Z client state: starting
2026-09-23T20:45:38.257Z client state: running
2026-09-23T20:45:38.263Z loadProject: no active .sokonanoda document
2026-09-23T20:45:38.431Z warmCacheOnOpen: exit=0
2026-09-23T20:45:38.475Z active document changed: file:///tmp/sokonanoda-vscode-test-F2MZmy/check.sokonanoda
2026-09-23T20:45:38.486Z soko/project ok: project=null reason=no-imports
2026-09-23T20:45:38.566Z active document changed: (none)
2026-09-23T20:45:38.566Z loadProject: no active .sokonanoda document
2026-09-23T20:45:38.594Z active document changed: file:///tmp/sokonanoda-vscode-test-F2MZmy/lesson-clean.sokonanoda
2026-09-23T20:45:38.603Z soko/project ok: project=null reason=no-imports
2026-09-23T20:45:38.661Z active document changed: (none)
2026-09-23T20:45:38.661Z loadProject: no active .sokonanoda document
2026-09-23T20:45:38.695Z active document changed: file:///tmp/sokonanoda-vscode-test-F2MZmy/kernel-bad.sokonanoda
2026-09-23T20:45:38.701Z soko/project ok: project=null reason=no-imports
2026-09-23T20:45:38.744Z active document changed: (none)
2026-09-23T20:45:38.744Z loadProject: no active .sokonanoda document
2026-09-23T20:45:38.776Z active document changed: file:///tmp/sokonanoda-vscode-test-F2MZmy/exercise.sokonanoda
2026-09-23T20:45:38.783Z soko/project ok: project=null reason=no-imports
2026-09-23T20:45:38.817Z active document changed: (none)
2026-09-23T20:45:38.817Z loadProject: no active .sokonanoda document
2026-09-23T20:45:38.846Z active document changed: file:///tmp/sokonanoda-vscode-test-F2MZmy/reserved.sokonanoda
2026-09-23T20:45:38.853Z soko/project ok: project=null reason=no-imports
2026-09-23T20:45:38.877Z active document changed: (none)
2026-09-23T20:45:38.877Z loadProject: no active .sokonanoda document
2026-09-23T20:45:38.926Z active document changed: file:///tmp/sokonanoda-vscode-test-F2MZmy/exercise-hover.sokonanoda
2026-09-23T20:45:38.933Z soko/project ok: project=null reason=no-imports
2026-09-23T20:45:38.960Z active document changed: (none)
2026-09-23T20:45:38.961Z loadProject: no active .sokonanoda document
2026-09-23T20:45:38.989Z active document changed: file:///tmp/sokonanoda-vscode-test-F2MZmy/notation-input.sokonanoda
2026-09-23T20:45:38.995Z soko/project ok: project=null reason=no-imports
2026-09-23T20:45:39.082Z active document changed: (none)
2026-09-23T20:45:39.082Z loadProject: no active .sokonanoda document
2026-09-23T20:45:39.108Z active document changed: file:///tmp/sokonanoda-vscode-test-F2MZmy/restart.sokonanoda
2026-09-23T20:45:39.117Z soko/project ok: project=null reason=no-imports
2026-09-23T20:45:39.118Z client state: stopped
2026-09-23T20:45:39.122Z client state: starting
2026-09-23T20:45:39.144Z client state: running
2026-09-23T20:45:39.177Z active document changed: (none)
2026-09-23T20:45:39.177Z loadProject: no active .sokonanoda document
2026-09-23T20:45:39.351Z loadProject: no active .sokonanoda document
2026-09-23T20:45:39.352Z active document changed: file:///tmp/sokonanoda-vscode-test-F2MZmy/proj-ok/Main.sokonanoda
2026-09-23T20:45:39.361Z soko/project ok: project=Main (2 modules) reason=null
2026-09-23T20:45:39.362Z soko/project ok: project=Main (2 modules) reason=null
2026-09-23T20:45:39.471Z active document changed: (none)
2026-09-23T20:45:39.471Z loadProject: no active .sokonanoda document
2026-09-23T20:45:39.512Z active document changed: file:///tmp/sokonanoda-vscode-test-F2MZmy/single.sokonanoda
2026-09-23T20:45:39.520Z soko/project ok: project=null reason=no-imports
2026-09-23T20:45:39.522Z soko/project ok: project=null reason=no-imports
2026-09-23T20:45:39.627Z active document changed: (none)
2026-09-23T20:45:39.627Z loadProject: no active .sokonanoda document
2026-09-23T20:45:39.652Z active document changed: file:///tmp/sokonanoda-vscode-test-F2MZmy/proj-broken/Main.sokonanoda
2026-09-23T20:45:39.658Z soko/project ok: project=Main (1 modules) reason=null
2026-09-23T20:45:39.660Z soko/project ok: project=Main (1 modules) reason=null
2026-09-23T20:45:39.765Z active document changed: (none)
2026-09-23T20:45:39.765Z loadProject: no active .sokonanoda document
2026-09-23T20:45:39.792Z active document changed: file:///tmp/sokonanoda-vscode-test-F2MZmy/build-smoke.sokonanoda
2026-09-23T20:45:39.805Z soko/project ok: project=null reason=no-imports
2026-09-23T20:45:39.823Z soko/project ok: project=null reason=no-imports
2026-09-23T20:45:39.841Z soko/project ok: project=null reason=no-imports
2026-09-23T20:45:39.878Z active document changed: (none)
2026-09-23T20:45:39.878Z loadProject: no active .sokonanoda document
2026-09-23T20:45:39.963Z active document changed: file:///home/runner/work/sokonanoda-lang/sokonanoda-lang/editor/vscode/src/test/fixtures/workspace/units/u01.sokonanoda
2026-09-23T20:45:39.971Z soko/project ok: project=null reason=no-imports
2026-09-23T20:45:39.984Z soko/project ok: project=null reason=no-imports
2026-09-23T20:45:40.335Z soko/project ok: project=units.u01 (2 modules) reason=null
2026-09-23T20:45:40.383Z active document changed: (none)
2026-09-23T20:45:40.383Z loadProject: no active .sokonanoda document
2026-09-23T20:45:40.398Z active document changed: file:///home/runner/work/sokonanoda-lang/sokonanoda-lang/editor/vscode/src/test/fixtures/workspace/units/u01.sokonanoda
2026-09-23T20:45:40.416Z soko/project ok: project=units.u01 (2 modules) reason=null
2026-09-23T20:45:40.482Z active document changed: (none)
2026-09-23T20:45:40.482Z loadProject: no active .sokonanoda document
2026-09-23T20:45:40.516Z active document changed: file:///home/runner/work/sokonanoda-lang/sokonanoda-lang/editor/vscode/src/test/fixtures/workspace/units/u02.sokonanoda
2026-09-23T20:45:40.533Z soko/project ok: project=null reason=no-imports
2026-09-23T20:45:43.683Z client state: stopped
2026-09-23T20:45:43.685Z client state: starting
2026-09-23T20:45:43.700Z client state: running
PERF e2e cache: cold=3177ms warm=71ms entries=1
2026-09-23T20:45:43.794Z active document changed: (none)
2026-09-23T20:45:43.794Z loadProject: no active .sokonanoda document
2026-09-23T20:45:43.823Z active document changed: file:///home/runner/work/sokonanoda-lang/sokonanoda-lang/editor/vscode/src/test/fixtures/workspace/units/u01.sokonanoda
2026-09-23T20:45:43.831Z soko/project ok: project=units.u01 (2 modules) reason=null
2026-09-23T20:45:43.993Z soko/project ok: project=units.u01 (2 modules) reason=null
2026-09-23T20:45:44.418Z soko/project ok: project=units.u01 (2 modules) reason=null
2026-09-23T20:45:45.341Z active document changed: (none)
2026-09-23T20:45:45.341Z loadProject: no active .sokonanoda document
2026-09-23T20:45:45.359Z active document changed: file:///home/runner/work/sokonanoda-lang/sokonanoda-lang/editor/vscode/src/test/fixtures/workspace/units/u01.sokonanoda
2026-09-23T20:45:45.366Z soko/project ok: project=units.u01 (2 modules) reason=null
2026-09-23T20:45:46.290Z soko/project ok: project=units.u01 (2 modules) reason=null
PERF e2e fanout: entry diagnostics publishes=1
2026-09-23T20:45:46.876Z active document changed: (none)
2026-09-23T20:45:46.876Z loadProject: no active .sokonanoda document
2026-09-23T20:45:46.903Z active document changed: file:///home/runner/work/sokonanoda-lang/sokonanoda-lang/editor/vscode/src/test/fixtures/workspace/units/u01.sokonanoda
2026-09-23T20:45:46.911Z soko/project ok: project=units.u01 (2 modules) reason=null
2026-09-23T20:45:47.545Z soko/project ok: project=units.u01 (2 modules) reason=null
2026-09-23T20:45:47.623Z active document changed: (none)
2026-09-23T20:45:47.623Z loadProject: no active .sokonanoda document
2026-09-23T20:45:47.650Z active document changed: file:///home/runner/work/sokonanoda-lang/sokonanoda-lang/editor/vscode/src/test/fixtures/workspace/units/u01.sokonanoda
2026-09-23T20:45:47.656Z soko/project ok: project=units.u01 (2 modules) reason=null
2026-09-23T20:45:47.730Z active document changed: (none)
2026-09-23T20:45:47.730Z loadProject: no active .sokonanoda document
2026-09-23T20:45:47.753Z active document changed: file:///home/runner/work/sokonanoda-lang/sokonanoda-lang/editor/vscode/src/test/fixtures/workspace/units/u01.sokonanoda
2026-09-23T20:45:47.763Z soko/project ok: project=units.u01 (2 modules) reason=null
2026-09-23T20:45:47.838Z active document changed: (none)
2026-09-23T20:45:47.838Z loadProject: no active .sokonanoda document
2026-09-23T20:45:47.901Z client state: stopped
