# scripts/vscode-e2e.sh — VS Code 1.138.0 · extension v0.63.0 · 67f1c8c9fedc637ac2e31396a3b80c1843d9cf97
# 结果：2 passing / 0 failing / 0 pending（exit=0）

## doctor（服务器解析与版本自述）
--- doctor ---
sokonanoda doctor — 扩展 v0.63.0 (6 checks)
[ok] 1/6 resolution：bundled — /Users/penglingwei/Documents/lean/sokonanoda/sokonanoda-lang/editor/vscode/bin/darwin-arm64/sokonanoda-lsp (source=bundled)
[ok] 2/6 server-version：0.63.0 (pid 64107) == 扩展 v0.63.0 (source=bundled)
[ok] 3/6 host-version：运行宿主 v0.63.0
[ok] 4/6 ignored-override：没有被忽略的 serverPath/env 覆盖
[info] 5/6 download-cache：缓存 marker 0.55.0 darwin-arm64 != 扩展 v0.63.0；可运行 sokonanoda update
[info] 6/6 obsolete-versions：检测到 0 个扩展版本快照、0 个 .obsolete 条目；完整重启 VS Code 会自动清理

## 用例
    ✔ declarations panel lists a project unit's declarations (184ms)
    ✔ next hole jumps inside a project unit (46ms)

## 扩展接线日志（SOKO_E2E_LOG）
2026-09-21T15:42:03.564Z server command: /Users/penglingwei/Documents/lean/sokonanoda/sokonanoda-lang/editor/vscode/bin/darwin-arm64/sokonanoda-lsp (source=bundled)
2026-09-21T15:42:03.565Z client state: starting
2026-09-21T15:42:04.688Z client state: running
2026-09-21T15:42:04.692Z loadProject: no active .sokonanoda document
2026-09-21T15:42:04.751Z active document changed: file:///Users/penglingwei/Documents/lean/sokonanoda/sokonanoda-lang/editor/vscode/src/test/fixtures/workspace/units/u01.sokonanoda
2026-09-21T15:42:04.889Z soko/project ok: project=units.u01 (2 modules) reason=null
2026-09-21T15:42:04.897Z active document changed: (none)
2026-09-21T15:42:04.897Z loadProject: no active .sokonanoda document
2026-09-21T15:42:04.912Z active document changed: file:///Users/penglingwei/Documents/lean/sokonanoda/sokonanoda-lang/editor/vscode/src/test/fixtures/workspace/units/u01.sokonanoda
2026-09-21T15:42:04.917Z soko/project ok: project=units.u01 (2 modules) reason=null
2026-09-21T15:42:04.960Z active document changed: (none)
2026-09-21T15:42:04.960Z loadProject: no active .sokonanoda document
2026-09-21T15:42:04.981Z client state: stopped
