# scripts/vscode-e2e.sh — VS Code 1.106.0 · extension v0.68.0 · f15edda9641a79a0fec5ccd12e8a6fa7fd8d9683
# 结果：27 passing / 0 failing / 0 pending（exit=0）

## doctor（服务器解析与版本自述）
--- doctor ---
sokonanoda doctor — 扩展 v0.68.0 (6 checks)
[ok] 1/6 resolution：bundled — /home/runner/work/sokonanoda-lang/sokonanoda-lang/editor/vscode/bin/linux-x64/sokonanoda-lsp (source=bundled)
[ok] 2/6 server-version：0.68.0 (pid 3056) == 扩展 v0.68.0 (source=bundled)
[ok] 3/6 host-version：运行宿主 v0.68.0
[ok] 4/6 ignored-override：没有被忽略的 serverPath/env 覆盖
[info] 5/6 download-cache：无下载缓存（仅影响 CLI/universal 兜底，不影响内置服务器）
[info] 6/6 obsolete-versions：检测到 0 个扩展版本快照、0 个 .obsolete 条目；完整重启 VS Code 会自动清理

## 用例
    ✔ .sokonanoda files get the sokonanoda language id (95ms)
    ✔ confusable-character highlight is off for sokonanoda files
    ✔ #check results appear as inlay hints (225ms)
    ✔ clean lesson publishes empty diagnostics (135ms)
    ✔ kernel-rejected declaration carries the kernel-rejected code (77ms)
    ✔ open exercise carries a sorry warning, not an error (78ms)
    ✔ a declaration named Prop warns, not errors (89ms)
    ✔ open exercise shows a hover on the hole (102ms)
    ✔ notation input: the rewriter produces ∧ and hover teaches \and (167ms)
    ✔ restart server command re-syncs open documents (104ms)
    ✔ infoview command is registered and revealable (128ms)
    ✔ the project tree shows the real closure of an imported module (321ms)
    ✔ the project tree names the file a single-file document is (157ms)
    ✔ the project tree marks a broken import as the root cause (156ms)
    ✔ build / rebuild commands warm the compile cache through the CLI (140ms)
    ✔ doctor command returns a read-only source + version report (56ms)
    ✔ declarations panel lists a project unit's declarations (74ms)
    ✔ open declaration ships coloured goal runs to the Infoview (56ms)
    ✔ next hole jumps inside a project unit (53ms)
    ✔ warmCacheOnOpen pre-builds the workspace at activation
    ✔ reopening a project unit hits the compile cache (3857ms)
    ✔ rewriting an unchanged project unit does not recompile (1565ms)
    ✔ editing a dependency refreshes the open unit once (6341ms)
    ✔ goal text uses the file's notation (743ms)
    ✔ goal text folds a binder notation whose type contains a lambda (335ms)
    ✔ go to definition on a notation symbol lands on its declaration (113ms)
    ✔ hover on a notation symbol shows the target's signature (110ms)

## 扩展接线日志（SOKO_E2E_LOG）
2026-09-25T13:41:53.669Z server command: /home/runner/work/sokonanoda-lang/sokonanoda-lang/editor/vscode/bin/linux-x64/sokonanoda-lsp (source=bundled)
2026-09-25T13:41:53.671Z client state: starting
2026-09-25T13:41:53.688Z client state: running
2026-09-25T13:41:53.695Z loadProject: no active .sokonanoda document
2026-09-25T13:41:53.943Z active document changed: file:///tmp/sokonanoda-vscode-test-wA9IXW/check.sokonanoda
2026-09-25T13:41:53.952Z soko/project ok: project=null reason=no-imports
2026-09-25T13:41:54.107Z active document changed: (none)
2026-09-25T13:41:54.107Z loadProject: no active .sokonanoda document
2026-09-25T13:41:54.132Z loadProject: no active .sokonanoda document
2026-09-25T13:41:54.151Z active document changed: file:///tmp/sokonanoda-vscode-test-wA9IXW/lesson-clean.sokonanoda
2026-09-25T13:41:54.161Z soko/project ok: project=null reason=no-imports
2026-09-25T13:41:54.260Z active document changed: (none)
2026-09-25T13:41:54.260Z loadProject: no active .sokonanoda document
2026-09-25T13:41:54.325Z active document changed: file:///tmp/sokonanoda-vscode-test-wA9IXW/kernel-bad.sokonanoda
2026-09-25T13:41:54.345Z soko/project ok: project=null reason=no-imports
2026-09-25T13:41:54.365Z soko/project ok: project=null reason=no-imports
2026-09-25T13:41:54.400Z active document changed: (none)
2026-09-25T13:41:54.400Z loadProject: no active .sokonanoda document
2026-09-25T13:41:54.467Z active document changed: file:///tmp/sokonanoda-vscode-test-wA9IXW/exercise.sokonanoda
2026-09-25T13:41:54.486Z soko/project ok: project=null reason=no-imports
2026-09-25T13:41:54.531Z active document changed: (none)
2026-09-25T13:41:54.531Z loadProject: no active .sokonanoda document
2026-09-25T13:41:54.618Z active document changed: file:///tmp/sokonanoda-vscode-test-wA9IXW/reserved.sokonanoda
2026-09-25T13:41:54.628Z soko/project ok: project=null reason=no-imports
2026-09-25T13:41:54.641Z soko/project ok: project=null reason=no-imports
2026-09-25T13:41:54.690Z active document changed: (none)
2026-09-25T13:41:54.690Z loadProject: no active .sokonanoda document
2026-09-25T13:41:54.736Z active document changed: file:///tmp/sokonanoda-vscode-test-wA9IXW/exercise-hover.sokonanoda
2026-09-25T13:41:54.747Z soko/project ok: project=null reason=no-imports
2026-09-25T13:41:54.819Z active document changed: (none)
2026-09-25T13:41:54.819Z loadProject: no active .sokonanoda document
2026-09-25T13:41:54.866Z active document changed: file:///tmp/sokonanoda-vscode-test-wA9IXW/notation-input.sokonanoda
2026-09-25T13:41:54.884Z soko/project ok: project=null reason=no-imports
2026-09-25T13:41:54.924Z soko/project ok: project=null reason=no-imports
2026-09-25T13:41:55.029Z active document changed: (none)
2026-09-25T13:41:55.029Z loadProject: no active .sokonanoda document
2026-09-25T13:41:55.069Z active document changed: file:///tmp/sokonanoda-vscode-test-wA9IXW/restart.sokonanoda
2026-09-25T13:41:55.080Z soko/project ok: project=null reason=no-imports
2026-09-25T13:41:55.083Z client state: stopped
2026-09-25T13:41:55.088Z client state: starting
2026-09-25T13:41:55.125Z client state: running
2026-09-25T13:41:55.131Z soko/project ok: project=null reason=no-imports
2026-09-25T13:41:55.170Z active document changed: (none)
2026-09-25T13:41:55.171Z loadProject: no active .sokonanoda document
2026-09-25T13:41:55.336Z loadProject: no active .sokonanoda document
2026-09-25T13:41:55.426Z active document changed: file:///tmp/sokonanoda-vscode-test-wA9IXW/proj-ok/Main.sokonanoda
2026-09-25T13:41:55.453Z soko/project ok: project=null reason=no-imports
2026-09-25T13:41:55.455Z soko/project ok: project=Main (2 modules) reason=null
2026-09-25T13:41:55.555Z soko/project ok: project=Main (2 modules) reason=null
2026-09-25T13:41:55.659Z soko/project ok: project=Main (2 modules) reason=null
2026-09-25T13:41:55.664Z active document changed: (none)
2026-09-25T13:41:55.664Z loadProject: no active .sokonanoda document
2026-09-25T13:41:55.711Z active document changed: file:///tmp/sokonanoda-vscode-test-wA9IXW/single.sokonanoda
2026-09-25T13:41:55.730Z soko/project ok: project=null reason=no-imports
2026-09-25T13:41:55.732Z soko/project ok: project=null reason=no-imports
2026-09-25T13:41:55.840Z active document changed: (none)
2026-09-25T13:41:55.840Z loadProject: no active .sokonanoda document
2026-09-25T13:41:55.883Z active document changed: file:///tmp/sokonanoda-vscode-test-wA9IXW/proj-broken/Main.sokonanoda
2026-09-25T13:41:55.903Z soko/project ok: project=Main (1 modules) reason=null
2026-09-25T13:41:55.903Z soko/project ok: project=Main (1 modules) reason=null
2026-09-25T13:41:55.904Z soko/project ok: project=Main (1 modules) reason=null
2026-09-25T13:41:56.008Z active document changed: (none)
2026-09-25T13:41:56.008Z loadProject: no active .sokonanoda document
2026-09-25T13:41:56.054Z active document changed: file:///tmp/sokonanoda-vscode-test-wA9IXW/build-smoke.sokonanoda
2026-09-25T13:41:56.076Z soko/project ok: project=null reason=no-imports
2026-09-25T13:41:56.081Z soko/project ok: project=null reason=no-imports
2026-09-25T13:41:56.122Z soko/project ok: project=null reason=no-imports
2026-09-25T13:41:56.157Z soko/project ok: project=null reason=no-imports
2026-09-25T13:41:56.214Z active document changed: (none)
2026-09-25T13:41:56.214Z loadProject: no active .sokonanoda document
2026-09-25T13:41:56.240Z loadProject: no active .sokonanoda document
2026-09-25T13:41:56.342Z active document changed: file:///home/runner/work/sokonanoda-lang/sokonanoda-lang/editor/vscode/src/test/fixtures/workspace/units/u01.sokonanoda
2026-09-25T13:41:56.355Z soko/project ok: project=units.u01 (2 modules) reason=null
2026-09-25T13:41:56.486Z active document changed: (none)
2026-09-25T13:41:56.486Z loadProject: no active .sokonanoda document
2026-09-25T13:41:56.510Z loadProject: no active .sokonanoda document
2026-09-25T13:41:56.528Z active document changed: file:///home/runner/work/sokonanoda-lang/sokonanoda-lang/editor/vscode/src/test/fixtures/workspace/units/u01.sokonanoda
2026-09-25T13:41:56.548Z soko/project ok: project=units.u01 (2 modules) reason=null
2026-09-25T13:41:56.674Z active document changed: (none)
2026-09-25T13:41:56.674Z loadProject: no active .sokonanoda document
2026-09-25T13:41:56.715Z active document changed: file:///home/runner/work/sokonanoda-lang/sokonanoda-lang/editor/vscode/src/test/fixtures/workspace/units/u01.sokonanoda
2026-09-25T13:41:56.727Z soko/project ok: project=units.u01 (2 modules) reason=null
2026-09-25T13:41:56.933Z warmCacheOnOpen: exit=0
2026-09-25T13:41:56.941Z active document changed: (none)
2026-09-25T13:41:56.941Z loadProject: no active .sokonanoda document
2026-09-25T13:41:56.999Z active document changed: file:///home/runner/work/sokonanoda-lang/sokonanoda-lang/editor/vscode/src/test/fixtures/workspace/units/u02.sokonanoda
2026-09-25T13:41:57.012Z soko/project ok: project=null reason=no-imports
2026-09-25T13:42:00.773Z client state: stopped
2026-09-25T13:42:00.776Z client state: starting
2026-09-25T13:42:00.786Z client state: running
PERF e2e cache: cold=3798ms warm=55ms
2026-09-25T13:42:00.847Z active document changed: (none)
2026-09-25T13:42:00.848Z loadProject: no active .sokonanoda document
2026-09-25T13:42:00.902Z active document changed: file:///home/runner/work/sokonanoda-lang/sokonanoda-lang/editor/vscode/src/test/fixtures/workspace/units/u01.sokonanoda
2026-09-25T13:42:00.917Z soko/project ok: project=units.u01 (2 modules) reason=null
2026-09-25T13:42:01.080Z soko/project ok: project=units.u01 (2 modules) reason=null
2026-09-25T13:42:01.501Z soko/project ok: project=units.u01 (2 modules) reason=null
2026-09-25T13:42:02.425Z active document changed: (none)
2026-09-25T13:42:02.425Z loadProject: no active .sokonanoda document
2026-09-25T13:42:02.445Z active document changed: file:///home/runner/work/sokonanoda-lang/sokonanoda-lang/editor/vscode/src/test/fixtures/workspace/units/u01.sokonanoda
2026-09-25T13:42:02.456Z soko/project ok: project=units.u01 (2 modules) reason=null
2026-09-25T13:42:04.436Z soko/project ok: project=units.u01 (2 modules) reason=null
PERF e2e fanout: entry diagnostics signature=152 字节 · 稳定 ✓
2026-09-25T13:42:08.776Z active document changed: (none)
2026-09-25T13:42:08.776Z loadProject: no active .sokonanoda document
2026-09-25T13:42:08.808Z active document changed: file:///home/runner/work/sokonanoda-lang/sokonanoda-lang/editor/vscode/src/test/fixtures/workspace/units/u01.sokonanoda
2026-09-25T13:42:08.816Z soko/project ok: project=units.u01 (2 modules) reason=null
2026-09-25T13:42:09.444Z soko/project ok: project=units.u01 (2 modules) reason=null
2026-09-25T13:42:09.529Z active document changed: (none)
2026-09-25T13:42:09.529Z loadProject: no active .sokonanoda document
2026-09-25T13:42:09.552Z active document changed: file:///home/runner/work/sokonanoda-lang/sokonanoda-lang/editor/vscode/src/test/fixtures/workspace/units/u01.sokonanoda
2026-09-25T13:42:09.567Z soko/project ok: project=units.u01 (2 modules) reason=null
2026-09-25T13:42:09.877Z active document changed: (none)
2026-09-25T13:42:09.877Z loadProject: no active .sokonanoda document
2026-09-25T13:42:09.903Z active document changed: file:///home/runner/work/sokonanoda-lang/sokonanoda-lang/editor/vscode/src/test/fixtures/workspace/units/u01.sokonanoda
2026-09-25T13:42:09.919Z soko/project ok: project=units.u01 (2 modules) reason=null
2026-09-25T13:42:10.001Z active document changed: (none)
2026-09-25T13:42:10.002Z loadProject: no active .sokonanoda document
2026-09-25T13:42:10.024Z active document changed: file:///home/runner/work/sokonanoda-lang/sokonanoda-lang/editor/vscode/src/test/fixtures/workspace/units/u01.sokonanoda
2026-09-25T13:42:10.039Z soko/project ok: project=units.u01 (2 modules) reason=null
2026-09-25T13:42:10.137Z active document changed: (none)
2026-09-25T13:42:10.137Z loadProject: no active .sokonanoda document
2026-09-25T13:42:10.184Z client state: stopped
