# scripts/vscode-e2e.sh — VS Code 1.138.0 · extension v0.64.1 · 3c8c500520438afd2daab745cc580a7a62a99af7
# 结果：21 passing / 3 failing / 0 pending（exit=1）

## doctor（服务器解析与版本自述）
--- doctor ---
sokonanoda doctor — 扩展 v0.64.1 (6 checks)
[ok] 1/6 resolution：bundled — /Users/penglingwei/Documents/lean/sokonanoda/sokonanoda-lang/editor/vscode/bin/darwin-arm64/sokonanoda-lsp (source=bundled)
[ok] 2/6 server-version：0.64.1 (pid 33815) == 扩展 v0.64.1 (source=bundled)
[ok] 3/6 host-version：运行宿主 v0.64.1
[ok] 4/6 ignored-override：没有被忽略的 serverPath/env 覆盖
[info] 5/6 download-cache：缓存 marker 0.55.0 darwin-arm64 != 扩展 v0.64.1；可运行 sokonanoda update
[info] 6/6 obsolete-versions：检测到 0 个扩展版本快照、0 个 .obsolete 条目；完整重启 VS Code 会自动清理

## 用例
    ✔ .sokonanoda files get the sokonanoda language id (60ms)
    ✔ confusable-character highlight is off for sokonanoda files
    ✔ #check results appear as inlay hints (79ms)
    ✔ clean lesson publishes empty diagnostics
    ✔ kernel-rejected declaration carries the kernel-rejected code
    ✔ open exercise carries a sorry warning, not an error (58ms)
    ✔ a declaration named Prop warns, not errors (139ms)
    ✔ open exercise shows a hover on the hole
    ✔ notation input: the rewriter produces ∧ and hover teaches \and (40ms)
    ✔ restart server command re-syncs open documents (39ms)
    ✔ infoview command is registered and revealable
    ✔ the project tree shows the real closure of an imported module (125ms)
    ✔ the project tree names the file a single-file document is (120ms)
    ✔ the project tree marks a broken import as the root cause (118ms)
    ✔ build / rebuild commands warm the compile cache through the CLI (301ms)
    ✔ doctor command returns a read-only source + version report
    ✔ declarations panel lists a project unit's declarations (415ms)
    ✔ next hole jumps inside a project unit
    ✔ reopening a project unit hits the compile cache (497ms)
    ✔ rewriting an unchanged project unit does not recompile (1522ms)
    ✔ editing a dependency refreshes the open unit once (1521ms)
    1) goal text uses the file's notation
    2) go to definition on a notation symbol lands on its declaration
    3) hover on a notation symbol shows the target's signature
  1) sokonanoda extension (VS Code integration)
  2) sokonanoda extension (VS Code integration)
  3) sokonanoda extension (VS Code integration)

## 扩展接线日志（SOKO_E2E_LOG）
2026-09-22T06:44:00.294Z server command: /Users/penglingwei/Documents/lean/sokonanoda/sokonanoda-lang/editor/vscode/bin/darwin-arm64/sokonanoda-lsp (source=bundled)
2026-09-22T06:44:00.295Z client state: starting
2026-09-22T06:44:00.633Z client state: running
2026-09-22T06:44:00.641Z loadProject: no active .sokonanoda document
2026-09-22T06:44:00.813Z active document changed: file:///var/folders/81/6wvjcvys3y300jnj259_2jbw0000gn/T/sokonanoda-vscode-test-qkq234/check.sokonanoda
2026-09-22T06:44:00.818Z soko/project ok: project=null reason=no-imports
2026-09-22T06:44:00.852Z active document changed: (none)
2026-09-22T06:44:00.852Z loadProject: no active .sokonanoda document
2026-09-22T06:44:00.875Z active document changed: file:///var/folders/81/6wvjcvys3y300jnj259_2jbw0000gn/T/sokonanoda-vscode-test-qkq234/lesson-clean.sokonanoda
2026-09-22T06:44:00.884Z soko/project ok: project=null reason=no-imports
2026-09-22T06:44:00.893Z active document changed: (none)
2026-09-22T06:44:00.893Z loadProject: no active .sokonanoda document
2026-09-22T06:44:00.911Z active document changed: file:///var/folders/81/6wvjcvys3y300jnj259_2jbw0000gn/T/sokonanoda-vscode-test-qkq234/kernel-bad.sokonanoda
2026-09-22T06:44:00.913Z soko/project ok: project=null reason=no-imports
2026-09-22T06:44:00.924Z active document changed: (none)
2026-09-22T06:44:00.924Z loadProject: no active .sokonanoda document
2026-09-22T06:44:00.952Z active document changed: file:///var/folders/81/6wvjcvys3y300jnj259_2jbw0000gn/T/sokonanoda-vscode-test-qkq234/exercise.sokonanoda
2026-09-22T06:44:01.025Z active document changed: (none)
2026-09-22T06:44:01.025Z loadProject: no active .sokonanoda document
2026-09-22T06:44:01.083Z soko/project answer for another document: file:///var/folders/81/6wvjcvys3y300jnj259_2jbw0000gn/T/sokonanoda-vscode-test-qkq234/exercise.sokonanoda
2026-09-22T06:44:01.103Z active document changed: file:///var/folders/81/6wvjcvys3y300jnj259_2jbw0000gn/T/sokonanoda-vscode-test-qkq234/reserved.sokonanoda
2026-09-22T06:44:01.124Z soko/project ok: project=null reason=no-imports
2026-09-22T06:44:01.214Z active document changed: (none)
2026-09-22T06:44:01.214Z loadProject: no active .sokonanoda document
2026-09-22T06:44:01.231Z active document changed: file:///var/folders/81/6wvjcvys3y300jnj259_2jbw0000gn/T/sokonanoda-vscode-test-qkq234/exercise-hover.sokonanoda
2026-09-22T06:44:01.233Z soko/project ok: project=null reason=no-imports
2026-09-22T06:44:01.246Z active document changed: (none)
2026-09-22T06:44:01.247Z loadProject: no active .sokonanoda document
2026-09-22T06:44:01.263Z active document changed: file:///var/folders/81/6wvjcvys3y300jnj259_2jbw0000gn/T/sokonanoda-vscode-test-qkq234/notation-input.sokonanoda
2026-09-22T06:44:01.265Z soko/project ok: project=null reason=no-imports
2026-09-22T06:44:01.300Z active document changed: (none)
2026-09-22T06:44:01.300Z loadProject: no active .sokonanoda document
2026-09-22T06:44:01.315Z active document changed: file:///var/folders/81/6wvjcvys3y300jnj259_2jbw0000gn/T/sokonanoda-vscode-test-qkq234/restart.sokonanoda
2026-09-22T06:44:01.317Z soko/project ok: project=null reason=no-imports
2026-09-22T06:44:01.323Z client state: stopped
2026-09-22T06:44:01.326Z client state: starting
2026-09-22T06:44:01.338Z client state: running
2026-09-22T06:44:01.346Z active document changed: (none)
2026-09-22T06:44:01.346Z loadProject: no active .sokonanoda document
2026-09-22T06:44:01.400Z active document changed: file:///var/folders/81/6wvjcvys3y300jnj259_2jbw0000gn/T/sokonanoda-vscode-test-qkq234/proj-ok/Main.sokonanoda
2026-09-22T06:44:01.401Z soko/project ok: project=Main (2 modules) reason=null
2026-09-22T06:44:01.408Z soko/project ok: project=Main (2 modules) reason=null
2026-09-22T06:44:01.511Z active document changed: (none)
2026-09-22T06:44:01.511Z loadProject: no active .sokonanoda document
2026-09-22T06:44:01.524Z active document changed: file:///var/folders/81/6wvjcvys3y300jnj259_2jbw0000gn/T/sokonanoda-vscode-test-qkq234/single.sokonanoda
2026-09-22T06:44:01.526Z soko/project ok: project=null reason=no-imports
2026-09-22T06:44:01.530Z soko/project ok: project=null reason=no-imports
2026-09-22T06:44:01.636Z active document changed: (none)
2026-09-22T06:44:01.636Z loadProject: no active .sokonanoda document
2026-09-22T06:44:01.648Z active document changed: file:///var/folders/81/6wvjcvys3y300jnj259_2jbw0000gn/T/sokonanoda-vscode-test-qkq234/proj-broken/Main.sokonanoda
2026-09-22T06:44:01.649Z soko/project ok: project=Main (1 modules) reason=null
2026-09-22T06:44:01.656Z soko/project ok: project=Main (1 modules) reason=null
2026-09-22T06:44:01.760Z active document changed: (none)
2026-09-22T06:44:01.761Z loadProject: no active .sokonanoda document
2026-09-22T06:44:01.773Z active document changed: file:///var/folders/81/6wvjcvys3y300jnj259_2jbw0000gn/T/sokonanoda-vscode-test-qkq234/build-smoke.sokonanoda
2026-09-22T06:44:01.775Z soko/project ok: project=null reason=no-imports
2026-09-22T06:44:01.971Z soko/project ok: project=null reason=no-imports
2026-09-22T06:44:02.043Z soko/project ok: project=null reason=no-imports
2026-09-22T06:44:02.063Z soko/project ok: project=null reason=no-imports
2026-09-22T06:44:02.069Z active document changed: (none)
2026-09-22T06:44:02.069Z loadProject: no active .sokonanoda document
2026-09-22T06:44:02.177Z active document changed: file:///Users/penglingwei/Documents/lean/sokonanoda/sokonanoda-lang/editor/vscode/src/test/fixtures/workspace/units/u01.sokonanoda
2026-09-22T06:44:02.195Z soko/project ok: project=null reason=no-imports
2026-09-22T06:44:02.402Z soko/project ok: project=units.u01 (2 modules) reason=null
2026-09-22T06:44:02.503Z active document changed: (none)
2026-09-22T06:44:02.504Z loadProject: no active .sokonanoda document
2026-09-22T06:44:02.515Z active document changed: file:///Users/penglingwei/Documents/lean/sokonanoda/sokonanoda-lang/editor/vscode/src/test/fixtures/workspace/units/u01.sokonanoda
2026-09-22T06:44:02.517Z soko/project ok: project=units.u01 (2 modules) reason=null
2026-09-22T06:44:02.541Z active document changed: (none)
2026-09-22T06:44:02.541Z loadProject: no active .sokonanoda document
2026-09-22T06:44:02.559Z active document changed: file:///Users/penglingwei/Documents/lean/sokonanoda/sokonanoda-lang/editor/vscode/src/test/fixtures/workspace/units/u02.sokonanoda
2026-09-22T06:44:02.561Z soko/project ok: project=null reason=no-imports
2026-09-22T06:44:02.980Z client state: stopped
2026-09-22T06:44:02.982Z client state: starting
2026-09-22T06:44:02.990Z client state: running
PERF e2e cache: cold=436ms warm=58ms entries=1
2026-09-22T06:44:03.057Z active document changed: (none)
2026-09-22T06:44:03.057Z loadProject: no active .sokonanoda document
2026-09-22T06:44:03.069Z active document changed: file:///Users/penglingwei/Documents/lean/sokonanoda/sokonanoda-lang/editor/vscode/src/test/fixtures/workspace/units/u01.sokonanoda
2026-09-22T06:44:03.076Z soko/project ok: project=units.u01 (2 modules) reason=null
2026-09-22T06:44:03.185Z soko/project ok: project=units.u01 (2 modules) reason=null
2026-09-22T06:44:03.621Z soko/project ok: project=units.u01 (2 modules) reason=null
2026-09-22T06:44:04.588Z active document changed: (none)
2026-09-22T06:44:04.588Z loadProject: no active .sokonanoda document
2026-09-22T06:44:04.600Z active document changed: file:///Users/penglingwei/Documents/lean/sokonanoda/sokonanoda-lang/editor/vscode/src/test/fixtures/workspace/units/u01.sokonanoda
2026-09-22T06:44:04.603Z soko/project ok: project=units.u01 (2 modules) reason=null
2026-09-22T06:44:05.279Z soko/project ok: project=units.u01 (2 modules) reason=null
2026-09-22T06:44:05.927Z soko/project ok: project=units.u01 (2 modules) reason=null
PERF e2e fanout: entry diagnostics publishes=1
2026-09-22T06:44:06.120Z active document changed: (none)
2026-09-22T06:44:06.121Z loadProject: no active .sokonanoda document
2026-09-22T06:44:06.138Z active document changed: file:///Users/penglingwei/Documents/lean/sokonanoda/sokonanoda-lang/editor/vscode/src/test/fixtures/workspace/units/u01.sokonanoda
2026-09-22T06:44:06.141Z soko/project ok: project=units.u01 (2 modules) reason=null
2026-09-22T06:44:06.801Z soko/project ok: project=units.u01 (2 modules) reason=null
2026-09-22T06:44:06.873Z active document changed: (none)
2026-09-22T06:44:06.873Z loadProject: no active .sokonanoda document
2026-09-22T06:44:06.890Z active document changed: file:///Users/penglingwei/Documents/lean/sokonanoda/sokonanoda-lang/editor/vscode/src/test/fixtures/workspace/units/u01.sokonanoda
2026-09-22T06:44:06.892Z soko/project ok: project=units.u01 (2 modules) reason=null
2026-09-22T06:44:06.926Z active document changed: (none)
2026-09-22T06:44:06.926Z loadProject: no active .sokonanoda document
2026-09-22T06:44:06.937Z active document changed: file:///Users/penglingwei/Documents/lean/sokonanoda/sokonanoda-lang/editor/vscode/src/test/fixtures/workspace/units/u01.sokonanoda
2026-09-22T06:44:06.940Z soko/project ok: project=units.u01 (2 modules) reason=null
2026-09-22T06:44:06.964Z active document changed: (none)
2026-09-22T06:44:06.964Z loadProject: no active .sokonanoda document
2026-09-22T06:44:06.977Z client state: stopped

## 失败详情
  1) sokonanoda extension (VS Code integration)
       goal text uses the file's notation:

      AssertionError [ERR_ASSERTION]: open_one 的根状态必须用源文件的记法（⊆ / ∈），实际 = forall (α : Type 0) (A B : Set α), Set.subset α A B -> (forall (x : α), Set.mem α x A -> Set.mem α x B)
      + expected - actual

      -false
      +true
      
  	at Context.<anonymous> (src/test/extension.test.js:876:12)

  2) sokonanoda extension (VS Code integration)
       go to definition on a notation symbol lands on its declaration:

      AssertionError [ERR_ASSERTION]: 在 `∈` 上跳定义必须返回至少一个位置（现在返回 null）
      + expected - actual

      -false
      +true
      
  	at Context.<anonymous> (src/test/extension.test.js:897:12)

  3) sokonanoda extension (VS Code integration)
       hover on a notation symbol shows the target's signature:

      AssertionError [ERR_ASSERTION]: hover 必须给出 `Set.mem` 的原始类型，实际 = `∈` —— 记法符号

输入：`\in`（别名 `\mem`）

`a ∈ A : Prop`
      + expected - actual

      -false
      +true
      
  	at Context.<anonymous> (src/test/extension.test.js:918:12)

3 tests failed.
[90m[main 2026-09-22T06:44:06.981Z][0m Extension host with pid 33611 exited with code: 0, signal: unknown.
Exit code:   1
