# scripts/vscode-e2e.sh — VS Code 1.106.0 · extension v0.86.0 · 7f7ae46fdd2f6ae28066ef618dfd3ad1378d118b
# 结果：43 passing / 0 failing / 0 pending（exit=0）

## doctor（服务器解析与版本自述）
--- doctor ---
sokonanoda doctor — 扩展 v0.86.0 (6 checks)
[ok] 1/6 resolution：bundled — /home/runner/work/sokonanoda-lang/sokonanoda-lang/editor/vscode/bin/linux-x64/sokonanoda-lsp (source=bundled)
[ok] 2/6 server-version：0.86.0 (pid 3103) == 扩展 v0.86.0 (source=bundled)
[ok] 3/6 host-version：运行宿主 v0.86.0
[ok] 4/6 ignored-override：没有被忽略的 serverPath/env 覆盖
[info] 5/6 download-cache：无下载缓存（仅影响 CLI/universal 兜底，不影响内置服务器）
[info] 6/6 obsolete-versions：检测到 0 个扩展版本快照、0 个 .obsolete 条目；完整重启 VS Code 会自动清理

## 用例
    ✔ .sokonanoda files get the sokonanoda language id (117ms)
    ✔ confusable-character highlight is off for sokonanoda files
    ✔ #check results appear as inlay hints (170ms)
    ✔ C3：`#check`/`#print` 的输出出现在 Infoview 的「命令输出」块里 (549ms)
    ✔ clean lesson publishes empty diagnostics (101ms)
    ✔ kernel-rejected declaration carries the kernel-rejected code (164ms)
    ✔ open exercise carries a sorry warning, not an error
    ✔ a declaration named Prop warns, not errors (49ms)
    ✔ open exercise shows a hover on the hole (95ms)
    ✔ hover 的类型文本折成记法（T-U12 面 #3，e2e 那一份） (232ms)
    ✔ notation input: the rewriter produces ∧ and hover teaches \and (140ms)
    ✔ notation input: greek letters and the anon-ctor brackets, in a real host (141ms)
    ✔ restart server command re-syncs open documents (174ms)
    ✔ infoview command is registered and revealable (75ms)
    ✔ the project tree shows the real closure of an imported module (259ms)
    ✔ the project tree names the file a single-file document is (142ms)
    ✔ the project tree marks a broken import as the root cause (147ms)
    ✔ build / rebuild commands warm the compile cache through the CLI (320ms)
    ✔ Clean Cache empties the project store and does not compile (E31) (1830ms)
    ✔ Rebuild shows a non-zero percent while it is still running (②) (403ms)
    ✔ the Infoview receives the project view (E30) (42ms)
    ✔ Infoview 'definition' lands exactly where the editor F12 lands (E27) (183ms)
    ✔ import 行的模块名是链接，指向被导入的文件（documentLink） (124ms)
    ✔ doctor command returns a read-only source + version report
    ✔ declarations panel lists a project unit's declarations
    ✔ open declaration ships coloured goal runs to the Infoview (38ms)
    ✔ next hole jumps inside a project unit (42ms)
    ✔ warmCacheOnOpen pre-builds the workspace at activation
    ✔ reopening a project unit hits the compile cache (365ms)
    ✔ rewriting an unchanged project unit does not recompile (1961ms)
    ✔ editing a dependency refreshes the open unit once (4945ms)
    ✔ goal text uses the file's notation (633ms)
    ✔ goal text folds a binder notation whose type contains a lambda (331ms)
    ✔ B2：光标在末条 tactic 之内 ⇒ 目标是它**作用后**的状态（闭合 ⇒ 无目标） (332ms)
    ✔ Infoview 的 `⊢` 用记法箭头 `→`，且 runs 与 text 同源 (331ms)
    ✔ Infoview 里集合字面量显示成 `{a}`（不是 `Set.singleton α a`） (331ms)
    ✔ go to definition on a `{a}` set literal lands on `Set.singleton` (89ms)
    ✔ go to definition on a prelude name lands in the prelude source (101ms)
    ✔ go to definition on a notation symbol lands on its declaration (99ms)
    ✔ hover on a notation symbol shows the target's signature (93ms)
    ✔ edit responsiveness: last keystroke reaches diagnostics and the goal panel (1608ms)
    ✔ edit responsiveness (project mode): A/B flicker with the show delay off vs on (3362ms)
    ✔ edit responsiveness (project mode): first keystroke after open vs steady state (971ms)

## 扩展接线日志（SOKO_E2E_LOG）
2026-10-08T15:14:32.075Z server command: /home/runner/work/sokonanoda-lang/sokonanoda-lang/editor/vscode/bin/linux-x64/sokonanoda-lsp (source=bundled)
2026-10-08T15:14:32.076Z client state: starting
2026-10-08T15:14:32.091Z client state: running
2026-10-08T15:14:32.098Z loadProject: no active .sokonanoda document
2026-10-08T15:14:32.286Z warmCacheOnOpen: exit=0
2026-10-08T15:14:32.350Z active document changed: file:///tmp/sokonanoda-vscode-test-xnhC1b/check.sokonanoda
2026-10-08T15:14:32.360Z soko/project ok: project=null reason=no-imports
2026-10-08T15:14:32.493Z active document changed: (none)
2026-10-08T15:14:32.493Z loadProject: no active .sokonanoda document
2026-10-08T15:14:32.532Z loadProject: no active .sokonanoda document
2026-10-08T15:14:32.539Z active document changed: file:///tmp/sokonanoda-vscode-test-xnhC1b/c3-command-output.sokonanoda
2026-10-08T15:14:32.546Z soko/project ok: project=null reason=no-imports
2026-10-08T15:14:32.724Z soko/project ok: project=null reason=no-imports
2026-10-08T15:14:33.053Z active document changed: (none)
2026-10-08T15:14:33.053Z loadProject: no active .sokonanoda document
2026-10-08T15:14:33.089Z active document changed: file:///tmp/sokonanoda-vscode-test-xnhC1b/lesson-clean.sokonanoda
2026-10-08T15:14:33.096Z soko/project ok: project=null reason=no-imports
2026-10-08T15:14:33.166Z active document changed: (none)
2026-10-08T15:14:33.166Z loadProject: no active .sokonanoda document
2026-10-08T15:14:33.219Z active document changed: file:///tmp/sokonanoda-vscode-test-xnhC1b/kernel-bad.sokonanoda
2026-10-08T15:14:33.240Z soko/project ok: project=null reason=no-imports
2026-10-08T15:14:33.289Z soko/project ok: project=null reason=no-imports
2026-10-08T15:14:33.340Z active document changed: (none)
2026-10-08T15:14:33.340Z loadProject: no active .sokonanoda document
2026-10-08T15:14:33.372Z active document changed: file:///tmp/sokonanoda-vscode-test-xnhC1b/exercise.sokonanoda
2026-10-08T15:14:33.378Z soko/project ok: project=null reason=no-imports
2026-10-08T15:14:33.430Z active document changed: (none)
2026-10-08T15:14:33.430Z loadProject: no active .sokonanoda document
2026-10-08T15:14:33.474Z active document changed: file:///tmp/sokonanoda-vscode-test-xnhC1b/reserved.sokonanoda
2026-10-08T15:14:33.482Z soko/project ok: project=null reason=no-imports
2026-10-08T15:14:33.532Z active document changed: (none)
2026-10-08T15:14:33.532Z loadProject: no active .sokonanoda document
2026-10-08T15:14:33.566Z active document changed: file:///tmp/sokonanoda-vscode-test-xnhC1b/exercise-hover.sokonanoda
2026-10-08T15:14:33.573Z soko/project ok: project=null reason=no-imports
2026-10-08T15:14:33.638Z active document changed: (none)
2026-10-08T15:14:33.638Z loadProject: no active .sokonanoda document
2026-10-08T15:14:33.671Z active document changed: file:///home/runner/work/sokonanoda-lang/sokonanoda-lang/editor/vscode/src/test/fixtures/workspace/units/u01.sokonanoda
2026-10-08T15:14:33.686Z soko/project ok: project=units.u01 (2 modules) reason=null
2026-10-08T15:14:33.863Z soko/project ok: project=units.u01 (2 modules) reason=null
2026-10-08T15:14:33.886Z active document changed: (none)
2026-10-08T15:14:33.886Z loadProject: no active .sokonanoda document
2026-10-08T15:14:33.921Z active document changed: file:///tmp/sokonanoda-vscode-test-xnhC1b/notation-input.sokonanoda
2026-10-08T15:14:33.927Z soko/project ok: project=null reason=no-imports
2026-10-08T15:14:34.052Z active document changed: (none)
2026-10-08T15:14:34.052Z loadProject: no active .sokonanoda document
2026-10-08T15:14:34.093Z active document changed: file:///tmp/sokonanoda-vscode-test-xnhC1b/notation-input-greek.sokonanoda
2026-10-08T15:14:34.099Z soko/project ok: project=null reason=no-imports
2026-10-08T15:14:34.116Z soko/project ok: project=null reason=no-imports
2026-10-08T15:14:34.217Z active document changed: (none)
2026-10-08T15:14:34.217Z loadProject: no active .sokonanoda document
2026-10-08T15:14:34.252Z active document changed: file:///tmp/sokonanoda-vscode-test-xnhC1b/restart.sokonanoda
2026-10-08T15:14:34.258Z soko/project ok: project=null reason=no-imports
2026-10-08T15:14:34.264Z client state: stopped
2026-10-08T15:14:34.267Z client state: starting
2026-10-08T15:14:34.289Z client state: running
2026-10-08T15:14:34.294Z soko/project ok: project=null reason=no-imports
2026-10-08T15:14:34.400Z active document changed: (none)
2026-10-08T15:14:34.401Z loadProject: no active .sokonanoda document
2026-10-08T15:14:34.497Z loadProject: no active .sokonanoda document
2026-10-08T15:14:34.533Z active document changed: file:///tmp/sokonanoda-vscode-test-xnhC1b/proj-ok/Main.sokonanoda
2026-10-08T15:14:34.545Z soko/project ok: project=Main (2 modules) reason=null
2026-10-08T15:14:34.548Z soko/project ok: project=Main (2 modules) reason=null
2026-10-08T15:14:34.649Z soko/project ok: project=Main (2 modules) reason=null
2026-10-08T15:14:34.729Z soko/project ok: project=Main (2 modules) reason=null
2026-10-08T15:14:34.754Z active document changed: (none)
2026-10-08T15:14:34.754Z loadProject: no active .sokonanoda document
2026-10-08T15:14:34.787Z active document changed: file:///tmp/sokonanoda-vscode-test-xnhC1b/single.sokonanoda
2026-10-08T15:14:34.808Z soko/project ok: project=null reason=no-imports
2026-10-08T15:14:34.809Z soko/project ok: project=null reason=no-imports
2026-10-08T15:14:34.907Z active document changed: (none)
2026-10-08T15:14:34.907Z loadProject: no active .sokonanoda document
2026-10-08T15:14:34.947Z active document changed: file:///tmp/sokonanoda-vscode-test-xnhC1b/proj-broken/Main.sokonanoda
2026-10-08T15:14:34.957Z soko/project ok: project=Main (1 modules) reason=null
2026-10-08T15:14:34.959Z soko/project ok: project=Main (1 modules) reason=null
2026-10-08T15:14:34.977Z soko/project ok: project=Main (1 modules) reason=null
2026-10-08T15:14:35.062Z active document changed: (none)
2026-10-08T15:14:35.062Z loadProject: no active .sokonanoda document
2026-10-08T15:14:35.088Z active document changed: file:///home/runner/work/sokonanoda-lang/sokonanoda-lang/editor/vscode/src/test/fixtures/workspace/units/u01.sokonanoda
2026-10-08T15:14:35.099Z soko/project ok: project=units.u01 (2 modules) reason=null
2026-10-08T15:14:35.138Z soko/project ok: project=units.u01 (2 modules) reason=null
2026-10-08T15:14:35.144Z soko/project ok: project=units.u01 (2 modules) reason=null
2026-10-08T15:14:35.392Z soko/project ok: project=units.u01 (2 modules) reason=null
2026-10-08T15:14:35.424Z active document changed: (none)
2026-10-08T15:14:35.424Z loadProject: no active .sokonanoda document
2026-10-08T15:14:35.449Z active document changed: file:///home/runner/work/sokonanoda-lang/sokonanoda-lang/editor/vscode/src/test/fixtures/workspace/units/u01.sokonanoda
2026-10-08T15:14:35.458Z soko/project ok: project=units.u01 (2 modules) reason=null
2026-10-08T15:14:35.496Z soko/project ok: project=units.u01 (2 modules) reason=null
2026-10-08T15:14:35.499Z soko/project ok: project=units.u01 (2 modules) reason=null
2026-10-08T15:14:37.269Z soko/project ok: project=units.u01 (2 modules) reason=null
2026-10-08T15:14:37.287Z active document changed: (none)
2026-10-08T15:14:37.287Z loadProject: no active .sokonanoda document
2026-10-08T15:14:37.343Z active document changed: file:///home/runner/work/sokonanoda-lang/sokonanoda-lang/editor/vscode/src/test/fixtures/workspace/units/u01.sokonanoda
2026-10-08T15:14:37.354Z soko/project ok: project=units.u01 (2 modules) reason=null
2026-10-08T15:14:37.404Z soko/project ok: project=units.u01 (2 modules) reason=null
2026-10-08T15:14:37.708Z soko/project ok: project=units.u01 (2 modules) reason=null
2026-10-08T15:14:37.712Z active document changed: (none)
2026-10-08T15:14:37.712Z loadProject: no active .sokonanoda document
2026-10-08T15:14:37.744Z active document changed: file:///home/runner/work/sokonanoda-lang/sokonanoda-lang/editor/vscode/src/test/fixtures/workspace/units/u01.sokonanoda
2026-10-08T15:14:37.752Z soko/project ok: project=units.u01 (2 modules) reason=null
2026-10-08T15:14:37.815Z active document changed: (none)
2026-10-08T15:14:37.815Z loadProject: no active .sokonanoda document
2026-10-08T15:14:37.874Z active document changed: file:///home/runner/work/sokonanoda-lang/sokonanoda-lang/editor/vscode/src/test/fixtures/workspace/units/u01.sokonanoda
2026-10-08T15:14:37.885Z soko/project ok: project=units.u01 (2 modules) reason=null
2026-10-08T15:14:37.981Z active document changed: (none)
2026-10-08T15:14:37.981Z loadProject: no active .sokonanoda document
2026-10-08T15:14:37.991Z active document changed: file:///home/runner/work/sokonanoda-lang/sokonanoda-lang/editor/vscode/src/test/fixtures/workspace/lib/Set.sokonanoda
2026-10-08T15:14:38.002Z soko/project ok: project=null reason=no-imports
2026-10-08T15:14:38.049Z active document changed: (none)
2026-10-08T15:14:38.049Z loadProject: no active .sokonanoda document
2026-10-08T15:14:38.099Z active document changed: file:///tmp/sokonanoda-vscode-test-xnhC1b/import-links/Entry.sokonanoda
2026-10-08T15:14:38.110Z soko/project ok: project=Entry (2 modules) reason=null
2026-10-08T15:14:38.187Z active document changed: (none)
2026-10-08T15:14:38.187Z loadProject: no active .sokonanoda document
2026-10-08T15:14:38.222Z active document changed: file:///home/runner/work/sokonanoda-lang/sokonanoda-lang/editor/vscode/src/test/fixtures/workspace/units/u01.sokonanoda
2026-10-08T15:14:38.236Z soko/project ok: project=units.u01 (2 modules) reason=null
2026-10-08T15:14:38.296Z soko/project ok: project=units.u01 (2 modules) reason=null
2026-10-08T15:14:38.343Z active document changed: (none)
2026-10-08T15:14:38.343Z loadProject: no active .sokonanoda document
2026-10-08T15:14:38.374Z active document changed: file:///home/runner/work/sokonanoda-lang/sokonanoda-lang/editor/vscode/src/test/fixtures/workspace/units/u01.sokonanoda
2026-10-08T15:14:38.384Z soko/project ok: project=units.u01 (2 modules) reason=null
2026-10-08T15:14:38.446Z active document changed: (none)
2026-10-08T15:14:38.447Z loadProject: no active .sokonanoda document
2026-10-08T15:14:38.474Z active document changed: file:///home/runner/work/sokonanoda-lang/sokonanoda-lang/editor/vscode/src/test/fixtures/workspace/units/u01.sokonanoda
2026-10-08T15:14:38.489Z soko/project ok: project=units.u01 (2 modules) reason=null
2026-10-08T15:14:38.635Z active document changed: (none)
2026-10-08T15:14:38.635Z loadProject: no active .sokonanoda document
2026-10-08T15:14:38.691Z active document changed: file:///home/runner/work/sokonanoda-lang/sokonanoda-lang/editor/vscode/src/test/fixtures/workspace/units/u02-cold-open.sokonanoda
2026-10-08T15:14:38.701Z soko/project ok: project=null reason=no-imports
2026-10-08T15:14:38.967Z client state: stopped
2026-10-08T15:14:38.970Z client state: starting
2026-10-08T15:14:38.980Z client state: running
PERF e2e cache: cold=307ms warm=56ms
2026-10-08T15:14:39.044Z active document changed: (none)
2026-10-08T15:14:39.044Z loadProject: no active .sokonanoda document
2026-10-08T15:14:39.083Z active document changed: file:///home/runner/work/sokonanoda-lang/sokonanoda-lang/editor/vscode/src/test/fixtures/workspace/units/u01.sokonanoda
2026-10-08T15:14:39.107Z soko/project ok: project=units.u01 (2 modules) reason=null
2026-10-08T15:14:39.324Z soko/project ok: project=units.u01 (2 modules) reason=null
2026-10-08T15:14:39.670Z soko/project ok: project=units.u01 (2 modules) reason=null
2026-10-08T15:14:40.096Z soko/project ok: project=units.u01 (2 modules) reason=null
2026-10-08T15:14:41.016Z active document changed: (none)
2026-10-08T15:14:41.017Z loadProject: no active .sokonanoda document
2026-10-08T15:14:41.042Z active document changed: file:///home/runner/work/sokonanoda-lang/sokonanoda-lang/editor/vscode/src/test/fixtures/workspace/units/u01.sokonanoda
2026-10-08T15:14:41.053Z soko/project ok: project=units.u01 (2 modules) reason=null
2026-10-08T15:14:41.467Z soko/project ok: project=units.u01 (2 modules) reason=null
2026-10-08T15:14:41.755Z soko/project ok: project=units.u01 (2 modules) reason=null
PERF e2e fanout: entry diagnostics signature=152 字节 · 稳定 ✓
2026-10-08T15:14:45.974Z active document changed: (none)
2026-10-08T15:14:45.974Z loadProject: no active .sokonanoda document
2026-10-08T15:14:45.996Z active document changed: file:///home/runner/work/sokonanoda-lang/sokonanoda-lang/editor/vscode/src/test/fixtures/workspace/units/u01.sokonanoda
2026-10-08T15:14:46.004Z soko/project ok: project=units.u01 (2 modules) reason=null
2026-10-08T15:14:46.525Z soko/project ok: project=units.u01 (2 modules) reason=null
2026-10-08T15:14:46.617Z active document changed: (none)
2026-10-08T15:14:46.617Z loadProject: no active .sokonanoda document
2026-10-08T15:14:46.637Z active document changed: file:///home/runner/work/sokonanoda-lang/sokonanoda-lang/editor/vscode/src/test/fixtures/workspace/units/u01.sokonanoda
2026-10-08T15:14:46.645Z soko/project ok: project=units.u01 (2 modules) reason=null
2026-10-08T15:14:46.961Z active document changed: (none)
2026-10-08T15:14:46.961Z loadProject: no active .sokonanoda document
2026-10-08T15:14:46.982Z active document changed: file:///home/runner/work/sokonanoda-lang/sokonanoda-lang/editor/vscode/src/test/fixtures/workspace/units/u01.sokonanoda
2026-10-08T15:14:46.990Z soko/project ok: project=units.u01 (2 modules) reason=null
2026-10-08T15:14:47.302Z active document changed: (none)
2026-10-08T15:14:47.302Z loadProject: no active .sokonanoda document
2026-10-08T15:14:47.321Z active document changed: file:///home/runner/work/sokonanoda-lang/sokonanoda-lang/editor/vscode/src/test/fixtures/workspace/units/u01.sokonanoda
2026-10-08T15:14:47.330Z soko/project ok: project=units.u01 (2 modules) reason=null
2026-10-08T15:14:47.645Z active document changed: (none)
2026-10-08T15:14:47.645Z loadProject: no active .sokonanoda document
2026-10-08T15:14:47.666Z active document changed: file:///home/runner/work/sokonanoda-lang/sokonanoda-lang/editor/vscode/src/test/fixtures/workspace/units/u01.sokonanoda
2026-10-08T15:14:47.677Z soko/project ok: project=units.u01 (2 modules) reason=null
2026-10-08T15:14:47.984Z active document changed: (none)
2026-10-08T15:14:47.984Z loadProject: no active .sokonanoda document
2026-10-08T15:14:48.003Z active document changed: file:///home/runner/work/sokonanoda-lang/sokonanoda-lang/editor/vscode/src/test/fixtures/workspace/units/u01.sokonanoda
2026-10-08T15:14:48.012Z soko/project ok: project=units.u01 (2 modules) reason=null
2026-10-08T15:14:48.083Z active document changed: (none)
2026-10-08T15:14:48.083Z loadProject: no active .sokonanoda document
2026-10-08T15:14:48.106Z active document changed: file:///home/runner/work/sokonanoda-lang/sokonanoda-lang/editor/vscode/src/test/fixtures/workspace/units/u01.sokonanoda
2026-10-08T15:14:48.114Z soko/project ok: project=units.u01 (2 modules) reason=null
2026-10-08T15:14:48.195Z active document changed: (none)
2026-10-08T15:14:48.196Z loadProject: no active .sokonanoda document
2026-10-08T15:14:48.217Z active document changed: file:///home/runner/work/sokonanoda-lang/sokonanoda-lang/editor/vscode/src/test/fixtures/workspace/units/u01.sokonanoda
2026-10-08T15:14:48.229Z soko/project ok: project=units.u01 (2 modules) reason=null
2026-10-08T15:14:48.303Z active document changed: (none)
2026-10-08T15:14:48.303Z loadProject: no active .sokonanoda document
2026-10-08T15:14:48.323Z active document changed: file:///home/runner/work/sokonanoda-lang/sokonanoda-lang/editor/vscode/src/test/fixtures/workspace/units/u01.sokonanoda
2026-10-08T15:14:48.329Z soko/project ok: project=units.u01 (2 modules) reason=null
2026-10-08T15:14:48.409Z active document changed: (none)
2026-10-08T15:14:48.409Z loadProject: no active .sokonanoda document
2026-10-08T15:14:48.439Z active document changed: file:///tmp/sokonanoda-vscode-test-xnhC1b/typing-latency.sokonanoda
2026-10-08T15:14:48.450Z soko/project ok: project=null reason=no-imports
2026-10-08T15:14:49.337Z soko/project ok: project=null reason=no-imports
2026-10-08T15:14:50.018Z soko/project ok: project=null reason=no-imports
PERF editor_keystroke_latency file=typing-latency.sokonanoda decls=24 diagnostics_ms=102 panel_ms=255 flicker_frames=0 keystrokes=8 lights_per_keystroke=0.00 tree_fires=4 typed=" intro hq"
2026-10-08T15:14:50.031Z active document changed: (none)
2026-10-08T15:14:50.031Z loadProject: no active .sokonanoda document
2026-10-08T15:14:50.058Z active document changed: file:///tmp/sokonanoda-vscode-test-xnhC1b/latency-project/units/typing.sokonanoda
2026-10-08T15:14:50.064Z soko/project ok: project=units.typing (2 modules) reason=null
2026-10-08T15:14:50.423Z soko/project ok: project=units.typing (2 modules) reason=null
2026-10-08T15:14:51.380Z soko/project ok: project=units.typing (2 modules) reason=null
2026-10-08T15:14:52.954Z soko/project ok: project=units.typing (2 modules) reason=null
PERF editor_keystroke_latency_project keystrokes=9 lights_showdelay_0=18 lights_default=0
2026-10-08T15:14:53.406Z active document changed: (none)
2026-10-08T15:14:53.406Z loadProject: no active .sokonanoda document
2026-10-08T15:14:53.439Z active document changed: file:///tmp/sokonanoda-vscode-test-xnhC1b/latency-steady/units/typing.sokonanoda
2026-10-08T15:14:53.447Z soko/project ok: project=null reason=no-imports
2026-10-08T15:14:53.628Z soko/project ok: project=null reason=no-imports
2026-10-08T15:14:53.855Z soko/project ok: project=units.typing (2 modules) reason=null
2026-10-08T15:14:54.377Z soko/project ok: project=units.typing (2 modules) reason=null
2026-10-08T15:14:54.396Z active document changed: (none)
2026-10-08T15:14:54.396Z loadProject: no active .sokonanoda document
2026-10-08T15:14:54.445Z client state: stopped
