# scripts/vscode-e2e.sh — VS Code 1.138.0 · extension v0.78.0 · 4c983b9b280db76e02c639999286bef4d6da3a63
# 结果：35 passing / 0 failing / 0 pending（exit=0）

## doctor（服务器解析与版本自述）
--- doctor ---
sokonanoda doctor — 扩展 v0.78.0 (6 checks)
[ok] 1/6 resolution：bundled — /home/runner/work/sokonanoda-lang/sokonanoda-lang/editor/vscode/bin/linux-x64/sokonanoda-lsp (source=bundled)
[ok] 2/6 server-version：0.78.0 (pid 3125) == 扩展 v0.78.0 (source=bundled)
[ok] 3/6 host-version：运行宿主 v0.78.0
[ok] 4/6 ignored-override：没有被忽略的 serverPath/env 覆盖
[info] 5/6 download-cache：无下载缓存（仅影响 CLI/universal 兜底，不影响内置服务器）
[info] 6/6 obsolete-versions：检测到 0 个扩展版本快照、0 个 .obsolete 条目；完整重启 VS Code 会自动清理

## 用例
    ✔ .sokonanoda files get the sokonanoda language id (211ms)
    ✔ confusable-character highlight is off for sokonanoda files
    ✔ #check results appear as inlay hints (444ms)
    ✔ clean lesson publishes empty diagnostics (355ms)
    ✔ kernel-rejected declaration carries the kernel-rejected code (199ms)
    ✔ open exercise carries a sorry warning, not an error (68ms)
    ✔ a declaration named Prop warns, not errors (70ms)
    ✔ open exercise shows a hover on the hole (136ms)
    ✔ hover 的类型文本折成记法（T-U12 面 #3，e2e 那一份） (281ms)
    ✔ notation input: the rewriter produces ∧ and hover teaches \and (233ms)
    ✔ restart server command re-syncs open documents (235ms)
    ✔ infoview command is registered and revealable (152ms)
    ✔ the project tree shows the real closure of an imported module (458ms)
    ✔ the project tree names the file a single-file document is (248ms)
    ✔ the project tree marks a broken import as the root cause (158ms)
    ✔ build / rebuild commands warm the compile cache through the CLI (13108ms)
    ✔ Clean Cache empties the project store and does not compile (E31) (7571ms)
    ✔ the Infoview receives the project view (E30) (40ms)
    ✔ Infoview 'definition' lands exactly where the editor F12 lands (E27) (111ms)
    ✔ doctor command returns a read-only source + version report
    ✔ declarations panel lists a project unit's declarations
    ✔ open declaration ships coloured goal runs to the Infoview
    ✔ next hole jumps inside a project unit
    ✔ warmCacheOnOpen pre-builds the workspace at activation
    ✔ reopening a project unit hits the compile cache (4550ms)
    ✔ rewriting an unchanged project unit does not recompile (1940ms)
    ✔ editing a dependency refreshes the open unit once (5835ms)
    ✔ goal text uses the file's notation (644ms)
    ✔ goal text folds a binder notation whose type contains a lambda (340ms)
    ✔ Infoview 的 `⊢` 用记法箭头 `→`，且 runs 与 text 同源 (339ms)
    ✔ Infoview 里集合字面量显示成 `{a}`（不是 `Set.singleton α a`） (330ms)
    ✔ go to definition on a `{a}` set literal lands on `Set.singleton` (106ms)
    ✔ go to definition on a prelude name lands in the prelude source (102ms)
    ✔ go to definition on a notation symbol lands on its declaration (141ms)
    ✔ hover on a notation symbol shows the target's signature (157ms)

## 扩展接线日志（SOKO_E2E_LOG）
2026-09-29T06:51:35.895Z server command: /home/runner/work/sokonanoda-lang/sokonanoda-lang/editor/vscode/bin/linux-x64/sokonanoda-lsp (source=bundled)
2026-09-29T06:51:35.896Z client state: starting
2026-09-29T06:51:35.967Z client state: running
2026-09-29T06:51:36.007Z loadProject: no active .sokonanoda document
2026-09-29T06:51:36.573Z loadProject: no active .sokonanoda document
2026-09-29T06:51:36.613Z active document changed: file:///tmp/sokonanoda-vscode-test-b8m2IN/check.sokonanoda
2026-09-29T06:51:36.638Z soko/project ok: project=null reason=no-imports
2026-09-29T06:51:36.792Z soko/project ok: project=null reason=no-imports
2026-09-29T06:51:37.006Z active document changed: (none)
2026-09-29T06:51:37.006Z loadProject: no active .sokonanoda document
2026-09-29T06:51:37.207Z active document changed: file:///tmp/sokonanoda-vscode-test-b8m2IN/lesson-clean.sokonanoda
2026-09-29T06:51:37.225Z soko/project ok: project=null reason=no-imports
2026-09-29T06:51:37.400Z soko/project ok: project=null reason=no-imports
2026-09-29T06:51:37.421Z active document changed: (none)
2026-09-29T06:51:37.421Z loadProject: no active .sokonanoda document
2026-09-29T06:51:37.517Z active document changed: file:///tmp/sokonanoda-vscode-test-b8m2IN/kernel-bad.sokonanoda
2026-09-29T06:51:37.541Z soko/project ok: project=null reason=no-imports
2026-09-29T06:51:37.662Z active document changed: (none)
2026-09-29T06:51:37.662Z loadProject: no active .sokonanoda document
2026-09-29T06:51:37.719Z active document changed: file:///tmp/sokonanoda-vscode-test-b8m2IN/exercise.sokonanoda
2026-09-29T06:51:37.746Z soko/project ok: project=null reason=no-imports
2026-09-29T06:51:37.827Z active document changed: (none)
2026-09-29T06:51:37.827Z loadProject: no active .sokonanoda document
2026-09-29T06:51:37.887Z active document changed: file:///tmp/sokonanoda-vscode-test-b8m2IN/reserved.sokonanoda
2026-09-29T06:51:37.904Z soko/project ok: project=null reason=no-imports
2026-09-29T06:51:37.961Z active document changed: (none)
2026-09-29T06:51:37.961Z loadProject: no active .sokonanoda document
2026-09-29T06:51:38.029Z active document changed: file:///tmp/sokonanoda-vscode-test-b8m2IN/exercise-hover.sokonanoda
2026-09-29T06:51:38.044Z soko/project ok: project=null reason=no-imports
2026-09-29T06:51:38.136Z active document changed: (none)
2026-09-29T06:51:38.136Z loadProject: no active .sokonanoda document
2026-09-29T06:51:38.211Z loadProject: no active .sokonanoda document
2026-09-29T06:51:38.218Z active document changed: file:///home/runner/work/sokonanoda-lang/sokonanoda-lang/editor/vscode/src/test/fixtures/workspace/units/u01.sokonanoda
2026-09-29T06:51:38.239Z soko/project ok: project=units.u01 (2 modules) reason=null
2026-09-29T06:51:38.438Z active document changed: (none)
2026-09-29T06:51:38.438Z loadProject: no active .sokonanoda document
2026-09-29T06:51:38.508Z active document changed: file:///tmp/sokonanoda-vscode-test-b8m2IN/notation-input.sokonanoda
2026-09-29T06:51:38.531Z soko/project ok: project=null reason=no-imports
2026-09-29T06:51:38.531Z soko/project ok: project=null reason=no-imports
2026-09-29T06:51:38.710Z active document changed: (none)
2026-09-29T06:51:38.710Z loadProject: no active .sokonanoda document
2026-09-29T06:51:38.743Z loadProject: no active .sokonanoda document
2026-09-29T06:51:38.825Z active document changed: file:///tmp/sokonanoda-vscode-test-b8m2IN/restart.sokonanoda
2026-09-29T06:51:38.866Z soko/project ok: project=null reason=no-imports
2026-09-29T06:51:38.867Z client state: stopped
2026-09-29T06:51:38.876Z client state: starting
2026-09-29T06:51:38.938Z client state: running
2026-09-29T06:51:39.011Z active document changed: (none)
2026-09-29T06:51:39.011Z loadProject: no active .sokonanoda document
2026-09-29T06:51:39.201Z loadProject: no active .sokonanoda document
2026-09-29T06:51:39.399Z active document changed: file:///tmp/sokonanoda-vscode-test-b8m2IN/proj-ok/Main.sokonanoda
2026-09-29T06:51:39.416Z soko/project ok: project=null reason=no-imports
2026-09-29T06:51:39.435Z soko/project ok: project=null reason=no-imports
2026-09-29T06:51:39.538Z soko/project ok: project=Main (2 modules) reason=null
2026-09-29T06:51:39.653Z active document changed: (none)
2026-09-29T06:51:39.653Z loadProject: no active .sokonanoda document
2026-09-29T06:51:39.659Z loadProject: no active .sokonanoda document
2026-09-29T06:51:39.797Z active document changed: file:///tmp/sokonanoda-vscode-test-b8m2IN/single.sokonanoda
2026-09-29T06:51:39.808Z soko/project ok: project=null reason=no-imports
2026-09-29T06:51:39.816Z soko/project ok: project=null reason=no-imports
2026-09-29T06:51:39.924Z active document changed: (none)
2026-09-29T06:51:39.924Z loadProject: no active .sokonanoda document
2026-09-29T06:51:39.969Z active document changed: file:///tmp/sokonanoda-vscode-test-b8m2IN/proj-broken/Main.sokonanoda
2026-09-29T06:51:39.983Z soko/project ok: project=Main (1 modules) reason=null
2026-09-29T06:51:39.985Z soko/project ok: project=Main (1 modules) reason=null
2026-09-29T06:51:39.986Z soko/project ok: project=Main (1 modules) reason=null
2026-09-29T06:51:40.117Z active document changed: (none)
2026-09-29T06:51:40.117Z loadProject: no active .sokonanoda document
2026-09-29T06:51:40.157Z active document changed: file:///home/runner/work/sokonanoda-lang/sokonanoda-lang/editor/vscode/src/test/fixtures/workspace/units/u01.sokonanoda
2026-09-29T06:51:40.173Z soko/project ok: project=units.u01 (2 modules) reason=null
2026-09-29T06:51:40.215Z soko/project ok: project=units.u01 (2 modules) reason=null
2026-09-29T06:51:44.890Z warmCacheOnOpen: exit=0
2026-09-29T06:51:47.212Z soko/project ok: project=units.u01 (2 modules) reason=null
2026-09-29T06:51:53.230Z soko/project ok: project=units.u01 (2 modules) reason=null
2026-09-29T06:51:53.239Z active document changed: (none)
2026-09-29T06:51:53.239Z loadProject: no active .sokonanoda document
2026-09-29T06:51:53.270Z active document changed: file:///home/runner/work/sokonanoda-lang/sokonanoda-lang/editor/vscode/src/test/fixtures/workspace/units/u01.sokonanoda
2026-09-29T06:51:53.279Z soko/project ok: project=units.u01 (2 modules) reason=null
2026-09-29T06:51:54.300Z soko/project ok: project=units.u01 (2 modules) reason=null
2026-09-29T06:51:54.306Z soko/project ok: project=units.u01 (2 modules) reason=null
2026-09-29T06:52:00.816Z soko/project ok: project=units.u01 (2 modules) reason=null
2026-09-29T06:52:00.835Z active document changed: (none)
2026-09-29T06:52:00.835Z loadProject: no active .sokonanoda document
2026-09-29T06:52:00.866Z active document changed: file:///home/runner/work/sokonanoda-lang/sokonanoda-lang/editor/vscode/src/test/fixtures/workspace/units/u01.sokonanoda
2026-09-29T06:52:00.875Z soko/project ok: project=units.u01 (2 modules) reason=null
2026-09-29T06:52:00.930Z active document changed: (none)
2026-09-29T06:52:00.930Z loadProject: no active .sokonanoda document
2026-09-29T06:52:00.950Z active document changed: file:///home/runner/work/sokonanoda-lang/sokonanoda-lang/editor/vscode/src/test/fixtures/workspace/units/u01.sokonanoda
2026-09-29T06:52:00.961Z soko/project ok: project=units.u01 (2 modules) reason=null
2026-09-29T06:52:01.026Z active document changed: (none)
2026-09-29T06:52:01.026Z loadProject: no active .sokonanoda document
2026-09-29T06:52:01.033Z active document changed: file:///home/runner/work/sokonanoda-lang/sokonanoda-lang/editor/vscode/src/test/fixtures/workspace/lib/Set.sokonanoda
2026-09-29T06:52:01.043Z soko/project ok: project=null reason=no-imports
2026-09-29T06:52:01.084Z active document changed: (none)
2026-09-29T06:52:01.084Z loadProject: no active .sokonanoda document
2026-09-29T06:52:01.130Z active document changed: file:///home/runner/work/sokonanoda-lang/sokonanoda-lang/editor/vscode/src/test/fixtures/workspace/units/u01.sokonanoda
2026-09-29T06:52:01.138Z soko/project ok: project=units.u01 (2 modules) reason=null
2026-09-29T06:52:01.206Z active document changed: (none)
2026-09-29T06:52:01.206Z loadProject: no active .sokonanoda document
2026-09-29T06:52:01.221Z loadProject: no active .sokonanoda document
2026-09-29T06:52:01.231Z active document changed: file:///home/runner/work/sokonanoda-lang/sokonanoda-lang/editor/vscode/src/test/fixtures/workspace/units/u01.sokonanoda
2026-09-29T06:52:01.241Z soko/project ok: project=units.u01 (2 modules) reason=null
2026-09-29T06:52:01.292Z active document changed: (none)
2026-09-29T06:52:01.292Z loadProject: no active .sokonanoda document
2026-09-29T06:52:01.320Z active document changed: file:///home/runner/work/sokonanoda-lang/sokonanoda-lang/editor/vscode/src/test/fixtures/workspace/units/u01.sokonanoda
2026-09-29T06:52:01.331Z soko/project ok: project=units.u01 (2 modules) reason=null
2026-09-29T06:52:01.383Z active document changed: (none)
2026-09-29T06:52:01.383Z loadProject: no active .sokonanoda document
2026-09-29T06:52:01.411Z active document changed: file:///home/runner/work/sokonanoda-lang/sokonanoda-lang/editor/vscode/src/test/fixtures/workspace/units/u02-cold-open.sokonanoda
2026-09-29T06:52:01.420Z soko/project ok: project=null reason=no-imports
2026-09-29T06:52:05.853Z client state: stopped
2026-09-29T06:52:05.855Z client state: starting
2026-09-29T06:52:05.863Z client state: running
PERF e2e cache: cold=4454ms warm=95ms
2026-09-29T06:52:05.976Z active document changed: (none)
2026-09-29T06:52:05.976Z loadProject: no active .sokonanoda document
2026-09-29T06:52:06.000Z active document changed: file:///home/runner/work/sokonanoda-lang/sokonanoda-lang/editor/vscode/src/test/fixtures/workspace/units/u01.sokonanoda
2026-09-29T06:52:06.010Z soko/project ok: project=units.u01 (2 modules) reason=null
2026-09-29T06:52:06.159Z soko/project ok: project=units.u01 (2 modules) reason=null
2026-09-29T06:52:06.554Z soko/project ok: project=units.u01 (2 modules) reason=null
2026-09-29T06:52:07.002Z soko/project ok: project=units.u01 (2 modules) reason=null
2026-09-29T06:52:07.924Z active document changed: (none)
2026-09-29T06:52:07.925Z loadProject: no active .sokonanoda document
2026-09-29T06:52:07.942Z active document changed: file:///home/runner/work/sokonanoda-lang/sokonanoda-lang/editor/vscode/src/test/fixtures/workspace/units/u01.sokonanoda
2026-09-29T06:52:07.950Z soko/project ok: project=units.u01 (2 modules) reason=null
2026-09-29T06:52:08.650Z soko/project ok: project=units.u01 (2 modules) reason=null
2026-09-29T06:52:09.408Z soko/project ok: project=units.u01 (2 modules) reason=null
PERF e2e fanout: entry diagnostics signature=152 字节 · 稳定 ✓
2026-09-29T06:52:13.771Z active document changed: (none)
2026-09-29T06:52:13.771Z loadProject: no active .sokonanoda document
2026-09-29T06:52:13.803Z active document changed: file:///home/runner/work/sokonanoda-lang/sokonanoda-lang/editor/vscode/src/test/fixtures/workspace/units/u01.sokonanoda
2026-09-29T06:52:13.816Z soko/project ok: project=units.u01 (2 modules) reason=null
2026-09-29T06:52:14.404Z soko/project ok: project=units.u01 (2 modules) reason=null
2026-09-29T06:52:14.427Z active document changed: (none)
2026-09-29T06:52:14.427Z loadProject: no active .sokonanoda document
2026-09-29T06:52:14.453Z active document changed: file:///home/runner/work/sokonanoda-lang/sokonanoda-lang/editor/vscode/src/test/fixtures/workspace/units/u01.sokonanoda
2026-09-29T06:52:14.467Z soko/project ok: project=units.u01 (2 modules) reason=null
2026-09-29T06:52:14.780Z active document changed: (none)
2026-09-29T06:52:14.780Z loadProject: no active .sokonanoda document
2026-09-29T06:52:14.809Z active document changed: file:///home/runner/work/sokonanoda-lang/sokonanoda-lang/editor/vscode/src/test/fixtures/workspace/units/u01.sokonanoda
2026-09-29T06:52:14.820Z soko/project ok: project=units.u01 (2 modules) reason=null
2026-09-29T06:52:15.132Z active document changed: (none)
2026-09-29T06:52:15.132Z loadProject: no active .sokonanoda document
2026-09-29T06:52:15.149Z active document changed: file:///home/runner/work/sokonanoda-lang/sokonanoda-lang/editor/vscode/src/test/fixtures/workspace/units/u01.sokonanoda
2026-09-29T06:52:15.165Z soko/project ok: project=units.u01 (2 modules) reason=null
2026-09-29T06:52:15.473Z active document changed: (none)
2026-09-29T06:52:15.473Z loadProject: no active .sokonanoda document
2026-09-29T06:52:15.499Z active document changed: file:///home/runner/work/sokonanoda-lang/sokonanoda-lang/editor/vscode/src/test/fixtures/workspace/units/u01.sokonanoda
2026-09-29T06:52:15.510Z soko/project ok: project=units.u01 (2 modules) reason=null
2026-09-29T06:52:15.590Z active document changed: (none)
2026-09-29T06:52:15.590Z loadProject: no active .sokonanoda document
2026-09-29T06:52:15.612Z active document changed: file:///home/runner/work/sokonanoda-lang/sokonanoda-lang/editor/vscode/src/test/fixtures/workspace/units/u01.sokonanoda
2026-09-29T06:52:15.626Z soko/project ok: project=units.u01 (2 modules) reason=null
2026-09-29T06:52:15.702Z active document changed: (none)
2026-09-29T06:52:15.702Z loadProject: no active .sokonanoda document
2026-09-29T06:52:15.735Z active document changed: file:///home/runner/work/sokonanoda-lang/sokonanoda-lang/editor/vscode/src/test/fixtures/workspace/units/u01.sokonanoda
2026-09-29T06:52:15.750Z soko/project ok: project=units.u01 (2 modules) reason=null
2026-09-29T06:52:15.885Z active document changed: (none)
2026-09-29T06:52:15.885Z loadProject: no active .sokonanoda document
2026-09-29T06:52:15.930Z active document changed: file:///home/runner/work/sokonanoda-lang/sokonanoda-lang/editor/vscode/src/test/fixtures/workspace/units/u01.sokonanoda
2026-09-29T06:52:15.947Z soko/project ok: project=units.u01 (2 modules) reason=null
2026-09-29T06:52:16.063Z active document changed: (none)
2026-09-29T06:52:16.063Z loadProject: no active .sokonanoda document
2026-09-29T06:52:16.105Z client state: stopped
