# scripts/vscode-e2e.sh — VS Code 1.106.0 · extension v0.78.1 · a085673cc8d7cb38c9b5b2e65da9a006477eb547
# 结果：35 passing / 0 failing / 0 pending（exit=0）

## doctor（服务器解析与版本自述）
--- doctor ---
sokonanoda doctor — 扩展 v0.78.1 (6 checks)
[ok] 1/6 resolution：bundled — /home/runner/work/sokonanoda-lang/sokonanoda-lang/editor/vscode/bin/linux-x64/sokonanoda-lsp (source=bundled)
[ok] 2/6 server-version：0.78.1 (pid 3013) == 扩展 v0.78.1 (source=bundled)
[ok] 3/6 host-version：运行宿主 v0.78.1
[ok] 4/6 ignored-override：没有被忽略的 serverPath/env 覆盖
[info] 5/6 download-cache：无下载缓存（仅影响 CLI/universal 兜底，不影响内置服务器）
[info] 6/6 obsolete-versions：检测到 0 个扩展版本快照、0 个 .obsolete 条目；完整重启 VS Code 会自动清理

## 用例
    ✔ .sokonanoda files get the sokonanoda language id (232ms)
    ✔ confusable-character highlight is off for sokonanoda files
    ✔ #check results appear as inlay hints (339ms)
    ✔ clean lesson publishes empty diagnostics (237ms)
    ✔ kernel-rejected declaration carries the kernel-rejected code (107ms)
    ✔ open exercise carries a sorry warning, not an error (62ms)
    ✔ a declaration named Prop warns, not errors (137ms)
    ✔ open exercise shows a hover on the hole (129ms)
    ✔ hover 的类型文本折成记法（T-U12 面 #3，e2e 那一份） (284ms)
    ✔ notation input: the rewriter produces ∧ and hover teaches \and (264ms)
    ✔ restart server command re-syncs open documents (147ms)
    ✔ infoview command is registered and revealable (162ms)
    ✔ the project tree shows the real closure of an imported module (392ms)
    ✔ the project tree names the file a single-file document is (174ms)
    ✔ the project tree marks a broken import as the root cause (156ms)
    ✔ build / rebuild commands warm the compile cache through the CLI (13209ms)
    ✔ Clean Cache empties the project store and does not compile (E31) (8581ms)
    ✔ the Infoview receives the project view (E30) (51ms)
    ✔ Infoview 'definition' lands exactly where the editor F12 lands (E27) (129ms)
    ✔ doctor command returns a read-only source + version report
    ✔ declarations panel lists a project unit's declarations
    ✔ open declaration ships coloured goal runs to the Infoview
    ✔ next hole jumps inside a project unit
    ✔ warmCacheOnOpen pre-builds the workspace at activation
    ✔ reopening a project unit hits the compile cache (4691ms)
    ✔ rewriting an unchanged project unit does not recompile (1941ms)
    ✔ editing a dependency refreshes the open unit once (6646ms)
    ✔ goal text uses the file's notation (754ms)
    ✔ goal text folds a binder notation whose type contains a lambda (338ms)
    ✔ Infoview 的 `⊢` 用记法箭头 `→`，且 runs 与 text 同源 (340ms)
    ✔ Infoview 里集合字面量显示成 `{a}`（不是 `Set.singleton α a`） (355ms)
    ✔ go to definition on a `{a}` set literal lands on `Set.singleton` (129ms)
    ✔ go to definition on a prelude name lands in the prelude source (156ms)
    ✔ go to definition on a notation symbol lands on its declaration (224ms)
    ✔ hover on a notation symbol shows the target's signature (196ms)

## 扩展接线日志（SOKO_E2E_LOG）
2026-09-29T14:21:08.340Z server command: /home/runner/work/sokonanoda-lang/sokonanoda-lang/editor/vscode/bin/linux-x64/sokonanoda-lsp (source=bundled)
2026-09-29T14:21:08.342Z client state: starting
2026-09-29T14:21:08.372Z client state: running
2026-09-29T14:21:08.389Z loadProject: no active .sokonanoda document
2026-09-29T14:21:08.850Z active document changed: file:///tmp/sokonanoda-vscode-test-o89I6z/check.sokonanoda
2026-09-29T14:21:08.865Z soko/project ok: project=null reason=no-imports
2026-09-29T14:21:09.033Z soko/project ok: project=null reason=no-imports
2026-09-29T14:21:09.131Z active document changed: (none)
2026-09-29T14:21:09.131Z loadProject: no active .sokonanoda document
2026-09-29T14:21:09.234Z active document changed: file:///tmp/sokonanoda-vscode-test-o89I6z/lesson-clean.sokonanoda
2026-09-29T14:21:09.256Z soko/project ok: project=null reason=no-imports
2026-09-29T14:21:09.423Z active document changed: (none)
2026-09-29T14:21:09.424Z loadProject: no active .sokonanoda document
2026-09-29T14:21:09.462Z loadProject: no active .sokonanoda document
2026-09-29T14:21:09.516Z active document changed: file:///tmp/sokonanoda-vscode-test-o89I6z/kernel-bad.sokonanoda
2026-09-29T14:21:09.536Z soko/project ok: project=null reason=no-imports
2026-09-29T14:21:09.624Z active document changed: (none)
2026-09-29T14:21:09.624Z loadProject: no active .sokonanoda document
2026-09-29T14:21:09.676Z active document changed: file:///tmp/sokonanoda-vscode-test-o89I6z/exercise.sokonanoda
2026-09-29T14:21:09.687Z soko/project ok: project=null reason=no-imports
2026-09-29T14:21:09.750Z active document changed: (none)
2026-09-29T14:21:09.751Z loadProject: no active .sokonanoda document
2026-09-29T14:21:09.864Z loadProject: no active .sokonanoda document
2026-09-29T14:21:09.882Z active document changed: file:///tmp/sokonanoda-vscode-test-o89I6z/reserved.sokonanoda
2026-09-29T14:21:09.897Z soko/project ok: project=null reason=no-imports
2026-09-29T14:21:09.944Z active document changed: (none)
2026-09-29T14:21:09.945Z loadProject: no active .sokonanoda document
2026-09-29T14:21:09.999Z active document changed: file:///tmp/sokonanoda-vscode-test-o89I6z/exercise-hover.sokonanoda
2026-09-29T14:21:10.011Z soko/project ok: project=null reason=no-imports
2026-09-29T14:21:10.083Z active document changed: (none)
2026-09-29T14:21:10.083Z loadProject: no active .sokonanoda document
2026-09-29T14:21:10.140Z active document changed: file:///home/runner/work/sokonanoda-lang/sokonanoda-lang/editor/vscode/src/test/fixtures/workspace/units/u01.sokonanoda
2026-09-29T14:21:10.155Z soko/project ok: project=units.u01 (2 modules) reason=null
2026-09-29T14:21:10.189Z soko/project ok: project=units.u01 (2 modules) reason=null
2026-09-29T14:21:10.342Z soko/project ok: project=units.u01 (2 modules) reason=null
2026-09-29T14:21:10.413Z active document changed: (none)
2026-09-29T14:21:10.413Z loadProject: no active .sokonanoda document
2026-09-29T14:21:10.533Z active document changed: file:///tmp/sokonanoda-vscode-test-o89I6z/notation-input.sokonanoda
2026-09-29T14:21:10.561Z soko/project ok: project=null reason=no-imports
2026-09-29T14:21:10.726Z active document changed: (none)
2026-09-29T14:21:10.726Z loadProject: no active .sokonanoda document
2026-09-29T14:21:10.765Z loadProject: no active .sokonanoda document
2026-09-29T14:21:10.799Z active document changed: file:///tmp/sokonanoda-vscode-test-o89I6z/restart.sokonanoda
2026-09-29T14:21:10.812Z soko/project ok: project=null reason=no-imports
2026-09-29T14:21:10.816Z client state: stopped
2026-09-29T14:21:10.821Z client state: starting
2026-09-29T14:21:10.856Z client state: running
2026-09-29T14:21:10.956Z active document changed: (none)
2026-09-29T14:21:10.956Z loadProject: no active .sokonanoda document
2026-09-29T14:21:11.127Z loadProject: no active .sokonanoda document
2026-09-29T14:21:11.295Z active document changed: file:///tmp/sokonanoda-vscode-test-o89I6z/proj-ok/Main.sokonanoda
2026-09-29T14:21:11.334Z soko/project ok: project=Main (2 modules) reason=null
2026-09-29T14:21:11.337Z soko/project ok: project=Main (2 modules) reason=null
2026-09-29T14:21:11.428Z soko/project ok: project=Main (2 modules) reason=null
2026-09-29T14:21:11.537Z active document changed: (none)
2026-09-29T14:21:11.537Z loadProject: no active .sokonanoda document
2026-09-29T14:21:11.542Z soko/project answer for another document: file:///tmp/sokonanoda-vscode-test-o89I6z/proj-ok/Main.sokonanoda
2026-09-29T14:21:11.599Z active document changed: file:///tmp/sokonanoda-vscode-test-o89I6z/single.sokonanoda
2026-09-29T14:21:11.619Z soko/project ok: project=null reason=no-imports
2026-09-29T14:21:11.621Z soko/project ok: project=null reason=no-imports
2026-09-29T14:21:11.722Z active document changed: (none)
2026-09-29T14:21:11.722Z loadProject: no active .sokonanoda document
2026-09-29T14:21:11.764Z active document changed: file:///tmp/sokonanoda-vscode-test-o89I6z/proj-broken/Main.sokonanoda
2026-09-29T14:21:11.776Z soko/project ok: project=Main (1 modules) reason=null
2026-09-29T14:21:11.783Z soko/project ok: project=Main (1 modules) reason=null
2026-09-29T14:21:11.791Z soko/project ok: project=Main (1 modules) reason=null
2026-09-29T14:21:11.891Z active document changed: (none)
2026-09-29T14:21:11.891Z loadProject: no active .sokonanoda document
2026-09-29T14:21:11.938Z active document changed: file:///home/runner/work/sokonanoda-lang/sokonanoda-lang/editor/vscode/src/test/fixtures/workspace/units/u01.sokonanoda
2026-09-29T14:21:11.969Z soko/project ok: project=units.u01 (2 modules) reason=null
2026-09-29T14:21:11.969Z soko/project ok: project=units.u01 (2 modules) reason=null
2026-09-29T14:21:17.336Z warmCacheOnOpen: exit=0
2026-09-29T14:21:19.090Z soko/project ok: project=units.u01 (2 modules) reason=null
2026-09-29T14:21:25.107Z soko/project ok: project=units.u01 (2 modules) reason=null
2026-09-29T14:21:25.124Z active document changed: (none)
2026-09-29T14:21:25.124Z loadProject: no active .sokonanoda document
2026-09-29T14:21:25.162Z active document changed: file:///home/runner/work/sokonanoda-lang/sokonanoda-lang/editor/vscode/src/test/fixtures/workspace/units/u01.sokonanoda
2026-09-29T14:21:25.171Z soko/project ok: project=units.u01 (2 modules) reason=null
2026-09-29T14:21:26.191Z soko/project ok: project=units.u01 (2 modules) reason=null
2026-09-29T14:21:26.200Z soko/project ok: project=units.u01 (2 modules) reason=null
2026-09-29T14:21:33.710Z soko/project ok: project=units.u01 (2 modules) reason=null
2026-09-29T14:21:33.737Z active document changed: (none)
2026-09-29T14:21:33.737Z loadProject: no active .sokonanoda document
2026-09-29T14:21:33.779Z active document changed: file:///home/runner/work/sokonanoda-lang/sokonanoda-lang/editor/vscode/src/test/fixtures/workspace/units/u01.sokonanoda
2026-09-29T14:21:33.788Z soko/project ok: project=units.u01 (2 modules) reason=null
2026-09-29T14:21:33.856Z active document changed: (none)
2026-09-29T14:21:33.856Z loadProject: no active .sokonanoda document
2026-09-29T14:21:33.883Z active document changed: file:///home/runner/work/sokonanoda-lang/sokonanoda-lang/editor/vscode/src/test/fixtures/workspace/units/u01.sokonanoda
2026-09-29T14:21:33.891Z soko/project ok: project=units.u01 (2 modules) reason=null
2026-09-29T14:21:33.969Z active document changed: (none)
2026-09-29T14:21:33.969Z loadProject: no active .sokonanoda document
2026-09-29T14:21:33.977Z active document changed: file:///home/runner/work/sokonanoda-lang/sokonanoda-lang/editor/vscode/src/test/fixtures/workspace/lib/Set.sokonanoda
2026-09-29T14:21:33.987Z soko/project ok: project=null reason=no-imports
2026-09-29T14:21:34.035Z active document changed: (none)
2026-09-29T14:21:34.036Z loadProject: no active .sokonanoda document
2026-09-29T14:21:34.080Z active document changed: file:///home/runner/work/sokonanoda-lang/sokonanoda-lang/editor/vscode/src/test/fixtures/workspace/units/u01.sokonanoda
2026-09-29T14:21:34.090Z soko/project ok: project=units.u01 (2 modules) reason=null
2026-09-29T14:21:34.167Z soko/project ok: project=units.u01 (2 modules) reason=null
2026-09-29T14:21:34.172Z active document changed: (none)
2026-09-29T14:21:34.172Z loadProject: no active .sokonanoda document
2026-09-29T14:21:34.195Z active document changed: file:///home/runner/work/sokonanoda-lang/sokonanoda-lang/editor/vscode/src/test/fixtures/workspace/units/u01.sokonanoda
2026-09-29T14:21:34.206Z soko/project ok: project=units.u01 (2 modules) reason=null
2026-09-29T14:21:34.266Z active document changed: (none)
2026-09-29T14:21:34.266Z loadProject: no active .sokonanoda document
2026-09-29T14:21:34.287Z active document changed: file:///home/runner/work/sokonanoda-lang/sokonanoda-lang/editor/vscode/src/test/fixtures/workspace/units/u01.sokonanoda
2026-09-29T14:21:34.296Z soko/project ok: project=units.u01 (2 modules) reason=null
2026-09-29T14:21:34.345Z active document changed: (none)
2026-09-29T14:21:34.345Z loadProject: no active .sokonanoda document
2026-09-29T14:21:34.410Z active document changed: file:///home/runner/work/sokonanoda-lang/sokonanoda-lang/editor/vscode/src/test/fixtures/workspace/units/u02-cold-open.sokonanoda
2026-09-29T14:21:34.434Z soko/project ok: project=null reason=no-imports
2026-09-29T14:21:39.000Z client state: stopped
2026-09-29T14:21:39.004Z client state: starting
2026-09-29T14:21:39.015Z client state: running
PERF e2e cache: cold=4623ms warm=67ms
2026-09-29T14:21:39.122Z active document changed: (none)
2026-09-29T14:21:39.122Z loadProject: no active .sokonanoda document
2026-09-29T14:21:39.152Z active document changed: file:///home/runner/work/sokonanoda-lang/sokonanoda-lang/editor/vscode/src/test/fixtures/workspace/units/u01.sokonanoda
2026-09-29T14:21:39.162Z soko/project ok: project=units.u01 (2 modules) reason=null
2026-09-29T14:21:39.323Z soko/project ok: project=units.u01 (2 modules) reason=null
2026-09-29T14:21:39.699Z soko/project ok: project=units.u01 (2 modules) reason=null
2026-09-29T14:21:40.153Z soko/project ok: project=units.u01 (2 modules) reason=null
2026-09-29T14:21:41.073Z active document changed: (none)
2026-09-29T14:21:41.073Z loadProject: no active .sokonanoda document
2026-09-29T14:21:41.094Z active document changed: file:///home/runner/work/sokonanoda-lang/sokonanoda-lang/editor/vscode/src/test/fixtures/workspace/units/u01.sokonanoda
2026-09-29T14:21:41.102Z soko/project ok: project=units.u01 (2 modules) reason=null
2026-09-29T14:21:41.778Z soko/project ok: project=units.u01 (2 modules) reason=null
2026-09-29T14:21:43.360Z soko/project ok: project=units.u01 (2 modules) reason=null
PERF e2e fanout: entry diagnostics signature=152 字节 · 稳定 ✓
2026-09-29T14:21:47.730Z active document changed: (none)
2026-09-29T14:21:47.730Z loadProject: no active .sokonanoda document
2026-09-29T14:21:47.767Z active document changed: file:///home/runner/work/sokonanoda-lang/sokonanoda-lang/editor/vscode/src/test/fixtures/workspace/units/u01.sokonanoda
2026-09-29T14:21:47.776Z soko/project ok: project=units.u01 (2 modules) reason=null
2026-09-29T14:21:48.392Z soko/project ok: project=units.u01 (2 modules) reason=null
2026-09-29T14:21:48.496Z active document changed: (none)
2026-09-29T14:21:48.496Z loadProject: no active .sokonanoda document
2026-09-29T14:21:48.522Z active document changed: file:///home/runner/work/sokonanoda-lang/sokonanoda-lang/editor/vscode/src/test/fixtures/workspace/units/u01.sokonanoda
2026-09-29T14:21:48.537Z soko/project ok: project=units.u01 (2 modules) reason=null
2026-09-29T14:21:48.846Z active document changed: (none)
2026-09-29T14:21:48.846Z loadProject: no active .sokonanoda document
2026-09-29T14:21:48.870Z active document changed: file:///home/runner/work/sokonanoda-lang/sokonanoda-lang/editor/vscode/src/test/fixtures/workspace/units/u01.sokonanoda
2026-09-29T14:21:48.887Z soko/project ok: project=units.u01 (2 modules) reason=null
2026-09-29T14:21:49.198Z active document changed: (none)
2026-09-29T14:21:49.198Z loadProject: no active .sokonanoda document
2026-09-29T14:21:49.234Z active document changed: file:///home/runner/work/sokonanoda-lang/sokonanoda-lang/editor/vscode/src/test/fixtures/workspace/units/u01.sokonanoda
2026-09-29T14:21:49.252Z soko/project ok: project=units.u01 (2 modules) reason=null
2026-09-29T14:21:49.567Z active document changed: (none)
2026-09-29T14:21:49.567Z loadProject: no active .sokonanoda document
2026-09-29T14:21:49.588Z active document changed: file:///home/runner/work/sokonanoda-lang/sokonanoda-lang/editor/vscode/src/test/fixtures/workspace/units/u01.sokonanoda
2026-09-29T14:21:49.603Z soko/project ok: project=units.u01 (2 modules) reason=null
2026-09-29T14:21:49.708Z active document changed: (none)
2026-09-29T14:21:49.708Z loadProject: no active .sokonanoda document
2026-09-29T14:21:49.737Z active document changed: file:///home/runner/work/sokonanoda-lang/sokonanoda-lang/editor/vscode/src/test/fixtures/workspace/units/u01.sokonanoda
2026-09-29T14:21:49.751Z soko/project ok: project=units.u01 (2 modules) reason=null
2026-09-29T14:21:49.883Z active document changed: (none)
2026-09-29T14:21:49.883Z loadProject: no active .sokonanoda document
2026-09-29T14:21:49.926Z active document changed: file:///home/runner/work/sokonanoda-lang/sokonanoda-lang/editor/vscode/src/test/fixtures/workspace/units/u01.sokonanoda
2026-09-29T14:21:49.958Z soko/project ok: project=units.u01 (2 modules) reason=null
2026-09-29T14:21:50.127Z active document changed: (none)
2026-09-29T14:21:50.127Z loadProject: no active .sokonanoda document
2026-09-29T14:21:50.172Z active document changed: file:///home/runner/work/sokonanoda-lang/sokonanoda-lang/editor/vscode/src/test/fixtures/workspace/units/u01.sokonanoda
2026-09-29T14:21:50.196Z soko/project ok: project=units.u01 (2 modules) reason=null
2026-09-29T14:21:50.345Z active document changed: (none)
2026-09-29T14:21:50.345Z loadProject: no active .sokonanoda document
2026-09-29T14:21:50.411Z client state: stopped
