# scripts/vscode-e2e.sh — VS Code 1.138.0 · extension v0.65.2 · 9d8aa9b2fc7e0bf049d1d10ebfb241cf6ea10d96
# 结果：25 passing / 0 failing / 0 pending（exit=0）

## doctor（服务器解析与版本自述）
--- doctor ---
sokonanoda doctor — 扩展 v0.65.2 (6 checks)
[ok] 1/6 resolution：bundled — /home/runner/work/sokonanoda-lang/sokonanoda-lang/editor/vscode/bin/linux-x64/sokonanoda-lsp (source=bundled)
[ok] 2/6 server-version：0.65.2 (pid 3094) == 扩展 v0.65.2 (source=bundled)
[ok] 3/6 host-version：运行宿主 v0.65.2
[ok] 4/6 ignored-override：没有被忽略的 serverPath/env 覆盖
[info] 5/6 download-cache：无下载缓存（仅影响 CLI/universal 兜底，不影响内置服务器）
[info] 6/6 obsolete-versions：检测到 0 个扩展版本快照、0 个 .obsolete 条目；完整重启 VS Code 会自动清理

## 用例
    ✔ .sokonanoda files get the sokonanoda language id (121ms)
    ✔ confusable-character highlight is off for sokonanoda files
    ✔ #check results appear as inlay hints (206ms)
    ✔ clean lesson publishes empty diagnostics (140ms)
    ✔ kernel-rejected declaration carries the kernel-rejected code (42ms)
    ✔ open exercise carries a sorry warning, not an error (46ms)
    ✔ a declaration named Prop warns, not errors (60ms)
    ✔ open exercise shows a hover on the hole (87ms)
    ✔ notation input: the rewriter produces ∧ and hover teaches \and (121ms)
    ✔ restart server command re-syncs open documents (84ms)
    ✔ infoview command is registered and revealable (87ms)
    ✔ the project tree shows the real closure of an imported module (162ms)
    ✔ the project tree names the file a single-file document is (132ms)
    ✔ the project tree marks a broken import as the root cause (134ms)
    ✔ build / rebuild commands warm the compile cache through the CLI (85ms)
    ✔ doctor command returns a read-only source + version report
    ✔ declarations panel lists a project unit's declarations (546ms)
    ✔ next hole jumps inside a project unit
    ✔ warmCacheOnOpen pre-builds the workspace at activation
    ✔ reopening a project unit hits the compile cache (4034ms)
    ✔ rewriting an unchanged project unit does not recompile (1554ms)
    ✔ editing a dependency refreshes the open unit once (1534ms)
    ✔ goal text uses the file's notation (736ms)
    ✔ go to definition on a notation symbol lands on its declaration (87ms)
    ✔ hover on a notation symbol shows the target's signature (88ms)

## 扩展接线日志（SOKO_E2E_LOG）
2026-09-23T21:37:21.949Z server command: /home/runner/work/sokonanoda-lang/sokonanoda-lang/editor/vscode/bin/linux-x64/sokonanoda-lsp (source=bundled)
2026-09-23T21:37:21.950Z client state: starting
2026-09-23T21:37:21.989Z client state: running
2026-09-23T21:37:21.999Z loadProject: no active .sokonanoda document
2026-09-23T21:37:22.215Z warmCacheOnOpen: exit=0
2026-09-23T21:37:22.341Z active document changed: file:///tmp/sokonanoda-vscode-test-AH3cZY/check.sokonanoda
2026-09-23T21:37:22.350Z soko/project ok: project=null reason=no-imports
2026-09-23T21:37:22.374Z soko/project ok: project=null reason=no-imports
2026-09-23T21:37:22.467Z active document changed: (none)
2026-09-23T21:37:22.467Z loadProject: no active .sokonanoda document
2026-09-23T21:37:22.516Z active document changed: file:///tmp/sokonanoda-vscode-test-AH3cZY/lesson-clean.sokonanoda
2026-09-23T21:37:22.531Z soko/project ok: project=null reason=no-imports
2026-09-23T21:37:22.532Z soko/project ok: project=null reason=no-imports
2026-09-23T21:37:22.620Z active document changed: (none)
2026-09-23T21:37:22.620Z loadProject: no active .sokonanoda document
2026-09-23T21:37:22.654Z active document changed: file:///tmp/sokonanoda-vscode-test-AH3cZY/kernel-bad.sokonanoda
2026-09-23T21:37:22.665Z soko/project ok: project=null reason=no-imports
2026-09-23T21:37:22.709Z active document changed: (none)
2026-09-23T21:37:22.710Z loadProject: no active .sokonanoda document
2026-09-23T21:37:22.751Z active document changed: file:///tmp/sokonanoda-vscode-test-AH3cZY/exercise.sokonanoda
2026-09-23T21:37:22.762Z soko/project ok: project=null reason=no-imports
2026-09-23T21:37:22.809Z active document changed: (none)
2026-09-23T21:37:22.809Z loadProject: no active .sokonanoda document
2026-09-23T21:37:22.858Z active document changed: file:///tmp/sokonanoda-vscode-test-AH3cZY/reserved.sokonanoda
2026-09-23T21:37:22.870Z soko/project ok: project=null reason=no-imports
2026-09-23T21:37:22.937Z active document changed: (none)
2026-09-23T21:37:22.937Z loadProject: no active .sokonanoda document
2026-09-23T21:37:22.978Z active document changed: file:///tmp/sokonanoda-vscode-test-AH3cZY/exercise-hover.sokonanoda
2026-09-23T21:37:22.986Z soko/project ok: project=null reason=no-imports
2026-09-23T21:37:23.035Z active document changed: (none)
2026-09-23T21:37:23.035Z loadProject: no active .sokonanoda document
2026-09-23T21:37:23.074Z active document changed: file:///tmp/sokonanoda-vscode-test-AH3cZY/notation-input.sokonanoda
2026-09-23T21:37:23.081Z soko/project ok: project=null reason=no-imports
2026-09-23T21:37:23.183Z active document changed: (none)
2026-09-23T21:37:23.183Z loadProject: no active .sokonanoda document
2026-09-23T21:37:23.222Z active document changed: file:///tmp/sokonanoda-vscode-test-AH3cZY/restart.sokonanoda
2026-09-23T21:37:23.229Z soko/project ok: project=null reason=no-imports
2026-09-23T21:37:23.235Z client state: stopped
2026-09-23T21:37:23.239Z client state: starting
2026-09-23T21:37:23.267Z client state: running
2026-09-23T21:37:23.306Z active document changed: (none)
2026-09-23T21:37:23.306Z loadProject: no active .sokonanoda document
2026-09-23T21:37:23.440Z active document changed: file:///tmp/sokonanoda-vscode-test-AH3cZY/proj-ok/Main.sokonanoda
2026-09-23T21:37:23.459Z soko/project ok: project=Main (2 modules) reason=null
2026-09-23T21:37:23.464Z soko/project ok: project=Main (2 modules) reason=null
2026-09-23T21:37:23.491Z soko/project ok: project=Main (2 modules) reason=null
2026-09-23T21:37:23.569Z active document changed: (none)
2026-09-23T21:37:23.569Z loadProject: no active .sokonanoda document
2026-09-23T21:37:23.593Z active document changed: file:///tmp/sokonanoda-vscode-test-AH3cZY/single.sokonanoda
2026-09-23T21:37:23.602Z soko/project ok: project=null reason=no-imports
2026-09-23T21:37:23.606Z soko/project ok: project=null reason=no-imports
2026-09-23T21:37:23.710Z active document changed: (none)
2026-09-23T21:37:23.710Z loadProject: no active .sokonanoda document
2026-09-23T21:37:23.734Z active document changed: file:///tmp/sokonanoda-vscode-test-AH3cZY/proj-broken/Main.sokonanoda
2026-09-23T21:37:23.746Z soko/project ok: project=Main (1 modules) reason=null
2026-09-23T21:37:23.748Z soko/project ok: project=Main (1 modules) reason=null
2026-09-23T21:37:23.852Z active document changed: (none)
2026-09-23T21:37:23.852Z loadProject: no active .sokonanoda document
2026-09-23T21:37:23.877Z active document changed: file:///tmp/sokonanoda-vscode-test-AH3cZY/build-smoke.sokonanoda
2026-09-23T21:37:23.886Z soko/project ok: project=null reason=no-imports
2026-09-23T21:37:23.919Z soko/project ok: project=null reason=no-imports
2026-09-23T21:37:23.941Z soko/project ok: project=null reason=no-imports
2026-09-23T21:37:23.975Z active document changed: (none)
2026-09-23T21:37:23.975Z loadProject: no active .sokonanoda document
2026-09-23T21:37:24.052Z active document changed: file:///home/runner/work/sokonanoda-lang/sokonanoda-lang/editor/vscode/src/test/fixtures/workspace/units/u01.sokonanoda
2026-09-23T21:37:24.060Z soko/project ok: project=null reason=no-imports
2026-09-23T21:37:24.075Z soko/project ok: project=null reason=no-imports
2026-09-23T21:37:24.502Z soko/project ok: project=units.u01 (2 modules) reason=null
2026-09-23T21:37:24.575Z active document changed: (none)
2026-09-23T21:37:24.575Z loadProject: no active .sokonanoda document
2026-09-23T21:37:24.599Z active document changed: file:///home/runner/work/sokonanoda-lang/sokonanoda-lang/editor/vscode/src/test/fixtures/workspace/units/u01.sokonanoda
2026-09-23T21:37:24.606Z soko/project ok: project=units.u01 (2 modules) reason=null
2026-09-23T21:37:24.699Z active document changed: (none)
2026-09-23T21:37:24.699Z loadProject: no active .sokonanoda document
2026-09-23T21:37:24.739Z active document changed: file:///home/runner/work/sokonanoda-lang/sokonanoda-lang/editor/vscode/src/test/fixtures/workspace/units/u02.sokonanoda
2026-09-23T21:37:24.749Z soko/project ok: project=null reason=no-imports
2026-09-23T21:37:28.693Z client state: stopped
2026-09-23T21:37:28.695Z client state: starting
2026-09-23T21:37:28.704Z client state: running
PERF e2e cache: cold=3976ms warm=56ms entries=1
2026-09-23T21:37:28.797Z active document changed: (none)
2026-09-23T21:37:28.798Z loadProject: no active .sokonanoda document
2026-09-23T21:37:28.835Z active document changed: file:///home/runner/work/sokonanoda-lang/sokonanoda-lang/editor/vscode/src/test/fixtures/workspace/units/u01.sokonanoda
2026-09-23T21:37:28.845Z soko/project ok: project=units.u01 (2 modules) reason=null
2026-09-23T21:37:29.002Z soko/project ok: project=units.u01 (2 modules) reason=null
2026-09-23T21:37:29.434Z soko/project ok: project=units.u01 (2 modules) reason=null
2026-09-23T21:37:30.358Z active document changed: (none)
2026-09-23T21:37:30.358Z loadProject: no active .sokonanoda document
2026-09-23T21:37:30.381Z active document changed: file:///home/runner/work/sokonanoda-lang/sokonanoda-lang/editor/vscode/src/test/fixtures/workspace/units/u01.sokonanoda
2026-09-23T21:37:30.389Z soko/project ok: project=units.u01 (2 modules) reason=null
2026-09-23T21:37:31.547Z soko/project ok: project=units.u01 (2 modules) reason=null
PERF e2e fanout: entry diagnostics publishes=1
2026-09-23T21:37:31.902Z active document changed: (none)
2026-09-23T21:37:31.903Z loadProject: no active .sokonanoda document
2026-09-23T21:37:31.924Z active document changed: file:///home/runner/work/sokonanoda-lang/sokonanoda-lang/editor/vscode/src/test/fixtures/workspace/units/u01.sokonanoda
2026-09-23T21:37:31.935Z soko/project ok: project=units.u01 (2 modules) reason=null
2026-09-23T21:37:32.576Z soko/project ok: project=units.u01 (2 modules) reason=null
2026-09-23T21:37:32.648Z active document changed: (none)
2026-09-23T21:37:32.649Z loadProject: no active .sokonanoda document
2026-09-23T21:37:32.673Z active document changed: file:///home/runner/work/sokonanoda-lang/sokonanoda-lang/editor/vscode/src/test/fixtures/workspace/units/u01.sokonanoda
2026-09-23T21:37:32.681Z soko/project ok: project=units.u01 (2 modules) reason=null
2026-09-23T21:37:32.747Z active document changed: (none)
2026-09-23T21:37:32.748Z loadProject: no active .sokonanoda document
2026-09-23T21:37:32.768Z active document changed: file:///home/runner/work/sokonanoda-lang/sokonanoda-lang/editor/vscode/src/test/fixtures/workspace/units/u01.sokonanoda
2026-09-23T21:37:32.782Z soko/project ok: project=units.u01 (2 modules) reason=null
2026-09-23T21:37:32.848Z active document changed: (none)
2026-09-23T21:37:32.848Z loadProject: no active .sokonanoda document
2026-09-23T21:37:32.879Z client state: stopped
