# scripts/vscode-e2e.sh — VS Code 1.138.0 · extension v0.72.0 · 64613685a4a6569f2f9ce924847b2538837bb9f0
# 结果：32 passing / 0 failing / 0 pending（exit=0）

## doctor（服务器解析与版本自述）
--- doctor ---
sokonanoda doctor — 扩展 v0.72.0 (6 checks)
[ok] 1/6 resolution：bundled — /Users/penglingwei/Documents/lean/sokonanoda/sokonanoda-lang/editor/vscode/bin/darwin-arm64/sokonanoda-lsp (source=bundled)
[ok] 2/6 server-version：0.72.0 (pid 96316) == 扩展 v0.72.0 (source=bundled)
[ok] 3/6 host-version：运行宿主 v0.72.0
[ok] 4/6 ignored-override：没有被忽略的 serverPath/env 覆盖
[info] 5/6 download-cache：缓存 marker 0.66.0 darwin-arm64 != 扩展 v0.72.0；可运行 sokonanoda update
[info] 6/6 obsolete-versions：检测到 0 个扩展版本快照、0 个 .obsolete 条目；完整重启 VS Code 会自动清理

## 用例
    ✔ .sokonanoda files get the sokonanoda language id (48ms)
    ✔ confusable-character highlight is off for sokonanoda files
    ✔ #check results appear as inlay hints (134ms)
    ✔ clean lesson publishes empty diagnostics
    ✔ kernel-rejected declaration carries the kernel-rejected code
    ✔ open exercise carries a sorry warning, not an error
    ✔ a declaration named Prop warns, not errors
    ✔ open exercise shows a hover on the hole
    ✔ hover 的类型文本折成记法（T-U12 面 #3，e2e 那一份） (55ms)
    ✔ notation input: the rewriter produces ∧ and hover teaches \and
    ✔ restart server command re-syncs open documents (38ms)
    ✔ infoview command is registered and revealable (53ms)
    ✔ the project tree shows the real closure of an imported module (225ms)
    ✔ the project tree names the file a single-file document is (115ms)
    ✔ the project tree marks a broken import as the root cause (118ms)
    ✔ build / rebuild commands warm the compile cache through the CLI (48ms)
    ✔ doctor command returns a read-only source + version report
    ✔ declarations panel lists a project unit's declarations
    ✔ open declaration ships coloured goal runs to the Infoview
    ✔ next hole jumps inside a project unit
    ✔ warmCacheOnOpen pre-builds the workspace at activation
    ✔ reopening a project unit hits the compile cache (584ms)
    ✔ rewriting an unchanged project unit does not recompile (1524ms)
    ✔ editing a dependency refreshes the open unit once (5157ms)
    ✔ goal text uses the file's notation (734ms)
    ✔ goal text folds a binder notation whose type contains a lambda (318ms)
    ✔ Infoview 的 `⊢` 用记法箭头 `→`，且 runs 与 text 同源 (318ms)
    ✔ Infoview 里集合字面量显示成 `{a}`（不是 `Set.singleton α a`） (316ms)
    ✔ go to definition on a `{a}` set literal lands on `Set.singleton` (40ms)
    ✔ go to definition on a prelude name lands in the prelude source
    ✔ go to definition on a notation symbol lands on its declaration
    ✔ hover on a notation symbol shows the target's signature (40ms)

## 扩展接线日志（SOKO_E2E_LOG）
2026-09-26T11:00:19.432Z server command: /Users/penglingwei/Documents/lean/sokonanoda/sokonanoda-lang/editor/vscode/bin/darwin-arm64/sokonanoda-lsp (source=bundled)
2026-09-26T11:00:19.433Z client state: starting
2026-09-26T11:00:19.729Z client state: running
2026-09-26T11:00:19.733Z loadProject: no active .sokonanoda document
2026-09-26T11:00:19.878Z active document changed: file:///var/folders/81/6wvjcvys3y300jnj259_2jbw0000gn/T/sokonanoda-vscode-test-5Nc3lF/check.sokonanoda
2026-09-26T11:00:19.883Z soko/project ok: project=null reason=no-imports
2026-09-26T11:00:19.974Z active document changed: (none)
2026-09-26T11:00:19.974Z loadProject: no active .sokonanoda document
2026-09-26T11:00:19.992Z active document changed: file:///var/folders/81/6wvjcvys3y300jnj259_2jbw0000gn/T/sokonanoda-vscode-test-5Nc3lF/lesson-clean.sokonanoda
2026-09-26T11:00:20.006Z soko/project ok: project=null reason=no-imports
2026-09-26T11:00:20.013Z active document changed: (none)
2026-09-26T11:00:20.013Z loadProject: no active .sokonanoda document
2026-09-26T11:00:20.029Z active document changed: file:///var/folders/81/6wvjcvys3y300jnj259_2jbw0000gn/T/sokonanoda-vscode-test-5Nc3lF/kernel-bad.sokonanoda
2026-09-26T11:00:20.033Z soko/project ok: project=null reason=no-imports
2026-09-26T11:00:20.047Z active document changed: (none)
2026-09-26T11:00:20.047Z loadProject: no active .sokonanoda document
2026-09-26T11:00:20.063Z active document changed: file:///var/folders/81/6wvjcvys3y300jnj259_2jbw0000gn/T/sokonanoda-vscode-test-5Nc3lF/exercise.sokonanoda
2026-09-26T11:00:20.067Z soko/project ok: project=null reason=no-imports
2026-09-26T11:00:20.077Z active document changed: (none)
2026-09-26T11:00:20.077Z loadProject: no active .sokonanoda document
2026-09-26T11:00:20.094Z active document changed: file:///var/folders/81/6wvjcvys3y300jnj259_2jbw0000gn/T/sokonanoda-vscode-test-5Nc3lF/reserved.sokonanoda
2026-09-26T11:00:20.098Z soko/project ok: project=null reason=no-imports
2026-09-26T11:00:20.113Z active document changed: (none)
2026-09-26T11:00:20.113Z loadProject: no active .sokonanoda document
2026-09-26T11:00:20.134Z active document changed: file:///var/folders/81/6wvjcvys3y300jnj259_2jbw0000gn/T/sokonanoda-vscode-test-5Nc3lF/exercise-hover.sokonanoda
2026-09-26T11:00:20.135Z soko/project ok: project=null reason=no-imports
2026-09-26T11:00:20.150Z active document changed: (none)
2026-09-26T11:00:20.150Z loadProject: no active .sokonanoda document
2026-09-26T11:00:20.166Z active document changed: file:///Users/penglingwei/Documents/lean/sokonanoda/sokonanoda-lang/editor/vscode/src/test/fixtures/workspace/units/u01.sokonanoda
2026-09-26T11:00:20.172Z soko/project ok: project=units.u01 (2 modules) reason=null
2026-09-26T11:00:20.193Z warmCacheOnOpen: exit=0
2026-09-26T11:00:20.228Z active document changed: (none)
2026-09-26T11:00:20.228Z loadProject: no active .sokonanoda document
2026-09-26T11:00:20.247Z active document changed: file:///var/folders/81/6wvjcvys3y300jnj259_2jbw0000gn/T/sokonanoda-vscode-test-5Nc3lF/notation-input.sokonanoda
2026-09-26T11:00:20.250Z soko/project ok: project=null reason=no-imports
2026-09-26T11:00:20.283Z active document changed: (none)
2026-09-26T11:00:20.283Z loadProject: no active .sokonanoda document
2026-09-26T11:00:20.299Z active document changed: file:///var/folders/81/6wvjcvys3y300jnj259_2jbw0000gn/T/sokonanoda-vscode-test-5Nc3lF/restart.sokonanoda
2026-09-26T11:00:20.303Z soko/project ok: project=null reason=no-imports
2026-09-26T11:00:20.306Z client state: stopped
2026-09-26T11:00:20.307Z client state: starting
2026-09-26T11:00:20.320Z client state: running
2026-09-26T11:00:20.328Z active document changed: (none)
2026-09-26T11:00:20.328Z loadProject: no active .sokonanoda document
2026-09-26T11:00:20.404Z active document changed: file:///var/folders/81/6wvjcvys3y300jnj259_2jbw0000gn/T/sokonanoda-vscode-test-5Nc3lF/proj-ok/Main.sokonanoda
2026-09-26T11:00:20.427Z soko/project ok: project=null reason=no-imports
2026-09-26T11:00:20.432Z soko/project ok: project=null reason=no-imports
2026-09-26T11:00:20.496Z soko/project ok: project=Main (2 modules) reason=null
2026-09-26T11:00:20.513Z soko/project ok: project=Main (2 modules) reason=null
2026-09-26T11:00:20.616Z active document changed: (none)
2026-09-26T11:00:20.616Z loadProject: no active .sokonanoda document
2026-09-26T11:00:20.627Z active document changed: file:///var/folders/81/6wvjcvys3y300jnj259_2jbw0000gn/T/sokonanoda-vscode-test-5Nc3lF/single.sokonanoda
2026-09-26T11:00:20.629Z soko/project ok: project=null reason=no-imports
2026-09-26T11:00:20.633Z soko/project ok: project=null reason=no-imports
2026-09-26T11:00:20.653Z soko/project ok: project=null reason=no-imports
2026-09-26T11:00:20.736Z active document changed: (none)
2026-09-26T11:00:20.736Z loadProject: no active .sokonanoda document
2026-09-26T11:00:20.748Z active document changed: file:///var/folders/81/6wvjcvys3y300jnj259_2jbw0000gn/T/sokonanoda-vscode-test-5Nc3lF/proj-broken/Main.sokonanoda
2026-09-26T11:00:20.751Z soko/project ok: project=Main (1 modules) reason=null
2026-09-26T11:00:20.754Z soko/project ok: project=Main (1 modules) reason=null
2026-09-26T11:00:20.858Z active document changed: (none)
2026-09-26T11:00:20.859Z loadProject: no active .sokonanoda document
2026-09-26T11:00:20.870Z active document changed: file:///var/folders/81/6wvjcvys3y300jnj259_2jbw0000gn/T/sokonanoda-vscode-test-5Nc3lF/build-smoke.sokonanoda
2026-09-26T11:00:20.873Z soko/project ok: project=null reason=no-imports
2026-09-26T11:00:20.896Z soko/project ok: project=null reason=no-imports
2026-09-26T11:00:20.908Z soko/project ok: project=null reason=no-imports
2026-09-26T11:00:20.912Z active document changed: (none)
2026-09-26T11:00:20.912Z loadProject: no active .sokonanoda document
2026-09-26T11:00:20.932Z active document changed: file:///Users/penglingwei/Documents/lean/sokonanoda/sokonanoda-lang/editor/vscode/src/test/fixtures/workspace/units/u01.sokonanoda
2026-09-26T11:00:20.936Z soko/project ok: project=units.u01 (2 modules) reason=null
2026-09-26T11:00:20.980Z active document changed: (none)
2026-09-26T11:00:20.980Z loadProject: no active .sokonanoda document
2026-09-26T11:00:20.993Z active document changed: file:///Users/penglingwei/Documents/lean/sokonanoda/sokonanoda-lang/editor/vscode/src/test/fixtures/workspace/units/u01.sokonanoda
2026-09-26T11:00:20.997Z soko/project ok: project=units.u01 (2 modules) reason=null
2026-09-26T11:00:21.004Z active document changed: (none)
2026-09-26T11:00:21.004Z loadProject: no active .sokonanoda document
2026-09-26T11:00:21.012Z active document changed: file:///Users/penglingwei/Documents/lean/sokonanoda/sokonanoda-lang/editor/vscode/src/test/fixtures/workspace/units/u01.sokonanoda
2026-09-26T11:00:21.016Z soko/project ok: project=units.u01 (2 modules) reason=null
2026-09-26T11:00:21.024Z active document changed: (none)
2026-09-26T11:00:21.024Z loadProject: no active .sokonanoda document
2026-09-26T11:00:21.038Z active document changed: file:///Users/penglingwei/Documents/lean/sokonanoda/sokonanoda-lang/editor/vscode/src/test/fixtures/workspace/units/u02-cold-open.sokonanoda
2026-09-26T11:00:21.042Z soko/project ok: project=null reason=no-imports
2026-09-26T11:00:21.067Z soko/project ok: project=null reason=no-imports
2026-09-26T11:00:21.556Z client state: stopped
2026-09-26T11:00:21.558Z client state: starting
2026-09-26T11:00:21.564Z client state: running
PERF e2e cache: cold=528ms warm=56ms
2026-09-26T11:00:21.622Z active document changed: (none)
2026-09-26T11:00:21.622Z loadProject: no active .sokonanoda document
2026-09-26T11:00:21.636Z active document changed: file:///Users/penglingwei/Documents/lean/sokonanoda/sokonanoda-lang/editor/vscode/src/test/fixtures/workspace/units/u01.sokonanoda
2026-09-26T11:00:21.643Z soko/project ok: project=units.u01 (2 modules) reason=null
2026-09-26T11:00:21.813Z soko/project ok: project=units.u01 (2 modules) reason=null
2026-09-26T11:00:22.239Z soko/project ok: project=units.u01 (2 modules) reason=null
2026-09-26T11:00:23.155Z active document changed: (none)
2026-09-26T11:00:23.155Z loadProject: no active .sokonanoda document
2026-09-26T11:00:23.167Z active document changed: file:///Users/penglingwei/Documents/lean/sokonanoda/sokonanoda-lang/editor/vscode/src/test/fixtures/workspace/units/u01.sokonanoda
2026-09-26T11:00:23.172Z soko/project ok: project=units.u01 (2 modules) reason=null
2026-09-26T11:00:23.913Z soko/project ok: project=units.u01 (2 modules) reason=null
2026-09-26T11:00:24.567Z soko/project ok: project=units.u01 (2 modules) reason=null
PERF e2e fanout: entry diagnostics signature=152 字节 · 稳定 ✓
2026-09-26T11:00:28.325Z active document changed: (none)
2026-09-26T11:00:28.325Z loadProject: no active .sokonanoda document
2026-09-26T11:00:28.344Z active document changed: file:///Users/penglingwei/Documents/lean/sokonanoda/sokonanoda-lang/editor/vscode/src/test/fixtures/workspace/units/u01.sokonanoda
2026-09-26T11:00:28.349Z soko/project ok: project=units.u01 (2 modules) reason=null
2026-09-26T11:00:28.991Z soko/project ok: project=units.u01 (2 modules) reason=null
2026-09-26T11:00:29.071Z active document changed: (none)
2026-09-26T11:00:29.071Z loadProject: no active .sokonanoda document
2026-09-26T11:00:29.084Z active document changed: file:///Users/penglingwei/Documents/lean/sokonanoda/sokonanoda-lang/editor/vscode/src/test/fixtures/workspace/units/u01.sokonanoda
2026-09-26T11:00:29.088Z soko/project ok: project=units.u01 (2 modules) reason=null
2026-09-26T11:00:29.397Z active document changed: (none)
2026-09-26T11:00:29.397Z loadProject: no active .sokonanoda document
2026-09-26T11:00:29.409Z active document changed: file:///Users/penglingwei/Documents/lean/sokonanoda/sokonanoda-lang/editor/vscode/src/test/fixtures/workspace/units/u01.sokonanoda
2026-09-26T11:00:29.413Z soko/project ok: project=units.u01 (2 modules) reason=null
2026-09-26T11:00:29.721Z active document changed: (none)
2026-09-26T11:00:29.721Z loadProject: no active .sokonanoda document
2026-09-26T11:00:29.731Z active document changed: file:///Users/penglingwei/Documents/lean/sokonanoda/sokonanoda-lang/editor/vscode/src/test/fixtures/workspace/units/u01.sokonanoda
2026-09-26T11:00:29.735Z soko/project ok: project=units.u01 (2 modules) reason=null
2026-09-26T11:00:30.045Z active document changed: (none)
2026-09-26T11:00:30.046Z loadProject: no active .sokonanoda document
2026-09-26T11:00:30.059Z active document changed: file:///Users/penglingwei/Documents/lean/sokonanoda/sokonanoda-lang/editor/vscode/src/test/fixtures/workspace/units/u01.sokonanoda
2026-09-26T11:00:30.064Z soko/project ok: project=units.u01 (2 modules) reason=null
2026-09-26T11:00:30.092Z active document changed: (none)
2026-09-26T11:00:30.092Z loadProject: no active .sokonanoda document
2026-09-26T11:00:30.100Z active document changed: file:///Users/penglingwei/Documents/lean/sokonanoda/sokonanoda-lang/editor/vscode/src/test/fixtures/workspace/units/u01.sokonanoda
2026-09-26T11:00:30.104Z soko/project ok: project=units.u01 (2 modules) reason=null
2026-09-26T11:00:30.134Z active document changed: (none)
2026-09-26T11:00:30.134Z loadProject: no active .sokonanoda document
2026-09-26T11:00:30.142Z active document changed: file:///Users/penglingwei/Documents/lean/sokonanoda/sokonanoda-lang/editor/vscode/src/test/fixtures/workspace/units/u01.sokonanoda
2026-09-26T11:00:30.146Z soko/project ok: project=units.u01 (2 modules) reason=null
2026-09-26T11:00:30.173Z active document changed: (none)
2026-09-26T11:00:30.173Z loadProject: no active .sokonanoda document
2026-09-26T11:00:30.182Z active document changed: file:///Users/penglingwei/Documents/lean/sokonanoda/sokonanoda-lang/editor/vscode/src/test/fixtures/workspace/units/u01.sokonanoda
2026-09-26T11:00:30.185Z soko/project ok: project=units.u01 (2 modules) reason=null
2026-09-26T11:00:30.218Z active document changed: (none)
2026-09-26T11:00:30.218Z loadProject: no active .sokonanoda document
2026-09-26T11:00:30.228Z client state: stopped
