# scripts/vscode-e2e.sh — VS Code 1.138.0 · extension v0.85.2 · 375c783642e47501c85e588ce40fb43472b613b0
# 结果：42 passing / 1 failing / 0 pending（exit=1）

## doctor（服务器解析与版本自述）
--- doctor ---
sokonanoda doctor — 扩展 v0.85.2 (6 checks)
[ok] 1/6 resolution：bundled — /Users/penglingwei/Documents/lean/sokonanoda/sokonanoda-lang/editor/vscode/bin/darwin-arm64/sokonanoda-lsp (source=bundled)
[ok] 2/6 server-version：0.85.2 (pid 37671) == 扩展 v0.85.2 (source=bundled)
[ok] 3/6 host-version：运行宿主 v0.85.2
[ok] 4/6 ignored-override：没有被忽略的 serverPath/env 覆盖
[info] 5/6 download-cache：缓存 marker 0.73.0 darwin-arm64 != 扩展 v0.85.2；可运行 sokonanoda update
[info] 6/6 obsolete-versions：检测到 0 个扩展版本快照、0 个 .obsolete 条目；完整重启 VS Code 会自动清理

## 用例
    ✔ .sokonanoda files get the sokonanoda language id
    ✔ confusable-character highlight is off for sokonanoda files
    ✔ #check results appear as inlay hints (78ms)
    ✔ C3：`#check`/`#print` 的输出出现在 Infoview 的「命令输出」块里 (531ms)
    ✔ clean lesson publishes empty diagnostics
    ✔ kernel-rejected declaration carries the kernel-rejected code
    ✔ open exercise carries a sorry warning, not an error
    ✔ a declaration named Prop warns, not errors
    ✔ open exercise shows a hover on the hole
    ✔ hover 的类型文本折成记法（T-U12 面 #3，e2e 那一份）
    ✔ notation input: the rewriter produces ∧ and hover teaches \and (41ms)
    ✔ notation input: greek letters and the anon-ctor brackets, in a real host (43ms)
    ✔ restart server command re-syncs open documents (135ms)
    ✔ infoview command is registered and revealable (129ms)
    ✔ the project tree shows the real closure of an imported module (334ms)
    ✔ the project tree names the file a single-file document is (119ms)
    ✔ the project tree marks a broken import as the root cause (117ms)
    ✔ build / rebuild commands warm the compile cache through the CLI (155ms)
    ✔ Clean Cache empties the project store and does not compile (E31) (1654ms)
    1) Rebuild shows a non-zero percent while it is still running (②)
    ✔ the Infoview receives the project view (E30)
    ✔ Infoview 'definition' lands exactly where the editor F12 lands (E27) (48ms)
    ✔ import 行的模块名是链接，指向被导入的文件（documentLink）
    ✔ doctor command returns a read-only source + version report
    ✔ declarations panel lists a project unit's declarations
    ✔ open declaration ships coloured goal runs to the Infoview
    ✔ next hole jumps inside a project unit
    ✔ warmCacheOnOpen pre-builds the workspace at activation
    ✔ reopening a project unit hits the compile cache (208ms)
    ✔ rewriting an unchanged project unit does not recompile (1924ms)
    ✔ editing a dependency refreshes the open unit once (4951ms)
    ✔ goal text uses the file's notation (318ms)
    ✔ goal text folds a binder notation whose type contains a lambda (316ms)
    ✔ B2：光标在末条 tactic 之内 ⇒ 目标是它**作用后**的状态（闭合 ⇒ 无目标） (317ms)
    ✔ Infoview 的 `⊢` 用记法箭头 `→`，且 runs 与 text 同源 (318ms)
    ✔ Infoview 里集合字面量显示成 `{a}`（不是 `Set.singleton α a`） (316ms)
    ✔ go to definition on a `{a}` set literal lands on `Set.singleton`
    ✔ go to definition on a prelude name lands in the prelude source
    ✔ go to definition on a notation symbol lands on its declaration
    ✔ hover on a notation symbol shows the target's signature
    ✔ edit responsiveness: last keystroke reaches diagnostics and the goal panel (1565ms)
    ✔ edit responsiveness (project mode): A/B flicker with the show delay off vs on (3250ms)
    ✔ edit responsiveness (project mode): first keystroke after open vs steady state (627ms)
  1) sokonanoda extension (VS Code integration)

## 扩展接线日志（SOKO_E2E_LOG）
2026-10-08T13:32:13.400Z server command: /Users/penglingwei/Documents/lean/sokonanoda/sokonanoda-lang/editor/vscode/bin/darwin-arm64/sokonanoda-lsp (source=bundled)
2026-10-08T13:32:13.401Z client state: starting
2026-10-08T13:32:13.537Z warmCacheOnOpen: exit=0
2026-10-08T13:32:13.925Z client state: running
2026-10-08T13:32:13.928Z loadProject: no active .sokonanoda document
2026-10-08T13:32:14.013Z active document changed: file:///var/folders/81/6wvjcvys3y300jnj259_2jbw0000gn/T/sokonanoda-vscode-test-lB6yDO/check.sokonanoda
2026-10-08T13:32:14.015Z soko/project ok: project=null reason=no-imports
2026-10-08T13:32:14.052Z active document changed: (none)
2026-10-08T13:32:14.053Z loadProject: no active .sokonanoda document
2026-10-08T13:32:14.068Z active document changed: file:///var/folders/81/6wvjcvys3y300jnj259_2jbw0000gn/T/sokonanoda-vscode-test-lB6yDO/c3-command-output.sokonanoda
2026-10-08T13:32:14.070Z soko/project ok: project=null reason=no-imports
2026-10-08T13:32:14.269Z soko/project ok: project=null reason=no-imports
2026-10-08T13:32:14.591Z active document changed: (none)
2026-10-08T13:32:14.591Z loadProject: no active .sokonanoda document
2026-10-08T13:32:14.606Z active document changed: file:///var/folders/81/6wvjcvys3y300jnj259_2jbw0000gn/T/sokonanoda-vscode-test-lB6yDO/lesson-clean.sokonanoda
2026-10-08T13:32:14.608Z soko/project ok: project=null reason=no-imports
2026-10-08T13:32:14.621Z active document changed: (none)
2026-10-08T13:32:14.621Z loadProject: no active .sokonanoda document
2026-10-08T13:32:14.634Z active document changed: file:///var/folders/81/6wvjcvys3y300jnj259_2jbw0000gn/T/sokonanoda-vscode-test-lB6yDO/kernel-bad.sokonanoda
2026-10-08T13:32:14.636Z soko/project ok: project=null reason=no-imports
2026-10-08T13:32:14.646Z active document changed: (none)
2026-10-08T13:32:14.646Z loadProject: no active .sokonanoda document
2026-10-08T13:32:14.663Z active document changed: file:///var/folders/81/6wvjcvys3y300jnj259_2jbw0000gn/T/sokonanoda-vscode-test-lB6yDO/exercise.sokonanoda
2026-10-08T13:32:14.664Z soko/project ok: project=null reason=no-imports
2026-10-08T13:32:14.675Z active document changed: (none)
2026-10-08T13:32:14.675Z loadProject: no active .sokonanoda document
2026-10-08T13:32:14.690Z active document changed: file:///var/folders/81/6wvjcvys3y300jnj259_2jbw0000gn/T/sokonanoda-vscode-test-lB6yDO/reserved.sokonanoda
2026-10-08T13:32:14.691Z soko/project ok: project=null reason=no-imports
2026-10-08T13:32:14.705Z active document changed: (none)
2026-10-08T13:32:14.706Z loadProject: no active .sokonanoda document
2026-10-08T13:32:14.719Z active document changed: file:///var/folders/81/6wvjcvys3y300jnj259_2jbw0000gn/T/sokonanoda-vscode-test-lB6yDO/exercise-hover.sokonanoda
2026-10-08T13:32:14.721Z soko/project ok: project=null reason=no-imports
2026-10-08T13:32:14.736Z active document changed: (none)
2026-10-08T13:32:14.736Z loadProject: no active .sokonanoda document
2026-10-08T13:32:14.750Z active document changed: file:///Users/penglingwei/Documents/lean/sokonanoda/sokonanoda-lang/editor/vscode/src/test/fixtures/workspace/units/u01.sokonanoda
2026-10-08T13:32:14.754Z soko/project ok: project=units.u01 (2 modules) reason=null
2026-10-08T13:32:14.783Z active document changed: (none)
2026-10-08T13:32:14.783Z loadProject: no active .sokonanoda document
2026-10-08T13:32:14.798Z active document changed: file:///var/folders/81/6wvjcvys3y300jnj259_2jbw0000gn/T/sokonanoda-vscode-test-lB6yDO/notation-input.sokonanoda
2026-10-08T13:32:14.800Z soko/project ok: project=null reason=no-imports
2026-10-08T13:32:14.837Z active document changed: (none)
2026-10-08T13:32:14.837Z loadProject: no active .sokonanoda document
2026-10-08T13:32:14.851Z active document changed: file:///var/folders/81/6wvjcvys3y300jnj259_2jbw0000gn/T/sokonanoda-vscode-test-lB6yDO/notation-input-greek.sokonanoda
2026-10-08T13:32:14.856Z soko/project ok: project=null reason=no-imports
2026-10-08T13:32:14.890Z active document changed: (none)
2026-10-08T13:32:14.890Z loadProject: no active .sokonanoda document
2026-10-08T13:32:14.902Z active document changed: file:///var/folders/81/6wvjcvys3y300jnj259_2jbw0000gn/T/sokonanoda-vscode-test-lB6yDO/restart.sokonanoda
2026-10-08T13:32:14.904Z soko/project ok: project=null reason=no-imports
2026-10-08T13:32:14.909Z client state: stopped
2026-10-08T13:32:14.911Z client state: starting
2026-10-08T13:32:14.923Z client state: running
2026-10-08T13:32:15.054Z active document changed: (none)
2026-10-08T13:32:15.055Z loadProject: no active .sokonanoda document
2026-10-08T13:32:15.115Z loadProject: no active .sokonanoda document
2026-10-08T13:32:15.202Z active document changed: file:///var/folders/81/6wvjcvys3y300jnj259_2jbw0000gn/T/sokonanoda-vscode-test-lB6yDO/proj-ok/Main.sokonanoda
2026-10-08T13:32:15.206Z soko/project ok: project=Main (2 modules) reason=null
2026-10-08T13:32:15.209Z soko/project ok: project=Main (2 modules) reason=null
2026-10-08T13:32:15.310Z soko/project ok: project=Main (2 modules) reason=null
2026-10-08T13:32:15.416Z soko/project ok: project=Main (2 modules) reason=null
2026-10-08T13:32:15.526Z active document changed: (none)
2026-10-08T13:32:15.526Z loadProject: no active .sokonanoda document
2026-10-08T13:32:15.543Z active document changed: file:///var/folders/81/6wvjcvys3y300jnj259_2jbw0000gn/T/sokonanoda-vscode-test-lB6yDO/single.sokonanoda
2026-10-08T13:32:15.569Z soko/project ok: project=null reason=no-imports
2026-10-08T13:32:15.577Z soko/project ok: project=null reason=no-imports
2026-10-08T13:32:15.654Z active document changed: (none)
2026-10-08T13:32:15.655Z loadProject: no active .sokonanoda document
2026-10-08T13:32:15.665Z active document changed: file:///var/folders/81/6wvjcvys3y300jnj259_2jbw0000gn/T/sokonanoda-vscode-test-lB6yDO/proj-broken/Main.sokonanoda
2026-10-08T13:32:15.667Z soko/project ok: project=Main (1 modules) reason=null
2026-10-08T13:32:15.672Z soko/project ok: project=Main (1 modules) reason=null
2026-10-08T13:32:15.775Z active document changed: (none)
2026-10-08T13:32:15.776Z loadProject: no active .sokonanoda document
2026-10-08T13:32:15.785Z active document changed: file:///Users/penglingwei/Documents/lean/sokonanoda/sokonanoda-lang/editor/vscode/src/test/fixtures/workspace/units/u01.sokonanoda
2026-10-08T13:32:15.788Z soko/project ok: project=units.u01 (2 modules) reason=null
2026-10-08T13:32:15.809Z soko/project ok: project=units.u01 (2 modules) reason=null
2026-10-08T13:32:15.868Z soko/project ok: project=units.u01 (2 modules) reason=null
2026-10-08T13:32:15.934Z soko/project ok: project=units.u01 (2 modules) reason=null
2026-10-08T13:32:15.941Z active document changed: (none)
2026-10-08T13:32:15.941Z loadProject: no active .sokonanoda document
2026-10-08T13:32:15.948Z active document changed: file:///Users/penglingwei/Documents/lean/sokonanoda/sokonanoda-lang/editor/vscode/src/test/fixtures/workspace/units/u01.sokonanoda
2026-10-08T13:32:15.951Z soko/project ok: project=units.u01 (2 modules) reason=null
2026-10-08T13:32:15.970Z soko/project ok: project=units.u01 (2 modules) reason=null
2026-10-08T13:32:15.977Z soko/project ok: project=units.u01 (2 modules) reason=null
2026-10-08T13:32:17.598Z soko/project ok: project=units.u01 (2 modules) reason=null
2026-10-08T13:32:17.619Z active document changed: (none)
2026-10-08T13:32:17.619Z loadProject: no active .sokonanoda document
2026-10-08T13:32:17.630Z active document changed: file:///Users/penglingwei/Documents/lean/sokonanoda/sokonanoda-lang/editor/vscode/src/test/fixtures/workspace/units/u01.sokonanoda
2026-10-08T13:32:17.633Z soko/project ok: project=units.u01 (2 modules) reason=null
2026-10-08T13:32:17.654Z soko/project ok: project=units.u01 (2 modules) reason=null
2026-10-08T13:32:17.779Z soko/project ok: project=units.u01 (2 modules) reason=null
2026-10-08T13:32:17.785Z active document changed: (none)
2026-10-08T13:32:17.785Z loadProject: no active .sokonanoda document
2026-10-08T13:32:17.795Z active document changed: file:///Users/penglingwei/Documents/lean/sokonanoda/sokonanoda-lang/editor/vscode/src/test/fixtures/workspace/units/u01.sokonanoda
2026-10-08T13:32:17.798Z soko/project ok: project=units.u01 (2 modules) reason=null
2026-10-08T13:32:17.811Z active document changed: (none)
2026-10-08T13:32:17.812Z loadProject: no active .sokonanoda document
2026-10-08T13:32:17.820Z active document changed: file:///Users/penglingwei/Documents/lean/sokonanoda/sokonanoda-lang/editor/vscode/src/test/fixtures/workspace/units/u01.sokonanoda
2026-10-08T13:32:17.824Z soko/project ok: project=units.u01 (2 modules) reason=null
2026-10-08T13:32:17.848Z active document changed: (none)
2026-10-08T13:32:17.849Z loadProject: no active .sokonanoda document
2026-10-08T13:32:17.854Z active document changed: file:///Users/penglingwei/Documents/lean/sokonanoda/sokonanoda-lang/editor/vscode/src/test/fixtures/workspace/lib/Set.sokonanoda
2026-10-08T13:32:17.857Z soko/project ok: project=null reason=no-imports
2026-10-08T13:32:17.871Z active document changed: (none)
2026-10-08T13:32:17.871Z loadProject: no active .sokonanoda document
2026-10-08T13:32:17.894Z active document changed: file:///var/folders/81/6wvjcvys3y300jnj259_2jbw0000gn/T/sokonanoda-vscode-test-lB6yDO/import-links/Entry.sokonanoda
2026-10-08T13:32:17.895Z soko/project ok: project=Entry (2 modules) reason=null
2026-10-08T13:32:17.916Z active document changed: (none)
2026-10-08T13:32:17.916Z loadProject: no active .sokonanoda document
2026-10-08T13:32:17.938Z active document changed: file:///Users/penglingwei/Documents/lean/sokonanoda/sokonanoda-lang/editor/vscode/src/test/fixtures/workspace/units/u01.sokonanoda
2026-10-08T13:32:17.941Z soko/project ok: project=units.u01 (2 modules) reason=null
2026-10-08T13:32:17.953Z active document changed: (none)
2026-10-08T13:32:17.953Z loadProject: no active .sokonanoda document
2026-10-08T13:32:17.960Z active document changed: file:///Users/penglingwei/Documents/lean/sokonanoda/sokonanoda-lang/editor/vscode/src/test/fixtures/workspace/units/u01.sokonanoda
2026-10-08T13:32:17.962Z soko/project ok: project=units.u01 (2 modules) reason=null
2026-10-08T13:32:17.972Z active document changed: (none)
2026-10-08T13:32:17.972Z loadProject: no active .sokonanoda document
2026-10-08T13:32:17.980Z active document changed: file:///Users/penglingwei/Documents/lean/sokonanoda/sokonanoda-lang/editor/vscode/src/test/fixtures/workspace/units/u01.sokonanoda
2026-10-08T13:32:17.983Z soko/project ok: project=units.u01 (2 modules) reason=null
2026-10-08T13:32:17.993Z active document changed: (none)
2026-10-08T13:32:17.994Z loadProject: no active .sokonanoda document
2026-10-08T13:32:18.008Z active document changed: file:///Users/penglingwei/Documents/lean/sokonanoda/sokonanoda-lang/editor/vscode/src/test/fixtures/workspace/units/u02-cold-open.sokonanoda
2026-10-08T13:32:18.010Z soko/project ok: project=null reason=no-imports
2026-10-08T13:32:18.058Z soko/project ok: project=null reason=no-imports
2026-10-08T13:32:18.152Z client state: stopped
2026-10-08T13:32:18.153Z client state: starting
2026-10-08T13:32:18.158Z client state: running
PERF e2e cache: cold=150ms warm=57ms
2026-10-08T13:32:18.211Z active document changed: (none)
2026-10-08T13:32:18.212Z loadProject: no active .sokonanoda document
2026-10-08T13:32:18.223Z active document changed: file:///Users/penglingwei/Documents/lean/sokonanoda/sokonanoda-lang/editor/vscode/src/test/fixtures/workspace/units/u01.sokonanoda
2026-10-08T13:32:18.226Z soko/project ok: project=units.u01 (2 modules) reason=null
2026-10-08T13:32:18.406Z soko/project ok: project=units.u01 (2 modules) reason=null
2026-10-08T13:32:18.824Z soko/project ok: project=units.u01 (2 modules) reason=null
2026-10-08T13:32:19.244Z soko/project ok: project=units.u01 (2 modules) reason=null
2026-10-08T13:32:20.140Z active document changed: (none)
2026-10-08T13:32:20.140Z loadProject: no active .sokonanoda document
2026-10-08T13:32:20.150Z active document changed: file:///Users/penglingwei/Documents/lean/sokonanoda/sokonanoda-lang/editor/vscode/src/test/fixtures/workspace/units/u01.sokonanoda
2026-10-08T13:32:20.153Z soko/project ok: project=units.u01 (2 modules) reason=null
2026-10-08T13:32:20.706Z soko/project ok: project=units.u01 (2 modules) reason=null
PERF e2e fanout: entry diagnostics signature=152 字节 · 稳定 ✓
2026-10-08T13:32:25.096Z active document changed: (none)
2026-10-08T13:32:25.097Z loadProject: no active .sokonanoda document
2026-10-08T13:32:25.106Z active document changed: file:///Users/penglingwei/Documents/lean/sokonanoda/sokonanoda-lang/editor/vscode/src/test/fixtures/workspace/units/u01.sokonanoda
2026-10-08T13:32:25.109Z soko/project ok: project=units.u01 (2 modules) reason=null
2026-10-08T13:32:25.412Z soko/project ok: project=units.u01 (2 modules) reason=null
2026-10-08T13:32:25.419Z active document changed: (none)
2026-10-08T13:32:25.422Z loadProject: no active .sokonanoda document
2026-10-08T13:32:25.428Z active document changed: file:///Users/penglingwei/Documents/lean/sokonanoda/sokonanoda-lang/editor/vscode/src/test/fixtures/workspace/units/u01.sokonanoda
2026-10-08T13:32:25.431Z soko/project ok: project=units.u01 (2 modules) reason=null
2026-10-08T13:32:25.641Z soko/project ok: project=units.u01 (2 modules) reason=null
2026-10-08T13:32:25.742Z active document changed: (none)
2026-10-08T13:32:25.743Z loadProject: no active .sokonanoda document
2026-10-08T13:32:25.750Z active document changed: file:///Users/penglingwei/Documents/lean/sokonanoda/sokonanoda-lang/editor/vscode/src/test/fixtures/workspace/units/u01.sokonanoda
2026-10-08T13:32:25.752Z soko/project ok: project=units.u01 (2 modules) reason=null
2026-10-08T13:32:26.065Z active document changed: (none)
2026-10-08T13:32:26.067Z loadProject: no active .sokonanoda document
2026-10-08T13:32:26.073Z active document changed: file:///Users/penglingwei/Documents/lean/sokonanoda/sokonanoda-lang/editor/vscode/src/test/fixtures/workspace/units/u01.sokonanoda
2026-10-08T13:32:26.076Z soko/project ok: project=units.u01 (2 modules) reason=null
2026-10-08T13:32:26.389Z active document changed: (none)
2026-10-08T13:32:26.389Z loadProject: no active .sokonanoda document
2026-10-08T13:32:26.396Z active document changed: file:///Users/penglingwei/Documents/lean/sokonanoda/sokonanoda-lang/editor/vscode/src/test/fixtures/workspace/units/u01.sokonanoda
2026-10-08T13:32:26.399Z soko/project ok: project=units.u01 (2 modules) reason=null
2026-10-08T13:32:26.710Z active document changed: (none)
2026-10-08T13:32:26.710Z loadProject: no active .sokonanoda document
2026-10-08T13:32:26.719Z active document changed: file:///Users/penglingwei/Documents/lean/sokonanoda/sokonanoda-lang/editor/vscode/src/test/fixtures/workspace/units/u01.sokonanoda
2026-10-08T13:32:26.722Z soko/project ok: project=units.u01 (2 modules) reason=null
2026-10-08T13:32:26.743Z active document changed: (none)
2026-10-08T13:32:26.743Z loadProject: no active .sokonanoda document
2026-10-08T13:32:26.752Z active document changed: file:///Users/penglingwei/Documents/lean/sokonanoda/sokonanoda-lang/editor/vscode/src/test/fixtures/workspace/units/u01.sokonanoda
2026-10-08T13:32:26.755Z soko/project ok: project=units.u01 (2 modules) reason=null
2026-10-08T13:32:26.784Z active document changed: (none)
2026-10-08T13:32:26.785Z loadProject: no active .sokonanoda document
2026-10-08T13:32:26.791Z active document changed: file:///Users/penglingwei/Documents/lean/sokonanoda/sokonanoda-lang/editor/vscode/src/test/fixtures/workspace/units/u01.sokonanoda
2026-10-08T13:32:26.794Z soko/project ok: project=units.u01 (2 modules) reason=null
2026-10-08T13:32:26.816Z active document changed: (none)
2026-10-08T13:32:26.816Z loadProject: no active .sokonanoda document
2026-10-08T13:32:26.825Z active document changed: file:///Users/penglingwei/Documents/lean/sokonanoda/sokonanoda-lang/editor/vscode/src/test/fixtures/workspace/units/u01.sokonanoda
2026-10-08T13:32:26.827Z soko/project ok: project=units.u01 (2 modules) reason=null
2026-10-08T13:32:26.856Z active document changed: (none)
2026-10-08T13:32:26.856Z loadProject: no active .sokonanoda document
2026-10-08T13:32:26.870Z active document changed: file:///var/folders/81/6wvjcvys3y300jnj259_2jbw0000gn/T/sokonanoda-vscode-test-lB6yDO/typing-latency.sokonanoda
2026-10-08T13:32:26.872Z soko/project ok: project=null reason=no-imports
2026-10-08T13:32:27.737Z soko/project ok: project=null reason=no-imports
2026-10-08T13:32:28.419Z soko/project ok: project=null reason=no-imports
PERF editor_keystroke_latency file=typing-latency.sokonanoda decls=24 diagnostics_ms=108 panel_ms=263 flicker_frames=0 keystrokes=8 lights_per_keystroke=0.00 tree_fires=4 typed=" intro hq"
2026-10-08T13:32:28.429Z active document changed: (none)
2026-10-08T13:32:28.429Z loadProject: no active .sokonanoda document
2026-10-08T13:32:28.443Z active document changed: file:///var/folders/81/6wvjcvys3y300jnj259_2jbw0000gn/T/sokonanoda-vscode-test-lB6yDO/latency-project/units/typing.sokonanoda
2026-10-08T13:32:28.445Z soko/project ok: project=null reason=no-imports
2026-10-08T13:32:28.694Z soko/project ok: project=units.typing (2 modules) reason=null
2026-10-08T13:32:29.657Z soko/project ok: project=units.typing (2 modules) reason=null
2026-10-08T13:32:31.241Z soko/project ok: project=units.typing (2 modules) reason=null
PERF editor_keystroke_latency_project keystrokes=9 lights_showdelay_0=18 lights_default=0
2026-10-08T13:32:31.686Z active document changed: (none)
2026-10-08T13:32:31.686Z loadProject: no active .sokonanoda document
2026-10-08T13:32:31.696Z active document changed: file:///var/folders/81/6wvjcvys3y300jnj259_2jbw0000gn/T/sokonanoda-vscode-test-lB6yDO/latency-steady/units/typing.sokonanoda
2026-10-08T13:32:31.698Z soko/project ok: project=null reason=no-imports
2026-10-08T13:32:32.312Z soko/project ok: project=units.typing (2 modules) reason=null
2026-10-08T13:32:32.321Z active document changed: (none)
2026-10-08T13:32:32.321Z loadProject: no active .sokonanoda document
2026-10-08T13:32:32.340Z client state: stopped

## 失败详情
  1) sokonanoda extension (VS Code integration)
       Rebuild shows a non-zero percent while it is still running (②):

      AssertionError [ERR_ASSERTION]: rebuild 只跑了 125ms —— 太快的夹具会让"中途必须看到非 0%"**空转**，必须让它真的编一会儿
      + expected - actual

      -false
      +true
      
  	at Context.<anonymous> (src/test/extension.test.js:846:12)

1 test failed.
[90m[main 2026-10-08T13:32:32.344Z][0m Extension host with pid 37394 exited with code: 0, signal: unknown.
Exit code:   1
