# scripts/vscode-e2e.sh — VS Code 1.106.0 · extension v0.78.0 · 1b9a1ec5704ac22632a44eb3bf719a606bc4cf1d
# 结果：35 passing / 0 failing / 0 pending（exit=0）

## doctor（服务器解析与版本自述）
--- doctor ---
sokonanoda doctor — 扩展 v0.78.0 (6 checks)
[ok] 1/6 resolution：bundled — /home/runner/work/sokonanoda-lang/sokonanoda-lang/editor/vscode/bin/linux-x64/sokonanoda-lsp (source=bundled)
[ok] 2/6 server-version：0.78.0 (pid 3026) == 扩展 v0.78.0 (source=bundled)
[ok] 3/6 host-version：运行宿主 v0.78.0
[ok] 4/6 ignored-override：没有被忽略的 serverPath/env 覆盖
[info] 5/6 download-cache：无下载缓存（仅影响 CLI/universal 兜底，不影响内置服务器）
[info] 6/6 obsolete-versions：检测到 0 个扩展版本快照、0 个 .obsolete 条目；完整重启 VS Code 会自动清理

## 用例
    ✔ .sokonanoda files get the sokonanoda language id (100ms)
    ✔ confusable-character highlight is off for sokonanoda files
    ✔ #check results appear as inlay hints (266ms)
    ✔ clean lesson publishes empty diagnostics (180ms)
    ✔ kernel-rejected declaration carries the kernel-rejected code (108ms)
    ✔ open exercise carries a sorry warning, not an error (116ms)
    ✔ a declaration named Prop warns, not errors (96ms)
    ✔ open exercise shows a hover on the hole (431ms)
    ✔ hover 的类型文本折成记法（T-U12 面 #3，e2e 那一份） (328ms)
    ✔ notation input: the rewriter produces ∧ and hover teaches \and (252ms)
    ✔ restart server command re-syncs open documents (211ms)
    ✔ infoview command is registered and revealable (198ms)
    ✔ the project tree shows the real closure of an imported module (414ms)
    ✔ the project tree names the file a single-file document is (180ms)
    ✔ the project tree marks a broken import as the root cause (159ms)
    ✔ build / rebuild commands warm the compile cache through the CLI (6118ms)
    ✔ Clean Cache empties the project store and does not compile (E31) (5580ms)
    ✔ the Infoview receives the project view (E30) (53ms)
    ✔ Infoview 'definition' lands exactly where the editor F12 lands (E27) (122ms)
    ✔ doctor command returns a read-only source + version report
    ✔ declarations panel lists a project unit's declarations
    ✔ open declaration ships coloured goal runs to the Infoview
    ✔ next hole jumps inside a project unit
    ✔ warmCacheOnOpen pre-builds the workspace at activation
    ✔ reopening a project unit hits the compile cache (4436ms)
    ✔ rewriting an unchanged project unit does not recompile (1957ms)
    ✔ editing a dependency refreshes the open unit once (5846ms)
    ✔ goal text uses the file's notation (748ms)
    ✔ goal text folds a binder notation whose type contains a lambda (346ms)
    ✔ Infoview 的 `⊢` 用记法箭头 `→`，且 runs 与 text 同源 (340ms)
    ✔ Infoview 里集合字面量显示成 `{a}`（不是 `Set.singleton α a`） (352ms)
    ✔ go to definition on a `{a}` set literal lands on `Set.singleton` (126ms)
    ✔ go to definition on a prelude name lands in the prelude source (138ms)
    ✔ go to definition on a notation symbol lands on its declaration (208ms)
    ✔ hover on a notation symbol shows the target's signature (154ms)

## 扩展接线日志（SOKO_E2E_LOG）
2026-09-28T21:56:50.385Z server command: /home/runner/work/sokonanoda-lang/sokonanoda-lang/editor/vscode/bin/linux-x64/sokonanoda-lsp (source=bundled)
2026-09-28T21:56:50.386Z client state: starting
2026-09-28T21:56:50.409Z client state: running
2026-09-28T21:56:50.419Z loadProject: no active .sokonanoda document
2026-09-28T21:56:50.742Z active document changed: file:///tmp/sokonanoda-vscode-test-jhcNXm/check.sokonanoda
2026-09-28T21:56:50.756Z soko/project ok: project=null reason=no-imports
2026-09-28T21:56:50.776Z soko/project ok: project=null reason=no-imports
2026-09-28T21:56:50.931Z active document changed: (none)
2026-09-28T21:56:50.931Z loadProject: no active .sokonanoda document
2026-09-28T21:56:50.932Z soko/project answer for another document: file:///tmp/sokonanoda-vscode-test-jhcNXm/check.sokonanoda
2026-09-28T21:56:51.013Z active document changed: file:///tmp/sokonanoda-vscode-test-jhcNXm/lesson-clean.sokonanoda
2026-09-28T21:56:51.036Z soko/project ok: project=null reason=no-imports
2026-09-28T21:56:51.134Z active document changed: (none)
2026-09-28T21:56:51.134Z loadProject: no active .sokonanoda document
2026-09-28T21:56:51.207Z loadProject: no active .sokonanoda document
2026-09-28T21:56:51.226Z active document changed: file:///tmp/sokonanoda-vscode-test-jhcNXm/kernel-bad.sokonanoda
2026-09-28T21:56:51.239Z soko/project ok: project=null reason=no-imports
2026-09-28T21:56:51.305Z active document changed: (none)
2026-09-28T21:56:51.305Z loadProject: no active .sokonanoda document
2026-09-28T21:56:51.404Z active document changed: file:///tmp/sokonanoda-vscode-test-jhcNXm/exercise.sokonanoda
2026-09-28T21:56:51.431Z soko/project ok: project=null reason=no-imports
2026-09-28T21:56:51.485Z active document changed: (none)
2026-09-28T21:56:51.485Z loadProject: no active .sokonanoda document
2026-09-28T21:56:51.575Z active document changed: file:///tmp/sokonanoda-vscode-test-jhcNXm/reserved.sokonanoda
2026-09-28T21:56:51.588Z soko/project ok: project=null reason=no-imports
2026-09-28T21:56:51.590Z soko/project ok: project=null reason=no-imports
2026-09-28T21:56:51.642Z active document changed: (none)
2026-09-28T21:56:51.642Z loadProject: no active .sokonanoda document
2026-09-28T21:56:51.772Z loadProject: no active .sokonanoda document
2026-09-28T21:56:51.834Z active document changed: file:///tmp/sokonanoda-vscode-test-jhcNXm/exercise-hover.sokonanoda
2026-09-28T21:56:51.903Z soko/project ok: project=null reason=no-imports
2026-09-28T21:56:52.154Z active document changed: (none)
2026-09-28T21:56:52.154Z loadProject: no active .sokonanoda document
2026-09-28T21:56:52.158Z soko/project answer for another document: file:///tmp/sokonanoda-vscode-test-jhcNXm/exercise-hover.sokonanoda
2026-09-28T21:56:52.236Z active document changed: file:///home/runner/work/sokonanoda-lang/sokonanoda-lang/editor/vscode/src/test/fixtures/workspace/units/u01.sokonanoda
2026-09-28T21:56:52.246Z soko/project ok: project=units.u01 (2 modules) reason=null
2026-09-28T21:56:52.421Z soko/project ok: project=units.u01 (2 modules) reason=null
2026-09-28T21:56:52.530Z active document changed: (none)
2026-09-28T21:56:52.530Z loadProject: no active .sokonanoda document
2026-09-28T21:56:52.647Z active document changed: file:///tmp/sokonanoda-vscode-test-jhcNXm/notation-input.sokonanoda
2026-09-28T21:56:52.669Z soko/project ok: project=null reason=no-imports
2026-09-28T21:56:52.821Z active document changed: (none)
2026-09-28T21:56:52.821Z loadProject: no active .sokonanoda document
2026-09-28T21:56:52.868Z loadProject: no active .sokonanoda document
2026-09-28T21:56:52.907Z active document changed: file:///tmp/sokonanoda-vscode-test-jhcNXm/restart.sokonanoda
2026-09-28T21:56:52.930Z soko/project ok: project=null reason=no-imports
2026-09-28T21:56:52.931Z client state: stopped
2026-09-28T21:56:52.941Z client state: starting
2026-09-28T21:56:52.983Z client state: running
2026-09-28T21:56:53.064Z active document changed: (none)
2026-09-28T21:56:53.064Z loadProject: no active .sokonanoda document
2026-09-28T21:56:53.220Z loadProject: no active .sokonanoda document
2026-09-28T21:56:53.455Z active document changed: file:///tmp/sokonanoda-vscode-test-jhcNXm/proj-ok/Main.sokonanoda
2026-09-28T21:56:53.481Z soko/project ok: project=null reason=no-imports
2026-09-28T21:56:53.487Z soko/project ok: project=Main (2 modules) reason=null
2026-09-28T21:56:53.590Z soko/project ok: project=Main (2 modules) reason=null
2026-09-28T21:56:53.693Z soko/project ok: project=Main (2 modules) reason=null
2026-09-28T21:56:53.702Z active document changed: (none)
2026-09-28T21:56:53.702Z loadProject: no active .sokonanoda document
2026-09-28T21:56:53.762Z active document changed: file:///tmp/sokonanoda-vscode-test-jhcNXm/single.sokonanoda
2026-09-28T21:56:53.780Z soko/project ok: project=null reason=no-imports
2026-09-28T21:56:53.790Z soko/project ok: project=null reason=no-imports
2026-09-28T21:56:53.893Z active document changed: (none)
2026-09-28T21:56:53.893Z loadProject: no active .sokonanoda document
2026-09-28T21:56:53.940Z loadProject: no active .sokonanoda document
2026-09-28T21:56:53.941Z active document changed: file:///tmp/sokonanoda-vscode-test-jhcNXm/proj-broken/Main.sokonanoda
2026-09-28T21:56:53.962Z soko/project ok: project=Main (1 modules) reason=null
2026-09-28T21:56:53.963Z soko/project ok: project=Main (1 modules) reason=null
2026-09-28T21:56:54.137Z soko/project ok: project=Main (1 modules) reason=null
2026-09-28T21:56:54.214Z active document changed: (none)
2026-09-28T21:56:54.214Z loadProject: no active .sokonanoda document
2026-09-28T21:56:54.275Z active document changed: file:///home/runner/work/sokonanoda-lang/sokonanoda-lang/editor/vscode/src/test/fixtures/workspace/units/u01.sokonanoda
2026-09-28T21:56:54.281Z soko/project ok: project=units.u01 (2 modules) reason=null
2026-09-28T21:56:55.383Z warmCacheOnOpen: exit=0
2026-09-28T21:56:57.321Z soko/project ok: project=units.u01 (2 modules) reason=null
2026-09-28T21:57:00.339Z soko/project ok: project=units.u01 (2 modules) reason=null
2026-09-28T21:57:00.358Z active document changed: (none)
2026-09-28T21:57:00.358Z loadProject: no active .sokonanoda document
2026-09-28T21:57:00.400Z active document changed: file:///home/runner/work/sokonanoda-lang/sokonanoda-lang/editor/vscode/src/test/fixtures/workspace/units/u01.sokonanoda
2026-09-28T21:57:00.403Z soko/project ok: project=units.u01 (2 modules) reason=null
2026-09-28T21:57:01.428Z soko/project ok: project=units.u01 (2 modules) reason=null
2026-09-28T21:57:01.433Z soko/project ok: project=units.u01 (2 modules) reason=null
2026-09-28T21:57:05.944Z soko/project ok: project=units.u01 (2 modules) reason=null
2026-09-28T21:57:05.968Z active document changed: (none)
2026-09-28T21:57:05.968Z loadProject: no active .sokonanoda document
2026-09-28T21:57:06.014Z active document changed: file:///home/runner/work/sokonanoda-lang/sokonanoda-lang/editor/vscode/src/test/fixtures/workspace/units/u01.sokonanoda
2026-09-28T21:57:06.017Z soko/project ok: project=units.u01 (2 modules) reason=null
2026-09-28T21:57:06.085Z active document changed: (none)
2026-09-28T21:57:06.085Z loadProject: no active .sokonanoda document
2026-09-28T21:57:06.108Z active document changed: file:///home/runner/work/sokonanoda-lang/sokonanoda-lang/editor/vscode/src/test/fixtures/workspace/units/u01.sokonanoda
2026-09-28T21:57:06.112Z soko/project ok: project=units.u01 (2 modules) reason=null
2026-09-28T21:57:06.192Z active document changed: (none)
2026-09-28T21:57:06.192Z loadProject: no active .sokonanoda document
2026-09-28T21:57:06.200Z active document changed: file:///home/runner/work/sokonanoda-lang/sokonanoda-lang/editor/vscode/src/test/fixtures/workspace/lib/Set.sokonanoda
2026-09-28T21:57:06.203Z soko/project ok: project=null reason=no-imports
2026-09-28T21:57:06.259Z active document changed: (none)
2026-09-28T21:57:06.259Z loadProject: no active .sokonanoda document
2026-09-28T21:57:06.306Z active document changed: file:///home/runner/work/sokonanoda-lang/sokonanoda-lang/editor/vscode/src/test/fixtures/workspace/units/u01.sokonanoda
2026-09-28T21:57:06.310Z soko/project ok: project=units.u01 (2 modules) reason=null
2026-09-28T21:57:06.392Z soko/project ok: project=units.u01 (2 modules) reason=null
2026-09-28T21:57:06.397Z active document changed: (none)
2026-09-28T21:57:06.397Z loadProject: no active .sokonanoda document
2026-09-28T21:57:06.420Z active document changed: file:///home/runner/work/sokonanoda-lang/sokonanoda-lang/editor/vscode/src/test/fixtures/workspace/units/u01.sokonanoda
2026-09-28T21:57:06.423Z soko/project ok: project=units.u01 (2 modules) reason=null
2026-09-28T21:57:06.495Z active document changed: (none)
2026-09-28T21:57:06.496Z loadProject: no active .sokonanoda document
2026-09-28T21:57:06.521Z active document changed: file:///home/runner/work/sokonanoda-lang/sokonanoda-lang/editor/vscode/src/test/fixtures/workspace/units/u01.sokonanoda
2026-09-28T21:57:06.524Z soko/project ok: project=units.u01 (2 modules) reason=null
2026-09-28T21:57:06.592Z active document changed: (none)
2026-09-28T21:57:06.592Z loadProject: no active .sokonanoda document
2026-09-28T21:57:06.624Z active document changed: file:///home/runner/work/sokonanoda-lang/sokonanoda-lang/editor/vscode/src/test/fixtures/workspace/units/u02-cold-open.sokonanoda
2026-09-28T21:57:06.628Z soko/project ok: project=null reason=no-imports
2026-09-28T21:57:10.987Z client state: stopped
2026-09-28T21:57:10.989Z client state: starting
2026-09-28T21:57:11.000Z client state: running
PERF e2e cache: cold=4379ms warm=55ms
2026-09-28T21:57:11.105Z active document changed: (none)
2026-09-28T21:57:11.105Z loadProject: no active .sokonanoda document
2026-09-28T21:57:11.150Z active document changed: file:///home/runner/work/sokonanoda-lang/sokonanoda-lang/editor/vscode/src/test/fixtures/workspace/units/u01.sokonanoda
2026-09-28T21:57:11.155Z soko/project ok: project=units.u01 (2 modules) reason=null
2026-09-28T21:57:11.302Z soko/project ok: project=units.u01 (2 modules) reason=null
2026-09-28T21:57:11.698Z soko/project ok: project=units.u01 (2 modules) reason=null
2026-09-28T21:57:12.151Z soko/project ok: project=units.u01 (2 modules) reason=null
2026-09-28T21:57:13.073Z active document changed: (none)
2026-09-28T21:57:13.073Z loadProject: no active .sokonanoda document
2026-09-28T21:57:13.098Z active document changed: file:///home/runner/work/sokonanoda-lang/sokonanoda-lang/editor/vscode/src/test/fixtures/workspace/units/u01.sokonanoda
2026-09-28T21:57:13.102Z soko/project ok: project=units.u01 (2 modules) reason=null
2026-09-28T21:57:13.869Z soko/project ok: project=units.u01 (2 modules) reason=null
2026-09-28T21:57:14.578Z soko/project ok: project=units.u01 (2 modules) reason=null
PERF e2e fanout: entry diagnostics signature=152 字节 · 稳定 ✓
2026-09-28T21:57:18.930Z active document changed: (none)
2026-09-28T21:57:18.930Z loadProject: no active .sokonanoda document
2026-09-28T21:57:18.965Z active document changed: file:///home/runner/work/sokonanoda-lang/sokonanoda-lang/editor/vscode/src/test/fixtures/workspace/units/u01.sokonanoda
2026-09-28T21:57:18.967Z soko/project ok: project=units.u01 (2 modules) reason=null
2026-09-28T21:57:19.584Z soko/project ok: project=units.u01 (2 modules) reason=null
2026-09-28T21:57:19.691Z active document changed: (none)
2026-09-28T21:57:19.691Z loadProject: no active .sokonanoda document
2026-09-28T21:57:19.719Z active document changed: file:///home/runner/work/sokonanoda-lang/sokonanoda-lang/editor/vscode/src/test/fixtures/workspace/units/u01.sokonanoda
2026-09-28T21:57:19.723Z soko/project ok: project=units.u01 (2 modules) reason=null
2026-09-28T21:57:20.049Z active document changed: (none)
2026-09-28T21:57:20.049Z loadProject: no active .sokonanoda document
2026-09-28T21:57:20.080Z active document changed: file:///home/runner/work/sokonanoda-lang/sokonanoda-lang/editor/vscode/src/test/fixtures/workspace/units/u01.sokonanoda
2026-09-28T21:57:20.084Z soko/project ok: project=units.u01 (2 modules) reason=null
2026-09-28T21:57:20.404Z active document changed: (none)
2026-09-28T21:57:20.404Z loadProject: no active .sokonanoda document
2026-09-28T21:57:20.441Z active document changed: file:///home/runner/work/sokonanoda-lang/sokonanoda-lang/editor/vscode/src/test/fixtures/workspace/units/u01.sokonanoda
2026-09-28T21:57:20.450Z soko/project ok: project=units.u01 (2 modules) reason=null
2026-09-28T21:57:20.769Z active document changed: (none)
2026-09-28T21:57:20.769Z loadProject: no active .sokonanoda document
2026-09-28T21:57:20.798Z active document changed: file:///home/runner/work/sokonanoda-lang/sokonanoda-lang/editor/vscode/src/test/fixtures/workspace/units/u01.sokonanoda
2026-09-28T21:57:20.803Z soko/project ok: project=units.u01 (2 modules) reason=null
2026-09-28T21:57:20.910Z active document changed: (none)
2026-09-28T21:57:20.910Z loadProject: no active .sokonanoda document
2026-09-28T21:57:20.940Z active document changed: file:///home/runner/work/sokonanoda-lang/sokonanoda-lang/editor/vscode/src/test/fixtures/workspace/units/u01.sokonanoda
2026-09-28T21:57:20.948Z soko/project ok: project=units.u01 (2 modules) reason=null
2026-09-28T21:57:21.060Z active document changed: (none)
2026-09-28T21:57:21.060Z loadProject: no active .sokonanoda document
2026-09-28T21:57:21.122Z active document changed: file:///home/runner/work/sokonanoda-lang/sokonanoda-lang/editor/vscode/src/test/fixtures/workspace/units/u01.sokonanoda
2026-09-28T21:57:21.129Z soko/project ok: project=units.u01 (2 modules) reason=null
2026-09-28T21:57:21.294Z active document changed: (none)
2026-09-28T21:57:21.294Z loadProject: no active .sokonanoda document
2026-09-28T21:57:21.336Z active document changed: file:///home/runner/work/sokonanoda-lang/sokonanoda-lang/editor/vscode/src/test/fixtures/workspace/units/u01.sokonanoda
2026-09-28T21:57:21.343Z soko/project ok: project=units.u01 (2 modules) reason=null
2026-09-28T21:57:21.473Z active document changed: (none)
2026-09-28T21:57:21.473Z loadProject: no active .sokonanoda document
2026-09-28T21:57:21.591Z client state: stopped
