# scripts/vscode-e2e.sh — VS Code 1.106.0 · extension v0.72.0 · 4e8ee0a6a8341ac7fbd9d1affc8c95fe3d24b185
# 结果：31 passing / 0 failing / 0 pending（exit=0）

## doctor（服务器解析与版本自述）
--- doctor ---
sokonanoda doctor — 扩展 v0.72.0 (6 checks)
[ok] 1/6 resolution：bundled — /home/runner/work/sokonanoda-lang/sokonanoda-lang/editor/vscode/bin/linux-x64/sokonanoda-lsp (source=bundled)
[ok] 2/6 server-version：0.72.0 (pid 2846) == 扩展 v0.72.0 (source=bundled)
[ok] 3/6 host-version：运行宿主 v0.72.0
[ok] 4/6 ignored-override：没有被忽略的 serverPath/env 覆盖
[info] 5/6 download-cache：无下载缓存（仅影响 CLI/universal 兜底，不影响内置服务器）
[info] 6/6 obsolete-versions：检测到 0 个扩展版本快照、0 个 .obsolete 条目；完整重启 VS Code 会自动清理

## 用例
    ✔ .sokonanoda files get the sokonanoda language id (58ms)
    ✔ confusable-character highlight is off for sokonanoda files
    ✔ #check results appear as inlay hints (191ms)
    ✔ clean lesson publishes empty diagnostics (127ms)
    ✔ kernel-rejected declaration carries the kernel-rejected code (42ms)
    ✔ open exercise carries a sorry warning, not an error (60ms)
    ✔ a declaration named Prop warns, not errors (41ms)
    ✔ open exercise shows a hover on the hole (92ms)
    ✔ hover 的类型文本折成记法（T-U12 面 #3，e2e 那一份） (172ms)
    ✔ notation input: the rewriter produces ∧ and hover teaches \and (164ms)
    ✔ restart server command re-syncs open documents (111ms)
    ✔ infoview command is registered and revealable (123ms)
    ✔ the project tree shows the real closure of an imported module (313ms)
    ✔ the project tree names the file a single-file document is (136ms)
    ✔ the project tree marks a broken import as the root cause (137ms)
    ✔ build / rebuild commands warm the compile cache through the CLI (124ms)
    ✔ doctor command returns a read-only source + version report
    ✔ declarations panel lists a project unit's declarations
    ✔ open declaration ships coloured goal runs to the Infoview
    ✔ next hole jumps inside a project unit (121ms)
    ✔ warmCacheOnOpen pre-builds the workspace at activation
    ✔ reopening a project unit hits the compile cache (4410ms)
    ✔ rewriting an unchanged project unit does not recompile (1540ms)
    ✔ editing a dependency refreshes the open unit once (6552ms)
    ✔ goal text uses the file's notation (744ms)
    ✔ goal text folds a binder notation whose type contains a lambda (336ms)
    ✔ Infoview 的 `⊢` 用记法箭头 `→`，且 runs 与 text 同源 (333ms)
    ✔ Infoview 里集合字面量显示成 `{a}`（不是 `Set.singleton α a`） (334ms)
    ✔ go to definition on a `{a}` set literal lands on `Set.singleton` (109ms)
    ✔ go to definition on a notation symbol lands on its declaration (109ms)
    ✔ hover on a notation symbol shows the target's signature (93ms)

## 扩展接线日志（SOKO_E2E_LOG）
2026-09-26T10:18:22.362Z server command: /home/runner/work/sokonanoda-lang/sokonanoda-lang/editor/vscode/bin/linux-x64/sokonanoda-lsp (source=bundled)
2026-09-26T10:18:22.363Z client state: starting
2026-09-26T10:18:22.381Z client state: running
2026-09-26T10:18:22.387Z loadProject: no active .sokonanoda document
2026-09-26T10:18:22.587Z active document changed: file:///tmp/sokonanoda-vscode-test-AL0qI3/check.sokonanoda
2026-09-26T10:18:22.596Z soko/project ok: project=null reason=no-imports
2026-09-26T10:18:22.728Z active document changed: (none)
2026-09-26T10:18:22.728Z loadProject: no active .sokonanoda document
2026-09-26T10:18:22.770Z loadProject: no active .sokonanoda document
2026-09-26T10:18:22.774Z active document changed: file:///tmp/sokonanoda-vscode-test-AL0qI3/lesson-clean.sokonanoda
2026-09-26T10:18:22.792Z soko/project ok: project=null reason=no-imports
2026-09-26T10:18:22.864Z active document changed: (none)
2026-09-26T10:18:22.864Z loadProject: no active .sokonanoda document
2026-09-26T10:18:22.895Z active document changed: file:///tmp/sokonanoda-vscode-test-AL0qI3/kernel-bad.sokonanoda
2026-09-26T10:18:22.910Z soko/project ok: project=null reason=no-imports
2026-09-26T10:18:22.950Z active document changed: (none)
2026-09-26T10:18:22.950Z loadProject: no active .sokonanoda document
2026-09-26T10:18:23.006Z active document changed: file:///tmp/sokonanoda-vscode-test-AL0qI3/exercise.sokonanoda
2026-09-26T10:18:23.015Z soko/project ok: project=null reason=no-imports
2026-09-26T10:18:23.059Z active document changed: (none)
2026-09-26T10:18:23.060Z loadProject: no active .sokonanoda document
2026-09-26T10:18:23.095Z active document changed: file:///tmp/sokonanoda-vscode-test-AL0qI3/reserved.sokonanoda
2026-09-26T10:18:23.106Z soko/project ok: project=null reason=no-imports
2026-09-26T10:18:23.143Z active document changed: (none)
2026-09-26T10:18:23.143Z loadProject: no active .sokonanoda document
2026-09-26T10:18:23.176Z active document changed: file:///tmp/sokonanoda-vscode-test-AL0qI3/exercise-hover.sokonanoda
2026-09-26T10:18:23.184Z soko/project ok: project=null reason=no-imports
2026-09-26T10:18:23.245Z active document changed: (none)
2026-09-26T10:18:23.245Z loadProject: no active .sokonanoda document
2026-09-26T10:18:23.300Z active document changed: file:///home/runner/work/sokonanoda-lang/sokonanoda-lang/editor/vscode/src/test/fixtures/workspace/units/u01.sokonanoda
2026-09-26T10:18:23.314Z soko/project ok: project=units.u01 (2 modules) reason=null
2026-09-26T10:18:23.437Z active document changed: (none)
2026-09-26T10:18:23.437Z loadProject: no active .sokonanoda document
2026-09-26T10:18:23.480Z loadProject: no active .sokonanoda document
2026-09-26T10:18:23.487Z active document changed: file:///tmp/sokonanoda-vscode-test-AL0qI3/notation-input.sokonanoda
2026-09-26T10:18:23.502Z soko/project ok: project=null reason=no-imports
2026-09-26T10:18:23.619Z active document changed: (none)
2026-09-26T10:18:23.619Z loadProject: no active .sokonanoda document
2026-09-26T10:18:23.676Z active document changed: file:///tmp/sokonanoda-vscode-test-AL0qI3/restart.sokonanoda
2026-09-26T10:18:23.685Z soko/project ok: project=null reason=no-imports
2026-09-26T10:18:23.686Z client state: stopped
2026-09-26T10:18:23.689Z client state: starting
2026-09-26T10:18:23.720Z client state: running
2026-09-26T10:18:23.727Z soko/project ok: project=null reason=no-imports
2026-09-26T10:18:23.785Z active document changed: (none)
2026-09-26T10:18:23.785Z loadProject: no active .sokonanoda document
2026-09-26T10:18:23.929Z loadProject: no active .sokonanoda document
2026-09-26T10:18:24.009Z active document changed: file:///tmp/sokonanoda-vscode-test-AL0qI3/proj-ok/Main.sokonanoda
2026-09-26T10:18:24.022Z soko/project ok: project=Main (2 modules) reason=null
2026-09-26T10:18:24.026Z soko/project ok: project=Main (2 modules) reason=null
2026-09-26T10:18:24.130Z soko/project ok: project=Main (2 modules) reason=null
2026-09-26T10:18:24.211Z soko/project ok: project=Main (2 modules) reason=null
2026-09-26T10:18:24.233Z active document changed: (none)
2026-09-26T10:18:24.234Z loadProject: no active .sokonanoda document
2026-09-26T10:18:24.263Z active document changed: file:///tmp/sokonanoda-vscode-test-AL0qI3/single.sokonanoda
2026-09-26T10:18:24.274Z soko/project ok: project=null reason=no-imports
2026-09-26T10:18:24.275Z soko/project ok: project=null reason=no-imports
2026-09-26T10:18:24.380Z active document changed: (none)
2026-09-26T10:18:24.381Z loadProject: no active .sokonanoda document
2026-09-26T10:18:24.412Z active document changed: file:///tmp/sokonanoda-vscode-test-AL0qI3/proj-broken/Main.sokonanoda
2026-09-26T10:18:24.422Z soko/project ok: project=Main (1 modules) reason=null
2026-09-26T10:18:24.424Z soko/project ok: project=Main (1 modules) reason=null
2026-09-26T10:18:24.456Z soko/project ok: project=Main (1 modules) reason=null
2026-09-26T10:18:24.530Z active document changed: (none)
2026-09-26T10:18:24.530Z loadProject: no active .sokonanoda document
2026-09-26T10:18:24.563Z active document changed: file:///tmp/sokonanoda-vscode-test-AL0qI3/build-smoke.sokonanoda
2026-09-26T10:18:24.579Z soko/project ok: project=null reason=no-imports
2026-09-26T10:18:24.652Z soko/project ok: project=null reason=no-imports
2026-09-26T10:18:24.664Z soko/project ok: project=null reason=no-imports
2026-09-26T10:18:24.716Z active document changed: (none)
2026-09-26T10:18:24.716Z loadProject: no active .sokonanoda document
2026-09-26T10:18:24.755Z loadProject: no active .sokonanoda document
2026-09-26T10:18:24.781Z active document changed: file:///home/runner/work/sokonanoda-lang/sokonanoda-lang/editor/vscode/src/test/fixtures/workspace/units/u01.sokonanoda
2026-09-26T10:18:24.795Z soko/project ok: project=units.u01 (2 modules) reason=null
2026-09-26T10:18:24.865Z active document changed: (none)
2026-09-26T10:18:24.865Z loadProject: no active .sokonanoda document
2026-09-26T10:18:24.889Z active document changed: file:///home/runner/work/sokonanoda-lang/sokonanoda-lang/editor/vscode/src/test/fixtures/workspace/units/u01.sokonanoda
2026-09-26T10:18:24.902Z soko/project ok: project=units.u01 (2 modules) reason=null
2026-09-26T10:18:24.962Z active document changed: (none)
2026-09-26T10:18:24.962Z loadProject: no active .sokonanoda document
2026-09-26T10:18:25.033Z active document changed: file:///home/runner/work/sokonanoda-lang/sokonanoda-lang/editor/vscode/src/test/fixtures/workspace/units/u01.sokonanoda
2026-09-26T10:18:25.052Z soko/project ok: project=units.u01 (2 modules) reason=null
2026-09-26T10:18:25.100Z warmCacheOnOpen: exit=0
2026-09-26T10:18:25.147Z active document changed: (none)
2026-09-26T10:18:25.147Z loadProject: no active .sokonanoda document
2026-09-26T10:18:25.191Z active document changed: file:///home/runner/work/sokonanoda-lang/sokonanoda-lang/editor/vscode/src/test/fixtures/workspace/units/u02-cold-open.sokonanoda
2026-09-26T10:18:25.204Z soko/project ok: project=null reason=no-imports
2026-09-26T10:18:29.517Z client state: stopped
2026-09-26T10:18:29.519Z client state: starting
2026-09-26T10:18:29.528Z client state: running
PERF e2e cache: cold=4352ms warm=56ms
2026-09-26T10:18:29.602Z active document changed: (none)
2026-09-26T10:18:29.602Z loadProject: no active .sokonanoda document
2026-09-26T10:18:29.631Z active document changed: file:///home/runner/work/sokonanoda-lang/sokonanoda-lang/editor/vscode/src/test/fixtures/workspace/units/u01.sokonanoda
2026-09-26T10:18:29.639Z soko/project ok: project=units.u01 (2 modules) reason=null
2026-09-26T10:18:29.776Z soko/project ok: project=units.u01 (2 modules) reason=null
2026-09-26T10:18:30.156Z soko/project ok: project=units.u01 (2 modules) reason=null
2026-09-26T10:18:31.151Z active document changed: (none)
2026-09-26T10:18:31.151Z loadProject: no active .sokonanoda document
2026-09-26T10:18:31.173Z active document changed: file:///home/runner/work/sokonanoda-lang/sokonanoda-lang/editor/vscode/src/test/fixtures/workspace/units/u01.sokonanoda
2026-09-26T10:18:31.184Z soko/project ok: project=units.u01 (2 modules) reason=null
2026-09-26T10:18:33.365Z soko/project ok: project=units.u01 (2 modules) reason=null
PERF e2e fanout: entry diagnostics signature=152 字节 · 稳定 ✓
2026-09-26T10:18:37.715Z active document changed: (none)
2026-09-26T10:18:37.715Z loadProject: no active .sokonanoda document
2026-09-26T10:18:37.747Z active document changed: file:///home/runner/work/sokonanoda-lang/sokonanoda-lang/editor/vscode/src/test/fixtures/workspace/units/u01.sokonanoda
2026-09-26T10:18:37.754Z soko/project ok: project=units.u01 (2 modules) reason=null
2026-09-26T10:18:38.379Z soko/project ok: project=units.u01 (2 modules) reason=null
2026-09-26T10:18:38.469Z active document changed: (none)
2026-09-26T10:18:38.469Z loadProject: no active .sokonanoda document
2026-09-26T10:18:38.492Z active document changed: file:///home/runner/work/sokonanoda-lang/sokonanoda-lang/editor/vscode/src/test/fixtures/workspace/units/u01.sokonanoda
2026-09-26T10:18:38.509Z soko/project ok: project=units.u01 (2 modules) reason=null
2026-09-26T10:18:38.821Z active document changed: (none)
2026-09-26T10:18:38.821Z loadProject: no active .sokonanoda document
2026-09-26T10:18:38.843Z active document changed: file:///home/runner/work/sokonanoda-lang/sokonanoda-lang/editor/vscode/src/test/fixtures/workspace/units/u01.sokonanoda
2026-09-26T10:18:38.855Z soko/project ok: project=units.u01 (2 modules) reason=null
2026-09-26T10:18:39.168Z active document changed: (none)
2026-09-26T10:18:39.169Z loadProject: no active .sokonanoda document
2026-09-26T10:18:39.188Z active document changed: file:///home/runner/work/sokonanoda-lang/sokonanoda-lang/editor/vscode/src/test/fixtures/workspace/units/u01.sokonanoda
2026-09-26T10:18:39.200Z soko/project ok: project=units.u01 (2 modules) reason=null
2026-09-26T10:18:39.513Z active document changed: (none)
2026-09-26T10:18:39.513Z loadProject: no active .sokonanoda document
2026-09-26T10:18:39.535Z active document changed: file:///home/runner/work/sokonanoda-lang/sokonanoda-lang/editor/vscode/src/test/fixtures/workspace/units/u01.sokonanoda
2026-09-26T10:18:39.547Z soko/project ok: project=units.u01 (2 modules) reason=null
2026-09-26T10:18:39.638Z active document changed: (none)
2026-09-26T10:18:39.638Z loadProject: no active .sokonanoda document
2026-09-26T10:18:39.664Z active document changed: file:///home/runner/work/sokonanoda-lang/sokonanoda-lang/editor/vscode/src/test/fixtures/workspace/units/u01.sokonanoda
2026-09-26T10:18:39.676Z soko/project ok: project=units.u01 (2 modules) reason=null
2026-09-26T10:18:39.757Z active document changed: (none)
2026-09-26T10:18:39.757Z loadProject: no active .sokonanoda document
2026-09-26T10:18:39.780Z active document changed: file:///home/runner/work/sokonanoda-lang/sokonanoda-lang/editor/vscode/src/test/fixtures/workspace/units/u01.sokonanoda
2026-09-26T10:18:39.791Z soko/project ok: project=units.u01 (2 modules) reason=null
2026-09-26T10:18:39.862Z active document changed: (none)
2026-09-26T10:18:39.862Z loadProject: no active .sokonanoda document
2026-09-26T10:18:39.905Z client state: stopped
