# scripts/vscode-e2e.sh — VS Code 1.138.0 · extension v0.68.0 · 6912232dcef1f7ce486c8ae67308e6421ee23e69
# 结果：27 passing / 0 failing / 0 pending（exit=0）

## doctor（服务器解析与版本自述）
--- doctor ---
sokonanoda doctor — 扩展 v0.68.0 (6 checks)
[ok] 1/6 resolution：bundled — /Users/penglingwei/Documents/lean/sokonanoda/sokonanoda-lang/editor/vscode/bin/darwin-arm64/sokonanoda-lsp (source=bundled)
[ok] 2/6 server-version：0.68.0 (pid 8577) == 扩展 v0.68.0 (source=bundled)
[ok] 3/6 host-version：运行宿主 v0.68.0
[ok] 4/6 ignored-override：没有被忽略的 serverPath/env 覆盖
[info] 5/6 download-cache：缓存 marker 0.66.0 darwin-arm64 != 扩展 v0.68.0；可运行 sokonanoda update
[info] 6/6 obsolete-versions：检测到 0 个扩展版本快照、0 个 .obsolete 条目；完整重启 VS Code 会自动清理

## 用例
    ✔ .sokonanoda files get the sokonanoda language id (45ms)
    ✔ confusable-character highlight is off for sokonanoda files
    ✔ #check results appear as inlay hints (110ms)
    ✔ clean lesson publishes empty diagnostics (69ms)
    ✔ kernel-rejected declaration carries the kernel-rejected code
    ✔ open exercise carries a sorry warning, not an error
    ✔ a declaration named Prop warns, not errors
    ✔ open exercise shows a hover on the hole
    ✔ notation input: the rewriter produces ∧ and hover teaches \and (45ms)
    ✔ restart server command re-syncs open documents (38ms)
    ✔ infoview command is registered and revealable (40ms)
    ✔ the project tree shows the real closure of an imported module (221ms)
    ✔ the project tree names the file a single-file document is (117ms)
    ✔ the project tree marks a broken import as the root cause (118ms)
    ✔ build / rebuild commands warm the compile cache through the CLI (76ms)
    ✔ doctor command returns a read-only source + version report
    ✔ declarations panel lists a project unit's declarations
    ✔ open declaration ships coloured goal runs to the Infoview
    ✔ next hole jumps inside a project unit
    ✔ warmCacheOnOpen pre-builds the workspace at activation
    ✔ reopening a project unit hits the compile cache (540ms)
    ✔ rewriting an unchanged project unit does not recompile (1522ms)
    ✔ editing a dependency refreshes the open unit once (4556ms)
    ✔ goal text uses the file's notation (722ms)
    ✔ goal text folds a binder notation whose type contains a lambda (317ms)
    ✔ go to definition on a notation symbol lands on its declaration
    ✔ hover on a notation symbol shows the target's signature

## 扩展接线日志（SOKO_E2E_LOG）
2026-09-25T12:00:00.127Z server command: /Users/penglingwei/Documents/lean/sokonanoda/sokonanoda-lang/editor/vscode/bin/darwin-arm64/sokonanoda-lsp (source=bundled)
2026-09-25T12:00:00.128Z client state: starting
2026-09-25T12:00:00.226Z warmCacheOnOpen: exit=0
2026-09-25T12:00:00.574Z client state: running
2026-09-25T12:00:00.577Z loadProject: no active .sokonanoda document
2026-09-25T12:00:00.685Z active document changed: file:///var/folders/81/6wvjcvys3y300jnj259_2jbw0000gn/T/sokonanoda-vscode-test-yBYM2P/check.sokonanoda
2026-09-25T12:00:00.688Z soko/project ok: project=null reason=no-imports
2026-09-25T12:00:00.764Z active document changed: (none)
2026-09-25T12:00:00.764Z loadProject: no active .sokonanoda document
2026-09-25T12:00:00.805Z active document changed: file:///var/folders/81/6wvjcvys3y300jnj259_2jbw0000gn/T/sokonanoda-vscode-test-yBYM2P/lesson-clean.sokonanoda
2026-09-25T12:00:00.808Z soko/project ok: project=null reason=no-imports
2026-09-25T12:00:00.840Z active document changed: (none)
2026-09-25T12:00:00.844Z loadProject: no active .sokonanoda document
2026-09-25T12:00:00.857Z active document changed: file:///var/folders/81/6wvjcvys3y300jnj259_2jbw0000gn/T/sokonanoda-vscode-test-yBYM2P/kernel-bad.sokonanoda
2026-09-25T12:00:00.861Z soko/project ok: project=null reason=no-imports
2026-09-25T12:00:00.878Z active document changed: (none)
2026-09-25T12:00:00.878Z loadProject: no active .sokonanoda document
2026-09-25T12:00:00.894Z active document changed: file:///var/folders/81/6wvjcvys3y300jnj259_2jbw0000gn/T/sokonanoda-vscode-test-yBYM2P/exercise.sokonanoda
2026-09-25T12:00:00.897Z soko/project ok: project=null reason=no-imports
2026-09-25T12:00:00.927Z active document changed: (none)
2026-09-25T12:00:00.927Z loadProject: no active .sokonanoda document
2026-09-25T12:00:00.943Z active document changed: file:///var/folders/81/6wvjcvys3y300jnj259_2jbw0000gn/T/sokonanoda-vscode-test-yBYM2P/reserved.sokonanoda
2026-09-25T12:00:00.948Z soko/project ok: project=null reason=no-imports
2026-09-25T12:00:00.966Z active document changed: (none)
2026-09-25T12:00:00.966Z loadProject: no active .sokonanoda document
2026-09-25T12:00:00.983Z active document changed: file:///var/folders/81/6wvjcvys3y300jnj259_2jbw0000gn/T/sokonanoda-vscode-test-yBYM2P/exercise-hover.sokonanoda
2026-09-25T12:00:00.986Z soko/project ok: project=null reason=no-imports
2026-09-25T12:00:01.007Z active document changed: (none)
2026-09-25T12:00:01.007Z loadProject: no active .sokonanoda document
2026-09-25T12:00:01.023Z active document changed: file:///var/folders/81/6wvjcvys3y300jnj259_2jbw0000gn/T/sokonanoda-vscode-test-yBYM2P/notation-input.sokonanoda
2026-09-25T12:00:01.026Z soko/project ok: project=null reason=no-imports
2026-09-25T12:00:01.073Z active document changed: (none)
2026-09-25T12:00:01.074Z loadProject: no active .sokonanoda document
2026-09-25T12:00:01.089Z active document changed: file:///var/folders/81/6wvjcvys3y300jnj259_2jbw0000gn/T/sokonanoda-vscode-test-yBYM2P/restart.sokonanoda
2026-09-25T12:00:01.092Z soko/project ok: project=null reason=no-imports
2026-09-25T12:00:01.096Z client state: stopped
2026-09-25T12:00:01.097Z client state: starting
2026-09-25T12:00:01.110Z client state: running
2026-09-25T12:00:01.124Z active document changed: (none)
2026-09-25T12:00:01.124Z loadProject: no active .sokonanoda document
2026-09-25T12:00:01.183Z active document changed: file:///var/folders/81/6wvjcvys3y300jnj259_2jbw0000gn/T/sokonanoda-vscode-test-yBYM2P/proj-ok/Main.sokonanoda
2026-09-25T12:00:01.186Z soko/project ok: project=Main (2 modules) reason=null
2026-09-25T12:00:01.190Z soko/project ok: project=Main (2 modules) reason=null
2026-09-25T12:00:01.290Z soko/project ok: project=Main (2 modules) reason=null
2026-09-25T12:00:01.390Z soko/project ok: project=Main (2 modules) reason=null
2026-09-25T12:00:01.393Z active document changed: (none)
2026-09-25T12:00:01.393Z loadProject: no active .sokonanoda document
2026-09-25T12:00:01.405Z active document changed: file:///var/folders/81/6wvjcvys3y300jnj259_2jbw0000gn/T/sokonanoda-vscode-test-yBYM2P/single.sokonanoda
2026-09-25T12:00:01.408Z soko/project ok: project=null reason=no-imports
2026-09-25T12:00:01.411Z soko/project ok: project=null reason=no-imports
2026-09-25T12:00:01.515Z active document changed: (none)
2026-09-25T12:00:01.515Z loadProject: no active .sokonanoda document
2026-09-25T12:00:01.527Z active document changed: file:///var/folders/81/6wvjcvys3y300jnj259_2jbw0000gn/T/sokonanoda-vscode-test-yBYM2P/proj-broken/Main.sokonanoda
2026-09-25T12:00:01.530Z soko/project ok: project=Main (1 modules) reason=null
2026-09-25T12:00:01.533Z soko/project ok: project=Main (1 modules) reason=null
2026-09-25T12:00:01.638Z active document changed: (none)
2026-09-25T12:00:01.638Z loadProject: no active .sokonanoda document
2026-09-25T12:00:01.652Z active document changed: file:///var/folders/81/6wvjcvys3y300jnj259_2jbw0000gn/T/sokonanoda-vscode-test-yBYM2P/build-smoke.sokonanoda
2026-09-25T12:00:01.655Z soko/project ok: project=null reason=no-imports
2026-09-25T12:00:01.680Z soko/project ok: project=null reason=no-imports
2026-09-25T12:00:01.716Z soko/project ok: project=null reason=no-imports
2026-09-25T12:00:01.721Z active document changed: (none)
2026-09-25T12:00:01.721Z loadProject: no active .sokonanoda document
2026-09-25T12:00:01.757Z active document changed: file:///Users/penglingwei/Documents/lean/sokonanoda/sokonanoda-lang/editor/vscode/src/test/fixtures/workspace/units/u01.sokonanoda
2026-09-25T12:00:01.761Z soko/project ok: project=units.u01 (2 modules) reason=null
2026-09-25T12:00:01.796Z active document changed: (none)
2026-09-25T12:00:01.796Z loadProject: no active .sokonanoda document
2026-09-25T12:00:01.806Z active document changed: file:///Users/penglingwei/Documents/lean/sokonanoda/sokonanoda-lang/editor/vscode/src/test/fixtures/workspace/units/u01.sokonanoda
2026-09-25T12:00:01.810Z soko/project ok: project=units.u01 (2 modules) reason=null
2026-09-25T12:00:01.846Z active document changed: (none)
2026-09-25T12:00:01.846Z loadProject: no active .sokonanoda document
2026-09-25T12:00:01.857Z active document changed: file:///Users/penglingwei/Documents/lean/sokonanoda/sokonanoda-lang/editor/vscode/src/test/fixtures/workspace/units/u01.sokonanoda
2026-09-25T12:00:01.862Z soko/project ok: project=units.u01 (2 modules) reason=null
2026-09-25T12:00:01.884Z active document changed: (none)
2026-09-25T12:00:01.884Z loadProject: no active .sokonanoda document
2026-09-25T12:00:01.905Z active document changed: file:///Users/penglingwei/Documents/lean/sokonanoda/sokonanoda-lang/editor/vscode/src/test/fixtures/workspace/units/u02.sokonanoda
2026-09-25T12:00:01.909Z soko/project ok: project=null reason=no-imports
2026-09-25T12:00:01.953Z soko/project ok: project=null reason=no-imports
2026-09-25T12:00:02.377Z client state: stopped
2026-09-25T12:00:02.378Z client state: starting
2026-09-25T12:00:02.385Z client state: running
PERF e2e cache: cold=480ms warm=60ms
2026-09-25T12:00:02.440Z active document changed: (none)
2026-09-25T12:00:02.440Z loadProject: no active .sokonanoda document
2026-09-25T12:00:02.451Z active document changed: file:///Users/penglingwei/Documents/lean/sokonanoda/sokonanoda-lang/editor/vscode/src/test/fixtures/workspace/units/u01.sokonanoda
2026-09-25T12:00:02.455Z soko/project ok: project=units.u01 (2 modules) reason=null
2026-09-25T12:00:02.582Z soko/project ok: project=units.u01 (2 modules) reason=null
2026-09-25T12:00:03.059Z soko/project ok: project=units.u01 (2 modules) reason=null
2026-09-25T12:00:03.974Z active document changed: (none)
2026-09-25T12:00:03.974Z loadProject: no active .sokonanoda document
2026-09-25T12:00:03.995Z active document changed: file:///Users/penglingwei/Documents/lean/sokonanoda/sokonanoda-lang/editor/vscode/src/test/fixtures/workspace/units/u01.sokonanoda
2026-09-25T12:00:03.999Z soko/project ok: project=units.u01 (2 modules) reason=null
2026-09-25T12:00:04.711Z soko/project ok: project=units.u01 (2 modules) reason=null
2026-09-25T12:00:05.384Z soko/project ok: project=units.u01 (2 modules) reason=null
PERF e2e fanout: entry diagnostics signature=152 字节 · 稳定 ✓
2026-09-25T12:00:08.542Z active document changed: (none)
2026-09-25T12:00:08.542Z loadProject: no active .sokonanoda document
2026-09-25T12:00:08.554Z active document changed: file:///Users/penglingwei/Documents/lean/sokonanoda/sokonanoda-lang/editor/vscode/src/test/fixtures/workspace/units/u01.sokonanoda
2026-09-25T12:00:08.557Z soko/project ok: project=units.u01 (2 modules) reason=null
2026-09-25T12:00:09.220Z soko/project ok: project=units.u01 (2 modules) reason=null
2026-09-25T12:00:09.276Z active document changed: (none)
2026-09-25T12:00:09.276Z loadProject: no active .sokonanoda document
2026-09-25T12:00:09.287Z active document changed: file:///Users/penglingwei/Documents/lean/sokonanoda/sokonanoda-lang/editor/vscode/src/test/fixtures/workspace/units/u01.sokonanoda
2026-09-25T12:00:09.290Z soko/project ok: project=units.u01 (2 modules) reason=null
2026-09-25T12:00:09.602Z active document changed: (none)
2026-09-25T12:00:09.602Z loadProject: no active .sokonanoda document
2026-09-25T12:00:09.610Z active document changed: file:///Users/penglingwei/Documents/lean/sokonanoda/sokonanoda-lang/editor/vscode/src/test/fixtures/workspace/units/u01.sokonanoda
2026-09-25T12:00:09.613Z soko/project ok: project=units.u01 (2 modules) reason=null
2026-09-25T12:00:09.637Z active document changed: (none)
2026-09-25T12:00:09.637Z loadProject: no active .sokonanoda document
2026-09-25T12:00:09.645Z active document changed: file:///Users/penglingwei/Documents/lean/sokonanoda/sokonanoda-lang/editor/vscode/src/test/fixtures/workspace/units/u01.sokonanoda
2026-09-25T12:00:09.648Z soko/project ok: project=units.u01 (2 modules) reason=null
2026-09-25T12:00:09.675Z active document changed: (none)
2026-09-25T12:00:09.675Z loadProject: no active .sokonanoda document
2026-09-25T12:00:09.687Z client state: stopped
