# scripts/vscode-e2e.sh — VS Code 1.138.0 · extension v0.67.0 · e764edf1eb3fdc4079a157d4ea86c00af1ef38ce
# 结果：26 passing / 0 failing / 0 pending（exit=0）

## doctor（服务器解析与版本自述）
--- doctor ---
sokonanoda doctor — 扩展 v0.67.0 (6 checks)
[ok] 1/6 resolution：bundled — /home/runner/work/sokonanoda-lang/sokonanoda-lang/editor/vscode/bin/linux-x64/sokonanoda-lsp (source=bundled)
[ok] 2/6 server-version：0.67.0 (pid 2887) == 扩展 v0.67.0 (source=bundled)
[ok] 3/6 host-version：运行宿主 v0.67.0
[ok] 4/6 ignored-override：没有被忽略的 serverPath/env 覆盖
[info] 5/6 download-cache：无下载缓存（仅影响 CLI/universal 兜底，不影响内置服务器）
[info] 6/6 obsolete-versions：检测到 0 个扩展版本快照、0 个 .obsolete 条目；完整重启 VS Code 会自动清理

## 用例
    ✔ .sokonanoda files get the sokonanoda language id (75ms)
    ✔ confusable-character highlight is off for sokonanoda files
    ✔ #check results appear as inlay hints (261ms)
    ✔ clean lesson publishes empty diagnostics (165ms)
    ✔ kernel-rejected declaration carries the kernel-rejected code (65ms)
    ✔ open exercise carries a sorry warning, not an error (48ms)
    ✔ a declaration named Prop warns, not errors (40ms)
    ✔ open exercise shows a hover on the hole (193ms)
    ✔ notation input: the rewriter produces ∧ and hover teaches \and (208ms)
    ✔ restart server command re-syncs open documents (107ms)
    ✔ infoview command is registered and revealable (80ms)
    ✔ the project tree shows the real closure of an imported module (298ms)
    ✔ the project tree names the file a single-file document is (140ms)
    ✔ the project tree marks a broken import as the root cause (141ms)
    ✔ build / rebuild commands warm the compile cache through the CLI (124ms)
    ✔ doctor command returns a read-only source + version report
    ✔ declarations panel lists a project unit's declarations (43ms)
    ✔ open declaration ships coloured goal runs to the Infoview (38ms)
    ✔ next hole jumps inside a project unit (41ms)
    ✔ warmCacheOnOpen pre-builds the workspace at activation
    ✔ reopening a project unit hits the compile cache (214ms)
    ✔ rewriting an unchanged project unit does not recompile (1550ms)
    ✔ editing a dependency refreshes the open unit once (1525ms)
    ✔ goal text uses the file's notation (730ms)
    ✔ go to definition on a notation symbol lands on its declaration (68ms)
    ✔ hover on a notation symbol shows the target's signature (77ms)

## 扩展接线日志（SOKO_E2E_LOG）
2026-09-25T02:13:28.088Z server command: /home/runner/work/sokonanoda-lang/sokonanoda-lang/editor/vscode/bin/linux-x64/sokonanoda-lsp (source=bundled)
2026-09-25T02:13:28.089Z client state: starting
2026-09-25T02:13:28.112Z client state: running
2026-09-25T02:13:28.117Z loadProject: no active .sokonanoda document
2026-09-25T02:13:28.439Z loadProject: no active .sokonanoda document
2026-09-25T02:13:28.451Z active document changed: file:///tmp/sokonanoda-vscode-test-DbfSdL/check.sokonanoda
2026-09-25T02:13:28.475Z soko/project ok: project=null reason=no-imports
2026-09-25T02:13:28.559Z active document changed: (none)
2026-09-25T02:13:28.560Z loadProject: no active .sokonanoda document
2026-09-25T02:13:28.626Z loadProject: no active .sokonanoda document
2026-09-25T02:13:28.632Z active document changed: file:///tmp/sokonanoda-vscode-test-DbfSdL/lesson-clean.sokonanoda
2026-09-25T02:13:28.654Z soko/project ok: project=null reason=no-imports
2026-09-25T02:13:28.754Z active document changed: (none)
2026-09-25T02:13:28.754Z loadProject: no active .sokonanoda document
2026-09-25T02:13:28.803Z active document changed: file:///tmp/sokonanoda-vscode-test-DbfSdL/kernel-bad.sokonanoda
2026-09-25T02:13:28.818Z soko/project ok: project=null reason=no-imports
2026-09-25T02:13:28.826Z soko/project ok: project=null reason=no-imports
2026-09-25T02:13:28.869Z active document changed: (none)
2026-09-25T02:13:28.869Z loadProject: no active .sokonanoda document
2026-09-25T02:13:28.912Z active document changed: file:///tmp/sokonanoda-vscode-test-DbfSdL/exercise.sokonanoda
2026-09-25T02:13:28.921Z soko/project ok: project=null reason=no-imports
2026-09-25T02:13:28.969Z active document changed: (none)
2026-09-25T02:13:28.969Z loadProject: no active .sokonanoda document
2026-09-25T02:13:29.005Z active document changed: file:///tmp/sokonanoda-vscode-test-DbfSdL/reserved.sokonanoda
2026-09-25T02:13:29.016Z soko/project ok: project=null reason=no-imports
2026-09-25T02:13:29.057Z active document changed: (none)
2026-09-25T02:13:29.057Z loadProject: no active .sokonanoda document
2026-09-25T02:13:29.136Z active document changed: file:///tmp/sokonanoda-vscode-test-DbfSdL/exercise-hover.sokonanoda
2026-09-25T02:13:29.152Z soko/project ok: project=null reason=no-imports
2026-09-25T02:13:29.267Z active document changed: (none)
2026-09-25T02:13:29.267Z loadProject: no active .sokonanoda document
2026-09-25T02:13:29.314Z loadProject: no active .sokonanoda document
2026-09-25T02:13:29.326Z active document changed: file:///tmp/sokonanoda-vscode-test-DbfSdL/notation-input.sokonanoda
2026-09-25T02:13:29.345Z soko/project ok: project=null reason=no-imports
2026-09-25T02:13:29.510Z active document changed: (none)
2026-09-25T02:13:29.510Z loadProject: no active .sokonanoda document
2026-09-25T02:13:29.571Z active document changed: file:///tmp/sokonanoda-vscode-test-DbfSdL/restart.sokonanoda
2026-09-25T02:13:29.587Z soko/project ok: project=null reason=no-imports
2026-09-25T02:13:29.594Z client state: stopped
2026-09-25T02:13:29.596Z soko/project failed for file:///tmp/sokonanoda-vscode-test-DbfSdL/restart.sokonanoda: Client is not running
2026-09-25T02:13:29.599Z client state: starting
2026-09-25T02:13:29.624Z client state: running
2026-09-25T02:13:29.689Z active document changed: (none)
2026-09-25T02:13:29.689Z loadProject: no active .sokonanoda document
2026-09-25T02:13:29.863Z active document changed: file:///tmp/sokonanoda-vscode-test-DbfSdL/proj-ok/Main.sokonanoda
2026-09-25T02:13:29.888Z soko/project ok: project=null reason=no-imports
2026-09-25T02:13:29.901Z soko/project ok: project=null reason=no-imports
2026-09-25T02:13:29.901Z soko/project ok: project=null reason=no-imports
2026-09-25T02:13:29.987Z soko/project ok: project=Main (2 modules) reason=null
2026-09-25T02:13:30.090Z active document changed: (none)
2026-09-25T02:13:30.090Z loadProject: no active .sokonanoda document
2026-09-25T02:13:30.102Z loadProject: no active .sokonanoda document
2026-09-25T02:13:30.118Z active document changed: file:///tmp/sokonanoda-vscode-test-DbfSdL/single.sokonanoda
2026-09-25T02:13:30.129Z soko/project ok: project=null reason=no-imports
2026-09-25T02:13:30.135Z soko/project ok: project=null reason=no-imports
2026-09-25T02:13:30.242Z active document changed: (none)
2026-09-25T02:13:30.242Z loadProject: no active .sokonanoda document
2026-09-25T02:13:30.274Z active document changed: file:///tmp/sokonanoda-vscode-test-DbfSdL/proj-broken/Main.sokonanoda
2026-09-25T02:13:30.281Z soko/project ok: project=Main (1 modules) reason=null
2026-09-25T02:13:30.286Z soko/project ok: project=Main (1 modules) reason=null
2026-09-25T02:13:30.312Z soko/project ok: project=Main (1 modules) reason=null
2026-09-25T02:13:30.392Z active document changed: (none)
2026-09-25T02:13:30.392Z loadProject: no active .sokonanoda document
2026-09-25T02:13:30.422Z active document changed: file:///tmp/sokonanoda-vscode-test-DbfSdL/build-smoke.sokonanoda
2026-09-25T02:13:30.433Z soko/project ok: project=null reason=no-imports
2026-09-25T02:13:30.492Z soko/project ok: project=null reason=no-imports
2026-09-25T02:13:30.521Z soko/project ok: project=null reason=no-imports
2026-09-25T02:13:30.536Z active document changed: (none)
2026-09-25T02:13:30.536Z loadProject: no active .sokonanoda document
2026-09-25T02:13:30.610Z active document changed: file:///home/runner/work/sokonanoda-lang/sokonanoda-lang/editor/vscode/src/test/fixtures/workspace/units/u01.sokonanoda
2026-09-25T02:13:30.623Z soko/project ok: project=units.u01 (2 modules) reason=null
2026-09-25T02:13:30.623Z soko/project ok: project=units.u01 (2 modules) reason=null
2026-09-25T02:13:30.682Z active document changed: (none)
2026-09-25T02:13:30.682Z loadProject: no active .sokonanoda document
2026-09-25T02:13:30.714Z active document changed: file:///home/runner/work/sokonanoda-lang/sokonanoda-lang/editor/vscode/src/test/fixtures/workspace/units/u01.sokonanoda
2026-09-25T02:13:30.724Z soko/project ok: project=units.u01 (2 modules) reason=null
2026-09-25T02:13:30.776Z warmCacheOnOpen: exit=0
2026-09-25T02:13:30.794Z soko/project ok: project=units.u01 (2 modules) reason=null
2026-09-25T02:13:30.802Z active document changed: (none)
2026-09-25T02:13:30.802Z loadProject: no active .sokonanoda document
2026-09-25T02:13:30.834Z active document changed: file:///home/runner/work/sokonanoda-lang/sokonanoda-lang/editor/vscode/src/test/fixtures/workspace/units/u01.sokonanoda
2026-09-25T02:13:30.845Z soko/project ok: project=units.u01 (2 modules) reason=null
2026-09-25T02:13:30.895Z active document changed: (none)
2026-09-25T02:13:30.895Z loadProject: no active .sokonanoda document
2026-09-25T02:13:30.922Z active document changed: file:///home/runner/work/sokonanoda-lang/sokonanoda-lang/editor/vscode/src/test/fixtures/workspace/units/u02.sokonanoda
2026-09-25T02:13:30.962Z soko/project ok: project=units.u02 (2 modules) reason=null
2026-09-25T02:13:31.016Z client state: stopped
2026-09-25T02:13:31.017Z client state: starting
2026-09-25T02:13:31.040Z client state: running
PERF e2e cache: cold=107ms warm=106ms
2026-09-25T02:13:31.234Z active document changed: (none)
2026-09-25T02:13:31.234Z loadProject: no active .sokonanoda document
2026-09-25T02:13:31.300Z active document changed: file:///home/runner/work/sokonanoda-lang/sokonanoda-lang/editor/vscode/src/test/fixtures/workspace/units/u01.sokonanoda
2026-09-25T02:13:31.311Z soko/project ok: project=units.u01 (2 modules) reason=null
2026-09-25T02:13:31.469Z soko/project ok: project=units.u01 (2 modules) reason=null
2026-09-25T02:13:31.898Z soko/project ok: project=units.u01 (2 modules) reason=null
2026-09-25T02:13:32.820Z active document changed: (none)
2026-09-25T02:13:32.820Z loadProject: no active .sokonanoda document
2026-09-25T02:13:32.836Z active document changed: file:///home/runner/work/sokonanoda-lang/sokonanoda-lang/editor/vscode/src/test/fixtures/workspace/units/u01.sokonanoda
2026-09-25T02:13:32.843Z soko/project ok: project=units.u01 (2 modules) reason=null
2026-09-25T02:13:33.834Z soko/project ok: project=units.u01 (2 modules) reason=null
PERF e2e fanout: entry diagnostics publishes=1
2026-09-25T02:13:34.352Z active document changed: (none)
2026-09-25T02:13:34.353Z loadProject: no active .sokonanoda document
2026-09-25T02:13:34.372Z active document changed: file:///home/runner/work/sokonanoda-lang/sokonanoda-lang/editor/vscode/src/test/fixtures/workspace/units/u01.sokonanoda
2026-09-25T02:13:34.381Z soko/project ok: project=units.u01 (2 modules) reason=null
2026-09-25T02:13:35.009Z soko/project ok: project=units.u01 (2 modules) reason=null
2026-09-25T02:13:35.091Z active document changed: (none)
2026-09-25T02:13:35.091Z loadProject: no active .sokonanoda document
2026-09-25T02:13:35.108Z active document changed: file:///home/runner/work/sokonanoda-lang/sokonanoda-lang/editor/vscode/src/test/fixtures/workspace/units/u01.sokonanoda
2026-09-25T02:13:35.117Z soko/project ok: project=units.u01 (2 modules) reason=null
2026-09-25T02:13:35.166Z active document changed: (none)
2026-09-25T02:13:35.167Z loadProject: no active .sokonanoda document
2026-09-25T02:13:35.185Z active document changed: file:///home/runner/work/sokonanoda-lang/sokonanoda-lang/editor/vscode/src/test/fixtures/workspace/units/u01.sokonanoda
2026-09-25T02:13:35.198Z soko/project ok: project=units.u01 (2 modules) reason=null
2026-09-25T02:13:35.252Z active document changed: (none)
2026-09-25T02:13:35.252Z loadProject: no active .sokonanoda document
2026-09-25T02:13:35.281Z client state: stopped
