# scripts/vscode-e2e.sh — VS Code 1.138.0 · extension v0.65.2 · 085d60b0d5df9bc6f78e0d1790811c6d7d353cc5
# 结果：25 passing / 0 failing / 0 pending（exit=0）

## doctor（服务器解析与版本自述）
--- doctor ---
sokonanoda doctor — 扩展 v0.65.2 (6 checks)
[ok] 1/6 resolution：bundled — /home/runner/work/sokonanoda-lang/sokonanoda-lang/editor/vscode/bin/linux-x64/sokonanoda-lsp (source=bundled)
[ok] 2/6 server-version：0.65.2 (pid 2862) == 扩展 v0.65.2 (source=bundled)
[ok] 3/6 host-version：运行宿主 v0.65.2
[ok] 4/6 ignored-override：没有被忽略的 serverPath/env 覆盖
[info] 5/6 download-cache：无下载缓存（仅影响 CLI/universal 兜底，不影响内置服务器）
[info] 6/6 obsolete-versions：检测到 0 个扩展版本快照、0 个 .obsolete 条目；完整重启 VS Code 会自动清理

## 用例
    ✔ .sokonanoda files get the sokonanoda language id (102ms)
    ✔ confusable-character highlight is off for sokonanoda files
    ✔ #check results appear as inlay hints (212ms)
    ✔ clean lesson publishes empty diagnostics (93ms)
    ✔ kernel-rejected declaration carries the kernel-rejected code (152ms)
    ✔ open exercise carries a sorry warning, not an error (45ms)
    ✔ a declaration named Prop warns, not errors (58ms)
    ✔ open exercise shows a hover on the hole (98ms)
    ✔ notation input: the rewriter produces ∧ and hover teaches \and (151ms)
    ✔ restart server command re-syncs open documents (85ms)
    ✔ infoview command is registered and revealable (70ms)
    ✔ the project tree shows the real closure of an imported module (166ms)
    ✔ the project tree names the file a single-file document is (131ms)
    ✔ the project tree marks a broken import as the root cause (123ms)
    ✔ build / rebuild commands warm the compile cache through the CLI (96ms)
    ✔ doctor command returns a read-only source + version report
    ✔ declarations panel lists a project unit's declarations (444ms)
    ✔ next hole jumps inside a project unit
    ✔ warmCacheOnOpen pre-builds the workspace at activation
    ✔ reopening a project unit hits the compile cache (3105ms)
    ✔ rewriting an unchanged project unit does not recompile (1531ms)
    ✔ editing a dependency refreshes the open unit once (1523ms)
    ✔ goal text uses the file's notation (733ms)
    ✔ go to definition on a notation symbol lands on its declaration (72ms)
    ✔ hover on a notation symbol shows the target's signature (74ms)

## 扩展接线日志（SOKO_E2E_LOG）
2026-09-23T23:13:18.126Z server command: /home/runner/work/sokonanoda-lang/sokonanoda-lang/editor/vscode/bin/linux-x64/sokonanoda-lsp (source=bundled)
2026-09-23T23:13:18.127Z client state: starting
2026-09-23T23:13:18.146Z client state: running
2026-09-23T23:13:18.152Z loadProject: no active .sokonanoda document
2026-09-23T23:13:18.322Z warmCacheOnOpen: exit=0
2026-09-23T23:13:18.427Z active document changed: file:///tmp/sokonanoda-vscode-test-OHekwV/check.sokonanoda
2026-09-23T23:13:18.441Z soko/project ok: project=null reason=no-imports
2026-09-23T23:13:18.547Z active document changed: (none)
2026-09-23T23:13:18.547Z loadProject: no active .sokonanoda document
2026-09-23T23:13:18.591Z active document changed: file:///tmp/sokonanoda-vscode-test-OHekwV/lesson-clean.sokonanoda
2026-09-23T23:13:18.601Z soko/project ok: project=null reason=no-imports
2026-09-23T23:13:18.619Z soko/project ok: project=null reason=no-imports
2026-09-23T23:13:18.673Z active document changed: (none)
2026-09-23T23:13:18.673Z loadProject: no active .sokonanoda document
2026-09-23T23:13:18.713Z active document changed: file:///tmp/sokonanoda-vscode-test-OHekwV/kernel-bad.sokonanoda
2026-09-23T23:13:18.733Z soko/project ok: project=null reason=no-imports
2026-09-23T23:13:18.844Z active document changed: (none)
2026-09-23T23:13:18.844Z loadProject: no active .sokonanoda document
2026-09-23T23:13:18.882Z active document changed: file:///tmp/sokonanoda-vscode-test-OHekwV/exercise.sokonanoda
2026-09-23T23:13:18.892Z soko/project ok: project=null reason=no-imports
2026-09-23T23:13:18.937Z soko/project ok: project=null reason=no-imports
2026-09-23T23:13:18.947Z active document changed: (none)
2026-09-23T23:13:18.947Z loadProject: no active .sokonanoda document
2026-09-23T23:13:18.999Z active document changed: file:///tmp/sokonanoda-vscode-test-OHekwV/reserved.sokonanoda
2026-09-23T23:13:19.010Z soko/project ok: project=null reason=no-imports
2026-09-23T23:13:19.045Z active document changed: (none)
2026-09-23T23:13:19.045Z loadProject: no active .sokonanoda document
2026-09-23T23:13:19.106Z active document changed: file:///tmp/sokonanoda-vscode-test-OHekwV/exercise-hover.sokonanoda
2026-09-23T23:13:19.114Z soko/project ok: project=null reason=no-imports
2026-09-23T23:13:19.161Z active document changed: (none)
2026-09-23T23:13:19.161Z loadProject: no active .sokonanoda document
2026-09-23T23:13:19.204Z active document changed: file:///tmp/sokonanoda-vscode-test-OHekwV/notation-input.sokonanoda
2026-09-23T23:13:19.221Z soko/project ok: project=null reason=no-imports
2026-09-23T23:13:19.339Z active document changed: (none)
2026-09-23T23:13:19.339Z loadProject: no active .sokonanoda document
2026-09-23T23:13:19.383Z active document changed: file:///tmp/sokonanoda-vscode-test-OHekwV/restart.sokonanoda
2026-09-23T23:13:19.400Z soko/project ok: project=null reason=no-imports
2026-09-23T23:13:19.403Z client state: stopped
2026-09-23T23:13:19.405Z client state: starting
2026-09-23T23:13:19.425Z client state: running
2026-09-23T23:13:19.472Z active document changed: (none)
2026-09-23T23:13:19.472Z loadProject: no active .sokonanoda document
2026-09-23T23:13:19.618Z active document changed: file:///tmp/sokonanoda-vscode-test-OHekwV/proj-ok/Main.sokonanoda
2026-09-23T23:13:19.628Z soko/project ok: project=Main (2 modules) reason=null
2026-09-23T23:13:19.628Z soko/project ok: project=Main (2 modules) reason=null
2026-09-23T23:13:19.635Z soko/project ok: project=Main (2 modules) reason=null
2026-09-23T23:13:19.739Z active document changed: (none)
2026-09-23T23:13:19.739Z loadProject: no active .sokonanoda document
2026-09-23T23:13:19.763Z active document changed: file:///tmp/sokonanoda-vscode-test-OHekwV/single.sokonanoda
2026-09-23T23:13:19.769Z soko/project ok: project=null reason=no-imports
2026-09-23T23:13:19.775Z soko/project ok: project=null reason=no-imports
2026-09-23T23:13:19.878Z active document changed: (none)
2026-09-23T23:13:19.878Z loadProject: no active .sokonanoda document
2026-09-23T23:13:19.897Z active document changed: file:///tmp/sokonanoda-vscode-test-OHekwV/proj-broken/Main.sokonanoda
2026-09-23T23:13:19.905Z soko/project ok: project=Main (1 modules) reason=null
2026-09-23T23:13:19.907Z soko/project ok: project=Main (1 modules) reason=null
2026-09-23T23:13:20.010Z active document changed: (none)
2026-09-23T23:13:20.010Z loadProject: no active .sokonanoda document
2026-09-23T23:13:20.036Z active document changed: file:///tmp/sokonanoda-vscode-test-OHekwV/build-smoke.sokonanoda
2026-09-23T23:13:20.046Z soko/project ok: project=null reason=no-imports
2026-09-23T23:13:20.090Z soko/project ok: project=null reason=no-imports
2026-09-23T23:13:20.113Z soko/project ok: project=null reason=no-imports
2026-09-23T23:13:20.132Z active document changed: (none)
2026-09-23T23:13:20.132Z loadProject: no active .sokonanoda document
2026-09-23T23:13:20.193Z active document changed: file:///home/runner/work/sokonanoda-lang/sokonanoda-lang/editor/vscode/src/test/fixtures/workspace/units/u01.sokonanoda
2026-09-23T23:13:20.204Z soko/project ok: project=null reason=no-imports
2026-09-23T23:13:20.234Z soko/project ok: project=null reason=no-imports
2026-09-23T23:13:20.591Z soko/project ok: project=units.u01 (2 modules) reason=null
2026-09-23T23:13:20.617Z active document changed: (none)
2026-09-23T23:13:20.617Z loadProject: no active .sokonanoda document
2026-09-23T23:13:20.634Z active document changed: file:///home/runner/work/sokonanoda-lang/sokonanoda-lang/editor/vscode/src/test/fixtures/workspace/units/u01.sokonanoda
2026-09-23T23:13:20.647Z soko/project ok: project=units.u01 (2 modules) reason=null
2026-09-23T23:13:20.681Z active document changed: (none)
2026-09-23T23:13:20.681Z loadProject: no active .sokonanoda document
2026-09-23T23:13:20.714Z active document changed: file:///home/runner/work/sokonanoda-lang/sokonanoda-lang/editor/vscode/src/test/fixtures/workspace/units/u02.sokonanoda
2026-09-23T23:13:20.736Z soko/project ok: project=null reason=no-imports
2026-09-23T23:13:23.748Z client state: stopped
2026-09-23T23:13:23.749Z client state: starting
2026-09-23T23:13:23.759Z client state: running
PERF e2e cache: cold=3049ms warm=54ms entries=1
2026-09-23T23:13:23.826Z active document changed: (none)
2026-09-23T23:13:23.827Z loadProject: no active .sokonanoda document
2026-09-23T23:13:23.848Z active document changed: file:///home/runner/work/sokonanoda-lang/sokonanoda-lang/editor/vscode/src/test/fixtures/workspace/units/u01.sokonanoda
2026-09-23T23:13:23.856Z soko/project ok: project=units.u01 (2 modules) reason=null
2026-09-23T23:13:24.006Z soko/project ok: project=units.u01 (2 modules) reason=null
2026-09-23T23:13:24.441Z soko/project ok: project=units.u01 (2 modules) reason=null
2026-09-23T23:13:25.368Z active document changed: (none)
2026-09-23T23:13:25.368Z loadProject: no active .sokonanoda document
2026-09-23T23:13:25.383Z active document changed: file:///home/runner/work/sokonanoda-lang/sokonanoda-lang/editor/vscode/src/test/fixtures/workspace/units/u01.sokonanoda
2026-09-23T23:13:25.390Z soko/project ok: project=units.u01 (2 modules) reason=null
2026-09-23T23:13:26.256Z soko/project ok: project=units.u01 (2 modules) reason=null
PERF e2e fanout: entry diagnostics publishes=1
2026-09-23T23:13:26.899Z active document changed: (none)
2026-09-23T23:13:26.899Z loadProject: no active .sokonanoda document
2026-09-23T23:13:26.918Z active document changed: file:///home/runner/work/sokonanoda-lang/sokonanoda-lang/editor/vscode/src/test/fixtures/workspace/units/u01.sokonanoda
2026-09-23T23:13:26.927Z soko/project ok: project=units.u01 (2 modules) reason=null
2026-09-23T23:13:27.549Z soko/project ok: project=units.u01 (2 modules) reason=null
2026-09-23T23:13:27.640Z active document changed: (none)
2026-09-23T23:13:27.640Z loadProject: no active .sokonanoda document
2026-09-23T23:13:27.658Z active document changed: file:///home/runner/work/sokonanoda-lang/sokonanoda-lang/editor/vscode/src/test/fixtures/workspace/units/u01.sokonanoda
2026-09-23T23:13:27.667Z soko/project ok: project=units.u01 (2 modules) reason=null
2026-09-23T23:13:27.725Z active document changed: (none)
2026-09-23T23:13:27.725Z loadProject: no active .sokonanoda document
2026-09-23T23:13:27.743Z active document changed: file:///home/runner/work/sokonanoda-lang/sokonanoda-lang/editor/vscode/src/test/fixtures/workspace/units/u01.sokonanoda
2026-09-23T23:13:27.753Z soko/project ok: project=units.u01 (2 modules) reason=null
2026-09-23T23:13:27.809Z active document changed: (none)
2026-09-23T23:13:27.809Z loadProject: no active .sokonanoda document
2026-09-23T23:13:27.840Z client state: stopped
