# scripts/vscode-e2e.sh — VS Code 1.138.0 · extension v0.58.0 · f62c711f882a2401201985df520a3c0ef60db0d3
# 结果：14 passing / 0 failing / 0 pending（exit=0）

## doctor（服务器解析与版本自述）
--- doctor ---
sokonanoda doctor — 扩展 v0.58.0 (6 checks)
[ok] 1/6 resolution：bundled — /Users/penglingwei/Documents/lean/sokonanoda/sokonanoda-lang/editor/vscode/bin/darwin-arm64/sokonanoda-lsp (source=bundled)
[ok] 2/6 server-version：0.58.0 (pid 29179) == 扩展 v0.58.0 (source=bundled)
[ok] 3/6 host-version：运行宿主 v0.58.0
[ok] 4/6 ignored-override：没有被忽略的 serverPath/env 覆盖
[info] 5/6 download-cache：缓存 marker 0.55.0 darwin-arm64 != 扩展 v0.58.0；可运行 sokonanoda update
[info] 6/6 obsolete-versions：检测到 0 个扩展版本快照、0 个 .obsolete 条目；完整重启 VS Code 会自动清理

## 用例
    ✔ .sokonanoda files get the sokonanoda language id (51ms)
    ✔ confusable-character highlight is off for sokonanoda files
    ✔ #check results appear as inlay hints (85ms)
    ✔ clean lesson publishes empty diagnostics (53ms)
    ✔ kernel-rejected declaration carries the kernel-rejected code
    ✔ open exercise carries a sorry warning, not an error
    ✔ a declaration named Prop warns, not errors
    ✔ open exercise shows a hover on the hole
    ✔ restart server command re-syncs open documents (52ms)
    ✔ infoview command is registered and revealable
    ✔ the project tree shows the real closure of an imported module (126ms)
    ✔ the project tree names the file a single-file document is (120ms)
    ✔ the project tree marks a broken import as the root cause (119ms)
    ✔ doctor command returns a read-only source + version report

## 扩展接线日志（SOKO_E2E_LOG）
2026-09-18T08:16:18.824Z server command: /Users/penglingwei/Documents/lean/sokonanoda/sokonanoda-lang/editor/vscode/bin/darwin-arm64/sokonanoda-lsp (source=bundled)
2026-09-18T08:16:18.825Z client state: starting
2026-09-18T08:16:19.063Z client state: running
2026-09-18T08:16:19.066Z loadProject: no active .sokonanoda document
2026-09-18T08:16:19.184Z active document changed: file:///var/folders/81/6wvjcvys3y300jnj259_2jbw0000gn/T/sokonanoda-vscode-test-1MPZBB/check.sokonanoda
2026-09-18T08:16:19.188Z soko/project ok: project=null reason=no-imports
2026-09-18T08:16:19.229Z active document changed: (none)
2026-09-18T08:16:19.229Z loadProject: no active .sokonanoda document
2026-09-18T08:16:19.248Z active document changed: file:///var/folders/81/6wvjcvys3y300jnj259_2jbw0000gn/T/sokonanoda-vscode-test-1MPZBB/lesson-clean.sokonanoda
2026-09-18T08:16:19.255Z soko/project ok: project=null reason=no-imports
2026-09-18T08:16:19.289Z active document changed: (none)
2026-09-18T08:16:19.289Z loadProject: no active .sokonanoda document
2026-09-18T08:16:19.311Z active document changed: file:///var/folders/81/6wvjcvys3y300jnj259_2jbw0000gn/T/sokonanoda-vscode-test-1MPZBB/kernel-bad.sokonanoda
2026-09-18T08:16:19.316Z soko/project ok: project=null reason=no-imports
2026-09-18T08:16:19.324Z active document changed: (none)
2026-09-18T08:16:19.324Z loadProject: no active .sokonanoda document
2026-09-18T08:16:19.340Z active document changed: file:///var/folders/81/6wvjcvys3y300jnj259_2jbw0000gn/T/sokonanoda-vscode-test-1MPZBB/exercise.sokonanoda
2026-09-18T08:16:19.343Z soko/project ok: project=null reason=no-imports
2026-09-18T08:16:19.358Z active document changed: (none)
2026-09-18T08:16:19.358Z loadProject: no active .sokonanoda document
2026-09-18T08:16:19.373Z active document changed: file:///var/folders/81/6wvjcvys3y300jnj259_2jbw0000gn/T/sokonanoda-vscode-test-1MPZBB/reserved.sokonanoda
2026-09-18T08:16:19.376Z soko/project ok: project=null reason=no-imports
2026-09-18T08:16:19.386Z active document changed: (none)
2026-09-18T08:16:19.387Z loadProject: no active .sokonanoda document
2026-09-18T08:16:19.405Z active document changed: file:///var/folders/81/6wvjcvys3y300jnj259_2jbw0000gn/T/sokonanoda-vscode-test-1MPZBB/exercise-hover.sokonanoda
2026-09-18T08:16:19.420Z soko/project ok: project=null reason=no-imports
2026-09-18T08:16:19.429Z active document changed: (none)
2026-09-18T08:16:19.430Z loadProject: no active .sokonanoda document
2026-09-18T08:16:19.456Z active document changed: file:///var/folders/81/6wvjcvys3y300jnj259_2jbw0000gn/T/sokonanoda-vscode-test-1MPZBB/restart.sokonanoda
2026-09-18T08:16:19.458Z soko/project ok: project=null reason=no-imports
2026-09-18T08:16:19.462Z client state: stopped
2026-09-18T08:16:19.464Z client state: starting
2026-09-18T08:16:19.476Z client state: running
2026-09-18T08:16:19.489Z active document changed: (none)
2026-09-18T08:16:19.489Z loadProject: no active .sokonanoda document
2026-09-18T08:16:19.539Z active document changed: file:///var/folders/81/6wvjcvys3y300jnj259_2jbw0000gn/T/sokonanoda-vscode-test-1MPZBB/proj-ok/Main.sokonanoda
2026-09-18T08:16:19.541Z soko/project ok: project=Main (2 modules) reason=null
2026-09-18T08:16:19.545Z soko/project ok: project=Main (2 modules) reason=null
2026-09-18T08:16:19.648Z active document changed: (none)
2026-09-18T08:16:19.649Z loadProject: no active .sokonanoda document
2026-09-18T08:16:19.662Z active document changed: file:///var/folders/81/6wvjcvys3y300jnj259_2jbw0000gn/T/sokonanoda-vscode-test-1MPZBB/single.sokonanoda
2026-09-18T08:16:19.663Z soko/project ok: project=null reason=no-imports
2026-09-18T08:16:19.668Z soko/project ok: project=null reason=no-imports
2026-09-18T08:16:19.781Z active document changed: (none)
2026-09-18T08:16:19.781Z loadProject: no active .sokonanoda document
2026-09-18T08:16:19.793Z active document changed: file:///var/folders/81/6wvjcvys3y300jnj259_2jbw0000gn/T/sokonanoda-vscode-test-1MPZBB/proj-broken/Main.sokonanoda
2026-09-18T08:16:19.795Z soko/project ok: project=Main (1 modules) reason=null
2026-09-18T08:16:19.800Z soko/project ok: project=Main (1 modules) reason=null
2026-09-18T08:16:19.903Z active document changed: (none)
2026-09-18T08:16:19.904Z loadProject: no active .sokonanoda document
2026-09-18T08:16:19.916Z client state: stopped
