# scripts/vscode-e2e.sh — VS Code 1.138.0 · extension v0.73.0 · ff2e36dce500ba9bd29d1d07fcaf1ff720807b02
# 结果：32 passing / 0 failing / 0 pending（exit=0）

## doctor（服务器解析与版本自述）
--- doctor ---
sokonanoda doctor — 扩展 v0.73.0 (6 checks)
[ok] 1/6 resolution：bundled — /home/runner/work/sokonanoda-lang/sokonanoda-lang/editor/vscode/bin/linux-x64/sokonanoda-lsp (source=bundled)
[ok] 2/6 server-version：0.73.0 (pid 3140) == 扩展 v0.73.0 (source=bundled)
[ok] 3/6 host-version：运行宿主 v0.73.0
[ok] 4/6 ignored-override：没有被忽略的 serverPath/env 覆盖
[info] 5/6 download-cache：无下载缓存（仅影响 CLI/universal 兜底，不影响内置服务器）
[info] 6/6 obsolete-versions：检测到 0 个扩展版本快照、0 个 .obsolete 条目；完整重启 VS Code 会自动清理

## 用例
    ✔ .sokonanoda files get the sokonanoda language id (89ms)
    ✔ confusable-character highlight is off for sokonanoda files
    ✔ #check results appear as inlay hints (284ms)
    ✔ clean lesson publishes empty diagnostics (203ms)
    ✔ kernel-rejected declaration carries the kernel-rejected code (93ms)
    ✔ open exercise carries a sorry warning, not an error (81ms)
    ✔ a declaration named Prop warns, not errors (58ms)
    ✔ open exercise shows a hover on the hole (109ms)
    ✔ hover 的类型文本折成记法（T-U12 面 #3，e2e 那一份） (148ms)
    ✔ notation input: the rewriter produces ∧ and hover teaches \and (293ms)
    ✔ restart server command re-syncs open documents (221ms)
    ✔ infoview command is registered and revealable (102ms)
    ✔ the project tree shows the real closure of an imported module (309ms)
    ✔ the project tree names the file a single-file document is (142ms)
    ✔ the project tree marks a broken import as the root cause (146ms)
    ✔ build / rebuild commands warm the compile cache through the CLI (199ms)
    ✔ doctor command returns a read-only source + version report
    ✔ declarations panel lists a project unit's declarations
    ✔ open declaration ships coloured goal runs to the Infoview (46ms)
    ✔ next hole jumps inside a project unit (45ms)
    ✔ warmCacheOnOpen pre-builds the workspace at activation (201ms)
    ✔ reopening a project unit hits the compile cache (3957ms)
    ✔ rewriting an unchanged project unit does not recompile (1541ms)
    ✔ editing a dependency refreshes the open unit once (5540ms)
    ✔ goal text uses the file's notation (742ms)
    ✔ goal text folds a binder notation whose type contains a lambda (329ms)
    ✔ Infoview 的 `⊢` 用记法箭头 `→`，且 runs 与 text 同源 (332ms)
    ✔ Infoview 里集合字面量显示成 `{a}`（不是 `Set.singleton α a`） (337ms)
    ✔ go to definition on a `{a}` set literal lands on `Set.singleton` (84ms)
    ✔ go to definition on a prelude name lands in the prelude source (106ms)
    ✔ go to definition on a notation symbol lands on its declaration (102ms)
    ✔ hover on a notation symbol shows the target's signature (110ms)

## 扩展接线日志（SOKO_E2E_LOG）
2026-09-27T01:34:52.595Z server command: /home/runner/work/sokonanoda-lang/sokonanoda-lang/editor/vscode/bin/linux-x64/sokonanoda-lsp (source=bundled)
2026-09-27T01:34:52.596Z client state: starting
2026-09-27T01:34:52.629Z client state: running
2026-09-27T01:34:52.643Z loadProject: no active .sokonanoda document
2026-09-27T01:34:52.969Z active document changed: file:///tmp/sokonanoda-vscode-test-QigLVs/check.sokonanoda
2026-09-27T01:34:52.979Z soko/project ok: project=null reason=no-imports
2026-09-27T01:34:53.146Z active document changed: (none)
2026-09-27T01:34:53.146Z loadProject: no active .sokonanoda document
2026-09-27T01:34:53.148Z soko/project answer for another document: file:///tmp/sokonanoda-vscode-test-QigLVs/check.sokonanoda
2026-09-27T01:34:53.226Z active document changed: file:///tmp/sokonanoda-vscode-test-QigLVs/lesson-clean.sokonanoda
2026-09-27T01:34:53.258Z soko/project ok: project=null reason=no-imports
2026-09-27T01:34:53.368Z active document changed: (none)
2026-09-27T01:34:53.368Z loadProject: no active .sokonanoda document
2026-09-27T01:34:53.439Z active document changed: file:///tmp/sokonanoda-vscode-test-QigLVs/kernel-bad.sokonanoda
2026-09-27T01:34:53.456Z soko/project ok: project=null reason=no-imports
2026-09-27T01:34:53.460Z soko/project ok: project=null reason=no-imports
2026-09-27T01:34:53.560Z active document changed: (none)
2026-09-27T01:34:53.560Z loadProject: no active .sokonanoda document
2026-09-27T01:34:53.634Z active document changed: file:///tmp/sokonanoda-vscode-test-QigLVs/exercise.sokonanoda
2026-09-27T01:34:53.649Z soko/project ok: project=null reason=no-imports
2026-09-27T01:34:53.675Z soko/project ok: project=null reason=no-imports
2026-09-27T01:34:53.716Z active document changed: (none)
2026-09-27T01:34:53.717Z loadProject: no active .sokonanoda document
2026-09-27T01:34:53.771Z active document changed: file:///tmp/sokonanoda-vscode-test-QigLVs/reserved.sokonanoda
2026-09-27T01:34:53.785Z soko/project ok: project=null reason=no-imports
2026-09-27T01:34:53.832Z active document changed: (none)
2026-09-27T01:34:53.832Z loadProject: no active .sokonanoda document
2026-09-27T01:34:53.889Z active document changed: file:///tmp/sokonanoda-vscode-test-QigLVs/exercise-hover.sokonanoda
2026-09-27T01:34:53.901Z soko/project ok: project=null reason=no-imports
2026-09-27T01:34:53.961Z active document changed: (none)
2026-09-27T01:34:53.961Z loadProject: no active .sokonanoda document
2026-09-27T01:34:54.002Z active document changed: file:///home/runner/work/sokonanoda-lang/sokonanoda-lang/editor/vscode/src/test/fixtures/workspace/units/u01.sokonanoda
2026-09-27T01:34:54.022Z soko/project ok: project=units.u01 (2 modules) reason=null
2026-09-27T01:34:54.151Z active document changed: (none)
2026-09-27T01:34:54.152Z loadProject: no active .sokonanoda document
2026-09-27T01:34:54.246Z active document changed: file:///tmp/sokonanoda-vscode-test-QigLVs/notation-input.sokonanoda
2026-09-27T01:34:54.284Z soko/project ok: project=null reason=no-imports
2026-09-27T01:34:54.285Z soko/project ok: project=null reason=no-imports
2026-09-27T01:34:54.495Z soko/project ok: project=null reason=parse-error
2026-09-27T01:34:54.501Z active document changed: (none)
2026-09-27T01:34:54.501Z loadProject: no active .sokonanoda document
2026-09-27T01:34:54.548Z active document changed: file:///tmp/sokonanoda-vscode-test-QigLVs/restart.sokonanoda
2026-09-27T01:34:54.562Z soko/project ok: project=null reason=no-imports
2026-09-27T01:34:54.564Z client state: stopped
2026-09-27T01:34:54.568Z client state: starting
2026-09-27T01:34:54.621Z client state: running
2026-09-27T01:34:54.748Z active document changed: (none)
2026-09-27T01:34:54.748Z loadProject: no active .sokonanoda document
2026-09-27T01:34:54.820Z loadProject: no active .sokonanoda document
2026-09-27T01:34:54.974Z active document changed: file:///tmp/sokonanoda-vscode-test-QigLVs/proj-ok/Main.sokonanoda
2026-09-27T01:34:55.004Z soko/project ok: project=null reason=no-imports
2026-09-27T01:34:55.005Z soko/project ok: project=null reason=no-imports
2026-09-27T01:34:55.101Z soko/project ok: project=Main (2 modules) reason=null
2026-09-27T01:34:55.206Z active document changed: (none)
2026-09-27T01:34:55.207Z loadProject: no active .sokonanoda document
2026-09-27T01:34:55.228Z loadProject: no active .sokonanoda document
2026-09-27T01:34:55.233Z active document changed: file:///tmp/sokonanoda-vscode-test-QigLVs/single.sokonanoda
2026-09-27T01:34:55.242Z soko/project ok: project=null reason=no-imports
2026-09-27T01:34:55.251Z soko/project ok: project=null reason=no-imports
2026-09-27T01:34:55.356Z active document changed: (none)
2026-09-27T01:34:55.356Z loadProject: no active .sokonanoda document
2026-09-27T01:34:55.392Z active document changed: file:///tmp/sokonanoda-vscode-test-QigLVs/proj-broken/Main.sokonanoda
2026-09-27T01:34:55.403Z soko/project ok: project=Main (1 modules) reason=null
2026-09-27T01:34:55.408Z soko/project ok: project=Main (1 modules) reason=null
2026-09-27T01:34:55.425Z soko/project ok: project=Main (1 modules) reason=null
2026-09-27T01:34:55.516Z active document changed: (none)
2026-09-27T01:34:55.516Z loadProject: no active .sokonanoda document
2026-09-27T01:34:55.584Z loadProject: no active .sokonanoda document
2026-09-27T01:34:55.594Z active document changed: file:///tmp/sokonanoda-vscode-test-QigLVs/build-smoke.sokonanoda
2026-09-27T01:34:55.631Z soko/project ok: project=null reason=no-imports
2026-09-27T01:34:55.703Z soko/project ok: project=null reason=no-imports
2026-09-27T01:34:55.722Z soko/project ok: project=null reason=no-imports
2026-09-27T01:34:55.750Z active document changed: (none)
2026-09-27T01:34:55.750Z loadProject: no active .sokonanoda document
2026-09-27T01:34:55.778Z loadProject: no active .sokonanoda document
2026-09-27T01:34:55.812Z active document changed: file:///home/runner/work/sokonanoda-lang/sokonanoda-lang/editor/vscode/src/test/fixtures/workspace/units/u01.sokonanoda
2026-09-27T01:34:55.831Z soko/project ok: project=units.u01 (2 modules) reason=null
2026-09-27T01:34:55.905Z active document changed: (none)
2026-09-27T01:34:55.905Z loadProject: no active .sokonanoda document
2026-09-27T01:34:55.939Z active document changed: file:///home/runner/work/sokonanoda-lang/sokonanoda-lang/editor/vscode/src/test/fixtures/workspace/units/u01.sokonanoda
2026-09-27T01:34:55.959Z soko/project ok: project=units.u01 (2 modules) reason=null
2026-09-27T01:34:56.018Z active document changed: (none)
2026-09-27T01:34:56.018Z loadProject: no active .sokonanoda document
2026-09-27T01:34:56.055Z active document changed: file:///home/runner/work/sokonanoda-lang/sokonanoda-lang/editor/vscode/src/test/fixtures/workspace/units/u01.sokonanoda
2026-09-27T01:34:56.069Z soko/project ok: project=units.u01 (2 modules) reason=null
2026-09-27T01:34:56.138Z active document changed: (none)
2026-09-27T01:34:56.138Z loadProject: no active .sokonanoda document
2026-09-27T01:34:56.291Z warmCacheOnOpen: exit=0
2026-09-27T01:34:56.360Z active document changed: file:///home/runner/work/sokonanoda-lang/sokonanoda-lang/editor/vscode/src/test/fixtures/workspace/units/u02-cold-open.sokonanoda
2026-09-27T01:34:56.373Z soko/project ok: project=null reason=no-imports
2026-09-27T01:35:00.203Z client state: stopped
2026-09-27T01:35:00.204Z client state: starting
2026-09-27T01:35:00.220Z client state: running
PERF e2e cache: cold=3855ms warm=100ms
2026-09-27T01:35:00.344Z active document changed: (none)
2026-09-27T01:35:00.344Z loadProject: no active .sokonanoda document
2026-09-27T01:35:00.370Z active document changed: file:///home/runner/work/sokonanoda-lang/sokonanoda-lang/editor/vscode/src/test/fixtures/workspace/units/u01.sokonanoda
2026-09-27T01:35:00.381Z soko/project ok: project=units.u01 (2 modules) reason=null
2026-09-27T01:35:00.519Z soko/project ok: project=units.u01 (2 modules) reason=null
2026-09-27T01:35:00.974Z soko/project ok: project=units.u01 (2 modules) reason=null
2026-09-27T01:35:01.894Z active document changed: (none)
2026-09-27T01:35:01.894Z loadProject: no active .sokonanoda document
2026-09-27T01:35:01.913Z active document changed: file:///home/runner/work/sokonanoda-lang/sokonanoda-lang/editor/vscode/src/test/fixtures/workspace/units/u01.sokonanoda
2026-09-27T01:35:01.919Z soko/project ok: project=units.u01 (2 modules) reason=null
2026-09-27T01:35:03.084Z soko/project ok: project=units.u01 (2 modules) reason=null
PERF e2e fanout: entry diagnostics signature=152 字节 · 稳定 ✓
2026-09-27T01:35:07.445Z active document changed: (none)
2026-09-27T01:35:07.445Z loadProject: no active .sokonanoda document
2026-09-27T01:35:07.474Z active document changed: file:///home/runner/work/sokonanoda-lang/sokonanoda-lang/editor/vscode/src/test/fixtures/workspace/units/u01.sokonanoda
2026-09-27T01:35:07.483Z soko/project ok: project=units.u01 (2 modules) reason=null
2026-09-27T01:35:08.113Z soko/project ok: project=units.u01 (2 modules) reason=null
2026-09-27T01:35:08.198Z active document changed: (none)
2026-09-27T01:35:08.198Z loadProject: no active .sokonanoda document
2026-09-27T01:35:08.214Z active document changed: file:///home/runner/work/sokonanoda-lang/sokonanoda-lang/editor/vscode/src/test/fixtures/workspace/units/u01.sokonanoda
2026-09-27T01:35:08.231Z soko/project ok: project=units.u01 (2 modules) reason=null
2026-09-27T01:35:08.537Z active document changed: (none)
2026-09-27T01:35:08.537Z loadProject: no active .sokonanoda document
2026-09-27T01:35:08.558Z active document changed: file:///home/runner/work/sokonanoda-lang/sokonanoda-lang/editor/vscode/src/test/fixtures/workspace/units/u01.sokonanoda
2026-09-27T01:35:08.572Z soko/project ok: project=units.u01 (2 modules) reason=null
2026-09-27T01:35:08.886Z active document changed: (none)
2026-09-27T01:35:08.886Z loadProject: no active .sokonanoda document
2026-09-27T01:35:08.915Z active document changed: file:///home/runner/work/sokonanoda-lang/sokonanoda-lang/editor/vscode/src/test/fixtures/workspace/units/u01.sokonanoda
2026-09-27T01:35:08.924Z soko/project ok: project=units.u01 (2 modules) reason=null
2026-09-27T01:35:09.235Z active document changed: (none)
2026-09-27T01:35:09.235Z loadProject: no active .sokonanoda document
2026-09-27T01:35:09.255Z active document changed: file:///home/runner/work/sokonanoda-lang/sokonanoda-lang/editor/vscode/src/test/fixtures/workspace/units/u01.sokonanoda
2026-09-27T01:35:09.268Z soko/project ok: project=units.u01 (2 modules) reason=null
2026-09-27T01:35:09.331Z active document changed: (none)
2026-09-27T01:35:09.331Z loadProject: no active .sokonanoda document
2026-09-27T01:35:09.353Z active document changed: file:///home/runner/work/sokonanoda-lang/sokonanoda-lang/editor/vscode/src/test/fixtures/workspace/units/u01.sokonanoda
2026-09-27T01:35:09.378Z soko/project ok: project=units.u01 (2 modules) reason=null
2026-09-27T01:35:09.448Z active document changed: (none)
2026-09-27T01:35:09.448Z loadProject: no active .sokonanoda document
2026-09-27T01:35:09.467Z active document changed: file:///home/runner/work/sokonanoda-lang/sokonanoda-lang/editor/vscode/src/test/fixtures/workspace/units/u01.sokonanoda
2026-09-27T01:35:09.485Z soko/project ok: project=units.u01 (2 modules) reason=null
2026-09-27T01:35:09.561Z active document changed: (none)
2026-09-27T01:35:09.561Z loadProject: no active .sokonanoda document
2026-09-27T01:35:09.589Z active document changed: file:///home/runner/work/sokonanoda-lang/sokonanoda-lang/editor/vscode/src/test/fixtures/workspace/units/u01.sokonanoda
2026-09-27T01:35:09.606Z soko/project ok: project=units.u01 (2 modules) reason=null
2026-09-27T01:35:09.683Z active document changed: (none)
2026-09-27T01:35:09.683Z loadProject: no active .sokonanoda document
2026-09-27T01:35:09.723Z client state: stopped
