# scripts/vscode-e2e.sh — VS Code 1.106.0 · extension v0.65.2 · 085d60b0d5df9bc6f78e0d1790811c6d7d353cc5
# 结果：25 passing / 0 failing / 0 pending（exit=0）

## doctor（服务器解析与版本自述）
--- doctor ---
sokonanoda doctor — 扩展 v0.65.2 (6 checks)
[ok] 1/6 resolution：bundled — /home/runner/work/sokonanoda-lang/sokonanoda-lang/editor/vscode/bin/linux-x64/sokonanoda-lsp (source=bundled)
[ok] 2/6 server-version：0.65.2 (pid 3197) == 扩展 v0.65.2 (source=bundled)
[ok] 3/6 host-version：运行宿主 v0.65.2
[ok] 4/6 ignored-override：没有被忽略的 serverPath/env 覆盖
[info] 5/6 download-cache：无下载缓存（仅影响 CLI/universal 兜底，不影响内置服务器）
[info] 6/6 obsolete-versions：检测到 0 个扩展版本快照、0 个 .obsolete 条目；完整重启 VS Code 会自动清理

## 用例
    ✔ .sokonanoda files get the sokonanoda language id (143ms)
    ✔ confusable-character highlight is off for sokonanoda files
    ✔ #check results appear as inlay hints (197ms)
    ✔ clean lesson publishes empty diagnostics (125ms)
    ✔ kernel-rejected declaration carries the kernel-rejected code (87ms)
    ✔ open exercise carries a sorry warning, not an error (63ms)
    ✔ a declaration named Prop warns, not errors (61ms)
    ✔ open exercise shows a hover on the hole (115ms)
    ✔ notation input: the rewriter produces ∧ and hover teaches \and (189ms)
    ✔ restart server command re-syncs open documents (152ms)
    ✔ infoview command is registered and revealable (115ms)
    ✔ the project tree shows the real closure of an imported module (255ms)
    ✔ the project tree names the file a single-file document is (146ms)
    ✔ the project tree marks a broken import as the root cause (141ms)
    ✔ build / rebuild commands warm the compile cache through the CLI (112ms)
    ✔ doctor command returns a read-only source + version report (61ms)
    ✔ declarations panel lists a project unit's declarations (570ms)
    ✔ next hole jumps inside a project unit
    ✔ warmCacheOnOpen pre-builds the workspace at activation
    ✔ reopening a project unit hits the compile cache (4244ms)
    ✔ rewriting an unchanged project unit does not recompile (1538ms)
    ✔ editing a dependency refreshes the open unit once (1532ms)
    ✔ goal text uses the file's notation (748ms)
    ✔ go to definition on a notation symbol lands on its declaration (94ms)
    ✔ hover on a notation symbol shows the target's signature (109ms)

## 扩展接线日志（SOKO_E2E_LOG）
2026-09-23T23:13:30.174Z server command: /home/runner/work/sokonanoda-lang/sokonanoda-lang/editor/vscode/bin/linux-x64/sokonanoda-lsp (source=bundled)
2026-09-23T23:13:30.175Z client state: starting
2026-09-23T23:13:30.199Z client state: running
2026-09-23T23:13:30.208Z loadProject: no active .sokonanoda document
2026-09-23T23:13:30.420Z warmCacheOnOpen: exit=0
2026-09-23T23:13:30.499Z active document changed: file:///tmp/sokonanoda-vscode-test-14nU2o/check.sokonanoda
2026-09-23T23:13:30.521Z soko/project ok: project=null reason=no-imports
2026-09-23T23:13:30.637Z active document changed: (none)
2026-09-23T23:13:30.637Z loadProject: no active .sokonanoda document
2026-09-23T23:13:30.680Z loadProject: no active .sokonanoda document
2026-09-23T23:13:30.682Z active document changed: file:///tmp/sokonanoda-vscode-test-14nU2o/lesson-clean.sokonanoda
2026-09-23T23:13:30.700Z soko/project ok: project=null reason=no-imports
2026-09-23T23:13:30.782Z active document changed: (none)
2026-09-23T23:13:30.782Z loadProject: no active .sokonanoda document
2026-09-23T23:13:30.859Z active document changed: file:///tmp/sokonanoda-vscode-test-14nU2o/kernel-bad.sokonanoda
2026-09-23T23:13:30.872Z soko/project ok: project=null reason=no-imports
2026-09-23T23:13:30.899Z soko/project ok: project=null reason=no-imports
2026-09-23T23:13:30.920Z active document changed: (none)
2026-09-23T23:13:30.920Z loadProject: no active .sokonanoda document
2026-09-23T23:13:30.971Z active document changed: file:///tmp/sokonanoda-vscode-test-14nU2o/exercise.sokonanoda
2026-09-23T23:13:30.989Z soko/project ok: project=null reason=no-imports
2026-09-23T23:13:31.020Z active document changed: (none)
2026-09-23T23:13:31.020Z loadProject: no active .sokonanoda document
2026-09-23T23:13:31.075Z active document changed: file:///tmp/sokonanoda-vscode-test-14nU2o/reserved.sokonanoda
2026-09-23T23:13:31.086Z soko/project ok: project=null reason=no-imports
2026-09-23T23:13:31.122Z active document changed: (none)
2026-09-23T23:13:31.122Z loadProject: no active .sokonanoda document
2026-09-23T23:13:31.183Z active document changed: file:///tmp/sokonanoda-vscode-test-14nU2o/exercise-hover.sokonanoda
2026-09-23T23:13:31.193Z soko/project ok: project=null reason=no-imports
2026-09-23T23:13:31.259Z active document changed: (none)
2026-09-23T23:13:31.259Z loadProject: no active .sokonanoda document
2026-09-23T23:13:31.327Z active document changed: file:///tmp/sokonanoda-vscode-test-14nU2o/notation-input.sokonanoda
2026-09-23T23:13:31.339Z soko/project ok: project=null reason=no-imports
2026-09-23T23:13:31.360Z soko/project ok: project=null reason=no-imports
2026-09-23T23:13:31.480Z active document changed: (none)
2026-09-23T23:13:31.480Z loadProject: no active .sokonanoda document
2026-09-23T23:13:31.537Z loadProject: no active .sokonanoda document
2026-09-23T23:13:31.553Z active document changed: file:///tmp/sokonanoda-vscode-test-14nU2o/restart.sokonanoda
2026-09-23T23:13:31.573Z soko/project ok: project=null reason=no-imports
2026-09-23T23:13:31.576Z client state: stopped
2026-09-23T23:13:31.581Z client state: starting
2026-09-23T23:13:31.622Z client state: running
2026-09-23T23:13:31.680Z active document changed: (none)
2026-09-23T23:13:31.681Z loadProject: no active .sokonanoda document
2026-09-23T23:13:31.833Z loadProject: no active .sokonanoda document
2026-09-23T23:13:31.933Z active document changed: file:///tmp/sokonanoda-vscode-test-14nU2o/proj-ok/Main.sokonanoda
2026-09-23T23:13:31.949Z soko/project ok: project=Main (2 modules) reason=null
2026-09-23T23:13:31.957Z soko/project ok: project=Main (2 modules) reason=null
2026-09-23T23:13:32.065Z active document changed: (none)
2026-09-23T23:13:32.065Z loadProject: no active .sokonanoda document
2026-09-23T23:13:32.102Z active document changed: file:///tmp/sokonanoda-vscode-test-14nU2o/single.sokonanoda
2026-09-23T23:13:32.117Z soko/project ok: project=null reason=no-imports
2026-09-23T23:13:32.120Z soko/project ok: project=null reason=no-imports
2026-09-23T23:13:32.124Z soko/project ok: project=null reason=no-imports
2026-09-23T23:13:32.222Z active document changed: (none)
2026-09-23T23:13:32.222Z loadProject: no active .sokonanoda document
2026-09-23T23:13:32.256Z active document changed: file:///tmp/sokonanoda-vscode-test-14nU2o/proj-broken/Main.sokonanoda
2026-09-23T23:13:32.269Z soko/project ok: project=Main (1 modules) reason=null
2026-09-23T23:13:32.270Z soko/project ok: project=Main (1 modules) reason=null
2026-09-23T23:13:32.288Z soko/project ok: project=Main (1 modules) reason=null
2026-09-23T23:13:32.375Z active document changed: (none)
2026-09-23T23:13:32.375Z loadProject: no active .sokonanoda document
2026-09-23T23:13:32.411Z active document changed: file:///tmp/sokonanoda-vscode-test-14nU2o/build-smoke.sokonanoda
2026-09-23T23:13:32.431Z soko/project ok: project=null reason=no-imports
2026-09-23T23:13:32.466Z soko/project ok: project=null reason=no-imports
2026-09-23T23:13:32.467Z soko/project ok: project=null reason=no-imports
2026-09-23T23:13:32.492Z soko/project ok: project=null reason=no-imports
2026-09-23T23:13:32.530Z active document changed: (none)
2026-09-23T23:13:32.531Z loadProject: no active .sokonanoda document
2026-09-23T23:13:32.599Z loadProject: no active .sokonanoda document
2026-09-23T23:13:32.649Z active document changed: file:///home/runner/work/sokonanoda-lang/sokonanoda-lang/editor/vscode/src/test/fixtures/workspace/units/u01.sokonanoda
2026-09-23T23:13:32.665Z soko/project ok: project=null reason=no-imports
2026-09-23T23:13:33.106Z soko/project ok: project=units.u01 (2 modules) reason=null
2026-09-23T23:13:33.183Z active document changed: (none)
2026-09-23T23:13:33.183Z loadProject: no active .sokonanoda document
2026-09-23T23:13:33.207Z active document changed: file:///home/runner/work/sokonanoda-lang/sokonanoda-lang/editor/vscode/src/test/fixtures/workspace/units/u01.sokonanoda
2026-09-23T23:13:33.218Z soko/project ok: project=units.u01 (2 modules) reason=null
2026-09-23T23:13:33.283Z active document changed: (none)
2026-09-23T23:13:33.283Z loadProject: no active .sokonanoda document
2026-09-23T23:13:33.322Z active document changed: file:///home/runner/work/sokonanoda-lang/sokonanoda-lang/editor/vscode/src/test/fixtures/workspace/units/u02.sokonanoda
2026-09-23T23:13:33.333Z soko/project ok: project=null reason=no-imports
2026-09-23T23:13:37.487Z client state: stopped
2026-09-23T23:13:37.490Z client state: starting
2026-09-23T23:13:37.500Z client state: running
PERF e2e cache: cold=4184ms warm=55ms entries=1
2026-09-23T23:13:37.593Z active document changed: (none)
2026-09-23T23:13:37.593Z loadProject: no active .sokonanoda document
2026-09-23T23:13:37.617Z active document changed: file:///home/runner/work/sokonanoda-lang/sokonanoda-lang/editor/vscode/src/test/fixtures/workspace/units/u01.sokonanoda
2026-09-23T23:13:37.627Z soko/project ok: project=units.u01 (2 modules) reason=null
2026-09-23T23:13:37.748Z soko/project ok: project=units.u01 (2 modules) reason=null
2026-09-23T23:13:38.214Z soko/project ok: project=units.u01 (2 modules) reason=null
2026-09-23T23:13:39.139Z active document changed: (none)
2026-09-23T23:13:39.139Z loadProject: no active .sokonanoda document
2026-09-23T23:13:39.160Z active document changed: file:///home/runner/work/sokonanoda-lang/sokonanoda-lang/editor/vscode/src/test/fixtures/workspace/units/u01.sokonanoda
2026-09-23T23:13:39.169Z soko/project ok: project=units.u01 (2 modules) reason=null
2026-09-23T23:13:40.163Z soko/project ok: project=units.u01 (2 modules) reason=null
PERF e2e fanout: entry diagnostics publishes=1
2026-09-23T23:13:40.681Z active document changed: (none)
2026-09-23T23:13:40.681Z loadProject: no active .sokonanoda document
2026-09-23T23:13:40.715Z active document changed: file:///home/runner/work/sokonanoda-lang/sokonanoda-lang/editor/vscode/src/test/fixtures/workspace/units/u01.sokonanoda
2026-09-23T23:13:40.726Z soko/project ok: project=units.u01 (2 modules) reason=null
2026-09-23T23:13:41.353Z soko/project ok: project=units.u01 (2 modules) reason=null
2026-09-23T23:13:41.442Z active document changed: (none)
2026-09-23T23:13:41.442Z loadProject: no active .sokonanoda document
2026-09-23T23:13:41.460Z active document changed: file:///home/runner/work/sokonanoda-lang/sokonanoda-lang/editor/vscode/src/test/fixtures/workspace/units/u01.sokonanoda
2026-09-23T23:13:41.475Z soko/project ok: project=units.u01 (2 modules) reason=null
2026-09-23T23:13:41.554Z active document changed: (none)
2026-09-23T23:13:41.554Z loadProject: no active .sokonanoda document
2026-09-23T23:13:41.580Z active document changed: file:///home/runner/work/sokonanoda-lang/sokonanoda-lang/editor/vscode/src/test/fixtures/workspace/units/u01.sokonanoda
2026-09-23T23:13:41.589Z soko/project ok: project=units.u01 (2 modules) reason=null
2026-09-23T23:13:41.685Z active document changed: (none)
2026-09-23T23:13:41.685Z loadProject: no active .sokonanoda document
2026-09-23T23:13:41.734Z client state: stopped
