# scripts/vscode-e2e.sh — VS Code 1.138.0 · extension v0.78.0 · 744d06db89e111251f730212f66a1f2c255ba124
# 结果：35 passing / 0 failing / 0 pending（exit=0）

## doctor（服务器解析与版本自述）
--- doctor ---
sokonanoda doctor — 扩展 v0.78.0 (6 checks)
[ok] 1/6 resolution：bundled — /home/runner/work/sokonanoda-lang/sokonanoda-lang/editor/vscode/bin/linux-x64/sokonanoda-lsp (source=bundled)
[ok] 2/6 server-version：0.78.0 (pid 2888) == 扩展 v0.78.0 (source=bundled)
[ok] 3/6 host-version：运行宿主 v0.78.0
[ok] 4/6 ignored-override：没有被忽略的 serverPath/env 覆盖
[info] 5/6 download-cache：无下载缓存（仅影响 CLI/universal 兜底，不影响内置服务器）
[info] 6/6 obsolete-versions：检测到 0 个扩展版本快照、0 个 .obsolete 条目；完整重启 VS Code 会自动清理

## 用例
    ✔ .sokonanoda files get the sokonanoda language id (72ms)
    ✔ confusable-character highlight is off for sokonanoda files
    ✔ #check results appear as inlay hints (226ms)
    ✔ clean lesson publishes empty diagnostics (144ms)
    ✔ kernel-rejected declaration carries the kernel-rejected code (141ms)
    ✔ open exercise carries a sorry warning, not an error (64ms)
    ✔ a declaration named Prop warns, not errors (63ms)
    ✔ open exercise shows a hover on the hole (127ms)
    ✔ hover 的类型文本折成记法（T-U12 面 #3，e2e 那一份） (184ms)
    ✔ notation input: the rewriter produces ∧ and hover teaches \and (210ms)
    ✔ restart server command re-syncs open documents (153ms)
    ✔ infoview command is registered and revealable (131ms)
    ✔ the project tree shows the real closure of an imported module (312ms)
    ✔ the project tree names the file a single-file document is (134ms)
    ✔ the project tree marks a broken import as the root cause (129ms)
    ✔ build / rebuild commands warm the compile cache through the CLI (1894ms)
    ✔ Clean Cache empties the project store and does not compile (E31) (3185ms)
    ✔ the Infoview receives the project view (E30)
    ✔ Infoview 'definition' lands exactly where the editor F12 lands (E27) (95ms)
    ✔ doctor command returns a read-only source + version report
    ✔ declarations panel lists a project unit's declarations
    ✔ open declaration ships coloured goal runs to the Infoview
    ✔ next hole jumps inside a project unit
    ✔ warmCacheOnOpen pre-builds the workspace at activation
    ✔ reopening a project unit hits the compile cache (5920ms)
    ✔ rewriting an unchanged project unit does not recompile (1939ms)
    ✔ editing a dependency refreshes the open unit once (6343ms)
    ✔ goal text uses the file's notation (340ms)
    ✔ goal text folds a binder notation whose type contains a lambda (231ms)
    ✔ Infoview 的 `⊢` 用记法箭头 `→`，且 runs 与 text 同源 (333ms)
    ✔ Infoview 里集合字面量显示成 `{a}`（不是 `Set.singleton α a`） (329ms)
    ✔ go to definition on a `{a}` set literal lands on `Set.singleton` (69ms)
    ✔ go to definition on a prelude name lands in the prelude source (82ms)
    ✔ go to definition on a notation symbol lands on its declaration (132ms)
    ✔ hover on a notation symbol shows the target's signature (131ms)

## 扩展接线日志（SOKO_E2E_LOG）
2026-09-28T08:36:10.875Z server command: /home/runner/work/sokonanoda-lang/sokonanoda-lang/editor/vscode/bin/linux-x64/sokonanoda-lsp (source=bundled)
2026-09-28T08:36:10.878Z client state: starting
2026-09-28T08:36:10.911Z client state: running
2026-09-28T08:36:10.918Z loadProject: no active .sokonanoda document
2026-09-28T08:36:11.182Z active document changed: file:///tmp/sokonanoda-vscode-test-3KQ3xe/check.sokonanoda
2026-09-28T08:36:11.191Z soko/project ok: project=null reason=no-imports
2026-09-28T08:36:11.342Z active document changed: (none)
2026-09-28T08:36:11.342Z loadProject: no active .sokonanoda document
2026-09-28T08:36:11.367Z loadProject: no active .sokonanoda document
2026-09-28T08:36:11.407Z active document changed: file:///tmp/sokonanoda-vscode-test-3KQ3xe/lesson-clean.sokonanoda
2026-09-28T08:36:11.420Z soko/project ok: project=null reason=no-imports
2026-09-28T08:36:11.510Z active document changed: (none)
2026-09-28T08:36:11.510Z loadProject: no active .sokonanoda document
2026-09-28T08:36:11.546Z active document changed: file:///tmp/sokonanoda-vscode-test-3KQ3xe/kernel-bad.sokonanoda
2026-09-28T08:36:11.558Z soko/project ok: project=null reason=no-imports
2026-09-28T08:36:11.664Z active document changed: (none)
2026-09-28T08:36:11.664Z loadProject: no active .sokonanoda document
2026-09-28T08:36:11.727Z active document changed: file:///tmp/sokonanoda-vscode-test-3KQ3xe/exercise.sokonanoda
2026-09-28T08:36:11.736Z soko/project ok: project=null reason=no-imports
2026-09-28T08:36:11.794Z active document changed: (none)
2026-09-28T08:36:11.794Z loadProject: no active .sokonanoda document
2026-09-28T08:36:11.857Z active document changed: file:///tmp/sokonanoda-vscode-test-3KQ3xe/reserved.sokonanoda
2026-09-28T08:36:11.866Z soko/project ok: project=null reason=no-imports
2026-09-28T08:36:11.893Z active document changed: (none)
2026-09-28T08:36:11.893Z loadProject: no active .sokonanoda document
2026-09-28T08:36:11.947Z active document changed: file:///tmp/sokonanoda-vscode-test-3KQ3xe/exercise-hover.sokonanoda
2026-09-28T08:36:11.953Z soko/project ok: project=null reason=no-imports
2026-09-28T08:36:12.041Z active document changed: (none)
2026-09-28T08:36:12.041Z loadProject: no active .sokonanoda document
2026-09-28T08:36:12.091Z active document changed: file:///home/runner/work/sokonanoda-lang/sokonanoda-lang/editor/vscode/src/test/fixtures/workspace/units/u01.sokonanoda
2026-09-28T08:36:12.108Z soko/project ok: project=units.u01 (2 modules) reason=null
2026-09-28T08:36:12.121Z soko/project ok: project=units.u01 (2 modules) reason=null
2026-09-28T08:36:12.248Z active document changed: (none)
2026-09-28T08:36:12.248Z loadProject: no active .sokonanoda document
2026-09-28T08:36:12.274Z loadProject: no active .sokonanoda document
2026-09-28T08:36:12.278Z active document changed: file:///tmp/sokonanoda-vscode-test-3KQ3xe/notation-input.sokonanoda
2026-09-28T08:36:12.289Z soko/project ok: project=null reason=no-imports
2026-09-28T08:36:12.487Z active document changed: (none)
2026-09-28T08:36:12.487Z loadProject: no active .sokonanoda document
2026-09-28T08:36:12.554Z loadProject: no active .sokonanoda document
2026-09-28T08:36:12.575Z active document changed: file:///tmp/sokonanoda-vscode-test-3KQ3xe/restart.sokonanoda
2026-09-28T08:36:12.581Z soko/project ok: project=null reason=no-imports
2026-09-28T08:36:12.593Z client state: stopped
2026-09-28T08:36:12.597Z client state: starting
2026-09-28T08:36:12.631Z client state: running
2026-09-28T08:36:12.698Z active document changed: (none)
2026-09-28T08:36:12.698Z loadProject: no active .sokonanoda document
2026-09-28T08:36:12.847Z loadProject: no active .sokonanoda document
2026-09-28T08:36:12.940Z active document changed: file:///tmp/sokonanoda-vscode-test-3KQ3xe/proj-ok/Main.sokonanoda
2026-09-28T08:36:12.957Z soko/project ok: project=null reason=no-imports
2026-09-28T08:36:12.960Z soko/project ok: project=null reason=no-imports
2026-09-28T08:36:13.058Z warmCacheOnOpen: exit=0
2026-09-28T08:36:13.059Z soko/project ok: project=Main (2 modules) reason=null
2026-09-28T08:36:13.168Z active document changed: (none)
2026-09-28T08:36:13.168Z loadProject: no active .sokonanoda document
2026-09-28T08:36:13.169Z soko/project answer for another document: file:///tmp/sokonanoda-vscode-test-3KQ3xe/proj-ok/Main.sokonanoda
2026-09-28T08:36:13.194Z active document changed: file:///tmp/sokonanoda-vscode-test-3KQ3xe/single.sokonanoda
2026-09-28T08:36:13.203Z soko/project ok: project=null reason=no-imports
2026-09-28T08:36:13.206Z soko/project ok: project=null reason=no-imports
2026-09-28T08:36:13.310Z active document changed: (none)
2026-09-28T08:36:13.310Z loadProject: no active .sokonanoda document
2026-09-28T08:36:13.333Z active document changed: file:///tmp/sokonanoda-vscode-test-3KQ3xe/proj-broken/Main.sokonanoda
2026-09-28T08:36:13.338Z soko/project ok: project=Main (1 modules) reason=null
2026-09-28T08:36:13.343Z soko/project ok: project=Main (1 modules) reason=null
2026-09-28T08:36:13.466Z active document changed: (none)
2026-09-28T08:36:13.466Z loadProject: no active .sokonanoda document
2026-09-28T08:36:13.497Z active document changed: file:///home/runner/work/sokonanoda-lang/sokonanoda-lang/editor/vscode/src/test/fixtures/workspace/units/u01.sokonanoda
2026-09-28T08:36:13.505Z soko/project ok: project=units.u01 (2 modules) reason=null
2026-09-28T08:36:13.530Z soko/project ok: project=units.u01 (2 modules) reason=null
2026-09-28T08:36:13.543Z soko/project ok: project=units.u01 (2 modules) reason=null
2026-09-28T08:36:15.367Z soko/project ok: project=units.u01 (2 modules) reason=null
2026-09-28T08:36:15.381Z active document changed: (none)
2026-09-28T08:36:15.381Z loadProject: no active .sokonanoda document
2026-09-28T08:36:15.410Z active document changed: file:///home/runner/work/sokonanoda-lang/sokonanoda-lang/editor/vscode/src/test/fixtures/workspace/units/u01.sokonanoda
2026-09-28T08:36:15.417Z soko/project ok: project=units.u01 (2 modules) reason=null
2026-09-28T08:36:15.446Z soko/project ok: project=units.u01 (2 modules) reason=null
2026-09-28T08:36:15.454Z soko/project ok: project=units.u01 (2 modules) reason=null
2026-09-28T08:36:18.571Z soko/project ok: project=units.u01 (2 modules) reason=null
2026-09-28T08:36:18.586Z active document changed: (none)
2026-09-28T08:36:18.586Z loadProject: no active .sokonanoda document
2026-09-28T08:36:18.614Z active document changed: file:///home/runner/work/sokonanoda-lang/sokonanoda-lang/editor/vscode/src/test/fixtures/workspace/units/u01.sokonanoda
2026-09-28T08:36:18.624Z soko/project ok: project=units.u01 (2 modules) reason=null
2026-09-28T08:36:18.669Z active document changed: (none)
2026-09-28T08:36:18.669Z loadProject: no active .sokonanoda document
2026-09-28T08:36:18.685Z active document changed: file:///home/runner/work/sokonanoda-lang/sokonanoda-lang/editor/vscode/src/test/fixtures/workspace/units/u01.sokonanoda
2026-09-28T08:36:18.692Z soko/project ok: project=units.u01 (2 modules) reason=null
2026-09-28T08:36:18.748Z active document changed: (none)
2026-09-28T08:36:18.748Z loadProject: no active .sokonanoda document
2026-09-28T08:36:18.754Z active document changed: file:///home/runner/work/sokonanoda-lang/sokonanoda-lang/editor/vscode/src/test/fixtures/workspace/lib/Set.sokonanoda
2026-09-28T08:36:18.760Z soko/project ok: project=null reason=no-imports
2026-09-28T08:36:18.807Z active document changed: (none)
2026-09-28T08:36:18.807Z loadProject: no active .sokonanoda document
2026-09-28T08:36:18.842Z active document changed: file:///home/runner/work/sokonanoda-lang/sokonanoda-lang/editor/vscode/src/test/fixtures/workspace/units/u01.sokonanoda
2026-09-28T08:36:18.850Z soko/project ok: project=units.u01 (2 modules) reason=null
2026-09-28T08:36:18.903Z active document changed: (none)
2026-09-28T08:36:18.903Z loadProject: no active .sokonanoda document
2026-09-28T08:36:18.920Z active document changed: file:///home/runner/work/sokonanoda-lang/sokonanoda-lang/editor/vscode/src/test/fixtures/workspace/units/u01.sokonanoda
2026-09-28T08:36:18.926Z soko/project ok: project=units.u01 (2 modules) reason=null
2026-09-28T08:36:18.946Z soko/project ok: project=units.u01 (2 modules) reason=null
2026-09-28T08:36:18.981Z active document changed: (none)
2026-09-28T08:36:18.981Z loadProject: no active .sokonanoda document
2026-09-28T08:36:19.002Z active document changed: file:///home/runner/work/sokonanoda-lang/sokonanoda-lang/editor/vscode/src/test/fixtures/workspace/units/u01.sokonanoda
2026-09-28T08:36:19.011Z soko/project ok: project=units.u01 (2 modules) reason=null
2026-09-28T08:36:19.060Z active document changed: (none)
2026-09-28T08:36:19.061Z loadProject: no active .sokonanoda document
2026-09-28T08:36:19.090Z active document changed: file:///home/runner/work/sokonanoda-lang/sokonanoda-lang/editor/vscode/src/test/fixtures/workspace/units/u02-cold-open.sokonanoda
2026-09-28T08:36:19.099Z soko/project ok: project=null reason=no-imports
2026-09-28T08:36:24.945Z client state: stopped
2026-09-28T08:36:24.947Z client state: starting
2026-09-28T08:36:24.954Z client state: running
PERF e2e cache: cold=5868ms warm=52ms
2026-09-28T08:36:25.038Z active document changed: (none)
2026-09-28T08:36:25.038Z loadProject: no active .sokonanoda document
2026-09-28T08:36:25.064Z active document changed: file:///home/runner/work/sokonanoda-lang/sokonanoda-lang/editor/vscode/src/test/fixtures/workspace/units/u01.sokonanoda
2026-09-28T08:36:25.072Z soko/project ok: project=units.u01 (2 modules) reason=null
2026-09-28T08:36:25.251Z soko/project ok: project=units.u01 (2 modules) reason=null
2026-09-28T08:36:25.595Z soko/project ok: project=units.u01 (2 modules) reason=null
2026-09-28T08:36:26.067Z soko/project ok: project=units.u01 (2 modules) reason=null
2026-09-28T08:36:26.992Z active document changed: (none)
2026-09-28T08:36:26.992Z loadProject: no active .sokonanoda document
2026-09-28T08:36:27.012Z active document changed: file:///home/runner/work/sokonanoda-lang/sokonanoda-lang/editor/vscode/src/test/fixtures/workspace/units/u01.sokonanoda
2026-09-28T08:36:27.020Z soko/project ok: project=units.u01 (2 modules) reason=null
2026-09-28T08:36:27.665Z soko/project ok: project=units.u01 (2 modules) reason=null
2026-09-28T08:36:28.983Z soko/project ok: project=units.u01 (2 modules) reason=null
PERF e2e fanout: entry diagnostics signature=152 字节 · 稳定 ✓
2026-09-28T08:36:33.347Z active document changed: (none)
2026-09-28T08:36:33.347Z loadProject: no active .sokonanoda document
2026-09-28T08:36:33.378Z active document changed: file:///home/runner/work/sokonanoda-lang/sokonanoda-lang/editor/vscode/src/test/fixtures/workspace/units/u01.sokonanoda
2026-09-28T08:36:33.386Z soko/project ok: project=units.u01 (2 modules) reason=null
2026-09-28T08:36:33.700Z active document changed: (none)
2026-09-28T08:36:33.700Z loadProject: no active .sokonanoda document
2026-09-28T08:36:33.721Z active document changed: file:///home/runner/work/sokonanoda-lang/sokonanoda-lang/editor/vscode/src/test/fixtures/workspace/units/u01.sokonanoda
2026-09-28T08:36:33.738Z soko/project ok: project=units.u01 (2 modules) reason=null
2026-09-28T08:36:33.884Z soko/project ok: project=units.u01 (2 modules) reason=null
2026-09-28T08:36:33.939Z active document changed: (none)
2026-09-28T08:36:33.939Z loadProject: no active .sokonanoda document
2026-09-28T08:36:33.959Z active document changed: file:///home/runner/work/sokonanoda-lang/sokonanoda-lang/editor/vscode/src/test/fixtures/workspace/units/u01.sokonanoda
2026-09-28T08:36:33.970Z soko/project ok: project=units.u01 (2 modules) reason=null
2026-09-28T08:36:34.280Z active document changed: (none)
2026-09-28T08:36:34.280Z loadProject: no active .sokonanoda document
2026-09-28T08:36:34.299Z active document changed: file:///home/runner/work/sokonanoda-lang/sokonanoda-lang/editor/vscode/src/test/fixtures/workspace/units/u01.sokonanoda
2026-09-28T08:36:34.312Z soko/project ok: project=units.u01 (2 modules) reason=null
2026-09-28T08:36:34.619Z active document changed: (none)
2026-09-28T08:36:34.619Z loadProject: no active .sokonanoda document
2026-09-28T08:36:34.632Z active document changed: file:///home/runner/work/sokonanoda-lang/sokonanoda-lang/editor/vscode/src/test/fixtures/workspace/units/u01.sokonanoda
2026-09-28T08:36:34.647Z soko/project ok: project=units.u01 (2 modules) reason=null
2026-09-28T08:36:34.695Z active document changed: (none)
2026-09-28T08:36:34.696Z loadProject: no active .sokonanoda document
2026-09-28T08:36:34.713Z active document changed: file:///home/runner/work/sokonanoda-lang/sokonanoda-lang/editor/vscode/src/test/fixtures/workspace/units/u01.sokonanoda
2026-09-28T08:36:34.725Z soko/project ok: project=units.u01 (2 modules) reason=null
2026-09-28T08:36:34.789Z active document changed: (none)
2026-09-28T08:36:34.789Z loadProject: no active .sokonanoda document
2026-09-28T08:36:34.817Z active document changed: file:///home/runner/work/sokonanoda-lang/sokonanoda-lang/editor/vscode/src/test/fixtures/workspace/units/u01.sokonanoda
2026-09-28T08:36:34.845Z soko/project ok: project=units.u01 (2 modules) reason=null
2026-09-28T08:36:34.937Z active document changed: (none)
2026-09-28T08:36:34.937Z loadProject: no active .sokonanoda document
2026-09-28T08:36:34.969Z active document changed: file:///home/runner/work/sokonanoda-lang/sokonanoda-lang/editor/vscode/src/test/fixtures/workspace/units/u01.sokonanoda
2026-09-28T08:36:34.984Z soko/project ok: project=units.u01 (2 modules) reason=null
2026-09-28T08:36:35.086Z active document changed: (none)
2026-09-28T08:36:35.086Z loadProject: no active .sokonanoda document
2026-09-28T08:36:35.139Z client state: stopped
