# scripts/vscode-e2e.sh — VS Code 1.106.0 · extension v0.77.1 · 8162c1d1e6567a58216a0d75f860749fe3a72cb8
# 结果：35 passing / 0 failing / 0 pending（exit=0）

## doctor（服务器解析与版本自述）
--- doctor ---
sokonanoda doctor — 扩展 v0.77.1 (6 checks)
[ok] 1/6 resolution：bundled — /home/runner/work/sokonanoda-lang/sokonanoda-lang/editor/vscode/bin/linux-x64/sokonanoda-lsp (source=bundled)
[ok] 2/6 server-version：0.77.1 (pid 3180) == 扩展 v0.77.1 (source=bundled)
[ok] 3/6 host-version：运行宿主 v0.77.1
[ok] 4/6 ignored-override：没有被忽略的 serverPath/env 覆盖
[info] 5/6 download-cache：无下载缓存（仅影响 CLI/universal 兜底，不影响内置服务器）
[info] 6/6 obsolete-versions：检测到 0 个扩展版本快照、0 个 .obsolete 条目；完整重启 VS Code 会自动清理

## 用例
    ✔ .sokonanoda files get the sokonanoda language id (91ms)
    ✔ confusable-character highlight is off for sokonanoda files
    ✔ #check results appear as inlay hints (194ms)
    ✔ clean lesson publishes empty diagnostics (150ms)
    ✔ kernel-rejected declaration carries the kernel-rejected code (101ms)
    ✔ open exercise carries a sorry warning, not an error (79ms)
    ✔ a declaration named Prop warns, not errors (77ms)
    ✔ open exercise shows a hover on the hole (98ms)
    ✔ hover 的类型文本折成记法（T-U12 面 #3，e2e 那一份） (265ms)
    ✔ notation input: the rewriter produces ∧ and hover teaches \and (202ms)
    ✔ restart server command re-syncs open documents (144ms)
    ✔ infoview command is registered and revealable (121ms)
    ✔ the project tree shows the real closure of an imported module (344ms)
    ✔ the project tree names the file a single-file document is (149ms)
    ✔ the project tree marks a broken import as the root cause (144ms)
    ✔ build / rebuild commands warm the compile cache through the CLI (5228ms)
    ✔ Clean Cache empties the project store and does not compile (E31) (4141ms)
    ✔ the Infoview receives the project view (E30) (47ms)
    ✔ Infoview 'definition' lands exactly where the editor F12 lands (E27) (133ms)
    ✔ doctor command returns a read-only source + version report
    ✔ declarations panel lists a project unit's declarations
    ✔ open declaration ships coloured goal runs to the Infoview
    ✔ next hole jumps inside a project unit (39ms)
    ✔ warmCacheOnOpen pre-builds the workspace at activation
    ✔ reopening a project unit hits the compile cache (4653ms)
    ✔ rewriting an unchanged project unit does not recompile (1957ms)
    ✔ editing a dependency refreshes the open unit once (5542ms)
    ✔ goal text uses the file's notation (640ms)
    ✔ goal text folds a binder notation whose type contains a lambda (345ms)
    ✔ Infoview 的 `⊢` 用记法箭头 `→`，且 runs 与 text 同源 (339ms)
    ✔ Infoview 里集合字面量显示成 `{a}`（不是 `Set.singleton α a`） (338ms)
    ✔ go to definition on a `{a}` set literal lands on `Set.singleton` (126ms)
    ✔ go to definition on a prelude name lands in the prelude source (119ms)
    ✔ go to definition on a notation symbol lands on its declaration (144ms)
    ✔ hover on a notation symbol shows the target's signature (173ms)

## 扩展接线日志（SOKO_E2E_LOG）
2026-09-28T07:46:02.416Z server command: /home/runner/work/sokonanoda-lang/sokonanoda-lang/editor/vscode/bin/linux-x64/sokonanoda-lsp (source=bundled)
2026-09-28T07:46:02.418Z client state: starting
2026-09-28T07:46:02.442Z client state: running
2026-09-28T07:46:02.451Z loadProject: no active .sokonanoda document
2026-09-28T07:46:02.719Z active document changed: file:///tmp/sokonanoda-vscode-test-vQM3ub/check.sokonanoda
2026-09-28T07:46:02.729Z soko/project ok: project=null reason=no-imports
2026-09-28T07:46:02.836Z active document changed: (none)
2026-09-28T07:46:02.836Z loadProject: no active .sokonanoda document
2026-09-28T07:46:02.893Z loadProject: no active .sokonanoda document
2026-09-28T07:46:02.898Z active document changed: file:///tmp/sokonanoda-vscode-test-vQM3ub/lesson-clean.sokonanoda
2026-09-28T07:46:02.919Z soko/project ok: project=null reason=no-imports
2026-09-28T07:46:03.005Z active document changed: (none)
2026-09-28T07:46:03.005Z loadProject: no active .sokonanoda document
2026-09-28T07:46:03.095Z active document changed: file:///tmp/sokonanoda-vscode-test-vQM3ub/kernel-bad.sokonanoda
2026-09-28T07:46:03.116Z soko/project ok: project=null reason=no-imports
2026-09-28T07:46:03.121Z soko/project ok: project=null reason=no-imports
2026-09-28T07:46:03.157Z active document changed: (none)
2026-09-28T07:46:03.157Z loadProject: no active .sokonanoda document
2026-09-28T07:46:03.230Z active document changed: file:///tmp/sokonanoda-vscode-test-vQM3ub/exercise.sokonanoda
2026-09-28T07:46:03.245Z soko/project ok: project=null reason=no-imports
2026-09-28T07:46:03.282Z active document changed: (none)
2026-09-28T07:46:03.282Z loadProject: no active .sokonanoda document
2026-09-28T07:46:03.354Z active document changed: file:///tmp/sokonanoda-vscode-test-vQM3ub/reserved.sokonanoda
2026-09-28T07:46:03.367Z soko/project ok: project=null reason=no-imports
2026-09-28T07:46:03.405Z active document changed: (none)
2026-09-28T07:46:03.406Z loadProject: no active .sokonanoda document
2026-09-28T07:46:03.454Z active document changed: file:///tmp/sokonanoda-vscode-test-vQM3ub/exercise-hover.sokonanoda
2026-09-28T07:46:03.469Z soko/project ok: project=null reason=no-imports
2026-09-28T07:46:03.537Z active document changed: (none)
2026-09-28T07:46:03.537Z loadProject: no active .sokonanoda document
2026-09-28T07:46:03.578Z active document changed: file:///home/runner/work/sokonanoda-lang/sokonanoda-lang/editor/vscode/src/test/fixtures/workspace/units/u01.sokonanoda
2026-09-28T07:46:03.593Z soko/project ok: project=units.u01 (2 modules) reason=null
2026-09-28T07:46:03.790Z soko/project ok: project=units.u01 (2 modules) reason=null
2026-09-28T07:46:03.831Z active document changed: (none)
2026-09-28T07:46:03.831Z loadProject: no active .sokonanoda document
2026-09-28T07:46:03.925Z active document changed: file:///tmp/sokonanoda-vscode-test-vQM3ub/notation-input.sokonanoda
2026-09-28T07:46:03.944Z soko/project ok: project=null reason=no-imports
2026-09-28T07:46:04.080Z active document changed: (none)
2026-09-28T07:46:04.080Z loadProject: no active .sokonanoda document
2026-09-28T07:46:04.130Z active document changed: file:///tmp/sokonanoda-vscode-test-vQM3ub/restart.sokonanoda
2026-09-28T07:46:04.149Z soko/project ok: project=null reason=no-imports
2026-09-28T07:46:04.155Z client state: stopped
2026-09-28T07:46:04.160Z soko/project ok: project=null reason=no-imports
2026-09-28T07:46:04.167Z client state: starting
2026-09-28T07:46:04.206Z client state: running
2026-09-28T07:46:04.246Z active document changed: (none)
2026-09-28T07:46:04.246Z loadProject: no active .sokonanoda document
2026-09-28T07:46:04.415Z loadProject: no active .sokonanoda document
2026-09-28T07:46:04.504Z active document changed: file:///tmp/sokonanoda-vscode-test-vQM3ub/proj-ok/Main.sokonanoda
2026-09-28T07:46:04.525Z soko/project ok: project=null reason=no-imports
2026-09-28T07:46:04.528Z soko/project ok: project=null reason=no-imports
2026-09-28T07:46:04.626Z soko/project ok: project=Main (2 modules) reason=null
2026-09-28T07:46:04.733Z active document changed: (none)
2026-09-28T07:46:04.733Z loadProject: no active .sokonanoda document
2026-09-28T07:46:04.737Z loadProject: no active .sokonanoda document
2026-09-28T07:46:04.773Z active document changed: file:///tmp/sokonanoda-vscode-test-vQM3ub/single.sokonanoda
2026-09-28T07:46:04.788Z soko/project ok: project=null reason=no-imports
2026-09-28T07:46:04.791Z soko/project ok: project=null reason=no-imports
2026-09-28T07:46:04.893Z active document changed: (none)
2026-09-28T07:46:04.893Z loadProject: no active .sokonanoda document
2026-09-28T07:46:04.926Z active document changed: file:///tmp/sokonanoda-vscode-test-vQM3ub/proj-broken/Main.sokonanoda
2026-09-28T07:46:04.941Z soko/project ok: project=Main (1 modules) reason=null
2026-09-28T07:46:04.942Z soko/project ok: project=Main (1 modules) reason=null
2026-09-28T07:46:04.961Z soko/project ok: project=Main (1 modules) reason=null
2026-09-28T07:46:05.046Z active document changed: (none)
2026-09-28T07:46:05.047Z loadProject: no active .sokonanoda document
2026-09-28T07:46:05.084Z active document changed: file:///home/runner/work/sokonanoda-lang/sokonanoda-lang/editor/vscode/src/test/fixtures/workspace/units/u01.sokonanoda
2026-09-28T07:46:05.115Z soko/project ok: project=units.u01 (2 modules) reason=null
2026-09-28T07:46:05.123Z soko/project ok: project=units.u01 (2 modules) reason=null
2026-09-28T07:46:05.755Z warmCacheOnOpen: exit=0
2026-09-28T07:46:07.682Z soko/project ok: project=units.u01 (2 modules) reason=null
2026-09-28T07:46:10.283Z soko/project ok: project=units.u01 (2 modules) reason=null
2026-09-28T07:46:10.309Z active document changed: (none)
2026-09-28T07:46:10.309Z loadProject: no active .sokonanoda document
2026-09-28T07:46:10.349Z active document changed: file:///home/runner/work/sokonanoda-lang/sokonanoda-lang/editor/vscode/src/test/fixtures/workspace/units/u01.sokonanoda
2026-09-28T07:46:10.364Z soko/project ok: project=units.u01 (2 modules) reason=null
2026-09-28T07:46:10.414Z soko/project ok: project=units.u01 (2 modules) reason=null
2026-09-28T07:46:10.421Z soko/project ok: project=units.u01 (2 modules) reason=null
2026-09-28T07:46:14.456Z soko/project ok: project=units.u01 (2 modules) reason=null
2026-09-28T07:46:14.477Z active document changed: (none)
2026-09-28T07:46:14.477Z loadProject: no active .sokonanoda document
2026-09-28T07:46:14.515Z active document changed: file:///home/runner/work/sokonanoda-lang/sokonanoda-lang/editor/vscode/src/test/fixtures/workspace/units/u01.sokonanoda
2026-09-28T07:46:14.525Z soko/project ok: project=units.u01 (2 modules) reason=null
2026-09-28T07:46:14.594Z active document changed: (none)
2026-09-28T07:46:14.594Z loadProject: no active .sokonanoda document
2026-09-28T07:46:14.621Z active document changed: file:///home/runner/work/sokonanoda-lang/sokonanoda-lang/editor/vscode/src/test/fixtures/workspace/units/u01.sokonanoda
2026-09-28T07:46:14.630Z soko/project ok: project=units.u01 (2 modules) reason=null
2026-09-28T07:46:14.711Z active document changed: (none)
2026-09-28T07:46:14.711Z loadProject: no active .sokonanoda document
2026-09-28T07:46:14.720Z active document changed: file:///home/runner/work/sokonanoda-lang/sokonanoda-lang/editor/vscode/src/test/fixtures/workspace/lib/Set.sokonanoda
2026-09-28T07:46:14.728Z soko/project ok: project=null reason=no-imports
2026-09-28T07:46:14.780Z active document changed: (none)
2026-09-28T07:46:14.780Z loadProject: no active .sokonanoda document
2026-09-28T07:46:14.827Z active document changed: file:///home/runner/work/sokonanoda-lang/sokonanoda-lang/editor/vscode/src/test/fixtures/workspace/units/u01.sokonanoda
2026-09-28T07:46:14.839Z soko/project ok: project=units.u01 (2 modules) reason=null
2026-09-28T07:46:14.912Z soko/project ok: project=units.u01 (2 modules) reason=null
2026-09-28T07:46:14.922Z active document changed: (none)
2026-09-28T07:46:14.922Z loadProject: no active .sokonanoda document
2026-09-28T07:46:14.946Z active document changed: file:///home/runner/work/sokonanoda-lang/sokonanoda-lang/editor/vscode/src/test/fixtures/workspace/units/u01.sokonanoda
2026-09-28T07:46:14.959Z soko/project ok: project=units.u01 (2 modules) reason=null
2026-09-28T07:46:15.016Z active document changed: (none)
2026-09-28T07:46:15.016Z loadProject: no active .sokonanoda document
2026-09-28T07:46:15.045Z active document changed: file:///home/runner/work/sokonanoda-lang/sokonanoda-lang/editor/vscode/src/test/fixtures/workspace/units/u01.sokonanoda
2026-09-28T07:46:15.057Z soko/project ok: project=units.u01 (2 modules) reason=null
2026-09-28T07:46:15.114Z active document changed: (none)
2026-09-28T07:46:15.114Z loadProject: no active .sokonanoda document
2026-09-28T07:46:15.181Z active document changed: file:///home/runner/work/sokonanoda-lang/sokonanoda-lang/editor/vscode/src/test/fixtures/workspace/units/u02-cold-open.sokonanoda
2026-09-28T07:46:15.201Z soko/project ok: project=null reason=no-imports
2026-09-28T07:46:19.727Z client state: stopped
2026-09-28T07:46:19.730Z client state: starting
2026-09-28T07:46:19.742Z client state: running
PERF e2e cache: cold=4593ms warm=58ms
2026-09-28T07:46:19.848Z active document changed: (none)
2026-09-28T07:46:19.848Z loadProject: no active .sokonanoda document
2026-09-28T07:46:19.890Z active document changed: file:///home/runner/work/sokonanoda-lang/sokonanoda-lang/editor/vscode/src/test/fixtures/workspace/units/u01.sokonanoda
2026-09-28T07:46:19.899Z soko/project ok: project=units.u01 (2 modules) reason=null
2026-09-28T07:46:20.048Z soko/project ok: project=units.u01 (2 modules) reason=null
2026-09-28T07:46:20.437Z soko/project ok: project=units.u01 (2 modules) reason=null
2026-09-28T07:46:20.894Z soko/project ok: project=units.u01 (2 modules) reason=null
2026-09-28T07:46:21.814Z active document changed: (none)
2026-09-28T07:46:21.814Z loadProject: no active .sokonanoda document
2026-09-28T07:46:21.834Z active document changed: file:///home/runner/work/sokonanoda-lang/sokonanoda-lang/editor/vscode/src/test/fixtures/workspace/units/u01.sokonanoda
2026-09-28T07:46:21.843Z soko/project ok: project=units.u01 (2 modules) reason=null
2026-09-28T07:46:22.664Z soko/project ok: project=units.u01 (2 modules) reason=null
2026-09-28T07:46:23.053Z soko/project ok: project=units.u01 (2 modules) reason=null
PERF e2e fanout: entry diagnostics signature=152 字节 · 稳定 ✓
2026-09-28T07:46:27.366Z active document changed: (none)
2026-09-28T07:46:27.366Z loadProject: no active .sokonanoda document
2026-09-28T07:46:27.394Z active document changed: file:///home/runner/work/sokonanoda-lang/sokonanoda-lang/editor/vscode/src/test/fixtures/workspace/units/u01.sokonanoda
2026-09-28T07:46:27.408Z soko/project ok: project=units.u01 (2 modules) reason=null
2026-09-28T07:46:28.000Z soko/project ok: project=units.u01 (2 modules) reason=null
2026-09-28T07:46:28.021Z active document changed: (none)
2026-09-28T07:46:28.021Z loadProject: no active .sokonanoda document
2026-09-28T07:46:28.052Z active document changed: file:///home/runner/work/sokonanoda-lang/sokonanoda-lang/editor/vscode/src/test/fixtures/workspace/units/u01.sokonanoda
2026-09-28T07:46:28.064Z soko/project ok: project=units.u01 (2 modules) reason=null
2026-09-28T07:46:28.377Z active document changed: (none)
2026-09-28T07:46:28.377Z loadProject: no active .sokonanoda document
2026-09-28T07:46:28.402Z active document changed: file:///home/runner/work/sokonanoda-lang/sokonanoda-lang/editor/vscode/src/test/fixtures/workspace/units/u01.sokonanoda
2026-09-28T07:46:28.419Z soko/project ok: project=units.u01 (2 modules) reason=null
2026-09-28T07:46:28.726Z active document changed: (none)
2026-09-28T07:46:28.726Z loadProject: no active .sokonanoda document
2026-09-28T07:46:28.750Z active document changed: file:///home/runner/work/sokonanoda-lang/sokonanoda-lang/editor/vscode/src/test/fixtures/workspace/units/u01.sokonanoda
2026-09-28T07:46:28.768Z soko/project ok: project=units.u01 (2 modules) reason=null
2026-09-28T07:46:29.079Z active document changed: (none)
2026-09-28T07:46:29.080Z loadProject: no active .sokonanoda document
2026-09-28T07:46:29.109Z active document changed: file:///home/runner/work/sokonanoda-lang/sokonanoda-lang/editor/vscode/src/test/fixtures/workspace/units/u01.sokonanoda
2026-09-28T07:46:29.125Z soko/project ok: project=units.u01 (2 modules) reason=null
2026-09-28T07:46:29.218Z active document changed: (none)
2026-09-28T07:46:29.218Z loadProject: no active .sokonanoda document
2026-09-28T07:46:29.242Z active document changed: file:///home/runner/work/sokonanoda-lang/sokonanoda-lang/editor/vscode/src/test/fixtures/workspace/units/u01.sokonanoda
2026-09-28T07:46:29.256Z soko/project ok: project=units.u01 (2 modules) reason=null
2026-09-28T07:46:29.348Z active document changed: (none)
2026-09-28T07:46:29.348Z loadProject: no active .sokonanoda document
2026-09-28T07:46:29.383Z active document changed: file:///home/runner/work/sokonanoda-lang/sokonanoda-lang/editor/vscode/src/test/fixtures/workspace/units/u01.sokonanoda
2026-09-28T07:46:29.399Z soko/project ok: project=units.u01 (2 modules) reason=null
2026-09-28T07:46:29.508Z active document changed: (none)
2026-09-28T07:46:29.509Z loadProject: no active .sokonanoda document
2026-09-28T07:46:29.547Z active document changed: file:///home/runner/work/sokonanoda-lang/sokonanoda-lang/editor/vscode/src/test/fixtures/workspace/units/u01.sokonanoda
2026-09-28T07:46:29.570Z soko/project ok: project=units.u01 (2 modules) reason=null
2026-09-28T07:46:29.712Z active document changed: (none)
2026-09-28T07:46:29.712Z loadProject: no active .sokonanoda document
2026-09-28T07:46:29.817Z client state: stopped
