# scripts/vscode-e2e.sh — VS Code 1.106.0 · extension v0.62.0 · 9f5a36582487a48ecd7268cd6967b258e23bcfbc
# 结果：16 passing / 0 failing / 0 pending（exit=0）

## doctor（服务器解析与版本自述）
--- doctor ---
sokonanoda doctor — 扩展 v0.62.0 (6 checks)
[ok] 1/6 resolution：bundled — /home/runner/work/sokonanoda-lang/sokonanoda-lang/editor/vscode/bin/linux-x64/sokonanoda-lsp (source=bundled)
[ok] 2/6 server-version：0.62.0 (pid 2827) == 扩展 v0.62.0 (source=bundled)
[ok] 3/6 host-version：运行宿主 v0.62.0
[ok] 4/6 ignored-override：没有被忽略的 serverPath/env 覆盖
[info] 5/6 download-cache：无下载缓存（仅影响 CLI/universal 兜底，不影响内置服务器）
[info] 6/6 obsolete-versions：检测到 0 个扩展版本快照、0 个 .obsolete 条目；完整重启 VS Code 会自动清理

## 用例
    ✔ .sokonanoda files get the sokonanoda language id (63ms)
    ✔ confusable-character highlight is off for sokonanoda files
    ✔ #check results appear as inlay hints (148ms)
    ✔ clean lesson publishes empty diagnostics (94ms)
    ✔ kernel-rejected declaration carries the kernel-rejected code
    ✔ open exercise carries a sorry warning, not an error (49ms)
    ✔ a declaration named Prop warns, not errors
    ✔ open exercise shows a hover on the hole (79ms)
    ✔ notation input: the rewriter produces ∧ and hover teaches \and (95ms)
    ✔ restart server command re-syncs open documents (72ms)
    ✔ infoview command is registered and revealable (78ms)
    ✔ the project tree shows the real closure of an imported module (179ms)
    ✔ the project tree names the file a single-file document is (147ms)
    ✔ the project tree marks a broken import as the root cause (129ms)
    ✔ build / rebuild commands warm the compile cache through the CLI (70ms)
    ✔ doctor command returns a read-only source + version report

## 扩展接线日志（SOKO_E2E_LOG）
2026-09-20T14:35:12.314Z server command: /home/runner/work/sokonanoda-lang/sokonanoda-lang/editor/vscode/bin/linux-x64/sokonanoda-lsp (source=bundled)
2026-09-20T14:35:12.314Z client state: starting
2026-09-20T14:35:12.327Z client state: running
2026-09-20T14:35:12.332Z loadProject: no active .sokonanoda document
2026-09-20T14:35:12.513Z active document changed: file:///tmp/sokonanoda-vscode-test-2448ZR/check.sokonanoda
2026-09-20T14:35:12.518Z soko/project ok: project=null reason=no-imports
2026-09-20T14:35:12.620Z active document changed: (none)
2026-09-20T14:35:12.621Z loadProject: no active .sokonanoda document
2026-09-20T14:35:12.657Z active document changed: file:///tmp/sokonanoda-vscode-test-2448ZR/lesson-clean.sokonanoda
2026-09-20T14:35:12.666Z soko/project ok: project=null reason=no-imports
2026-09-20T14:35:12.692Z soko/project ok: project=null reason=no-imports
2026-09-20T14:35:12.728Z active document changed: (none)
2026-09-20T14:35:12.728Z loadProject: no active .sokonanoda document
2026-09-20T14:35:12.756Z active document changed: file:///tmp/sokonanoda-vscode-test-2448ZR/kernel-bad.sokonanoda
2026-09-20T14:35:12.763Z soko/project ok: project=null reason=no-imports
2026-09-20T14:35:12.804Z active document changed: (none)
2026-09-20T14:35:12.804Z loadProject: no active .sokonanoda document
2026-09-20T14:35:12.847Z active document changed: file:///tmp/sokonanoda-vscode-test-2448ZR/exercise.sokonanoda
2026-09-20T14:35:12.854Z soko/project ok: project=null reason=no-imports
2026-09-20T14:35:12.897Z active document changed: (none)
2026-09-20T14:35:12.897Z loadProject: no active .sokonanoda document
2026-09-20T14:35:12.929Z active document changed: file:///tmp/sokonanoda-vscode-test-2448ZR/reserved.sokonanoda
2026-09-20T14:35:12.936Z soko/project ok: project=null reason=no-imports
2026-09-20T14:35:12.975Z active document changed: (none)
2026-09-20T14:35:12.975Z loadProject: no active .sokonanoda document
2026-09-20T14:35:13.002Z active document changed: file:///tmp/sokonanoda-vscode-test-2448ZR/exercise-hover.sokonanoda
2026-09-20T14:35:13.008Z soko/project ok: project=null reason=no-imports
2026-09-20T14:35:13.061Z active document changed: (none)
2026-09-20T14:35:13.061Z loadProject: no active .sokonanoda document
2026-09-20T14:35:13.100Z active document changed: file:///tmp/sokonanoda-vscode-test-2448ZR/notation-input.sokonanoda
2026-09-20T14:35:13.108Z soko/project ok: project=null reason=no-imports
2026-09-20T14:35:13.182Z active document changed: (none)
2026-09-20T14:35:13.182Z loadProject: no active .sokonanoda document
2026-09-20T14:35:13.209Z active document changed: file:///tmp/sokonanoda-vscode-test-2448ZR/restart.sokonanoda
2026-09-20T14:35:13.216Z soko/project ok: project=null reason=no-imports
2026-09-20T14:35:13.217Z client state: stopped
2026-09-20T14:35:13.220Z client state: starting
2026-09-20T14:35:13.244Z client state: running
2026-09-20T14:35:13.275Z active document changed: (none)
2026-09-20T14:35:13.275Z loadProject: no active .sokonanoda document
2026-09-20T14:35:13.424Z active document changed: file:///tmp/sokonanoda-vscode-test-2448ZR/proj-ok/Main.sokonanoda
2026-09-20T14:35:13.435Z soko/project ok: project=Main (2 modules) reason=null
2026-09-20T14:35:13.436Z soko/project ok: project=Main (2 modules) reason=null
2026-09-20T14:35:13.452Z soko/project ok: project=Main (2 modules) reason=null
2026-09-20T14:35:13.550Z active document changed: (none)
2026-09-20T14:35:13.550Z loadProject: no active .sokonanoda document
2026-09-20T14:35:13.592Z active document changed: file:///tmp/sokonanoda-vscode-test-2448ZR/single.sokonanoda
2026-09-20T14:35:13.601Z soko/project ok: project=null reason=no-imports
2026-09-20T14:35:13.602Z soko/project ok: project=null reason=no-imports
2026-09-20T14:35:13.621Z soko/project ok: project=null reason=no-imports
2026-09-20T14:35:13.708Z active document changed: (none)
2026-09-20T14:35:13.709Z loadProject: no active .sokonanoda document
2026-09-20T14:35:13.734Z active document changed: file:///tmp/sokonanoda-vscode-test-2448ZR/proj-broken/Main.sokonanoda
2026-09-20T14:35:13.741Z soko/project ok: project=Main (1 modules) reason=null
2026-09-20T14:35:13.743Z soko/project ok: project=Main (1 modules) reason=null
2026-09-20T14:35:13.772Z soko/project ok: project=Main (1 modules) reason=null
2026-09-20T14:35:13.846Z active document changed: (none)
2026-09-20T14:35:13.846Z loadProject: no active .sokonanoda document
2026-09-20T14:35:13.872Z active document changed: file:///tmp/sokonanoda-vscode-test-2448ZR/build-smoke.sokonanoda
2026-09-20T14:35:13.879Z soko/project ok: project=null reason=no-imports
2026-09-20T14:35:13.902Z soko/project ok: project=null reason=no-imports
2026-09-20T14:35:13.920Z soko/project ok: project=null reason=no-imports
2026-09-20T14:35:13.946Z active document changed: (none)
2026-09-20T14:35:13.946Z loadProject: no active .sokonanoda document
2026-09-20T14:35:14.032Z client state: stopped
