# scripts/vscode-e2e.sh — VS Code 1.138.0 · extension v0.78.0 · c0e7d86be0869181ca2ba2f0f5fa64732b8d0ca2
# 结果：35 passing / 0 failing / 0 pending（exit=0）

## doctor（服务器解析与版本自述）
--- doctor ---
sokonanoda doctor — 扩展 v0.78.0 (6 checks)
[ok] 1/6 resolution：bundled — /home/runner/work/sokonanoda-lang/sokonanoda-lang/editor/vscode/bin/linux-x64/sokonanoda-lsp (source=bundled)
[ok] 2/6 server-version：0.78.0 (pid 3114) == 扩展 v0.78.0 (source=bundled)
[ok] 3/6 host-version：运行宿主 v0.78.0
[ok] 4/6 ignored-override：没有被忽略的 serverPath/env 覆盖
[info] 5/6 download-cache：无下载缓存（仅影响 CLI/universal 兜底，不影响内置服务器）
[info] 6/6 obsolete-versions：检测到 0 个扩展版本快照、0 个 .obsolete 条目；完整重启 VS Code 会自动清理

## 用例
    ✔ .sokonanoda files get the sokonanoda language id (121ms)
    ✔ confusable-character highlight is off for sokonanoda files
    ✔ #check results appear as inlay hints (270ms)
    ✔ clean lesson publishes empty diagnostics (155ms)
    ✔ kernel-rejected declaration carries the kernel-rejected code (158ms)
    ✔ open exercise carries a sorry warning, not an error (173ms)
    ✔ a declaration named Prop warns, not errors (63ms)
    ✔ open exercise shows a hover on the hole (137ms)
    ✔ hover 的类型文本折成记法（T-U12 面 #3，e2e 那一份） (194ms)
    ✔ notation input: the rewriter produces ∧ and hover teaches \and (266ms)
    ✔ restart server command re-syncs open documents (106ms)
    ✔ infoview command is registered and revealable (96ms)
    ✔ the project tree shows the real closure of an imported module (265ms)
    ✔ the project tree names the file a single-file document is (141ms)
    ✔ the project tree marks a broken import as the root cause (137ms)
    ✔ build / rebuild commands warm the compile cache through the CLI (6082ms)
    ✔ Clean Cache empties the project store and does not compile (E31) (5589ms)
    ✔ the Infoview receives the project view (E30)
    ✔ Infoview 'definition' lands exactly where the editor F12 lands (E27) (116ms)
    ✔ doctor command returns a read-only source + version report
    ✔ declarations panel lists a project unit's declarations
    ✔ open declaration ships coloured goal runs to the Infoview
    ✔ next hole jumps inside a project unit
    ✔ warmCacheOnOpen pre-builds the workspace at activation
    ✔ reopening a project unit hits the compile cache (5668ms)
    ✔ rewriting an unchanged project unit does not recompile (1946ms)
    ✔ editing a dependency refreshes the open unit once (5940ms)
    ✔ goal text uses the file's notation (638ms)
    ✔ goal text folds a binder notation whose type contains a lambda (339ms)
    ✔ Infoview 的 `⊢` 用记法箭头 `→`，且 runs 与 text 同源 (335ms)
    ✔ Infoview 里集合字面量显示成 `{a}`（不是 `Set.singleton α a`） (342ms)
    ✔ go to definition on a `{a}` set literal lands on `Set.singleton` (123ms)
    ✔ go to definition on a prelude name lands in the prelude source (107ms)
    ✔ go to definition on a notation symbol lands on its declaration (170ms)
    ✔ hover on a notation symbol shows the target's signature (181ms)

## 扩展接线日志（SOKO_E2E_LOG）
2026-09-28T16:02:59.403Z server command: /home/runner/work/sokonanoda-lang/sokonanoda-lang/editor/vscode/bin/linux-x64/sokonanoda-lsp (source=bundled)
2026-09-28T16:02:59.404Z client state: starting
2026-09-28T16:02:59.456Z client state: running
2026-09-28T16:02:59.475Z loadProject: no active .sokonanoda document
2026-09-28T16:02:59.801Z active document changed: file:///tmp/sokonanoda-vscode-test-DjyZms/check.sokonanoda
2026-09-28T16:02:59.815Z soko/project ok: project=null reason=no-imports
2026-09-28T16:02:59.959Z soko/project ok: project=null reason=no-imports
2026-09-28T16:02:59.976Z active document changed: (none)
2026-09-28T16:02:59.976Z loadProject: no active .sokonanoda document
2026-09-28T16:03:00.024Z active document changed: file:///tmp/sokonanoda-vscode-test-DjyZms/lesson-clean.sokonanoda
2026-09-28T16:03:00.050Z soko/project ok: project=null reason=no-imports
2026-09-28T16:03:00.150Z active document changed: (none)
2026-09-28T16:03:00.150Z loadProject: no active .sokonanoda document
2026-09-28T16:03:00.201Z active document changed: file:///tmp/sokonanoda-vscode-test-DjyZms/kernel-bad.sokonanoda
2026-09-28T16:03:00.219Z soko/project ok: project=null reason=no-imports
2026-09-28T16:03:00.258Z soko/project ok: project=null reason=no-imports
2026-09-28T16:03:00.333Z active document changed: (none)
2026-09-28T16:03:00.333Z loadProject: no active .sokonanoda document
2026-09-28T16:03:00.396Z active document changed: file:///tmp/sokonanoda-vscode-test-DjyZms/exercise.sokonanoda
2026-09-28T16:03:00.416Z soko/project ok: project=null reason=no-imports
2026-09-28T16:03:00.427Z soko/project ok: project=null reason=no-imports
2026-09-28T16:03:00.537Z active document changed: (none)
2026-09-28T16:03:00.537Z loadProject: no active .sokonanoda document
2026-09-28T16:03:00.596Z active document changed: file:///tmp/sokonanoda-vscode-test-DjyZms/reserved.sokonanoda
2026-09-28T16:03:00.607Z soko/project ok: project=null reason=no-imports
2026-09-28T16:03:00.660Z active document changed: (none)
2026-09-28T16:03:00.660Z loadProject: no active .sokonanoda document
2026-09-28T16:03:00.711Z active document changed: file:///tmp/sokonanoda-vscode-test-DjyZms/exercise-hover.sokonanoda
2026-09-28T16:03:00.725Z soko/project ok: project=null reason=no-imports
2026-09-28T16:03:00.809Z active document changed: (none)
2026-09-28T16:03:00.809Z loadProject: no active .sokonanoda document
2026-09-28T16:03:00.853Z active document changed: file:///home/runner/work/sokonanoda-lang/sokonanoda-lang/editor/vscode/src/test/fixtures/workspace/units/u01.sokonanoda
2026-09-28T16:03:00.869Z soko/project ok: project=units.u01 (2 modules) reason=null
2026-09-28T16:03:01.031Z active document changed: (none)
2026-09-28T16:03:01.031Z loadProject: no active .sokonanoda document
2026-09-28T16:03:01.115Z loadProject: no active .sokonanoda document
2026-09-28T16:03:01.231Z active document changed: file:///tmp/sokonanoda-vscode-test-DjyZms/notation-input.sokonanoda
2026-09-28T16:03:01.240Z soko/project ok: project=null reason=no-imports
2026-09-28T16:03:01.381Z active document changed: (none)
2026-09-28T16:03:01.381Z loadProject: no active .sokonanoda document
2026-09-28T16:03:01.419Z active document changed: file:///tmp/sokonanoda-vscode-test-DjyZms/restart.sokonanoda
2026-09-28T16:03:01.439Z soko/project ok: project=null reason=no-imports
2026-09-28T16:03:01.440Z client state: stopped
2026-09-28T16:03:01.444Z client state: starting
2026-09-28T16:03:01.481Z client state: running
2026-09-28T16:03:01.526Z active document changed: (none)
2026-09-28T16:03:01.526Z loadProject: no active .sokonanoda document
2026-09-28T16:03:01.695Z active document changed: file:///tmp/sokonanoda-vscode-test-DjyZms/proj-ok/Main.sokonanoda
2026-09-28T16:03:01.716Z soko/project ok: project=null reason=no-imports
2026-09-28T16:03:01.718Z soko/project ok: project=null reason=no-imports
2026-09-28T16:03:01.736Z soko/project ok: project=Main (2 modules) reason=null
2026-09-28T16:03:01.820Z soko/project ok: project=Main (2 modules) reason=null
2026-09-28T16:03:01.924Z active document changed: (none)
2026-09-28T16:03:01.924Z loadProject: no active .sokonanoda document
2026-09-28T16:03:01.933Z loadProject: no active .sokonanoda document
2026-09-28T16:03:01.954Z active document changed: file:///tmp/sokonanoda-vscode-test-DjyZms/single.sokonanoda
2026-09-28T16:03:01.963Z soko/project ok: project=null reason=no-imports
2026-09-28T16:03:01.970Z soko/project ok: project=null reason=no-imports
2026-09-28T16:03:02.075Z active document changed: (none)
2026-09-28T16:03:02.075Z loadProject: no active .sokonanoda document
2026-09-28T16:03:02.103Z active document changed: file:///tmp/sokonanoda-vscode-test-DjyZms/proj-broken/Main.sokonanoda
2026-09-28T16:03:02.112Z soko/project ok: project=Main (1 modules) reason=null
2026-09-28T16:03:02.116Z soko/project ok: project=Main (1 modules) reason=null
2026-09-28T16:03:02.147Z soko/project ok: project=Main (1 modules) reason=null
2026-09-28T16:03:02.225Z active document changed: (none)
2026-09-28T16:03:02.225Z loadProject: no active .sokonanoda document
2026-09-28T16:03:02.261Z active document changed: file:///home/runner/work/sokonanoda-lang/sokonanoda-lang/editor/vscode/src/test/fixtures/workspace/units/u01.sokonanoda
2026-09-28T16:03:02.272Z soko/project ok: project=units.u01 (2 modules) reason=null
2026-09-28T16:03:02.300Z soko/project ok: project=units.u01 (2 modules) reason=null
2026-09-28T16:03:03.391Z warmCacheOnOpen: exit=0
2026-09-28T16:03:05.298Z soko/project ok: project=units.u01 (2 modules) reason=null
2026-09-28T16:03:08.313Z soko/project ok: project=units.u01 (2 modules) reason=null
2026-09-28T16:03:08.328Z active document changed: (none)
2026-09-28T16:03:08.328Z loadProject: no active .sokonanoda document
2026-09-28T16:03:08.369Z active document changed: file:///home/runner/work/sokonanoda-lang/sokonanoda-lang/editor/vscode/src/test/fixtures/workspace/units/u01.sokonanoda
2026-09-28T16:03:08.382Z soko/project ok: project=units.u01 (2 modules) reason=null
2026-09-28T16:03:09.405Z soko/project ok: project=units.u01 (2 modules) reason=null
2026-09-28T16:03:09.414Z soko/project ok: project=units.u01 (2 modules) reason=null
2026-09-28T16:03:13.923Z soko/project ok: project=units.u01 (2 modules) reason=null
2026-09-28T16:03:13.942Z active document changed: (none)
2026-09-28T16:03:13.942Z loadProject: no active .sokonanoda document
2026-09-28T16:03:13.970Z active document changed: file:///home/runner/work/sokonanoda-lang/sokonanoda-lang/editor/vscode/src/test/fixtures/workspace/units/u01.sokonanoda
2026-09-28T16:03:13.978Z soko/project ok: project=units.u01 (2 modules) reason=null
2026-09-28T16:03:14.032Z active document changed: (none)
2026-09-28T16:03:14.032Z loadProject: no active .sokonanoda document
2026-09-28T16:03:14.053Z active document changed: file:///home/runner/work/sokonanoda-lang/sokonanoda-lang/editor/vscode/src/test/fixtures/workspace/units/u01.sokonanoda
2026-09-28T16:03:14.063Z soko/project ok: project=units.u01 (2 modules) reason=null
2026-09-28T16:03:14.131Z active document changed: (none)
2026-09-28T16:03:14.131Z loadProject: no active .sokonanoda document
2026-09-28T16:03:14.138Z active document changed: file:///home/runner/work/sokonanoda-lang/sokonanoda-lang/editor/vscode/src/test/fixtures/workspace/lib/Set.sokonanoda
2026-09-28T16:03:14.146Z soko/project ok: project=null reason=no-imports
2026-09-28T16:03:14.187Z active document changed: (none)
2026-09-28T16:03:14.187Z loadProject: no active .sokonanoda document
2026-09-28T16:03:14.227Z active document changed: file:///home/runner/work/sokonanoda-lang/sokonanoda-lang/editor/vscode/src/test/fixtures/workspace/units/u01.sokonanoda
2026-09-28T16:03:14.238Z soko/project ok: project=units.u01 (2 modules) reason=null
2026-09-28T16:03:14.301Z active document changed: (none)
2026-09-28T16:03:14.301Z loadProject: no active .sokonanoda document
2026-09-28T16:03:14.327Z loadProject: no active .sokonanoda document
2026-09-28T16:03:14.328Z active document changed: file:///home/runner/work/sokonanoda-lang/sokonanoda-lang/editor/vscode/src/test/fixtures/workspace/units/u01.sokonanoda
2026-09-28T16:03:14.337Z soko/project ok: project=units.u01 (2 modules) reason=null
2026-09-28T16:03:14.384Z active document changed: (none)
2026-09-28T16:03:14.384Z loadProject: no active .sokonanoda document
2026-09-28T16:03:14.404Z active document changed: file:///home/runner/work/sokonanoda-lang/sokonanoda-lang/editor/vscode/src/test/fixtures/workspace/units/u01.sokonanoda
2026-09-28T16:03:14.416Z soko/project ok: project=units.u01 (2 modules) reason=null
2026-09-28T16:03:14.465Z active document changed: (none)
2026-09-28T16:03:14.465Z loadProject: no active .sokonanoda document
2026-09-28T16:03:14.492Z active document changed: file:///home/runner/work/sokonanoda-lang/sokonanoda-lang/editor/vscode/src/test/fixtures/workspace/units/u02-cold-open.sokonanoda
2026-09-28T16:03:14.501Z soko/project ok: project=null reason=no-imports
2026-09-28T16:03:20.082Z client state: stopped
2026-09-28T16:03:20.084Z client state: starting
2026-09-28T16:03:20.094Z client state: running
PERF e2e cache: cold=5602ms warm=65ms
2026-09-28T16:03:20.182Z active document changed: (none)
2026-09-28T16:03:20.182Z loadProject: no active .sokonanoda document
2026-09-28T16:03:20.216Z active document changed: file:///home/runner/work/sokonanoda-lang/sokonanoda-lang/editor/vscode/src/test/fixtures/workspace/units/u01.sokonanoda
2026-09-28T16:03:20.230Z soko/project ok: project=units.u01 (2 modules) reason=null
2026-09-28T16:03:20.391Z soko/project ok: project=units.u01 (2 modules) reason=null
2026-09-28T16:03:20.763Z soko/project ok: project=units.u01 (2 modules) reason=null
2026-09-28T16:03:21.217Z soko/project ok: project=units.u01 (2 modules) reason=null
2026-09-28T16:03:22.140Z active document changed: (none)
2026-09-28T16:03:22.140Z loadProject: no active .sokonanoda document
2026-09-28T16:03:22.162Z active document changed: file:///home/runner/work/sokonanoda-lang/sokonanoda-lang/editor/vscode/src/test/fixtures/workspace/units/u01.sokonanoda
2026-09-28T16:03:22.173Z soko/project ok: project=units.u01 (2 modules) reason=null
2026-09-28T16:03:22.854Z soko/project ok: project=units.u01 (2 modules) reason=null
2026-09-28T16:03:23.727Z soko/project ok: project=units.u01 (2 modules) reason=null
PERF e2e fanout: entry diagnostics signature=152 字节 · 稳定 ✓
2026-09-28T16:03:28.090Z active document changed: (none)
2026-09-28T16:03:28.090Z loadProject: no active .sokonanoda document
2026-09-28T16:03:28.115Z active document changed: file:///home/runner/work/sokonanoda-lang/sokonanoda-lang/editor/vscode/src/test/fixtures/workspace/units/u01.sokonanoda
2026-09-28T16:03:28.127Z soko/project ok: project=units.u01 (2 modules) reason=null
2026-09-28T16:03:28.716Z soko/project ok: project=units.u01 (2 modules) reason=null
2026-09-28T16:03:28.738Z active document changed: (none)
2026-09-28T16:03:28.738Z loadProject: no active .sokonanoda document
2026-09-28T16:03:28.767Z active document changed: file:///home/runner/work/sokonanoda-lang/sokonanoda-lang/editor/vscode/src/test/fixtures/workspace/units/u01.sokonanoda
2026-09-28T16:03:28.779Z soko/project ok: project=units.u01 (2 modules) reason=null
2026-09-28T16:03:29.092Z active document changed: (none)
2026-09-28T16:03:29.092Z loadProject: no active .sokonanoda document
2026-09-28T16:03:29.114Z active document changed: file:///home/runner/work/sokonanoda-lang/sokonanoda-lang/editor/vscode/src/test/fixtures/workspace/units/u01.sokonanoda
2026-09-28T16:03:29.128Z soko/project ok: project=units.u01 (2 modules) reason=null
2026-09-28T16:03:29.439Z active document changed: (none)
2026-09-28T16:03:29.439Z loadProject: no active .sokonanoda document
2026-09-28T16:03:29.462Z active document changed: file:///home/runner/work/sokonanoda-lang/sokonanoda-lang/editor/vscode/src/test/fixtures/workspace/units/u01.sokonanoda
2026-09-28T16:03:29.473Z soko/project ok: project=units.u01 (2 modules) reason=null
2026-09-28T16:03:29.796Z active document changed: (none)
2026-09-28T16:03:29.796Z loadProject: no active .sokonanoda document
2026-09-28T16:03:29.831Z active document changed: file:///home/runner/work/sokonanoda-lang/sokonanoda-lang/editor/vscode/src/test/fixtures/workspace/units/u01.sokonanoda
2026-09-28T16:03:29.846Z soko/project ok: project=units.u01 (2 modules) reason=null
2026-09-28T16:03:29.932Z active document changed: (none)
2026-09-28T16:03:29.932Z loadProject: no active .sokonanoda document
2026-09-28T16:03:29.950Z active document changed: file:///home/runner/work/sokonanoda-lang/sokonanoda-lang/editor/vscode/src/test/fixtures/workspace/units/u01.sokonanoda
2026-09-28T16:03:29.975Z soko/project ok: project=units.u01 (2 modules) reason=null
2026-09-28T16:03:30.058Z active document changed: (none)
2026-09-28T16:03:30.058Z loadProject: no active .sokonanoda document
2026-09-28T16:03:30.101Z active document changed: file:///home/runner/work/sokonanoda-lang/sokonanoda-lang/editor/vscode/src/test/fixtures/workspace/units/u01.sokonanoda
2026-09-28T16:03:30.119Z soko/project ok: project=units.u01 (2 modules) reason=null
2026-09-28T16:03:30.249Z active document changed: (none)
2026-09-28T16:03:30.249Z loadProject: no active .sokonanoda document
2026-09-28T16:03:30.289Z active document changed: file:///home/runner/work/sokonanoda-lang/sokonanoda-lang/editor/vscode/src/test/fixtures/workspace/units/u01.sokonanoda
2026-09-28T16:03:30.312Z soko/project ok: project=units.u01 (2 modules) reason=null
2026-09-28T16:03:30.452Z active document changed: (none)
2026-09-28T16:03:30.453Z loadProject: no active .sokonanoda document
2026-09-28T16:03:30.516Z client state: stopped
