# scripts/vscode-e2e.sh — VS Code 1.106.0 · extension v0.78.0 · b6b79ce51a525f5e32f702ed0997130704ffbaf5
# 结果：35 passing / 0 failing / 0 pending（exit=0）

## doctor（服务器解析与版本自述）
--- doctor ---
sokonanoda doctor — 扩展 v0.78.0 (6 checks)
[ok] 1/6 resolution：bundled — /home/runner/work/sokonanoda-lang/sokonanoda-lang/editor/vscode/bin/linux-x64/sokonanoda-lsp (source=bundled)
[ok] 2/6 server-version：0.78.0 (pid 3060) == 扩展 v0.78.0 (source=bundled)
[ok] 3/6 host-version：运行宿主 v0.78.0
[ok] 4/6 ignored-override：没有被忽略的 serverPath/env 覆盖
[info] 5/6 download-cache：无下载缓存（仅影响 CLI/universal 兜底，不影响内置服务器）
[info] 6/6 obsolete-versions：检测到 0 个扩展版本快照、0 个 .obsolete 条目；完整重启 VS Code 会自动清理

## 用例
    ✔ .sokonanoda files get the sokonanoda language id (160ms)
    ✔ confusable-character highlight is off for sokonanoda files
    ✔ #check results appear as inlay hints (258ms)
    ✔ clean lesson publishes empty diagnostics (218ms)
    ✔ kernel-rejected declaration carries the kernel-rejected code (168ms)
    ✔ open exercise carries a sorry warning, not an error (70ms)
    ✔ a declaration named Prop warns, not errors (161ms)
    ✔ open exercise shows a hover on the hole (200ms)
    ✔ hover 的类型文本折成记法（T-U12 面 #3，e2e 那一份） (297ms)
    ✔ notation input: the rewriter produces ∧ and hover teaches \and (244ms)
    ✔ restart server command re-syncs open documents (154ms)
    ✔ infoview command is registered and revealable (160ms)
    ✔ the project tree shows the real closure of an imported module (340ms)
    ✔ the project tree names the file a single-file document is (183ms)
    ✔ the project tree marks a broken import as the root cause (165ms)
    ✔ build / rebuild commands warm the compile cache through the CLI (6214ms)
    ✔ Clean Cache empties the project store and does not compile (E31) (5579ms)
    ✔ the Infoview receives the project view (E30) (50ms)
    ✔ Infoview 'definition' lands exactly where the editor F12 lands (E27) (135ms)
    ✔ doctor command returns a read-only source + version report
    ✔ declarations panel lists a project unit's declarations
    ✔ open declaration ships coloured goal runs to the Infoview (46ms)
    ✔ next hole jumps inside a project unit
    ✔ warmCacheOnOpen pre-builds the workspace at activation
    ✔ reopening a project unit hits the compile cache (4717ms)
    ✔ rewriting an unchanged project unit does not recompile (1955ms)
    ✔ editing a dependency refreshes the open unit once (6650ms)
    ✔ goal text uses the file's notation (751ms)
    ✔ goal text folds a binder notation whose type contains a lambda (340ms)
    ✔ Infoview 的 `⊢` 用记法箭头 `→`，且 runs 与 text 同源 (343ms)
    ✔ Infoview 里集合字面量显示成 `{a}`（不是 `Set.singleton α a`） (350ms)
    ✔ go to definition on a `{a}` set literal lands on `Set.singleton` (134ms)
    ✔ go to definition on a prelude name lands in the prelude source (130ms)
    ✔ go to definition on a notation symbol lands on its declaration (173ms)
    ✔ hover on a notation symbol shows the target's signature (204ms)

## 扩展接线日志（SOKO_E2E_LOG）
2026-09-28T18:03:07.651Z server command: /home/runner/work/sokonanoda-lang/sokonanoda-lang/editor/vscode/bin/linux-x64/sokonanoda-lsp (source=bundled)
2026-09-28T18:03:07.652Z client state: starting
2026-09-28T18:03:07.682Z client state: running
2026-09-28T18:03:07.692Z loadProject: no active .sokonanoda document
2026-09-28T18:03:08.054Z active document changed: file:///tmp/sokonanoda-vscode-test-nXyziy/check.sokonanoda
2026-09-28T18:03:08.063Z soko/project ok: project=null reason=no-imports
2026-09-28T18:03:08.229Z active document changed: (none)
2026-09-28T18:03:08.229Z loadProject: no active .sokonanoda document
2026-09-28T18:03:08.233Z loadProject: no active .sokonanoda document
2026-09-28T18:03:08.341Z active document changed: file:///tmp/sokonanoda-vscode-test-nXyziy/lesson-clean.sokonanoda
2026-09-28T18:03:08.358Z soko/project ok: project=null reason=no-imports
2026-09-28T18:03:08.477Z active document changed: (none)
2026-09-28T18:03:08.477Z loadProject: no active .sokonanoda document
2026-09-28T18:03:08.522Z active document changed: file:///tmp/sokonanoda-vscode-test-nXyziy/kernel-bad.sokonanoda
2026-09-28T18:03:08.553Z soko/project ok: project=null reason=no-imports
2026-09-28T18:03:08.553Z soko/project ok: project=null reason=no-imports
2026-09-28T18:03:08.675Z active document changed: (none)
2026-09-28T18:03:08.675Z loadProject: no active .sokonanoda document
2026-09-28T18:03:08.738Z active document changed: file:///tmp/sokonanoda-vscode-test-nXyziy/exercise.sokonanoda
2026-09-28T18:03:08.756Z soko/project ok: project=null reason=no-imports
2026-09-28T18:03:08.778Z soko/project ok: project=null reason=no-imports
2026-09-28T18:03:08.814Z active document changed: (none)
2026-09-28T18:03:08.815Z loadProject: no active .sokonanoda document
2026-09-28T18:03:08.865Z active document changed: file:///tmp/sokonanoda-vscode-test-nXyziy/reserved.sokonanoda
2026-09-28T18:03:08.892Z soko/project ok: project=null reason=no-imports
2026-09-28T18:03:08.941Z soko/project ok: project=null reason=no-imports
2026-09-28T18:03:09.027Z active document changed: (none)
2026-09-28T18:03:09.027Z loadProject: no active .sokonanoda document
2026-09-28T18:03:09.092Z loadProject: no active .sokonanoda document
2026-09-28T18:03:09.141Z active document changed: file:///tmp/sokonanoda-vscode-test-nXyziy/exercise-hover.sokonanoda
2026-09-28T18:03:09.155Z soko/project ok: project=null reason=no-imports
2026-09-28T18:03:09.245Z active document changed: (none)
2026-09-28T18:03:09.245Z loadProject: no active .sokonanoda document
2026-09-28T18:03:09.304Z active document changed: file:///home/runner/work/sokonanoda-lang/sokonanoda-lang/editor/vscode/src/test/fixtures/workspace/units/u01.sokonanoda
2026-09-28T18:03:09.326Z soko/project ok: project=units.u01 (2 modules) reason=null
2026-09-28T18:03:09.326Z soko/project ok: project=units.u01 (2 modules) reason=null
2026-09-28T18:03:09.503Z soko/project ok: project=units.u01 (2 modules) reason=null
2026-09-28T18:03:09.558Z active document changed: (none)
2026-09-28T18:03:09.559Z loadProject: no active .sokonanoda document
2026-09-28T18:03:09.640Z active document changed: file:///tmp/sokonanoda-vscode-test-nXyziy/notation-input.sokonanoda
2026-09-28T18:03:09.664Z soko/project ok: project=null reason=no-imports
2026-09-28T18:03:09.842Z active document changed: (none)
2026-09-28T18:03:09.842Z loadProject: no active .sokonanoda document
2026-09-28T18:03:09.892Z loadProject: no active .sokonanoda document
2026-09-28T18:03:09.912Z active document changed: file:///tmp/sokonanoda-vscode-test-nXyziy/restart.sokonanoda
2026-09-28T18:03:09.929Z soko/project ok: project=null reason=no-imports
2026-09-28T18:03:09.932Z client state: stopped
2026-09-28T18:03:09.940Z client state: starting
2026-09-28T18:03:09.978Z client state: running
2026-09-28T18:03:10.056Z active document changed: (none)
2026-09-28T18:03:10.057Z loadProject: no active .sokonanoda document
2026-09-28T18:03:10.198Z loadProject: no active .sokonanoda document
2026-09-28T18:03:10.338Z active document changed: file:///tmp/sokonanoda-vscode-test-nXyziy/proj-ok/Main.sokonanoda
2026-09-28T18:03:10.361Z soko/project ok: project=Main (2 modules) reason=null
2026-09-28T18:03:10.371Z soko/project ok: project=Main (2 modules) reason=null
2026-09-28T18:03:10.474Z soko/project ok: project=Main (2 modules) reason=null
2026-09-28T18:03:10.560Z soko/project ok: project=Main (2 modules) reason=null
2026-09-28T18:03:10.588Z active document changed: (none)
2026-09-28T18:03:10.588Z loadProject: no active .sokonanoda document
2026-09-28T18:03:10.657Z active document changed: file:///tmp/sokonanoda-vscode-test-nXyziy/single.sokonanoda
2026-09-28T18:03:10.676Z soko/project ok: project=null reason=no-imports
2026-09-28T18:03:10.678Z soko/project ok: project=null reason=no-imports
2026-09-28T18:03:10.784Z active document changed: (none)
2026-09-28T18:03:10.784Z loadProject: no active .sokonanoda document
2026-09-28T18:03:10.827Z loadProject: no active .sokonanoda document
2026-09-28T18:03:10.833Z active document changed: file:///tmp/sokonanoda-vscode-test-nXyziy/proj-broken/Main.sokonanoda
2026-09-28T18:03:10.850Z soko/project ok: project=Main (1 modules) reason=null
2026-09-28T18:03:10.855Z soko/project ok: project=Main (1 modules) reason=null
2026-09-28T18:03:10.979Z active document changed: (none)
2026-09-28T18:03:10.979Z loadProject: no active .sokonanoda document
2026-09-28T18:03:11.026Z loadProject: no active .sokonanoda document
2026-09-28T18:03:11.047Z active document changed: file:///home/runner/work/sokonanoda-lang/sokonanoda-lang/editor/vscode/src/test/fixtures/workspace/units/u01.sokonanoda
2026-09-28T18:03:11.072Z soko/project ok: project=units.u01 (2 modules) reason=null
2026-09-28T18:03:11.649Z warmCacheOnOpen: exit=0
2026-09-28T18:03:14.187Z soko/project ok: project=units.u01 (2 modules) reason=null
2026-09-28T18:03:17.203Z soko/project ok: project=units.u01 (2 modules) reason=null
2026-09-28T18:03:17.223Z active document changed: (none)
2026-09-28T18:03:17.223Z loadProject: no active .sokonanoda document
2026-09-28T18:03:17.265Z active document changed: file:///home/runner/work/sokonanoda-lang/sokonanoda-lang/editor/vscode/src/test/fixtures/workspace/units/u01.sokonanoda
2026-09-28T18:03:17.275Z soko/project ok: project=units.u01 (2 modules) reason=null
2026-09-28T18:03:18.291Z soko/project ok: project=units.u01 (2 modules) reason=null
2026-09-28T18:03:18.297Z soko/project ok: project=units.u01 (2 modules) reason=null
2026-09-28T18:03:22.807Z soko/project ok: project=units.u01 (2 modules) reason=null
2026-09-28T18:03:22.833Z active document changed: (none)
2026-09-28T18:03:22.833Z loadProject: no active .sokonanoda document
2026-09-28T18:03:22.875Z active document changed: file:///home/runner/work/sokonanoda-lang/sokonanoda-lang/editor/vscode/src/test/fixtures/workspace/units/u01.sokonanoda
2026-09-28T18:03:22.885Z soko/project ok: project=units.u01 (2 modules) reason=null
2026-09-28T18:03:22.950Z active document changed: (none)
2026-09-28T18:03:22.950Z loadProject: no active .sokonanoda document
2026-09-28T18:03:22.979Z active document changed: file:///home/runner/work/sokonanoda-lang/sokonanoda-lang/editor/vscode/src/test/fixtures/workspace/units/u01.sokonanoda
2026-09-28T18:03:22.989Z soko/project ok: project=units.u01 (2 modules) reason=null
2026-09-28T18:03:23.069Z active document changed: (none)
2026-09-28T18:03:23.069Z loadProject: no active .sokonanoda document
2026-09-28T18:03:23.078Z active document changed: file:///home/runner/work/sokonanoda-lang/sokonanoda-lang/editor/vscode/src/test/fixtures/workspace/lib/Set.sokonanoda
2026-09-28T18:03:23.090Z soko/project ok: project=null reason=no-imports
2026-09-28T18:03:23.132Z active document changed: (none)
2026-09-28T18:03:23.133Z loadProject: no active .sokonanoda document
2026-09-28T18:03:23.181Z active document changed: file:///home/runner/work/sokonanoda-lang/sokonanoda-lang/editor/vscode/src/test/fixtures/workspace/units/u01.sokonanoda
2026-09-28T18:03:23.192Z soko/project ok: project=units.u01 (2 modules) reason=null
2026-09-28T18:03:23.259Z active document changed: (none)
2026-09-28T18:03:23.259Z loadProject: no active .sokonanoda document
2026-09-28T18:03:23.265Z loadProject: no active .sokonanoda document
2026-09-28T18:03:23.296Z active document changed: file:///home/runner/work/sokonanoda-lang/sokonanoda-lang/editor/vscode/src/test/fixtures/workspace/units/u01.sokonanoda
2026-09-28T18:03:23.307Z soko/project ok: project=units.u01 (2 modules) reason=null
2026-09-28T18:03:23.363Z active document changed: (none)
2026-09-28T18:03:23.363Z loadProject: no active .sokonanoda document
2026-09-28T18:03:23.386Z active document changed: file:///home/runner/work/sokonanoda-lang/sokonanoda-lang/editor/vscode/src/test/fixtures/workspace/units/u01.sokonanoda
2026-09-28T18:03:23.396Z soko/project ok: project=units.u01 (2 modules) reason=null
2026-09-28T18:03:23.456Z active document changed: (none)
2026-09-28T18:03:23.456Z loadProject: no active .sokonanoda document
2026-09-28T18:03:23.492Z active document changed: file:///home/runner/work/sokonanoda-lang/sokonanoda-lang/editor/vscode/src/test/fixtures/workspace/units/u02-cold-open.sokonanoda
2026-09-28T18:03:23.499Z soko/project ok: project=null reason=no-imports
2026-09-28T18:03:28.132Z client state: stopped
2026-09-28T18:03:28.136Z client state: starting
2026-09-28T18:03:28.146Z client state: running
PERF e2e cache: cold=4657ms warm=57ms
2026-09-28T18:03:28.245Z active document changed: (none)
2026-09-28T18:03:28.245Z loadProject: no active .sokonanoda document
2026-09-28T18:03:28.287Z active document changed: file:///home/runner/work/sokonanoda-lang/sokonanoda-lang/editor/vscode/src/test/fixtures/workspace/units/u01.sokonanoda
2026-09-28T18:03:28.297Z soko/project ok: project=units.u01 (2 modules) reason=null
2026-09-28T18:03:28.449Z soko/project ok: project=units.u01 (2 modules) reason=null
2026-09-28T18:03:28.840Z soko/project ok: project=units.u01 (2 modules) reason=null
2026-09-28T18:03:29.287Z soko/project ok: project=units.u01 (2 modules) reason=null
2026-09-28T18:03:30.212Z active document changed: (none)
2026-09-28T18:03:30.212Z loadProject: no active .sokonanoda document
2026-09-28T18:03:30.235Z active document changed: file:///home/runner/work/sokonanoda-lang/sokonanoda-lang/editor/vscode/src/test/fixtures/workspace/units/u01.sokonanoda
2026-09-28T18:03:30.246Z soko/project ok: project=units.u01 (2 modules) reason=null
2026-09-28T18:03:30.930Z soko/project ok: project=units.u01 (2 modules) reason=null
2026-09-28T18:03:32.464Z soko/project ok: project=units.u01 (2 modules) reason=null
PERF e2e fanout: entry diagnostics signature=152 字节 · 稳定 ✓
2026-09-28T18:03:36.875Z active document changed: (none)
2026-09-28T18:03:36.875Z loadProject: no active .sokonanoda document
2026-09-28T18:03:36.911Z active document changed: file:///home/runner/work/sokonanoda-lang/sokonanoda-lang/editor/vscode/src/test/fixtures/workspace/units/u01.sokonanoda
2026-09-28T18:03:36.922Z soko/project ok: project=units.u01 (2 modules) reason=null
2026-09-28T18:03:37.539Z soko/project ok: project=units.u01 (2 modules) reason=null
2026-09-28T18:03:37.639Z active document changed: (none)
2026-09-28T18:03:37.639Z loadProject: no active .sokonanoda document
2026-09-28T18:03:37.667Z active document changed: file:///home/runner/work/sokonanoda-lang/sokonanoda-lang/editor/vscode/src/test/fixtures/workspace/units/u01.sokonanoda
2026-09-28T18:03:37.680Z soko/project ok: project=units.u01 (2 modules) reason=null
2026-09-28T18:03:37.994Z active document changed: (none)
2026-09-28T18:03:37.994Z loadProject: no active .sokonanoda document
2026-09-28T18:03:38.022Z active document changed: file:///home/runner/work/sokonanoda-lang/sokonanoda-lang/editor/vscode/src/test/fixtures/workspace/units/u01.sokonanoda
2026-09-28T18:03:38.037Z soko/project ok: project=units.u01 (2 modules) reason=null
2026-09-28T18:03:38.349Z active document changed: (none)
2026-09-28T18:03:38.349Z loadProject: no active .sokonanoda document
2026-09-28T18:03:38.387Z active document changed: file:///home/runner/work/sokonanoda-lang/sokonanoda-lang/editor/vscode/src/test/fixtures/workspace/units/u01.sokonanoda
2026-09-28T18:03:38.403Z soko/project ok: project=units.u01 (2 modules) reason=null
2026-09-28T18:03:38.715Z active document changed: (none)
2026-09-28T18:03:38.715Z loadProject: no active .sokonanoda document
2026-09-28T18:03:38.747Z active document changed: file:///home/runner/work/sokonanoda-lang/sokonanoda-lang/editor/vscode/src/test/fixtures/workspace/units/u01.sokonanoda
2026-09-28T18:03:38.763Z soko/project ok: project=units.u01 (2 modules) reason=null
2026-09-28T18:03:38.862Z active document changed: (none)
2026-09-28T18:03:38.862Z loadProject: no active .sokonanoda document
2026-09-28T18:03:38.895Z active document changed: file:///home/runner/work/sokonanoda-lang/sokonanoda-lang/editor/vscode/src/test/fixtures/workspace/units/u01.sokonanoda
2026-09-28T18:03:38.907Z soko/project ok: project=units.u01 (2 modules) reason=null
2026-09-28T18:03:39.017Z active document changed: (none)
2026-09-28T18:03:39.017Z loadProject: no active .sokonanoda document
2026-09-28T18:03:39.060Z active document changed: file:///home/runner/work/sokonanoda-lang/sokonanoda-lang/editor/vscode/src/test/fixtures/workspace/units/u01.sokonanoda
2026-09-28T18:03:39.075Z soko/project ok: project=units.u01 (2 modules) reason=null
2026-09-28T18:03:39.206Z active document changed: (none)
2026-09-28T18:03:39.206Z loadProject: no active .sokonanoda document
2026-09-28T18:03:39.248Z active document changed: file:///home/runner/work/sokonanoda-lang/sokonanoda-lang/editor/vscode/src/test/fixtures/workspace/units/u01.sokonanoda
2026-09-28T18:03:39.266Z soko/project ok: project=units.u01 (2 modules) reason=null
2026-09-28T18:03:39.434Z active document changed: (none)
2026-09-28T18:03:39.434Z loadProject: no active .sokonanoda document
2026-09-28T18:03:39.524Z client state: stopped
