# scripts/vscode-e2e.sh — VS Code 1.138.0 · extension v0.62.0 · c41cc96b05c186ce05bddf4e1cf12c8238657b7a
# 结果：16 passing / 0 failing / 0 pending（exit=0）

## doctor（服务器解析与版本自述）
--- doctor ---
sokonanoda doctor — 扩展 v0.62.0 (6 checks)
[ok] 1/6 resolution：bundled — /home/runner/work/sokonanoda-lang/sokonanoda-lang/editor/vscode/bin/linux-x64/sokonanoda-lsp (source=bundled)
[ok] 2/6 server-version：0.62.0 (pid 3102) == 扩展 v0.62.0 (source=bundled)
[ok] 3/6 host-version：运行宿主 v0.62.0
[ok] 4/6 ignored-override：没有被忽略的 serverPath/env 覆盖
[info] 5/6 download-cache：无下载缓存（仅影响 CLI/universal 兜底，不影响内置服务器）
[info] 6/6 obsolete-versions：检测到 0 个扩展版本快照、0 个 .obsolete 条目；完整重启 VS Code 会自动清理

## 用例
    ✔ .sokonanoda files get the sokonanoda language id (111ms)
    ✔ confusable-character highlight is off for sokonanoda files
    ✔ #check results appear as inlay hints (237ms)
    ✔ clean lesson publishes empty diagnostics (163ms)
    ✔ kernel-rejected declaration carries the kernel-rejected code (52ms)
    ✔ open exercise carries a sorry warning, not an error (69ms)
    ✔ a declaration named Prop warns, not errors (63ms)
    ✔ open exercise shows a hover on the hole (142ms)
    ✔ notation input: the rewriter produces ∧ and hover teaches \and (174ms)
    ✔ restart server command re-syncs open documents (98ms)
    ✔ infoview command is registered and revealable (104ms)
    ✔ the project tree shows the real closure of an imported module (158ms)
    ✔ the project tree names the file a single-file document is (141ms)
    ✔ the project tree marks a broken import as the root cause (136ms)
    ✔ build / rebuild commands warm the compile cache through the CLI (103ms)
    ✔ doctor command returns a read-only source + version report

## 扩展接线日志（SOKO_E2E_LOG）
2026-09-20T14:27:54.264Z server command: /home/runner/work/sokonanoda-lang/sokonanoda-lang/editor/vscode/bin/linux-x64/sokonanoda-lsp (source=bundled)
2026-09-20T14:27:54.265Z client state: starting
2026-09-20T14:27:54.288Z client state: running
2026-09-20T14:27:54.301Z loadProject: no active .sokonanoda document
2026-09-20T14:27:54.588Z active document changed: file:///tmp/sokonanoda-vscode-test-glyOuG/check.sokonanoda
2026-09-20T14:27:54.606Z soko/project ok: project=null reason=no-imports
2026-09-20T14:27:54.736Z active document changed: (none)
2026-09-20T14:27:54.736Z loadProject: no active .sokonanoda document
2026-09-20T14:27:54.780Z loadProject: no active .sokonanoda document
2026-09-20T14:27:54.802Z active document changed: file:///tmp/sokonanoda-vscode-test-glyOuG/lesson-clean.sokonanoda
2026-09-20T14:27:54.822Z soko/project ok: project=null reason=no-imports
2026-09-20T14:27:54.917Z active document changed: (none)
2026-09-20T14:27:54.917Z loadProject: no active .sokonanoda document
2026-09-20T14:27:54.957Z active document changed: file:///tmp/sokonanoda-vscode-test-glyOuG/kernel-bad.sokonanoda
2026-09-20T14:27:54.976Z soko/project ok: project=null reason=no-imports
2026-09-20T14:27:54.999Z soko/project ok: project=null reason=no-imports
2026-09-20T14:27:55.034Z active document changed: (none)
2026-09-20T14:27:55.034Z loadProject: no active .sokonanoda document
2026-09-20T14:27:55.097Z active document changed: file:///tmp/sokonanoda-vscode-test-glyOuG/exercise.sokonanoda
2026-09-20T14:27:55.107Z soko/project ok: project=null reason=no-imports
2026-09-20T14:27:55.156Z active document changed: (none)
2026-09-20T14:27:55.157Z loadProject: no active .sokonanoda document
2026-09-20T14:27:55.209Z active document changed: file:///tmp/sokonanoda-vscode-test-glyOuG/reserved.sokonanoda
2026-09-20T14:27:55.221Z soko/project ok: project=null reason=no-imports
2026-09-20T14:27:55.288Z active document changed: (none)
2026-09-20T14:27:55.288Z loadProject: no active .sokonanoda document
2026-09-20T14:27:55.350Z active document changed: file:///tmp/sokonanoda-vscode-test-glyOuG/exercise-hover.sokonanoda
2026-09-20T14:27:55.360Z soko/project ok: project=null reason=no-imports
2026-09-20T14:27:55.446Z active document changed: (none)
2026-09-20T14:27:55.446Z loadProject: no active .sokonanoda document
2026-09-20T14:27:55.517Z active document changed: file:///tmp/sokonanoda-vscode-test-glyOuG/notation-input.sokonanoda
2026-09-20T14:27:55.532Z soko/project ok: project=null reason=no-imports
2026-09-20T14:27:55.666Z active document changed: (none)
2026-09-20T14:27:55.666Z loadProject: no active .sokonanoda document
2026-09-20T14:27:55.705Z active document changed: file:///tmp/sokonanoda-vscode-test-glyOuG/restart.sokonanoda
2026-09-20T14:27:55.715Z soko/project ok: project=null reason=no-imports
2026-09-20T14:27:55.720Z client state: stopped
2026-09-20T14:27:55.723Z client state: starting
2026-09-20T14:27:55.758Z client state: running
2026-09-20T14:27:55.769Z soko/project ok: project=null reason=no-imports
2026-09-20T14:27:55.795Z active document changed: (none)
2026-09-20T14:27:55.795Z loadProject: no active .sokonanoda document
2026-09-20T14:27:55.943Z active document changed: file:///tmp/sokonanoda-vscode-test-glyOuG/proj-ok/Main.sokonanoda
2026-09-20T14:27:55.965Z soko/project ok: project=Main (2 modules) reason=null
2026-09-20T14:27:55.965Z soko/project ok: project=Main (2 modules) reason=null
2026-09-20T14:27:55.968Z soko/project ok: project=Main (2 modules) reason=null
2026-09-20T14:27:56.077Z active document changed: (none)
2026-09-20T14:27:56.077Z loadProject: no active .sokonanoda document
2026-09-20T14:27:56.107Z active document changed: file:///tmp/sokonanoda-vscode-test-glyOuG/single.sokonanoda
2026-09-20T14:27:56.118Z soko/project ok: project=null reason=no-imports
2026-09-20T14:27:56.121Z soko/project ok: project=null reason=no-imports
2026-09-20T14:27:56.226Z active document changed: (none)
2026-09-20T14:27:56.226Z loadProject: no active .sokonanoda document
2026-09-20T14:27:56.256Z active document changed: file:///tmp/sokonanoda-vscode-test-glyOuG/proj-broken/Main.sokonanoda
2026-09-20T14:27:56.263Z soko/project ok: project=Main (1 modules) reason=null
2026-09-20T14:27:56.269Z soko/project ok: project=Main (1 modules) reason=null
2026-09-20T14:27:56.300Z soko/project ok: project=Main (1 modules) reason=null
2026-09-20T14:27:56.373Z active document changed: (none)
2026-09-20T14:27:56.373Z loadProject: no active .sokonanoda document
2026-09-20T14:27:56.403Z active document changed: file:///tmp/sokonanoda-vscode-test-glyOuG/build-smoke.sokonanoda
2026-09-20T14:27:56.413Z soko/project ok: project=null reason=no-imports
2026-09-20T14:27:56.461Z soko/project ok: project=null reason=no-imports
2026-09-20T14:27:56.480Z soko/project ok: project=null reason=no-imports
2026-09-20T14:27:56.508Z active document changed: (none)
2026-09-20T14:27:56.508Z loadProject: no active .sokonanoda document
2026-09-20T14:27:56.593Z client state: stopped
