# scripts/vscode-e2e.sh — VS Code 1.106.0 · extension v0.77.0 · ac558ff9dca8421e6f46ef4c522dd5fa00f50e8b
# 结果：35 passing / 0 failing / 0 pending（exit=0）

## doctor（服务器解析与版本自述）
--- doctor ---
sokonanoda doctor — 扩展 v0.77.0 (6 checks)
[ok] 1/6 resolution：bundled — /home/runner/work/sokonanoda-lang/sokonanoda-lang/editor/vscode/bin/linux-x64/sokonanoda-lsp (source=bundled)
[ok] 2/6 server-version：0.77.0 (pid 3079) == 扩展 v0.77.0 (source=bundled)
[ok] 3/6 host-version：运行宿主 v0.77.0
[ok] 4/6 ignored-override：没有被忽略的 serverPath/env 覆盖
[info] 5/6 download-cache：无下载缓存（仅影响 CLI/universal 兜底，不影响内置服务器）
[info] 6/6 obsolete-versions：检测到 0 个扩展版本快照、0 个 .obsolete 条目；完整重启 VS Code 会自动清理

## 用例
    ✔ .sokonanoda files get the sokonanoda language id (80ms)
    ✔ confusable-character highlight is off for sokonanoda files
    ✔ #check results appear as inlay hints (224ms)
    ✔ clean lesson publishes empty diagnostics (142ms)
    ✔ kernel-rejected declaration carries the kernel-rejected code (66ms)
    ✔ open exercise carries a sorry warning, not an error (69ms)
    ✔ a declaration named Prop warns, not errors (59ms)
    ✔ open exercise shows a hover on the hole (124ms)
    ✔ hover 的类型文本折成记法（T-U12 面 #3，e2e 那一份） (210ms)
    ✔ notation input: the rewriter produces ∧ and hover teaches \and (180ms)
    ✔ restart server command re-syncs open documents (152ms)
    ✔ infoview command is registered and revealable (144ms)
    ✔ the project tree shows the real closure of an imported module (324ms)
    ✔ the project tree names the file a single-file document is (143ms)
    ✔ the project tree marks a broken import as the root cause (138ms)
    ✔ build / rebuild commands warm the compile cache through the CLI (4925ms)
    ✔ Clean Cache empties the project store and does not compile (E31) (4172ms)
    ✔ the Infoview receives the project view (E30) (151ms)
    ✔ Infoview 'definition' lands exactly where the editor F12 lands (E27) (145ms)
    ✔ doctor command returns a read-only source + version report
    ✔ declarations panel lists a project unit's declarations
    ✔ open declaration ships coloured goal runs to the Infoview (49ms)
    ✔ next hole jumps inside a project unit (38ms)
    ✔ warmCacheOnOpen pre-builds the workspace at activation
    ✔ reopening a project unit hits the compile cache (3927ms)
    ✔ rewriting an unchanged project unit does not recompile (1960ms)
    ✔ editing a dependency refreshes the open unit once (5546ms)
    ✔ goal text uses the file's notation (639ms)
    ✔ goal text folds a binder notation whose type contains a lambda (340ms)
    ✔ Infoview 的 `⊢` 用记法箭头 `→`，且 runs 与 text 同源 (339ms)
    ✔ Infoview 里集合字面量显示成 `{a}`（不是 `Set.singleton α a`） (339ms)
    ✔ go to definition on a `{a}` set literal lands on `Set.singleton` (128ms)
    ✔ go to definition on a prelude name lands in the prelude source (127ms)
    ✔ go to definition on a notation symbol lands on its declaration (256ms)
    ✔ hover on a notation symbol shows the target's signature (183ms)

## 扩展接线日志（SOKO_E2E_LOG）
2026-09-28T05:55:54.721Z server command: /home/runner/work/sokonanoda-lang/sokonanoda-lang/editor/vscode/bin/linux-x64/sokonanoda-lsp (source=bundled)
2026-09-28T05:55:54.722Z client state: starting
2026-09-28T05:55:54.739Z client state: running
2026-09-28T05:55:54.747Z loadProject: no active .sokonanoda document
2026-09-28T05:55:55.021Z active document changed: file:///tmp/sokonanoda-vscode-test-mCoer7/check.sokonanoda
2026-09-28T05:55:55.031Z soko/project ok: project=null reason=no-imports
2026-09-28T05:55:55.182Z active document changed: (none)
2026-09-28T05:55:55.182Z loadProject: no active .sokonanoda document
2026-09-28T05:55:55.197Z loadProject: no active .sokonanoda document
2026-09-28T05:55:55.240Z active document changed: file:///tmp/sokonanoda-vscode-test-mCoer7/lesson-clean.sokonanoda
2026-09-28T05:55:55.253Z soko/project ok: project=null reason=no-imports
2026-09-28T05:55:55.342Z active document changed: (none)
2026-09-28T05:55:55.342Z loadProject: no active .sokonanoda document
2026-09-28T05:55:55.401Z active document changed: file:///tmp/sokonanoda-vscode-test-mCoer7/kernel-bad.sokonanoda
2026-09-28T05:55:55.414Z soko/project ok: project=null reason=no-imports
2026-09-28T05:55:55.436Z soko/project ok: project=null reason=no-imports
2026-09-28T05:55:55.453Z active document changed: (none)
2026-09-28T05:55:55.453Z loadProject: no active .sokonanoda document
2026-09-28T05:55:55.516Z active document changed: file:///tmp/sokonanoda-vscode-test-mCoer7/exercise.sokonanoda
2026-09-28T05:55:55.528Z soko/project ok: project=null reason=no-imports
2026-09-28T05:55:55.572Z active document changed: (none)
2026-09-28T05:55:55.572Z loadProject: no active .sokonanoda document
2026-09-28T05:55:55.623Z active document changed: file:///tmp/sokonanoda-vscode-test-mCoer7/reserved.sokonanoda
2026-09-28T05:55:55.635Z soko/project ok: project=null reason=no-imports
2026-09-28T05:55:55.672Z active document changed: (none)
2026-09-28T05:55:55.672Z loadProject: no active .sokonanoda document
2026-09-28T05:55:55.734Z active document changed: file:///tmp/sokonanoda-vscode-test-mCoer7/exercise-hover.sokonanoda
2026-09-28T05:55:55.747Z soko/project ok: project=null reason=no-imports
2026-09-28T05:55:55.818Z active document changed: (none)
2026-09-28T05:55:55.818Z loadProject: no active .sokonanoda document
2026-09-28T05:55:55.854Z active document changed: file:///home/runner/work/sokonanoda-lang/sokonanoda-lang/editor/vscode/src/test/fixtures/workspace/units/u01.sokonanoda
2026-09-28T05:55:55.869Z soko/project ok: project=units.u01 (2 modules) reason=null
2026-09-28T05:55:56.039Z active document changed: (none)
2026-09-28T05:55:56.039Z loadProject: no active .sokonanoda document
2026-09-28T05:55:56.042Z loadProject: no active .sokonanoda document
2026-09-28T05:55:56.079Z active document changed: file:///tmp/sokonanoda-vscode-test-mCoer7/notation-input.sokonanoda
2026-09-28T05:55:56.093Z soko/project ok: project=null reason=no-imports
2026-09-28T05:55:56.253Z active document changed: (none)
2026-09-28T05:55:56.253Z loadProject: no active .sokonanoda document
2026-09-28T05:55:56.307Z loadProject: no active .sokonanoda document
2026-09-28T05:55:56.308Z active document changed: file:///tmp/sokonanoda-vscode-test-mCoer7/restart.sokonanoda
2026-09-28T05:55:56.330Z soko/project ok: project=null reason=no-imports
2026-09-28T05:55:56.336Z client state: stopped
2026-09-28T05:55:56.344Z client state: starting
2026-09-28T05:55:56.383Z client state: running
2026-09-28T05:55:56.431Z active document changed: (none)
2026-09-28T05:55:56.431Z loadProject: no active .sokonanoda document
2026-09-28T05:55:56.597Z loadProject: no active .sokonanoda document
2026-09-28T05:55:56.743Z active document changed: file:///tmp/sokonanoda-vscode-test-mCoer7/proj-ok/Main.sokonanoda
2026-09-28T05:55:56.768Z soko/project ok: project=Main (2 modules) reason=null
2026-09-28T05:55:56.769Z soko/project ok: project=Main (2 modules) reason=null
2026-09-28T05:55:56.869Z soko/project ok: project=Main (2 modules) reason=null
2026-09-28T05:55:56.936Z soko/project ok: project=Main (2 modules) reason=null
2026-09-28T05:55:56.972Z active document changed: (none)
2026-09-28T05:55:56.972Z loadProject: no active .sokonanoda document
2026-09-28T05:55:57.012Z active document changed: file:///tmp/sokonanoda-vscode-test-mCoer7/single.sokonanoda
2026-09-28T05:55:57.025Z soko/project ok: project=null reason=no-imports
2026-09-28T05:55:57.027Z soko/project ok: project=null reason=no-imports
2026-09-28T05:55:57.130Z active document changed: (none)
2026-09-28T05:55:57.130Z loadProject: no active .sokonanoda document
2026-09-28T05:55:57.162Z active document changed: file:///tmp/sokonanoda-vscode-test-mCoer7/proj-broken/Main.sokonanoda
2026-09-28T05:55:57.174Z soko/project ok: project=Main (1 modules) reason=null
2026-09-28T05:55:57.176Z soko/project ok: project=Main (1 modules) reason=null
2026-09-28T05:55:57.197Z soko/project ok: project=Main (1 modules) reason=null
2026-09-28T05:55:57.279Z active document changed: (none)
2026-09-28T05:55:57.279Z loadProject: no active .sokonanoda document
2026-09-28T05:55:57.307Z active document changed: file:///home/runner/work/sokonanoda-lang/sokonanoda-lang/editor/vscode/src/test/fixtures/workspace/units/u01.sokonanoda
2026-09-28T05:55:57.324Z soko/project ok: project=units.u01 (2 modules) reason=null
2026-09-28T05:55:57.360Z soko/project ok: project=units.u01 (2 modules) reason=null
2026-09-28T05:55:58.044Z warmCacheOnOpen: exit=0
2026-09-28T05:55:59.622Z soko/project ok: project=units.u01 (2 modules) reason=null
2026-09-28T05:56:02.212Z soko/project ok: project=units.u01 (2 modules) reason=null
2026-09-28T05:56:02.231Z active document changed: (none)
2026-09-28T05:56:02.231Z loadProject: no active .sokonanoda document
2026-09-28T05:56:02.271Z active document changed: file:///home/runner/work/sokonanoda-lang/sokonanoda-lang/editor/vscode/src/test/fixtures/workspace/units/u01.sokonanoda
2026-09-28T05:56:02.280Z soko/project ok: project=units.u01 (2 modules) reason=null
2026-09-28T05:56:02.331Z soko/project ok: project=units.u01 (2 modules) reason=null
2026-09-28T05:56:02.337Z soko/project ok: project=units.u01 (2 modules) reason=null
2026-09-28T05:56:06.409Z soko/project ok: project=units.u01 (2 modules) reason=null
2026-09-28T05:56:06.440Z active document changed: (none)
2026-09-28T05:56:06.440Z loadProject: no active .sokonanoda document
2026-09-28T05:56:06.484Z active document changed: file:///home/runner/work/sokonanoda-lang/sokonanoda-lang/editor/vscode/src/test/fixtures/workspace/units/u01.sokonanoda
2026-09-28T05:56:06.497Z soko/project ok: project=units.u01 (2 modules) reason=null
2026-09-28T05:56:06.603Z active document changed: (none)
2026-09-28T05:56:06.603Z loadProject: no active .sokonanoda document
2026-09-28T05:56:06.627Z active document changed: file:///home/runner/work/sokonanoda-lang/sokonanoda-lang/editor/vscode/src/test/fixtures/workspace/units/u01.sokonanoda
2026-09-28T05:56:06.639Z soko/project ok: project=units.u01 (2 modules) reason=null
2026-09-28T05:56:06.732Z active document changed: (none)
2026-09-28T05:56:06.732Z loadProject: no active .sokonanoda document
2026-09-28T05:56:06.740Z active document changed: file:///home/runner/work/sokonanoda-lang/sokonanoda-lang/editor/vscode/src/test/fixtures/workspace/lib/Set.sokonanoda
2026-09-28T05:56:06.757Z soko/project ok: project=null reason=no-imports
2026-09-28T05:56:06.796Z active document changed: (none)
2026-09-28T05:56:06.796Z loadProject: no active .sokonanoda document
2026-09-28T05:56:06.850Z active document changed: file:///home/runner/work/sokonanoda-lang/sokonanoda-lang/editor/vscode/src/test/fixtures/workspace/units/u01.sokonanoda
2026-09-28T05:56:06.865Z soko/project ok: project=units.u01 (2 modules) reason=null
2026-09-28T05:56:06.931Z soko/project ok: project=units.u01 (2 modules) reason=null
2026-09-28T05:56:06.945Z active document changed: (none)
2026-09-28T05:56:06.946Z loadProject: no active .sokonanoda document
2026-09-28T05:56:06.977Z active document changed: file:///home/runner/work/sokonanoda-lang/sokonanoda-lang/editor/vscode/src/test/fixtures/workspace/units/u01.sokonanoda
2026-09-28T05:56:06.989Z soko/project ok: project=units.u01 (2 modules) reason=null
2026-09-28T05:56:07.065Z active document changed: (none)
2026-09-28T05:56:07.065Z loadProject: no active .sokonanoda document
2026-09-28T05:56:07.089Z active document changed: file:///home/runner/work/sokonanoda-lang/sokonanoda-lang/editor/vscode/src/test/fixtures/workspace/units/u01.sokonanoda
2026-09-28T05:56:07.101Z soko/project ok: project=units.u01 (2 modules) reason=null
2026-09-28T05:56:07.158Z active document changed: (none)
2026-09-28T05:56:07.158Z loadProject: no active .sokonanoda document
2026-09-28T05:56:07.200Z active document changed: file:///home/runner/work/sokonanoda-lang/sokonanoda-lang/editor/vscode/src/test/fixtures/workspace/units/u02-cold-open.sokonanoda
2026-09-28T05:56:07.233Z soko/project ok: project=null reason=no-imports
2026-09-28T05:56:11.038Z client state: stopped
2026-09-28T05:56:11.041Z client state: starting
2026-09-28T05:56:11.053Z client state: running
PERF e2e cache: cold=3867ms warm=58ms
2026-09-28T05:56:11.151Z active document changed: (none)
2026-09-28T05:56:11.151Z loadProject: no active .sokonanoda document
2026-09-28T05:56:11.203Z active document changed: file:///home/runner/work/sokonanoda-lang/sokonanoda-lang/editor/vscode/src/test/fixtures/workspace/units/u01.sokonanoda
2026-09-28T05:56:11.214Z soko/project ok: project=units.u01 (2 modules) reason=null
2026-09-28T05:56:11.360Z soko/project ok: project=units.u01 (2 modules) reason=null
2026-09-28T05:56:11.748Z soko/project ok: project=units.u01 (2 modules) reason=null
2026-09-28T05:56:12.203Z soko/project ok: project=units.u01 (2 modules) reason=null
2026-09-28T05:56:13.125Z active document changed: (none)
2026-09-28T05:56:13.125Z loadProject: no active .sokonanoda document
2026-09-28T05:56:13.146Z active document changed: file:///home/runner/work/sokonanoda-lang/sokonanoda-lang/editor/vscode/src/test/fixtures/workspace/units/u01.sokonanoda
2026-09-28T05:56:13.156Z soko/project ok: project=units.u01 (2 modules) reason=null
2026-09-28T05:56:13.856Z soko/project ok: project=units.u01 (2 modules) reason=null
2026-09-28T05:56:14.336Z soko/project ok: project=units.u01 (2 modules) reason=null
PERF e2e fanout: entry diagnostics signature=152 字节 · 稳定 ✓
2026-09-28T05:56:18.679Z active document changed: (none)
2026-09-28T05:56:18.680Z loadProject: no active .sokonanoda document
2026-09-28T05:56:18.707Z active document changed: file:///home/runner/work/sokonanoda-lang/sokonanoda-lang/editor/vscode/src/test/fixtures/workspace/units/u01.sokonanoda
2026-09-28T05:56:18.717Z soko/project ok: project=units.u01 (2 modules) reason=null
2026-09-28T05:56:19.316Z soko/project ok: project=units.u01 (2 modules) reason=null
2026-09-28T05:56:19.329Z active document changed: (none)
2026-09-28T05:56:19.329Z loadProject: no active .sokonanoda document
2026-09-28T05:56:19.354Z active document changed: file:///home/runner/work/sokonanoda-lang/sokonanoda-lang/editor/vscode/src/test/fixtures/workspace/units/u01.sokonanoda
2026-09-28T05:56:19.370Z soko/project ok: project=units.u01 (2 modules) reason=null
2026-09-28T05:56:19.680Z active document changed: (none)
2026-09-28T05:56:19.680Z loadProject: no active .sokonanoda document
2026-09-28T05:56:19.705Z active document changed: file:///home/runner/work/sokonanoda-lang/sokonanoda-lang/editor/vscode/src/test/fixtures/workspace/units/u01.sokonanoda
2026-09-28T05:56:19.721Z soko/project ok: project=units.u01 (2 modules) reason=null
2026-09-28T05:56:20.032Z active document changed: (none)
2026-09-28T05:56:20.032Z loadProject: no active .sokonanoda document
2026-09-28T05:56:20.060Z active document changed: file:///home/runner/work/sokonanoda-lang/sokonanoda-lang/editor/vscode/src/test/fixtures/workspace/units/u01.sokonanoda
2026-09-28T05:56:20.076Z soko/project ok: project=units.u01 (2 modules) reason=null
2026-09-28T05:56:20.384Z active document changed: (none)
2026-09-28T05:56:20.384Z loadProject: no active .sokonanoda document
2026-09-28T05:56:20.411Z active document changed: file:///home/runner/work/sokonanoda-lang/sokonanoda-lang/editor/vscode/src/test/fixtures/workspace/units/u01.sokonanoda
2026-09-28T05:56:20.431Z soko/project ok: project=units.u01 (2 modules) reason=null
2026-09-28T05:56:20.526Z active document changed: (none)
2026-09-28T05:56:20.527Z loadProject: no active .sokonanoda document
2026-09-28T05:56:20.557Z active document changed: file:///home/runner/work/sokonanoda-lang/sokonanoda-lang/editor/vscode/src/test/fixtures/workspace/units/u01.sokonanoda
2026-09-28T05:56:20.573Z soko/project ok: project=units.u01 (2 modules) reason=null
2026-09-28T05:56:20.669Z active document changed: (none)
2026-09-28T05:56:20.669Z loadProject: no active .sokonanoda document
2026-09-28T05:56:20.742Z active document changed: file:///home/runner/work/sokonanoda-lang/sokonanoda-lang/editor/vscode/src/test/fixtures/workspace/units/u01.sokonanoda
2026-09-28T05:56:20.763Z soko/project ok: project=units.u01 (2 modules) reason=null
2026-09-28T05:56:20.944Z active document changed: (none)
2026-09-28T05:56:20.944Z loadProject: no active .sokonanoda document
2026-09-28T05:56:20.982Z active document changed: file:///home/runner/work/sokonanoda-lang/sokonanoda-lang/editor/vscode/src/test/fixtures/workspace/units/u01.sokonanoda
2026-09-28T05:56:21.004Z soko/project ok: project=units.u01 (2 modules) reason=null
2026-09-28T05:56:21.154Z active document changed: (none)
2026-09-28T05:56:21.154Z loadProject: no active .sokonanoda document
2026-09-28T05:56:21.201Z client state: stopped
