# scripts/vscode-e2e.sh — VS Code 1.106.0 · extension v0.62.0 · 6b76127efb6a244871aa1ead605f8626693b30f3
# 结果：16 passing / 0 failing / 0 pending（exit=0）

## doctor（服务器解析与版本自述）
--- doctor ---
sokonanoda doctor — 扩展 v0.62.0 (6 checks)
[ok] 1/6 resolution：bundled — /home/runner/work/sokonanoda-lang/sokonanoda-lang/editor/vscode/bin/linux-x64/sokonanoda-lsp (source=bundled)
[ok] 2/6 server-version：0.62.0 (pid 2892) == 扩展 v0.62.0 (source=bundled)
[ok] 3/6 host-version：运行宿主 v0.62.0
[ok] 4/6 ignored-override：没有被忽略的 serverPath/env 覆盖
[info] 5/6 download-cache：无下载缓存（仅影响 CLI/universal 兜底，不影响内置服务器）
[info] 6/6 obsolete-versions：检测到 0 个扩展版本快照、0 个 .obsolete 条目；完整重启 VS Code 会自动清理

## 用例
    ✔ .sokonanoda files get the sokonanoda language id (70ms)
    ✔ confusable-character highlight is off for sokonanoda files
    ✔ #check results appear as inlay hints (141ms)
    ✔ clean lesson publishes empty diagnostics (77ms)
    ✔ kernel-rejected declaration carries the kernel-rejected code
    ✔ open exercise carries a sorry warning, not an error
    ✔ a declaration named Prop warns, not errors (40ms)
    ✔ open exercise shows a hover on the hole (78ms)
    ✔ notation input: the rewriter produces ∧ and hover teaches \and (86ms)
    ✔ restart server command re-syncs open documents (75ms)
    ✔ infoview command is registered and revealable (83ms)
    ✔ the project tree shows the real closure of an imported module (148ms)
    ✔ the project tree names the file a single-file document is (153ms)
    ✔ the project tree marks a broken import as the root cause (129ms)
    ✔ build / rebuild commands warm the compile cache through the CLI (64ms)
    ✔ doctor command returns a read-only source + version report

## 扩展接线日志（SOKO_E2E_LOG）
2026-09-20T16:02:53.795Z server command: /home/runner/work/sokonanoda-lang/sokonanoda-lang/editor/vscode/bin/linux-x64/sokonanoda-lsp (source=bundled)
2026-09-20T16:02:53.795Z client state: starting
2026-09-20T16:02:53.808Z client state: running
2026-09-20T16:02:53.813Z loadProject: no active .sokonanoda document
2026-09-20T16:02:53.985Z active document changed: file:///tmp/sokonanoda-vscode-test-P7cV8Q/check.sokonanoda
2026-09-20T16:02:53.990Z soko/project ok: project=null reason=no-imports
2026-09-20T16:02:54.069Z active document changed: (none)
2026-09-20T16:02:54.069Z loadProject: no active .sokonanoda document
2026-09-20T16:02:54.096Z active document changed: file:///tmp/sokonanoda-vscode-test-P7cV8Q/lesson-clean.sokonanoda
2026-09-20T16:02:54.106Z soko/project ok: project=null reason=no-imports
2026-09-20T16:02:54.163Z active document changed: (none)
2026-09-20T16:02:54.163Z loadProject: no active .sokonanoda document
2026-09-20T16:02:54.189Z active document changed: file:///tmp/sokonanoda-vscode-test-P7cV8Q/kernel-bad.sokonanoda
2026-09-20T16:02:54.195Z soko/project ok: project=null reason=no-imports
2026-09-20T16:02:54.237Z active document changed: (none)
2026-09-20T16:02:54.237Z loadProject: no active .sokonanoda document
2026-09-20T16:02:54.265Z active document changed: file:///tmp/sokonanoda-vscode-test-P7cV8Q/exercise.sokonanoda
2026-09-20T16:02:54.272Z soko/project ok: project=null reason=no-imports
2026-09-20T16:02:54.302Z active document changed: (none)
2026-09-20T16:02:54.302Z loadProject: no active .sokonanoda document
2026-09-20T16:02:54.338Z active document changed: file:///tmp/sokonanoda-vscode-test-P7cV8Q/reserved.sokonanoda
2026-09-20T16:02:54.345Z soko/project ok: project=null reason=no-imports
2026-09-20T16:02:54.371Z active document changed: (none)
2026-09-20T16:02:54.371Z loadProject: no active .sokonanoda document
2026-09-20T16:02:54.399Z active document changed: file:///tmp/sokonanoda-vscode-test-P7cV8Q/exercise-hover.sokonanoda
2026-09-20T16:02:54.409Z soko/project ok: project=null reason=no-imports
2026-09-20T16:02:54.456Z active document changed: (none)
2026-09-20T16:02:54.456Z loadProject: no active .sokonanoda document
2026-09-20T16:02:54.482Z active document changed: file:///tmp/sokonanoda-vscode-test-P7cV8Q/notation-input.sokonanoda
2026-09-20T16:02:54.489Z soko/project ok: project=null reason=no-imports
2026-09-20T16:02:54.561Z active document changed: (none)
2026-09-20T16:02:54.561Z loadProject: no active .sokonanoda document
2026-09-20T16:02:54.602Z active document changed: file:///tmp/sokonanoda-vscode-test-P7cV8Q/restart.sokonanoda
2026-09-20T16:02:54.608Z soko/project ok: project=null reason=no-imports
2026-09-20T16:02:54.609Z client state: stopped
2026-09-20T16:02:54.611Z client state: starting
2026-09-20T16:02:54.630Z client state: running
2026-09-20T16:02:54.661Z active document changed: (none)
2026-09-20T16:02:54.661Z loadProject: no active .sokonanoda document
2026-09-20T16:02:54.781Z active document changed: file:///tmp/sokonanoda-vscode-test-P7cV8Q/proj-ok/Main.sokonanoda
2026-09-20T16:02:54.793Z soko/project ok: project=Main (2 modules) reason=null
2026-09-20T16:02:54.793Z soko/project ok: project=Main (2 modules) reason=null
2026-09-20T16:02:54.922Z active document changed: (none)
2026-09-20T16:02:54.922Z loadProject: no active .sokonanoda document
2026-09-20T16:02:54.970Z active document changed: file:///tmp/sokonanoda-vscode-test-P7cV8Q/single.sokonanoda
2026-09-20T16:02:54.976Z soko/project ok: project=null reason=no-imports
2026-09-20T16:02:54.978Z soko/project ok: project=null reason=no-imports
2026-09-20T16:02:54.994Z soko/project ok: project=null reason=no-imports
2026-09-20T16:02:55.082Z active document changed: (none)
2026-09-20T16:02:55.082Z loadProject: no active .sokonanoda document
2026-09-20T16:02:55.106Z active document changed: file:///tmp/sokonanoda-vscode-test-P7cV8Q/proj-broken/Main.sokonanoda
2026-09-20T16:02:55.113Z soko/project ok: project=Main (1 modules) reason=null
2026-09-20T16:02:55.114Z soko/project ok: project=Main (1 modules) reason=null
2026-09-20T16:02:55.220Z active document changed: (none)
2026-09-20T16:02:55.220Z loadProject: no active .sokonanoda document
2026-09-20T16:02:55.241Z active document changed: file:///tmp/sokonanoda-vscode-test-P7cV8Q/build-smoke.sokonanoda
2026-09-20T16:02:55.247Z soko/project ok: project=null reason=no-imports
2026-09-20T16:02:55.270Z soko/project ok: project=null reason=no-imports
2026-09-20T16:02:55.288Z soko/project ok: project=null reason=no-imports
2026-09-20T16:02:55.313Z active document changed: (none)
2026-09-20T16:02:55.313Z loadProject: no active .sokonanoda document
2026-09-20T16:02:55.385Z client state: stopped
