# scripts/vscode-e2e.sh — VS Code 1.106.0 · extension v0.65.1 · 71e3ee7b06b8bf24fa6974f1adf1d6b94a51b610
# 结果：25 passing / 0 failing / 0 pending（exit=0）

## doctor（服务器解析与版本自述）
--- doctor ---
sokonanoda doctor — 扩展 v0.65.1 (6 checks)
[ok] 1/6 resolution：bundled — /home/runner/work/sokonanoda-lang/sokonanoda-lang/editor/vscode/bin/linux-x64/sokonanoda-lsp (source=bundled)
[ok] 2/6 server-version：0.65.1 (pid 3072) == 扩展 v0.65.1 (source=bundled)
[ok] 3/6 host-version：运行宿主 v0.65.1
[ok] 4/6 ignored-override：没有被忽略的 serverPath/env 覆盖
[info] 5/6 download-cache：无下载缓存（仅影响 CLI/universal 兜底，不影响内置服务器）
[info] 6/6 obsolete-versions：检测到 0 个扩展版本快照、0 个 .obsolete 条目；完整重启 VS Code 会自动清理

## 用例
    ✔ .sokonanoda files get the sokonanoda language id (74ms)
    ✔ confusable-character highlight is off for sokonanoda files
    ✔ #check results appear as inlay hints (192ms)
    ✔ clean lesson publishes empty diagnostics (132ms)
    ✔ kernel-rejected declaration carries the kernel-rejected code (139ms)
    ✔ open exercise carries a sorry warning, not an error (56ms)
    ✔ a declaration named Prop warns, not errors (57ms)
    ✔ open exercise shows a hover on the hole (109ms)
    ✔ notation input: the rewriter produces ∧ and hover teaches \and (136ms)
    ✔ restart server command re-syncs open documents (98ms)
    ✔ infoview command is registered and revealable (106ms)
    ✔ the project tree shows the real closure of an imported module (167ms)
    ✔ the project tree names the file a single-file document is (138ms)
    ✔ the project tree marks a broken import as the root cause (135ms)
    ✔ build / rebuild commands warm the compile cache through the CLI (88ms)
    ✔ doctor command returns a read-only source + version report (54ms)
    ✔ declarations panel lists a project unit's declarations (542ms)
    ✔ next hole jumps inside a project unit (46ms)
    ✔ warmCacheOnOpen pre-builds the workspace at activation
    ✔ reopening a project unit hits the compile cache (3887ms)
    ✔ rewriting an unchanged project unit does not recompile (1539ms)
    ✔ editing a dependency refreshes the open unit once (1537ms)
    ✔ goal text uses the file's notation (747ms)
    ✔ go to definition on a notation symbol lands on its declaration (133ms)
    ✔ hover on a notation symbol shows the target's signature (129ms)

## 扩展接线日志（SOKO_E2E_LOG）
2026-09-23T14:51:20.667Z server command: /home/runner/work/sokonanoda-lang/sokonanoda-lang/editor/vscode/bin/linux-x64/sokonanoda-lsp (source=bundled)
2026-09-23T14:51:20.668Z client state: starting
2026-09-23T14:51:20.686Z client state: running
2026-09-23T14:51:20.693Z loadProject: no active .sokonanoda document
2026-09-23T14:51:20.898Z warmCacheOnOpen: exit=0
2026-09-23T14:51:20.948Z active document changed: file:///tmp/sokonanoda-vscode-test-FNG76X/check.sokonanoda
2026-09-23T14:51:20.976Z soko/project ok: project=null reason=no-imports
2026-09-23T14:51:21.063Z active document changed: (none)
2026-09-23T14:51:21.063Z loadProject: no active .sokonanoda document
2026-09-23T14:51:21.122Z active document changed: file:///tmp/sokonanoda-vscode-test-FNG76X/lesson-clean.sokonanoda
2026-09-23T14:51:21.131Z soko/project ok: project=null reason=no-imports
2026-09-23T14:51:21.136Z soko/project ok: project=null reason=no-imports
2026-09-23T14:51:21.205Z active document changed: (none)
2026-09-23T14:51:21.205Z loadProject: no active .sokonanoda document
2026-09-23T14:51:21.241Z active document changed: file:///tmp/sokonanoda-vscode-test-FNG76X/kernel-bad.sokonanoda
2026-09-23T14:51:21.250Z soko/project ok: project=null reason=no-imports
2026-09-23T14:51:21.361Z active document changed: (none)
2026-09-23T14:51:21.361Z loadProject: no active .sokonanoda document
2026-09-23T14:51:21.417Z active document changed: file:///tmp/sokonanoda-vscode-test-FNG76X/exercise.sokonanoda
2026-09-23T14:51:21.425Z soko/project ok: project=null reason=no-imports
2026-09-23T14:51:21.451Z soko/project ok: project=null reason=no-imports
2026-09-23T14:51:21.468Z active document changed: (none)
2026-09-23T14:51:21.468Z loadProject: no active .sokonanoda document
2026-09-23T14:51:21.521Z active document changed: file:///tmp/sokonanoda-vscode-test-FNG76X/reserved.sokonanoda
2026-09-23T14:51:21.529Z soko/project ok: project=null reason=no-imports
2026-09-23T14:51:21.607Z active document changed: (none)
2026-09-23T14:51:21.608Z loadProject: no active .sokonanoda document
2026-09-23T14:51:21.657Z active document changed: file:///tmp/sokonanoda-vscode-test-FNG76X/exercise-hover.sokonanoda
2026-09-23T14:51:21.664Z soko/project ok: project=null reason=no-imports
2026-09-23T14:51:21.725Z active document changed: (none)
2026-09-23T14:51:21.725Z loadProject: no active .sokonanoda document
2026-09-23T14:51:21.768Z active document changed: file:///tmp/sokonanoda-vscode-test-FNG76X/notation-input.sokonanoda
2026-09-23T14:51:21.778Z soko/project ok: project=null reason=no-imports
2026-09-23T14:51:21.889Z active document changed: (none)
2026-09-23T14:51:21.889Z loadProject: no active .sokonanoda document
2026-09-23T14:51:21.935Z active document changed: file:///tmp/sokonanoda-vscode-test-FNG76X/restart.sokonanoda
2026-09-23T14:51:21.943Z soko/project ok: project=null reason=no-imports
2026-09-23T14:51:21.947Z client state: stopped
2026-09-23T14:51:21.951Z client state: starting
2026-09-23T14:51:21.982Z client state: running
2026-09-23T14:51:22.036Z active document changed: (none)
2026-09-23T14:51:22.036Z loadProject: no active .sokonanoda document
2026-09-23T14:51:22.187Z loadProject: no active .sokonanoda document
2026-09-23T14:51:22.202Z active document changed: file:///tmp/sokonanoda-vscode-test-FNG76X/proj-ok/Main.sokonanoda
2026-09-23T14:51:22.221Z soko/project ok: project=null reason=no-imports
2026-09-23T14:51:22.224Z soko/project ok: project=Main (2 modules) reason=null
2026-09-23T14:51:22.331Z active document changed: (none)
2026-09-23T14:51:22.331Z loadProject: no active .sokonanoda document
2026-09-23T14:51:22.361Z active document changed: file:///tmp/sokonanoda-vscode-test-FNG76X/single.sokonanoda
2026-09-23T14:51:22.371Z soko/project ok: project=null reason=no-imports
2026-09-23T14:51:22.372Z soko/project ok: project=null reason=no-imports
2026-09-23T14:51:22.477Z active document changed: (none)
2026-09-23T14:51:22.477Z loadProject: no active .sokonanoda document
2026-09-23T14:51:22.506Z active document changed: file:///tmp/sokonanoda-vscode-test-FNG76X/proj-broken/Main.sokonanoda
2026-09-23T14:51:22.514Z soko/project ok: project=Main (1 modules) reason=null
2026-09-23T14:51:22.516Z soko/project ok: project=Main (1 modules) reason=null
2026-09-23T14:51:22.621Z active document changed: (none)
2026-09-23T14:51:22.621Z loadProject: no active .sokonanoda document
2026-09-23T14:51:22.650Z active document changed: file:///tmp/sokonanoda-vscode-test-FNG76X/build-smoke.sokonanoda
2026-09-23T14:51:22.667Z soko/project ok: project=null reason=no-imports
2026-09-23T14:51:22.697Z soko/project ok: project=null reason=no-imports
2026-09-23T14:51:22.720Z soko/project ok: project=null reason=no-imports
2026-09-23T14:51:22.748Z active document changed: (none)
2026-09-23T14:51:22.748Z loadProject: no active .sokonanoda document
2026-09-23T14:51:22.842Z active document changed: file:///home/runner/work/sokonanoda-lang/sokonanoda-lang/editor/vscode/src/test/fixtures/workspace/units/u01.sokonanoda
2026-09-23T14:51:22.852Z soko/project ok: project=null reason=no-imports
2026-09-23T14:51:22.854Z soko/project ok: project=null reason=no-imports
2026-09-23T14:51:23.310Z soko/project ok: project=units.u01 (2 modules) reason=null
2026-09-23T14:51:23.365Z active document changed: (none)
2026-09-23T14:51:23.365Z loadProject: no active .sokonanoda document
2026-09-23T14:51:23.387Z active document changed: file:///home/runner/work/sokonanoda-lang/sokonanoda-lang/editor/vscode/src/test/fixtures/workspace/units/u01.sokonanoda
2026-09-23T14:51:23.409Z soko/project ok: project=units.u01 (2 modules) reason=null
2026-09-23T14:51:23.498Z active document changed: (none)
2026-09-23T14:51:23.498Z loadProject: no active .sokonanoda document
2026-09-23T14:51:23.529Z active document changed: file:///home/runner/work/sokonanoda-lang/sokonanoda-lang/editor/vscode/src/test/fixtures/workspace/units/u02.sokonanoda
2026-09-23T14:51:23.543Z soko/project ok: project=null reason=no-imports
2026-09-23T14:51:27.344Z client state: stopped
2026-09-23T14:51:27.347Z client state: starting
2026-09-23T14:51:27.362Z client state: running
PERF e2e cache: cold=3831ms warm=54ms entries=1
2026-09-23T14:51:27.460Z active document changed: (none)
2026-09-23T14:51:27.461Z loadProject: no active .sokonanoda document
2026-09-23T14:51:27.486Z active document changed: file:///home/runner/work/sokonanoda-lang/sokonanoda-lang/editor/vscode/src/test/fixtures/workspace/units/u01.sokonanoda
2026-09-23T14:51:27.498Z soko/project ok: project=units.u01 (2 modules) reason=null
2026-09-23T14:51:27.617Z soko/project ok: project=units.u01 (2 modules) reason=null
2026-09-23T14:51:28.088Z soko/project ok: project=units.u01 (2 modules) reason=null
2026-09-23T14:51:29.008Z active document changed: (none)
2026-09-23T14:51:29.008Z loadProject: no active .sokonanoda document
2026-09-23T14:51:29.035Z active document changed: file:///home/runner/work/sokonanoda-lang/sokonanoda-lang/editor/vscode/src/test/fixtures/workspace/units/u01.sokonanoda
2026-09-23T14:51:29.043Z soko/project ok: project=units.u01 (2 modules) reason=null
2026-09-23T14:51:30.167Z soko/project ok: project=units.u01 (2 modules) reason=null
PERF e2e fanout: entry diagnostics publishes=1
2026-09-23T14:51:30.558Z active document changed: (none)
2026-09-23T14:51:30.558Z loadProject: no active .sokonanoda document
2026-09-23T14:51:30.593Z active document changed: file:///home/runner/work/sokonanoda-lang/sokonanoda-lang/editor/vscode/src/test/fixtures/workspace/units/u01.sokonanoda
2026-09-23T14:51:30.607Z soko/project ok: project=units.u01 (2 modules) reason=null
2026-09-23T14:51:31.244Z soko/project ok: project=units.u01 (2 modules) reason=null
2026-09-23T14:51:31.323Z active document changed: (none)
2026-09-23T14:51:31.323Z loadProject: no active .sokonanoda document
2026-09-23T14:51:31.362Z active document changed: file:///home/runner/work/sokonanoda-lang/sokonanoda-lang/editor/vscode/src/test/fixtures/workspace/units/u01.sokonanoda
2026-09-23T14:51:31.377Z soko/project ok: project=units.u01 (2 modules) reason=null
2026-09-23T14:51:31.480Z active document changed: (none)
2026-09-23T14:51:31.480Z loadProject: no active .sokonanoda document
2026-09-23T14:51:31.516Z active document changed: file:///home/runner/work/sokonanoda-lang/sokonanoda-lang/editor/vscode/src/test/fixtures/workspace/units/u01.sokonanoda
2026-09-23T14:51:31.534Z soko/project ok: project=units.u01 (2 modules) reason=null
2026-09-23T14:51:31.633Z active document changed: (none)
2026-09-23T14:51:31.633Z loadProject: no active .sokonanoda document
2026-09-23T14:51:31.689Z client state: stopped
