# scripts/vscode-e2e.sh — VS Code 1.106.0 · extension v0.59.0 · 84bce525762357a3fb930f44ea412cf0d352d039
# 结果：14 passing / 0 failing / 0 pending（exit=0）

## doctor（服务器解析与版本自述）
--- doctor ---
sokonanoda doctor — 扩展 v0.59.0 (6 checks)
[ok] 1/6 resolution：bundled — /home/runner/work/sokonanoda-lang/sokonanoda-lang/editor/vscode/bin/linux-x64/sokonanoda-lsp (source=bundled)
[ok] 2/6 server-version：0.59.0 (pid 3056) == 扩展 v0.59.0 (source=bundled)
[ok] 3/6 host-version：运行宿主 v0.59.0
[ok] 4/6 ignored-override：没有被忽略的 serverPath/env 覆盖
[info] 5/6 download-cache：无下载缓存（仅影响 CLI/universal 兜底，不影响内置服务器）
[info] 6/6 obsolete-versions：检测到 0 个扩展版本快照、0 个 .obsolete 条目；完整重启 VS Code 会自动清理

## 用例
    ✔ .sokonanoda files get the sokonanoda language id (96ms)
    ✔ confusable-character highlight is off for sokonanoda files
    ✔ #check results appear as inlay hints (164ms)
    ✔ clean lesson publishes empty diagnostics (115ms)
    ✔ kernel-rejected declaration carries the kernel-rejected code (38ms)
    ✔ open exercise carries a sorry warning, not an error (56ms)
    ✔ a declaration named Prop warns, not errors (40ms)
    ✔ open exercise shows a hover on the hole (100ms)
    ✔ restart server command re-syncs open documents (87ms)
    ✔ infoview command is registered and revealable (114ms)
    ✔ the project tree shows the real closure of an imported module (209ms)
    ✔ the project tree names the file a single-file document is (153ms)
    ✔ the project tree marks a broken import as the root cause (138ms)
    ✔ doctor command returns a read-only source + version report

## 扩展接线日志（SOKO_E2E_LOG）
2026-09-19T01:35:23.883Z server command: /home/runner/work/sokonanoda-lang/sokonanoda-lang/editor/vscode/bin/linux-x64/sokonanoda-lsp (source=bundled)
2026-09-19T01:35:23.884Z client state: starting
2026-09-19T01:35:23.900Z client state: running
2026-09-19T01:35:23.908Z loadProject: no active .sokonanoda document
2026-09-19T01:35:24.127Z active document changed: file:///tmp/sokonanoda-vscode-test-mRP081/check.sokonanoda
2026-09-19T01:35:24.133Z soko/project ok: project=null reason=no-imports
2026-09-19T01:35:24.280Z active document changed: (none)
2026-09-19T01:35:24.280Z loadProject: no active .sokonanoda document
2026-09-19T01:35:24.303Z loadProject: no active .sokonanoda document
2026-09-19T01:35:24.327Z active document changed: file:///tmp/sokonanoda-vscode-test-mRP081/lesson-clean.sokonanoda
2026-09-19T01:35:24.338Z soko/project ok: project=null reason=no-imports
2026-09-19T01:35:24.412Z active document changed: (none)
2026-09-19T01:35:24.412Z loadProject: no active .sokonanoda document
2026-09-19T01:35:24.446Z active document changed: file:///tmp/sokonanoda-vscode-test-mRP081/kernel-bad.sokonanoda
2026-09-19T01:35:24.453Z soko/project ok: project=null reason=no-imports
2026-09-19T01:35:24.505Z active document changed: (none)
2026-09-19T01:35:24.505Z loadProject: no active .sokonanoda document
2026-09-19T01:35:24.554Z active document changed: file:///tmp/sokonanoda-vscode-test-mRP081/exercise.sokonanoda
2026-09-19T01:35:24.566Z soko/project ok: project=null reason=no-imports
2026-09-19T01:35:24.624Z active document changed: (none)
2026-09-19T01:35:24.624Z loadProject: no active .sokonanoda document
2026-09-19T01:35:24.662Z active document changed: file:///tmp/sokonanoda-vscode-test-mRP081/reserved.sokonanoda
2026-09-19T01:35:24.669Z soko/project ok: project=null reason=no-imports
2026-09-19T01:35:24.719Z active document changed: (none)
2026-09-19T01:35:24.719Z loadProject: no active .sokonanoda document
2026-09-19T01:35:24.766Z active document changed: file:///tmp/sokonanoda-vscode-test-mRP081/exercise-hover.sokonanoda
2026-09-19T01:35:24.773Z soko/project ok: project=null reason=no-imports
2026-09-19T01:35:24.834Z active document changed: (none)
2026-09-19T01:35:24.834Z loadProject: no active .sokonanoda document
2026-09-19T01:35:24.879Z active document changed: file:///tmp/sokonanoda-vscode-test-mRP081/restart.sokonanoda
2026-09-19T01:35:24.887Z soko/project ok: project=null reason=no-imports
2026-09-19T01:35:24.889Z client state: stopped
2026-09-19T01:35:24.894Z client state: starting
2026-09-19T01:35:24.917Z client state: running
2026-09-19T01:35:24.957Z active document changed: (none)
2026-09-19T01:35:24.957Z loadProject: no active .sokonanoda document
2026-09-19T01:35:25.120Z loadProject: no active .sokonanoda document
2026-09-19T01:35:25.171Z active document changed: file:///tmp/sokonanoda-vscode-test-mRP081/proj-ok/Main.sokonanoda
2026-09-19T01:35:25.186Z soko/project ok: project=Main (2 modules) reason=null
2026-09-19T01:35:25.192Z soko/project ok: project=Main (2 modules) reason=null
2026-09-19T01:35:25.302Z active document changed: (none)
2026-09-19T01:35:25.302Z loadProject: no active .sokonanoda document
2026-09-19T01:35:25.350Z active document changed: file:///tmp/sokonanoda-vscode-test-mRP081/single.sokonanoda
2026-09-19T01:35:25.357Z soko/project ok: project=null reason=no-imports
2026-09-19T01:35:25.359Z soko/project ok: project=null reason=no-imports
2026-09-19T01:35:25.367Z soko/project ok: project=null reason=no-imports
2026-09-19T01:35:25.464Z active document changed: (none)
2026-09-19T01:35:25.465Z loadProject: no active .sokonanoda document
2026-09-19T01:35:25.494Z active document changed: file:///tmp/sokonanoda-vscode-test-mRP081/proj-broken/Main.sokonanoda
2026-09-19T01:35:25.503Z soko/project ok: project=Main (1 modules) reason=null
2026-09-19T01:35:25.506Z soko/project ok: project=Main (1 modules) reason=null
2026-09-19T01:35:25.612Z active document changed: (none)
2026-09-19T01:35:25.612Z loadProject: no active .sokonanoda document
2026-09-19T01:35:25.652Z client state: stopped
