# scripts/vscode-e2e.sh — VS Code 1.138.0 · extension v0.78.0 · 6ced1f92589a01b556e78cf439980a54b44410e5
# 结果：35 passing / 0 failing / 0 pending（exit=0）

## doctor（服务器解析与版本自述）
--- doctor ---
sokonanoda doctor — 扩展 v0.78.0 (6 checks)
[ok] 1/6 resolution：bundled — /home/runner/work/sokonanoda-lang/sokonanoda-lang/editor/vscode/bin/linux-x64/sokonanoda-lsp (source=bundled)
[ok] 2/6 server-version：0.78.0 (pid 3127) == 扩展 v0.78.0 (source=bundled)
[ok] 3/6 host-version：运行宿主 v0.78.0
[ok] 4/6 ignored-override：没有被忽略的 serverPath/env 覆盖
[info] 5/6 download-cache：无下载缓存（仅影响 CLI/universal 兜底，不影响内置服务器）
[info] 6/6 obsolete-versions：检测到 0 个扩展版本快照、0 个 .obsolete 条目；完整重启 VS Code 会自动清理

## 用例
    ✔ .sokonanoda files get the sokonanoda language id (75ms)
    ✔ confusable-character highlight is off for sokonanoda files
    ✔ #check results appear as inlay hints (389ms)
    ✔ clean lesson publishes empty diagnostics (250ms)
    ✔ kernel-rejected declaration carries the kernel-rejected code (160ms)
    ✔ open exercise carries a sorry warning, not an error (67ms)
    ✔ a declaration named Prop warns, not errors (178ms)
    ✔ open exercise shows a hover on the hole (130ms)
    ✔ hover 的类型文本折成记法（T-U12 面 #3，e2e 那一份） (230ms)
    ✔ notation input: the rewriter produces ∧ and hover teaches \and (213ms)
    ✔ restart server command re-syncs open documents (174ms)
    ✔ infoview command is registered and revealable (151ms)
    ✔ the project tree shows the real closure of an imported module (407ms)
    ✔ the project tree names the file a single-file document is (173ms)
    ✔ the project tree marks a broken import as the root cause (139ms)
    ✔ build / rebuild commands warm the compile cache through the CLI (3073ms)
    ✔ Clean Cache empties the project store and does not compile (E31) (4566ms)
    ✔ the Infoview receives the project view (E30) (43ms)
    ✔ Infoview 'definition' lands exactly where the editor F12 lands (E27) (116ms)
    ✔ doctor command returns a read-only source + version report
    ✔ declarations panel lists a project unit's declarations
    ✔ open declaration ships coloured goal runs to the Infoview
    ✔ next hole jumps inside a project unit
    ✔ warmCacheOnOpen pre-builds the workspace at activation
    ✔ reopening a project unit hits the compile cache (6265ms)
    ✔ rewriting an unchanged project unit does not recompile (1948ms)
    ✔ editing a dependency refreshes the open unit once (6947ms)
    ✔ goal text uses the file's notation (643ms)
    ✔ goal text folds a binder notation whose type contains a lambda (334ms)
    ✔ Infoview 的 `⊢` 用记法箭头 `→`，且 runs 与 text 同源 (335ms)
    ✔ Infoview 里集合字面量显示成 `{a}`（不是 `Set.singleton α a`） (340ms)
    ✔ go to definition on a `{a}` set literal lands on `Set.singleton` (79ms)
    ✔ go to definition on a prelude name lands in the prelude source (205ms)
    ✔ go to definition on a notation symbol lands on its declaration (142ms)
    ✔ hover on a notation symbol shows the target's signature (139ms)

## 扩展接线日志（SOKO_E2E_LOG）
2026-09-28T15:30:04.010Z server command: /home/runner/work/sokonanoda-lang/sokonanoda-lang/editor/vscode/bin/linux-x64/sokonanoda-lsp (source=bundled)
2026-09-28T15:30:04.011Z client state: starting
2026-09-28T15:30:04.049Z client state: running
2026-09-28T15:30:04.059Z loadProject: no active .sokonanoda document
2026-09-28T15:30:04.409Z loadProject: no active .sokonanoda document
2026-09-28T15:30:04.519Z active document changed: file:///tmp/sokonanoda-vscode-test-K6bwyO/check.sokonanoda
2026-09-28T15:30:04.527Z soko/project ok: project=null reason=no-imports
2026-09-28T15:30:04.658Z soko/project ok: project=null reason=no-imports
2026-09-28T15:30:04.744Z active document changed: (none)
2026-09-28T15:30:04.744Z loadProject: no active .sokonanoda document
2026-09-28T15:30:04.871Z active document changed: file:///tmp/sokonanoda-vscode-test-K6bwyO/lesson-clean.sokonanoda
2026-09-28T15:30:04.892Z soko/project ok: project=null reason=no-imports
2026-09-28T15:30:05.027Z active document changed: (none)
2026-09-28T15:30:05.027Z loadProject: no active .sokonanoda document
2026-09-28T15:30:05.075Z active document changed: file:///tmp/sokonanoda-vscode-test-K6bwyO/kernel-bad.sokonanoda
2026-09-28T15:30:05.093Z soko/project ok: project=null reason=no-imports
2026-09-28T15:30:05.099Z soko/project ok: project=null reason=no-imports
2026-09-28T15:30:05.217Z active document changed: (none)
2026-09-28T15:30:05.217Z loadProject: no active .sokonanoda document
2026-09-28T15:30:05.271Z active document changed: file:///tmp/sokonanoda-vscode-test-K6bwyO/exercise.sokonanoda
2026-09-28T15:30:05.284Z soko/project ok: project=null reason=no-imports
2026-09-28T15:30:05.346Z active document changed: (none)
2026-09-28T15:30:05.346Z loadProject: no active .sokonanoda document
2026-09-28T15:30:05.417Z active document changed: file:///tmp/sokonanoda-vscode-test-K6bwyO/reserved.sokonanoda
2026-09-28T15:30:05.437Z soko/project ok: project=null reason=no-imports
2026-09-28T15:30:05.540Z active document changed: (none)
2026-09-28T15:30:05.540Z loadProject: no active .sokonanoda document
2026-09-28T15:30:05.596Z active document changed: file:///tmp/sokonanoda-vscode-test-K6bwyO/exercise-hover.sokonanoda
2026-09-28T15:30:05.610Z soko/project ok: project=null reason=no-imports
2026-09-28T15:30:05.697Z active document changed: (none)
2026-09-28T15:30:05.697Z loadProject: no active .sokonanoda document
2026-09-28T15:30:05.750Z active document changed: file:///home/runner/work/sokonanoda-lang/sokonanoda-lang/editor/vscode/src/test/fixtures/workspace/units/u01.sokonanoda
2026-09-28T15:30:05.773Z soko/project ok: project=units.u01 (2 modules) reason=null
2026-09-28T15:30:05.969Z active document changed: (none)
2026-09-28T15:30:05.969Z loadProject: no active .sokonanoda document
2026-09-28T15:30:06.021Z loadProject: no active .sokonanoda document
2026-09-28T15:30:06.042Z active document changed: file:///tmp/sokonanoda-vscode-test-K6bwyO/notation-input.sokonanoda
2026-09-28T15:30:06.058Z soko/project ok: project=null reason=no-imports
2026-09-28T15:30:06.248Z active document changed: (none)
2026-09-28T15:30:06.248Z loadProject: no active .sokonanoda document
2026-09-28T15:30:06.319Z loadProject: no active .sokonanoda document
2026-09-28T15:30:06.332Z active document changed: file:///tmp/sokonanoda-vscode-test-K6bwyO/restart.sokonanoda
2026-09-28T15:30:06.344Z soko/project ok: project=null reason=no-imports
2026-09-28T15:30:06.350Z client state: stopped
2026-09-28T15:30:06.364Z client state: starting
2026-09-28T15:30:06.415Z client state: running
2026-09-28T15:30:06.476Z active document changed: (none)
2026-09-28T15:30:06.476Z loadProject: no active .sokonanoda document
2026-09-28T15:30:06.669Z loadProject: no active .sokonanoda document
2026-09-28T15:30:06.822Z active document changed: file:///tmp/sokonanoda-vscode-test-K6bwyO/proj-ok/Main.sokonanoda
2026-09-28T15:30:06.838Z soko/project ok: project=null reason=no-imports
2026-09-28T15:30:06.847Z soko/project ok: project=Main (2 modules) reason=null
2026-09-28T15:30:06.950Z soko/project ok: project=Main (2 modules) reason=null
2026-09-28T15:30:06.987Z warmCacheOnOpen: exit=0
2026-09-28T15:30:07.054Z soko/project ok: project=Main (2 modules) reason=null
2026-09-28T15:30:07.061Z active document changed: (none)
2026-09-28T15:30:07.061Z loadProject: no active .sokonanoda document
2026-09-28T15:30:07.127Z active document changed: file:///tmp/sokonanoda-vscode-test-K6bwyO/single.sokonanoda
2026-09-28T15:30:07.152Z soko/project ok: project=null reason=no-imports
2026-09-28T15:30:07.155Z soko/project ok: project=null reason=no-imports
2026-09-28T15:30:07.250Z active document changed: (none)
2026-09-28T15:30:07.250Z loadProject: no active .sokonanoda document
2026-09-28T15:30:07.280Z active document changed: file:///tmp/sokonanoda-vscode-test-K6bwyO/proj-broken/Main.sokonanoda
2026-09-28T15:30:07.288Z soko/project ok: project=Main (1 modules) reason=null
2026-09-28T15:30:07.294Z soko/project ok: project=Main (1 modules) reason=null
2026-09-28T15:30:07.319Z soko/project ok: project=Main (1 modules) reason=null
2026-09-28T15:30:07.399Z active document changed: (none)
2026-09-28T15:30:07.399Z loadProject: no active .sokonanoda document
2026-09-28T15:30:07.430Z active document changed: file:///home/runner/work/sokonanoda-lang/sokonanoda-lang/editor/vscode/src/test/fixtures/workspace/units/u01.sokonanoda
2026-09-28T15:30:07.441Z soko/project ok: project=units.u01 (2 modules) reason=null
2026-09-28T15:30:07.474Z soko/project ok: project=units.u01 (2 modules) reason=null
2026-09-28T15:30:08.461Z soko/project ok: project=units.u01 (2 modules) reason=null
2026-09-28T15:30:10.478Z soko/project ok: project=units.u01 (2 modules) reason=null
2026-09-28T15:30:10.494Z active document changed: (none)
2026-09-28T15:30:10.494Z loadProject: no active .sokonanoda document
2026-09-28T15:30:10.527Z active document changed: file:///home/runner/work/sokonanoda-lang/sokonanoda-lang/editor/vscode/src/test/fixtures/workspace/units/u01.sokonanoda
2026-09-28T15:30:10.534Z soko/project ok: project=units.u01 (2 modules) reason=null
2026-09-28T15:30:11.552Z soko/project ok: project=units.u01 (2 modules) reason=null
2026-09-28T15:30:11.557Z soko/project ok: project=units.u01 (2 modules) reason=null
2026-09-28T15:30:15.065Z soko/project ok: project=units.u01 (2 modules) reason=null
2026-09-28T15:30:15.083Z active document changed: (none)
2026-09-28T15:30:15.083Z loadProject: no active .sokonanoda document
2026-09-28T15:30:15.118Z active document changed: file:///home/runner/work/sokonanoda-lang/sokonanoda-lang/editor/vscode/src/test/fixtures/workspace/units/u01.sokonanoda
2026-09-28T15:30:15.125Z soko/project ok: project=units.u01 (2 modules) reason=null
2026-09-28T15:30:15.181Z active document changed: (none)
2026-09-28T15:30:15.181Z loadProject: no active .sokonanoda document
2026-09-28T15:30:15.212Z active document changed: file:///home/runner/work/sokonanoda-lang/sokonanoda-lang/editor/vscode/src/test/fixtures/workspace/units/u01.sokonanoda
2026-09-28T15:30:15.219Z soko/project ok: project=units.u01 (2 modules) reason=null
2026-09-28T15:30:15.289Z active document changed: (none)
2026-09-28T15:30:15.289Z loadProject: no active .sokonanoda document
2026-09-28T15:30:15.296Z active document changed: file:///home/runner/work/sokonanoda-lang/sokonanoda-lang/editor/vscode/src/test/fixtures/workspace/lib/Set.sokonanoda
2026-09-28T15:30:15.303Z soko/project ok: project=null reason=no-imports
2026-09-28T15:30:15.338Z active document changed: (none)
2026-09-28T15:30:15.338Z loadProject: no active .sokonanoda document
2026-09-28T15:30:15.383Z active document changed: file:///home/runner/work/sokonanoda-lang/sokonanoda-lang/editor/vscode/src/test/fixtures/workspace/units/u01.sokonanoda
2026-09-28T15:30:15.390Z soko/project ok: project=units.u01 (2 modules) reason=null
2026-09-28T15:30:15.451Z active document changed: (none)
2026-09-28T15:30:15.452Z loadProject: no active .sokonanoda document
2026-09-28T15:30:15.473Z active document changed: file:///home/runner/work/sokonanoda-lang/sokonanoda-lang/editor/vscode/src/test/fixtures/workspace/units/u01.sokonanoda
2026-09-28T15:30:15.480Z soko/project ok: project=units.u01 (2 modules) reason=null
2026-09-28T15:30:15.487Z soko/project ok: project=units.u01 (2 modules) reason=null
2026-09-28T15:30:15.533Z active document changed: (none)
2026-09-28T15:30:15.533Z loadProject: no active .sokonanoda document
2026-09-28T15:30:15.558Z active document changed: file:///home/runner/work/sokonanoda-lang/sokonanoda-lang/editor/vscode/src/test/fixtures/workspace/units/u01.sokonanoda
2026-09-28T15:30:15.566Z soko/project ok: project=units.u01 (2 modules) reason=null
2026-09-28T15:30:15.624Z active document changed: (none)
2026-09-28T15:30:15.624Z loadProject: no active .sokonanoda document
2026-09-28T15:30:15.654Z active document changed: file:///home/runner/work/sokonanoda-lang/sokonanoda-lang/editor/vscode/src/test/fixtures/workspace/units/u02-cold-open.sokonanoda
2026-09-28T15:30:15.661Z soko/project ok: project=null reason=no-imports
2026-09-28T15:30:21.849Z client state: stopped
2026-09-28T15:30:21.851Z client state: starting
2026-09-28T15:30:21.858Z client state: running
PERF e2e cache: cold=6207ms warm=56ms
2026-09-28T15:30:21.975Z active document changed: (none)
2026-09-28T15:30:21.975Z loadProject: no active .sokonanoda document
2026-09-28T15:30:22.006Z active document changed: file:///home/runner/work/sokonanoda-lang/sokonanoda-lang/editor/vscode/src/test/fixtures/workspace/units/u01.sokonanoda
2026-09-28T15:30:22.016Z soko/project ok: project=units.u01 (2 modules) reason=null
2026-09-28T15:30:22.250Z soko/project ok: project=units.u01 (2 modules) reason=null
2026-09-28T15:30:22.536Z soko/project ok: project=units.u01 (2 modules) reason=null
2026-09-28T15:30:23.011Z soko/project ok: project=units.u01 (2 modules) reason=null
2026-09-28T15:30:23.933Z active document changed: (none)
2026-09-28T15:30:23.934Z loadProject: no active .sokonanoda document
2026-09-28T15:30:23.955Z active document changed: file:///home/runner/work/sokonanoda-lang/sokonanoda-lang/editor/vscode/src/test/fixtures/workspace/units/u01.sokonanoda
2026-09-28T15:30:23.962Z soko/project ok: project=units.u01 (2 modules) reason=null
2026-09-28T15:30:24.883Z soko/project ok: project=units.u01 (2 modules) reason=null
2026-09-28T15:30:26.546Z soko/project ok: project=units.u01 (2 modules) reason=null
PERF e2e fanout: entry diagnostics signature=152 字节 · 稳定 ✓
2026-09-28T15:30:30.891Z active document changed: (none)
2026-09-28T15:30:30.891Z loadProject: no active .sokonanoda document
2026-09-28T15:30:30.920Z active document changed: file:///home/runner/work/sokonanoda-lang/sokonanoda-lang/editor/vscode/src/test/fixtures/workspace/units/u01.sokonanoda
2026-09-28T15:30:30.925Z soko/project ok: project=units.u01 (2 modules) reason=null
2026-09-28T15:30:31.522Z soko/project ok: project=units.u01 (2 modules) reason=null
2026-09-28T15:30:31.544Z active document changed: (none)
2026-09-28T15:30:31.544Z loadProject: no active .sokonanoda document
2026-09-28T15:30:31.566Z active document changed: file:///home/runner/work/sokonanoda-lang/sokonanoda-lang/editor/vscode/src/test/fixtures/workspace/units/u01.sokonanoda
2026-09-28T15:30:31.581Z soko/project ok: project=units.u01 (2 modules) reason=null
2026-09-28T15:30:31.894Z active document changed: (none)
2026-09-28T15:30:31.894Z loadProject: no active .sokonanoda document
2026-09-28T15:30:31.921Z active document changed: file:///home/runner/work/sokonanoda-lang/sokonanoda-lang/editor/vscode/src/test/fixtures/workspace/units/u01.sokonanoda
2026-09-28T15:30:31.931Z soko/project ok: project=units.u01 (2 modules) reason=null
2026-09-28T15:30:32.241Z active document changed: (none)
2026-09-28T15:30:32.241Z loadProject: no active .sokonanoda document
2026-09-28T15:30:32.261Z active document changed: file:///home/runner/work/sokonanoda-lang/sokonanoda-lang/editor/vscode/src/test/fixtures/workspace/units/u01.sokonanoda
2026-09-28T15:30:32.285Z soko/project ok: project=units.u01 (2 modules) reason=null
2026-09-28T15:30:32.590Z active document changed: (none)
2026-09-28T15:30:32.590Z loadProject: no active .sokonanoda document
2026-09-28T15:30:32.605Z active document changed: file:///home/runner/work/sokonanoda-lang/sokonanoda-lang/editor/vscode/src/test/fixtures/workspace/units/u01.sokonanoda
2026-09-28T15:30:32.615Z soko/project ok: project=units.u01 (2 modules) reason=null
2026-09-28T15:30:32.691Z active document changed: (none)
2026-09-28T15:30:32.691Z loadProject: no active .sokonanoda document
2026-09-28T15:30:32.765Z active document changed: file:///home/runner/work/sokonanoda-lang/sokonanoda-lang/editor/vscode/src/test/fixtures/workspace/units/u01.sokonanoda
2026-09-28T15:30:32.794Z soko/project ok: project=units.u01 (2 modules) reason=null
2026-09-28T15:30:32.918Z active document changed: (none)
2026-09-28T15:30:32.918Z loadProject: no active .sokonanoda document
2026-09-28T15:30:32.952Z active document changed: file:///home/runner/work/sokonanoda-lang/sokonanoda-lang/editor/vscode/src/test/fixtures/workspace/units/u01.sokonanoda
2026-09-28T15:30:32.964Z soko/project ok: project=units.u01 (2 modules) reason=null
2026-09-28T15:30:33.071Z active document changed: (none)
2026-09-28T15:30:33.071Z loadProject: no active .sokonanoda document
2026-09-28T15:30:33.109Z active document changed: file:///home/runner/work/sokonanoda-lang/sokonanoda-lang/editor/vscode/src/test/fixtures/workspace/units/u01.sokonanoda
2026-09-28T15:30:33.125Z soko/project ok: project=units.u01 (2 modules) reason=null
2026-09-28T15:30:33.228Z active document changed: (none)
2026-09-28T15:30:33.228Z loadProject: no active .sokonanoda document
2026-09-28T15:30:33.292Z client state: stopped
