# scripts/vscode-e2e.sh — VS Code 1.106.0 · extension v0.68.0 · 5260568687ff15cb89ba7c7f5b8029bee9c4dd50
# 结果：27 passing / 0 failing / 0 pending（exit=0）

## doctor（服务器解析与版本自述）
--- doctor ---
sokonanoda doctor — 扩展 v0.68.0 (6 checks)
[ok] 1/6 resolution：bundled — /home/runner/work/sokonanoda-lang/sokonanoda-lang/editor/vscode/bin/linux-x64/sokonanoda-lsp (source=bundled)
[ok] 2/6 server-version：0.68.0 (pid 3060) == 扩展 v0.68.0 (source=bundled)
[ok] 3/6 host-version：运行宿主 v0.68.0
[ok] 4/6 ignored-override：没有被忽略的 serverPath/env 覆盖
[info] 5/6 download-cache：无下载缓存（仅影响 CLI/universal 兜底，不影响内置服务器）
[info] 6/6 obsolete-versions：检测到 0 个扩展版本快照、0 个 .obsolete 条目；完整重启 VS Code 会自动清理

## 用例
    ✔ .sokonanoda files get the sokonanoda language id (92ms)
    ✔ confusable-character highlight is off for sokonanoda files
    ✔ #check results appear as inlay hints (254ms)
    ✔ clean lesson publishes empty diagnostics (139ms)
    ✔ kernel-rejected declaration carries the kernel-rejected code (78ms)
    ✔ open exercise carries a sorry warning, not an error (50ms)
    ✔ a declaration named Prop warns, not errors (53ms)
    ✔ open exercise shows a hover on the hole (156ms)
    ✔ notation input: the rewriter produces ∧ and hover teaches \and (201ms)
    ✔ restart server command re-syncs open documents (99ms)
    ✔ infoview command is registered and revealable (136ms)
    ✔ the project tree shows the real closure of an imported module (448ms)
    ✔ the project tree names the file a single-file document is (146ms)
    ✔ the project tree marks a broken import as the root cause (144ms)
    ✔ build / rebuild commands warm the compile cache through the CLI (129ms)
    ✔ doctor command returns a read-only source + version report
    ✔ declarations panel lists a project unit's declarations (68ms)
    ✔ open declaration ships coloured goal runs to the Infoview (44ms)
    ✔ next hole jumps inside a project unit (43ms)
    ✔ warmCacheOnOpen pre-builds the workspace at activation (102ms)
    ✔ reopening a project unit hits the compile cache (4513ms)
    ✔ rewriting an unchanged project unit does not recompile (1550ms)
    ✔ editing a dependency refreshes the open unit once (5648ms)
    ✔ goal text uses the file's notation (751ms)
    ✔ goal text folds a binder notation whose type contains a lambda (333ms)
    ✔ go to definition on a notation symbol lands on its declaration (115ms)
    ✔ hover on a notation symbol shows the target's signature (126ms)

## 扩展接线日志（SOKO_E2E_LOG）
2026-09-25T13:56:41.874Z server command: /home/runner/work/sokonanoda-lang/sokonanoda-lang/editor/vscode/bin/linux-x64/sokonanoda-lsp (source=bundled)
2026-09-25T13:56:41.875Z client state: starting
2026-09-25T13:56:41.896Z client state: running
2026-09-25T13:56:41.905Z loadProject: no active .sokonanoda document
2026-09-25T13:56:42.173Z active document changed: file:///tmp/sokonanoda-vscode-test-bvR19a/check.sokonanoda
2026-09-25T13:56:42.191Z soko/project ok: project=null reason=no-imports
2026-09-25T13:56:42.343Z active document changed: (none)
2026-09-25T13:56:42.343Z loadProject: no active .sokonanoda document
2026-09-25T13:56:42.375Z loadProject: no active .sokonanoda document
2026-09-25T13:56:42.394Z active document changed: file:///tmp/sokonanoda-vscode-test-bvR19a/lesson-clean.sokonanoda
2026-09-25T13:56:42.411Z soko/project ok: project=null reason=no-imports
2026-09-25T13:56:42.501Z active document changed: (none)
2026-09-25T13:56:42.502Z loadProject: no active .sokonanoda document
2026-09-25T13:56:42.565Z active document changed: file:///tmp/sokonanoda-vscode-test-bvR19a/kernel-bad.sokonanoda
2026-09-25T13:56:42.583Z soko/project ok: project=null reason=no-imports
2026-09-25T13:56:42.616Z soko/project ok: project=null reason=no-imports
2026-09-25T13:56:42.654Z active document changed: (none)
2026-09-25T13:56:42.654Z loadProject: no active .sokonanoda document
2026-09-25T13:56:42.698Z active document changed: file:///tmp/sokonanoda-vscode-test-bvR19a/exercise.sokonanoda
2026-09-25T13:56:42.711Z soko/project ok: project=null reason=no-imports
2026-09-25T13:56:42.759Z active document changed: (none)
2026-09-25T13:56:42.759Z loadProject: no active .sokonanoda document
2026-09-25T13:56:42.807Z active document changed: file:///tmp/sokonanoda-vscode-test-bvR19a/reserved.sokonanoda
2026-09-25T13:56:42.818Z soko/project ok: project=null reason=no-imports
2026-09-25T13:56:42.872Z active document changed: (none)
2026-09-25T13:56:42.872Z loadProject: no active .sokonanoda document
2026-09-25T13:56:42.970Z active document changed: file:///tmp/sokonanoda-vscode-test-bvR19a/exercise-hover.sokonanoda
2026-09-25T13:56:42.980Z soko/project ok: project=null reason=no-imports
2026-09-25T13:56:43.061Z active document changed: (none)
2026-09-25T13:56:43.061Z loadProject: no active .sokonanoda document
2026-09-25T13:56:43.125Z active document changed: file:///tmp/sokonanoda-vscode-test-bvR19a/notation-input.sokonanoda
2026-09-25T13:56:43.140Z soko/project ok: project=null reason=no-imports
2026-09-25T13:56:43.140Z soko/project ok: project=null reason=no-imports
2026-09-25T13:56:43.292Z active document changed: (none)
2026-09-25T13:56:43.292Z loadProject: no active .sokonanoda document
2026-09-25T13:56:43.336Z active document changed: file:///tmp/sokonanoda-vscode-test-bvR19a/restart.sokonanoda
2026-09-25T13:56:43.347Z soko/project ok: project=null reason=no-imports
2026-09-25T13:56:43.347Z soko/project ok: project=null reason=no-imports
2026-09-25T13:56:43.349Z client state: stopped
2026-09-25T13:56:43.354Z client state: starting
2026-09-25T13:56:43.384Z client state: running
2026-09-25T13:56:43.452Z active document changed: (none)
2026-09-25T13:56:43.452Z loadProject: no active .sokonanoda document
2026-09-25T13:56:43.589Z loadProject: no active .sokonanoda document
2026-09-25T13:56:43.742Z active document changed: file:///tmp/sokonanoda-vscode-test-bvR19a/proj-ok/Main.sokonanoda
2026-09-25T13:56:43.761Z soko/project ok: project=null reason=no-imports
2026-09-25T13:56:43.764Z soko/project ok: project=null reason=no-imports
2026-09-25T13:56:43.869Z soko/project ok: project=Main (2 modules) reason=null
2026-09-25T13:56:43.968Z soko/project ok: project=Main (2 modules) reason=null
2026-09-25T13:56:44.073Z active document changed: (none)
2026-09-25T13:56:44.073Z loadProject: no active .sokonanoda document
2026-09-25T13:56:44.108Z active document changed: file:///tmp/sokonanoda-vscode-test-bvR19a/single.sokonanoda
2026-09-25T13:56:44.121Z soko/project ok: project=null reason=no-imports
2026-09-25T13:56:44.123Z soko/project ok: project=null reason=no-imports
2026-09-25T13:56:44.229Z active document changed: (none)
2026-09-25T13:56:44.229Z loadProject: no active .sokonanoda document
2026-09-25T13:56:44.264Z active document changed: file:///tmp/sokonanoda-vscode-test-bvR19a/proj-broken/Main.sokonanoda
2026-09-25T13:56:44.276Z soko/project ok: project=Main (1 modules) reason=null
2026-09-25T13:56:44.278Z soko/project ok: project=Main (1 modules) reason=null
2026-09-25T13:56:44.293Z soko/project ok: project=Main (1 modules) reason=null
2026-09-25T13:56:44.383Z active document changed: (none)
2026-09-25T13:56:44.383Z loadProject: no active .sokonanoda document
2026-09-25T13:56:44.421Z active document changed: file:///tmp/sokonanoda-vscode-test-bvR19a/build-smoke.sokonanoda
2026-09-25T13:56:44.443Z soko/project ok: project=null reason=no-imports
2026-09-25T13:56:44.456Z soko/project ok: project=null reason=no-imports
2026-09-25T13:56:44.486Z soko/project ok: project=null reason=no-imports
2026-09-25T13:56:44.520Z soko/project ok: project=null reason=no-imports
2026-09-25T13:56:44.586Z active document changed: (none)
2026-09-25T13:56:44.586Z loadProject: no active .sokonanoda document
2026-09-25T13:56:44.606Z loadProject: no active .sokonanoda document
2026-09-25T13:56:44.679Z active document changed: file:///home/runner/work/sokonanoda-lang/sokonanoda-lang/editor/vscode/src/test/fixtures/workspace/units/u01.sokonanoda
2026-09-25T13:56:44.706Z soko/project ok: project=units.u01 (2 modules) reason=null
2026-09-25T13:56:44.834Z active document changed: (none)
2026-09-25T13:56:44.834Z loadProject: no active .sokonanoda document
2026-09-25T13:56:44.867Z active document changed: file:///home/runner/work/sokonanoda-lang/sokonanoda-lang/editor/vscode/src/test/fixtures/workspace/units/u01.sokonanoda
2026-09-25T13:56:44.881Z soko/project ok: project=units.u01 (2 modules) reason=null
2026-09-25T13:56:44.882Z soko/project ok: project=units.u01 (2 modules) reason=null
2026-09-25T13:56:45.082Z active document changed: (none)
2026-09-25T13:56:45.082Z loadProject: no active .sokonanoda document
2026-09-25T13:56:45.113Z active document changed: file:///home/runner/work/sokonanoda-lang/sokonanoda-lang/editor/vscode/src/test/fixtures/workspace/units/u01.sokonanoda
2026-09-25T13:56:45.123Z soko/project ok: project=units.u01 (2 modules) reason=null
2026-09-25T13:56:45.220Z active document changed: (none)
2026-09-25T13:56:45.220Z loadProject: no active .sokonanoda document
2026-09-25T13:56:45.272Z warmCacheOnOpen: exit=0
2026-09-25T13:56:45.345Z active document changed: file:///home/runner/work/sokonanoda-lang/sokonanoda-lang/editor/vscode/src/test/fixtures/workspace/units/u02.sokonanoda
2026-09-25T13:56:45.357Z soko/project ok: project=null reason=no-imports
2026-09-25T13:56:49.784Z client state: stopped
2026-09-25T13:56:49.786Z client state: starting
2026-09-25T13:56:49.802Z client state: running
PERF e2e cache: cold=4455ms warm=54ms
2026-09-25T13:56:49.893Z active document changed: (none)
2026-09-25T13:56:49.893Z loadProject: no active .sokonanoda document
2026-09-25T13:56:49.930Z active document changed: file:///home/runner/work/sokonanoda-lang/sokonanoda-lang/editor/vscode/src/test/fixtures/workspace/units/u01.sokonanoda
2026-09-25T13:56:49.945Z soko/project ok: project=units.u01 (2 modules) reason=null
2026-09-25T13:56:50.100Z soko/project ok: project=units.u01 (2 modules) reason=null
2026-09-25T13:56:50.533Z soko/project ok: project=units.u01 (2 modules) reason=null
2026-09-25T13:56:51.454Z active document changed: (none)
2026-09-25T13:56:51.454Z loadProject: no active .sokonanoda document
2026-09-25T13:56:51.480Z active document changed: file:///home/runner/work/sokonanoda-lang/sokonanoda-lang/editor/vscode/src/test/fixtures/workspace/units/u01.sokonanoda
2026-09-25T13:56:51.491Z soko/project ok: project=units.u01 (2 modules) reason=null
2026-09-25T13:56:52.702Z soko/project ok: project=units.u01 (2 modules) reason=null
PERF e2e fanout: entry diagnostics signature=152 字节 · 稳定 ✓
2026-09-25T13:56:57.115Z active document changed: (none)
2026-09-25T13:56:57.115Z loadProject: no active .sokonanoda document
2026-09-25T13:56:57.151Z active document changed: file:///home/runner/work/sokonanoda-lang/sokonanoda-lang/editor/vscode/src/test/fixtures/workspace/units/u01.sokonanoda
2026-09-25T13:56:57.160Z soko/project ok: project=units.u01 (2 modules) reason=null
2026-09-25T13:56:57.795Z soko/project ok: project=units.u01 (2 modules) reason=null
2026-09-25T13:56:57.879Z active document changed: (none)
2026-09-25T13:56:57.879Z loadProject: no active .sokonanoda document
2026-09-25T13:56:57.900Z active document changed: file:///home/runner/work/sokonanoda-lang/sokonanoda-lang/editor/vscode/src/test/fixtures/workspace/units/u01.sokonanoda
2026-09-25T13:56:57.914Z soko/project ok: project=units.u01 (2 modules) reason=null
2026-09-25T13:56:58.224Z active document changed: (none)
2026-09-25T13:56:58.224Z loadProject: no active .sokonanoda document
2026-09-25T13:56:58.248Z active document changed: file:///home/runner/work/sokonanoda-lang/sokonanoda-lang/editor/vscode/src/test/fixtures/workspace/units/u01.sokonanoda
2026-09-25T13:56:58.261Z soko/project ok: project=units.u01 (2 modules) reason=null
2026-09-25T13:56:58.352Z active document changed: (none)
2026-09-25T13:56:58.352Z loadProject: no active .sokonanoda document
2026-09-25T13:56:58.387Z active document changed: file:///home/runner/work/sokonanoda-lang/sokonanoda-lang/editor/vscode/src/test/fixtures/workspace/units/u01.sokonanoda
2026-09-25T13:56:58.399Z soko/project ok: project=units.u01 (2 modules) reason=null
2026-09-25T13:56:58.497Z active document changed: (none)
2026-09-25T13:56:58.497Z loadProject: no active .sokonanoda document
2026-09-25T13:56:58.607Z client state: stopped
