# scripts/vscode-e2e.sh — VS Code 1.138.0 · extension v0.76.0 · b907a20a744fde072f3d90c902e140864eebb815
# 结果：35 passing / 0 failing / 0 pending（exit=0）

## doctor（服务器解析与版本自述）
--- doctor ---
sokonanoda doctor — 扩展 v0.76.0 (6 checks)
[ok] 1/6 resolution：bundled — /home/runner/work/sokonanoda-lang/sokonanoda-lang/editor/vscode/bin/linux-x64/sokonanoda-lsp (source=bundled)
[ok] 2/6 server-version：0.76.0 (pid 2921) == 扩展 v0.76.0 (source=bundled)
[ok] 3/6 host-version：运行宿主 v0.76.0
[ok] 4/6 ignored-override：没有被忽略的 serverPath/env 覆盖
[info] 5/6 download-cache：无下载缓存（仅影响 CLI/universal 兜底，不影响内置服务器）
[info] 6/6 obsolete-versions：检测到 0 个扩展版本快照、0 个 .obsolete 条目；完整重启 VS Code 会自动清理

## 用例
    ✔ .sokonanoda files get the sokonanoda language id (63ms)
    ✔ confusable-character highlight is off for sokonanoda files
    ✔ #check results appear as inlay hints (224ms)
    ✔ clean lesson publishes empty diagnostics (84ms)
    ✔ kernel-rejected declaration carries the kernel-rejected code (49ms)
    ✔ open exercise carries a sorry warning, not an error (43ms)
    ✔ a declaration named Prop warns, not errors (41ms)
    ✔ open exercise shows a hover on the hole (78ms)
    ✔ hover 的类型文本折成记法（T-U12 面 #3，e2e 那一份） (185ms)
    ✔ notation input: the rewriter produces ∧ and hover teaches \and (189ms)
    ✔ restart server command re-syncs open documents (68ms)
    ✔ infoview command is registered and revealable (83ms)
    ✔ the project tree shows the real closure of an imported module (290ms)
    ✔ the project tree names the file a single-file document is (147ms)
    ✔ the project tree marks a broken import as the root cause (132ms)
    ✔ build / rebuild commands warm the compile cache through the CLI (3769ms)
    ✔ Clean Cache empties the project store and does not compile (E31) (3494ms)
    ✔ the Infoview receives the project view (E30)
    ✔ Infoview 'definition' lands exactly where the editor F12 lands (E27) (89ms)
    ✔ doctor command returns a read-only source + version report
    ✔ declarations panel lists a project unit's declarations
    ✔ open declaration ships coloured goal runs to the Infoview
    ✔ next hole jumps inside a project unit
    ✔ warmCacheOnOpen pre-builds the workspace at activation
    ✔ reopening a project unit hits the compile cache (3090ms)
    ✔ rewriting an unchanged project unit does not recompile (1929ms)
    ✔ editing a dependency refreshes the open unit once (5534ms)
    ✔ goal text uses the file's notation (832ms)
    ✔ goal text folds a binder notation whose type contains a lambda (324ms)
    ✔ Infoview 的 `⊢` 用记法箭头 `→`，且 runs 与 text 同源 (321ms)
    ✔ Infoview 里集合字面量显示成 `{a}`（不是 `Set.singleton α a`） (324ms)
    ✔ go to definition on a `{a}` set literal lands on `Set.singleton` (49ms)
    ✔ go to definition on a prelude name lands in the prelude source (62ms)
    ✔ go to definition on a notation symbol lands on its declaration (64ms)
    ✔ hover on a notation symbol shows the target's signature (75ms)

## 扩展接线日志（SOKO_E2E_LOG）
2026-09-27T22:22:34.837Z server command: /home/runner/work/sokonanoda-lang/sokonanoda-lang/editor/vscode/bin/linux-x64/sokonanoda-lsp (source=bundled)
2026-09-27T22:22:34.838Z client state: starting
2026-09-27T22:22:34.867Z client state: running
2026-09-27T22:22:34.873Z loadProject: no active .sokonanoda document
2026-09-27T22:22:35.122Z active document changed: file:///tmp/sokonanoda-vscode-test-AcCslO/check.sokonanoda
2026-09-27T22:22:35.131Z soko/project ok: project=null reason=no-imports
2026-09-27T22:22:35.260Z active document changed: (none)
2026-09-27T22:22:35.260Z loadProject: no active .sokonanoda document
2026-09-27T22:22:35.290Z active document changed: file:///tmp/sokonanoda-vscode-test-AcCslO/lesson-clean.sokonanoda
2026-09-27T22:22:35.301Z soko/project ok: project=null reason=no-imports
2026-09-27T22:22:35.306Z soko/project ok: project=null reason=no-imports
2026-09-27T22:22:35.357Z active document changed: (none)
2026-09-27T22:22:35.357Z loadProject: no active .sokonanoda document
2026-09-27T22:22:35.405Z active document changed: file:///tmp/sokonanoda-vscode-test-AcCslO/kernel-bad.sokonanoda
2026-09-27T22:22:35.415Z soko/project ok: project=null reason=no-imports
2026-09-27T22:22:35.450Z active document changed: (none)
2026-09-27T22:22:35.450Z loadProject: no active .sokonanoda document
2026-09-27T22:22:35.486Z active document changed: file:///tmp/sokonanoda-vscode-test-AcCslO/exercise.sokonanoda
2026-09-27T22:22:35.494Z soko/project ok: project=null reason=no-imports
2026-09-27T22:22:35.537Z active document changed: (none)
2026-09-27T22:22:35.537Z loadProject: no active .sokonanoda document
2026-09-27T22:22:35.573Z active document changed: file:///tmp/sokonanoda-vscode-test-AcCslO/reserved.sokonanoda
2026-09-27T22:22:35.585Z soko/project ok: project=null reason=no-imports
2026-09-27T22:22:35.615Z active document changed: (none)
2026-09-27T22:22:35.615Z loadProject: no active .sokonanoda document
2026-09-27T22:22:35.658Z active document changed: file:///tmp/sokonanoda-vscode-test-AcCslO/exercise-hover.sokonanoda
2026-09-27T22:22:35.664Z soko/project ok: project=null reason=no-imports
2026-09-27T22:22:35.706Z active document changed: (none)
2026-09-27T22:22:35.706Z loadProject: no active .sokonanoda document
2026-09-27T22:22:35.768Z active document changed: file:///home/runner/work/sokonanoda-lang/sokonanoda-lang/editor/vscode/src/test/fixtures/workspace/units/u01.sokonanoda
2026-09-27T22:22:35.778Z soko/project ok: project=units.u01 (2 modules) reason=null
2026-09-27T22:22:35.912Z active document changed: (none)
2026-09-27T22:22:35.912Z loadProject: no active .sokonanoda document
2026-09-27T22:22:35.986Z loadProject: no active .sokonanoda document
2026-09-27T22:22:36.007Z active document changed: file:///tmp/sokonanoda-vscode-test-AcCslO/notation-input.sokonanoda
2026-09-27T22:22:36.014Z soko/project ok: project=null reason=no-imports
2026-09-27T22:22:36.128Z active document changed: (none)
2026-09-27T22:22:36.128Z loadProject: no active .sokonanoda document
2026-09-27T22:22:36.162Z active document changed: file:///tmp/sokonanoda-vscode-test-AcCslO/restart.sokonanoda
2026-09-27T22:22:36.170Z soko/project ok: project=null reason=no-imports
2026-09-27T22:22:36.176Z client state: stopped
2026-09-27T22:22:36.178Z client state: starting
2026-09-27T22:22:36.197Z client state: running
2026-09-27T22:22:36.202Z soko/project ok: project=null reason=no-imports
2026-09-27T22:22:36.241Z active document changed: (none)
2026-09-27T22:22:36.241Z loadProject: no active .sokonanoda document
2026-09-27T22:22:36.404Z loadProject: no active .sokonanoda document
2026-09-27T22:22:36.435Z active document changed: file:///tmp/sokonanoda-vscode-test-AcCslO/proj-ok/Main.sokonanoda
2026-09-27T22:22:36.458Z soko/project ok: project=Main (2 modules) reason=null
2026-09-27T22:22:36.459Z soko/project ok: project=Main (2 modules) reason=null
2026-09-27T22:22:36.560Z soko/project ok: project=Main (2 modules) reason=null
2026-09-27T22:22:36.657Z soko/project ok: project=Main (2 modules) reason=null
2026-09-27T22:22:36.672Z active document changed: (none)
2026-09-27T22:22:36.672Z loadProject: no active .sokonanoda document
2026-09-27T22:22:36.707Z active document changed: file:///tmp/sokonanoda-vscode-test-AcCslO/single.sokonanoda
2026-09-27T22:22:36.719Z soko/project ok: project=null reason=no-imports
2026-09-27T22:22:36.723Z soko/project ok: project=null reason=no-imports
2026-09-27T22:22:36.827Z active document changed: (none)
2026-09-27T22:22:36.827Z loadProject: no active .sokonanoda document
2026-09-27T22:22:36.850Z active document changed: file:///tmp/sokonanoda-vscode-test-AcCslO/proj-broken/Main.sokonanoda
2026-09-27T22:22:36.858Z soko/project ok: project=Main (1 modules) reason=null
2026-09-27T22:22:36.861Z soko/project ok: project=Main (1 modules) reason=null
2026-09-27T22:22:36.969Z active document changed: (none)
2026-09-27T22:22:36.969Z loadProject: no active .sokonanoda document
2026-09-27T22:22:37.023Z active document changed: file:///home/runner/work/sokonanoda-lang/sokonanoda-lang/editor/vscode/src/test/fixtures/workspace/units/u01.sokonanoda
2026-09-27T22:22:37.033Z soko/project ok: project=units.u01 (2 modules) reason=null
2026-09-27T22:22:37.051Z soko/project ok: project=units.u01 (2 modules) reason=null
2026-09-27T22:22:37.229Z warmCacheOnOpen: exit=0
2026-09-27T22:22:38.711Z soko/project ok: project=units.u01 (2 modules) reason=null
2026-09-27T22:22:40.743Z soko/project ok: project=units.u01 (2 modules) reason=null
2026-09-27T22:22:40.755Z active document changed: (none)
2026-09-27T22:22:40.755Z loadProject: no active .sokonanoda document
2026-09-27T22:22:40.779Z active document changed: file:///home/runner/work/sokonanoda-lang/sokonanoda-lang/editor/vscode/src/test/fixtures/workspace/units/u01.sokonanoda
2026-09-27T22:22:40.790Z soko/project ok: project=units.u01 (2 modules) reason=null
2026-09-27T22:22:40.815Z soko/project ok: project=units.u01 (2 modules) reason=null
2026-09-27T22:22:40.822Z soko/project ok: project=units.u01 (2 modules) reason=null
2026-09-27T22:22:44.255Z soko/project ok: project=units.u01 (2 modules) reason=null
2026-09-27T22:22:44.267Z active document changed: (none)
2026-09-27T22:22:44.267Z loadProject: no active .sokonanoda document
2026-09-27T22:22:44.291Z active document changed: file:///home/runner/work/sokonanoda-lang/sokonanoda-lang/editor/vscode/src/test/fixtures/workspace/units/u01.sokonanoda
2026-09-27T22:22:44.298Z soko/project ok: project=units.u01 (2 modules) reason=null
2026-09-27T22:22:44.336Z active document changed: (none)
2026-09-27T22:22:44.336Z loadProject: no active .sokonanoda document
2026-09-27T22:22:44.350Z active document changed: file:///home/runner/work/sokonanoda-lang/sokonanoda-lang/editor/vscode/src/test/fixtures/workspace/units/u01.sokonanoda
2026-09-27T22:22:44.359Z soko/project ok: project=units.u01 (2 modules) reason=null
2026-09-27T22:22:44.412Z active document changed: (none)
2026-09-27T22:22:44.412Z loadProject: no active .sokonanoda document
2026-09-27T22:22:44.418Z active document changed: file:///home/runner/work/sokonanoda-lang/sokonanoda-lang/editor/vscode/src/test/fixtures/workspace/lib/Set.sokonanoda
2026-09-27T22:22:44.426Z soko/project ok: project=null reason=no-imports
2026-09-27T22:22:44.455Z active document changed: (none)
2026-09-27T22:22:44.455Z loadProject: no active .sokonanoda document
2026-09-27T22:22:44.500Z active document changed: file:///home/runner/work/sokonanoda-lang/sokonanoda-lang/editor/vscode/src/test/fixtures/workspace/units/u01.sokonanoda
2026-09-27T22:22:44.509Z soko/project ok: project=units.u01 (2 modules) reason=null
2026-09-27T22:22:44.551Z active document changed: (none)
2026-09-27T22:22:44.551Z loadProject: no active .sokonanoda document
2026-09-27T22:22:44.569Z active document changed: file:///home/runner/work/sokonanoda-lang/sokonanoda-lang/editor/vscode/src/test/fixtures/workspace/units/u01.sokonanoda
2026-09-27T22:22:44.578Z soko/project ok: project=units.u01 (2 modules) reason=null
2026-09-27T22:22:44.611Z soko/project ok: project=units.u01 (2 modules) reason=null
2026-09-27T22:22:44.619Z active document changed: (none)
2026-09-27T22:22:44.619Z loadProject: no active .sokonanoda document
2026-09-27T22:22:44.634Z active document changed: file:///home/runner/work/sokonanoda-lang/sokonanoda-lang/editor/vscode/src/test/fixtures/workspace/units/u01.sokonanoda
2026-09-27T22:22:44.642Z soko/project ok: project=units.u01 (2 modules) reason=null
2026-09-27T22:22:44.674Z active document changed: (none)
2026-09-27T22:22:44.674Z loadProject: no active .sokonanoda document
2026-09-27T22:22:44.699Z active document changed: file:///home/runner/work/sokonanoda-lang/sokonanoda-lang/editor/vscode/src/test/fixtures/workspace/units/u02-cold-open.sokonanoda
2026-09-27T22:22:44.712Z soko/project ok: project=null reason=no-imports
2026-09-27T22:22:47.714Z client state: stopped
2026-09-27T22:22:47.716Z client state: starting
2026-09-27T22:22:47.723Z client state: running
PERF e2e cache: cold=3024ms warm=66ms
2026-09-27T22:22:47.802Z active document changed: (none)
2026-09-27T22:22:47.802Z loadProject: no active .sokonanoda document
2026-09-27T22:22:47.819Z active document changed: file:///home/runner/work/sokonanoda-lang/sokonanoda-lang/editor/vscode/src/test/fixtures/workspace/units/u01.sokonanoda
2026-09-27T22:22:47.828Z soko/project ok: project=units.u01 (2 modules) reason=null
2026-09-27T22:22:47.971Z soko/project ok: project=units.u01 (2 modules) reason=null
2026-09-27T22:22:48.377Z soko/project ok: project=units.u01 (2 modules) reason=null
2026-09-27T22:22:48.821Z soko/project ok: project=units.u01 (2 modules) reason=null
2026-09-27T22:22:49.738Z active document changed: (none)
2026-09-27T22:22:49.738Z loadProject: no active .sokonanoda document
2026-09-27T22:22:49.753Z active document changed: file:///home/runner/work/sokonanoda-lang/sokonanoda-lang/editor/vscode/src/test/fixtures/workspace/units/u01.sokonanoda
2026-09-27T22:22:49.759Z soko/project ok: project=units.u01 (2 modules) reason=null
2026-09-27T22:22:50.320Z soko/project ok: project=units.u01 (2 modules) reason=null
2026-09-27T22:22:50.939Z soko/project ok: project=units.u01 (2 modules) reason=null
PERF e2e fanout: entry diagnostics signature=152 字节 · 稳定 ✓
2026-09-27T22:22:55.280Z active document changed: (none)
2026-09-27T22:22:55.280Z loadProject: no active .sokonanoda document
2026-09-27T22:22:55.299Z active document changed: file:///home/runner/work/sokonanoda-lang/sokonanoda-lang/editor/vscode/src/test/fixtures/workspace/units/u01.sokonanoda
2026-09-27T22:22:55.309Z soko/project ok: project=units.u01 (2 modules) reason=null
2026-09-27T22:22:56.098Z soko/project ok: project=units.u01 (2 modules) reason=null
2026-09-27T22:22:56.121Z active document changed: (none)
2026-09-27T22:22:56.121Z loadProject: no active .sokonanoda document
2026-09-27T22:22:56.136Z active document changed: file:///home/runner/work/sokonanoda-lang/sokonanoda-lang/editor/vscode/src/test/fixtures/workspace/units/u01.sokonanoda
2026-09-27T22:22:56.142Z soko/project ok: project=units.u01 (2 modules) reason=null
2026-09-27T22:22:56.452Z active document changed: (none)
2026-09-27T22:22:56.452Z loadProject: no active .sokonanoda document
2026-09-27T22:22:56.466Z active document changed: file:///home/runner/work/sokonanoda-lang/sokonanoda-lang/editor/vscode/src/test/fixtures/workspace/units/u01.sokonanoda
2026-09-27T22:22:56.472Z soko/project ok: project=units.u01 (2 modules) reason=null
2026-09-27T22:22:56.780Z active document changed: (none)
2026-09-27T22:22:56.781Z loadProject: no active .sokonanoda document
2026-09-27T22:22:56.796Z active document changed: file:///home/runner/work/sokonanoda-lang/sokonanoda-lang/editor/vscode/src/test/fixtures/workspace/units/u01.sokonanoda
2026-09-27T22:22:56.804Z soko/project ok: project=units.u01 (2 modules) reason=null
2026-09-27T22:22:57.110Z active document changed: (none)
2026-09-27T22:22:57.111Z loadProject: no active .sokonanoda document
2026-09-27T22:22:57.121Z active document changed: file:///home/runner/work/sokonanoda-lang/sokonanoda-lang/editor/vscode/src/test/fixtures/workspace/units/u01.sokonanoda
2026-09-27T22:22:57.127Z soko/project ok: project=units.u01 (2 modules) reason=null
2026-09-27T22:22:57.171Z active document changed: (none)
2026-09-27T22:22:57.171Z loadProject: no active .sokonanoda document
2026-09-27T22:22:57.185Z active document changed: file:///home/runner/work/sokonanoda-lang/sokonanoda-lang/editor/vscode/src/test/fixtures/workspace/units/u01.sokonanoda
2026-09-27T22:22:57.195Z soko/project ok: project=units.u01 (2 modules) reason=null
2026-09-27T22:22:57.245Z active document changed: (none)
2026-09-27T22:22:57.245Z loadProject: no active .sokonanoda document
2026-09-27T22:22:57.260Z active document changed: file:///home/runner/work/sokonanoda-lang/sokonanoda-lang/editor/vscode/src/test/fixtures/workspace/units/u01.sokonanoda
2026-09-27T22:22:57.269Z soko/project ok: project=units.u01 (2 modules) reason=null
2026-09-27T22:22:57.315Z active document changed: (none)
2026-09-27T22:22:57.315Z loadProject: no active .sokonanoda document
2026-09-27T22:22:57.332Z active document changed: file:///home/runner/work/sokonanoda-lang/sokonanoda-lang/editor/vscode/src/test/fixtures/workspace/units/u01.sokonanoda
2026-09-27T22:22:57.344Z soko/project ok: project=units.u01 (2 modules) reason=null
2026-09-27T22:22:57.401Z active document changed: (none)
2026-09-27T22:22:57.401Z loadProject: no active .sokonanoda document
2026-09-27T22:22:57.430Z client state: stopped
