# scripts/vscode-e2e.sh — VS Code 1.138.0 · extension v0.65.3 · 85f18da19090972052497135ded2b1e0a6ec6ae5
# 结果：25 passing / 0 failing / 0 pending（exit=0）

## doctor（服务器解析与版本自述）
--- doctor ---
sokonanoda doctor — 扩展 v0.65.3 (6 checks)
[ok] 1/6 resolution：bundled — /home/runner/work/sokonanoda-lang/sokonanoda-lang/editor/vscode/bin/linux-x64/sokonanoda-lsp (source=bundled)
[ok] 2/6 server-version：0.65.3 (pid 2889) == 扩展 v0.65.3 (source=bundled)
[ok] 3/6 host-version：运行宿主 v0.65.3
[ok] 4/6 ignored-override：没有被忽略的 serverPath/env 覆盖
[info] 5/6 download-cache：无下载缓存（仅影响 CLI/universal 兜底，不影响内置服务器）
[info] 6/6 obsolete-versions：检测到 0 个扩展版本快照、0 个 .obsolete 条目；完整重启 VS Code 会自动清理

## 用例
    ✔ .sokonanoda files get the sokonanoda language id (69ms)
    ✔ confusable-character highlight is off for sokonanoda files
    ✔ #check results appear as inlay hints (165ms)
    ✔ clean lesson publishes empty diagnostics (77ms)
    ✔ kernel-rejected declaration carries the kernel-rejected code
    ✔ open exercise carries a sorry warning, not an error
    ✔ a declaration named Prop warns, not errors
    ✔ open exercise shows a hover on the hole (54ms)
    ✔ notation input: the rewriter produces ∧ and hover teaches \and (125ms)
    ✔ restart server command re-syncs open documents (60ms)
    ✔ infoview command is registered and revealable (71ms)
    ✔ the project tree shows the real closure of an imported module (276ms)
    ✔ the project tree names the file a single-file document is (129ms)
    ✔ the project tree marks a broken import as the root cause (125ms)
    ✔ build / rebuild commands warm the compile cache through the CLI (69ms)
    ✔ doctor command returns a read-only source + version report
    ✔ declarations panel lists a project unit's declarations (438ms)
    ✔ next hole jumps inside a project unit
    ✔ warmCacheOnOpen pre-builds the workspace at activation
    ✔ reopening a project unit hits the compile cache (2364ms)
    ✔ rewriting an unchanged project unit does not recompile (1524ms)
    ✔ editing a dependency refreshes the open unit once (1524ms)
    ✔ goal text uses the file's notation (728ms)
    ✔ go to definition on a notation symbol lands on its declaration (84ms)
    ✔ hover on a notation symbol shows the target's signature (89ms)

## 扩展接线日志（SOKO_E2E_LOG）
2026-09-24T03:58:57.838Z server command: /home/runner/work/sokonanoda-lang/sokonanoda-lang/editor/vscode/bin/linux-x64/sokonanoda-lsp (source=bundled)
2026-09-24T03:58:57.839Z client state: starting
2026-09-24T03:58:57.870Z client state: running
2026-09-24T03:58:57.876Z loadProject: no active .sokonanoda document
2026-09-24T03:58:58.017Z warmCacheOnOpen: exit=0
2026-09-24T03:58:58.072Z active document changed: file:///tmp/sokonanoda-vscode-test-je9AvA/check.sokonanoda
2026-09-24T03:58:58.078Z soko/project ok: project=null reason=no-imports
2026-09-24T03:58:58.168Z active document changed: (none)
2026-09-24T03:58:58.168Z loadProject: no active .sokonanoda document
2026-09-24T03:58:58.200Z active document changed: file:///tmp/sokonanoda-vscode-test-je9AvA/lesson-clean.sokonanoda
2026-09-24T03:58:58.216Z soko/project ok: project=null reason=no-imports
2026-09-24T03:58:58.231Z soko/project ok: project=null reason=no-imports
2026-09-24T03:58:58.257Z active document changed: (none)
2026-09-24T03:58:58.257Z loadProject: no active .sokonanoda document
2026-09-24T03:58:58.290Z active document changed: file:///tmp/sokonanoda-vscode-test-je9AvA/kernel-bad.sokonanoda
2026-09-24T03:58:58.300Z soko/project ok: project=null reason=no-imports
2026-09-24T03:58:58.349Z active document changed: (none)
2026-09-24T03:58:58.349Z loadProject: no active .sokonanoda document
2026-09-24T03:58:58.375Z active document changed: file:///tmp/sokonanoda-vscode-test-je9AvA/exercise.sokonanoda
2026-09-24T03:58:58.382Z soko/project ok: project=null reason=no-imports
2026-09-24T03:58:58.407Z active document changed: (none)
2026-09-24T03:58:58.407Z loadProject: no active .sokonanoda document
2026-09-24T03:58:58.442Z active document changed: file:///tmp/sokonanoda-vscode-test-je9AvA/reserved.sokonanoda
2026-09-24T03:58:58.448Z soko/project ok: project=null reason=no-imports
2026-09-24T03:58:58.474Z active document changed: (none)
2026-09-24T03:58:58.474Z loadProject: no active .sokonanoda document
2026-09-24T03:58:58.499Z active document changed: file:///tmp/sokonanoda-vscode-test-je9AvA/exercise-hover.sokonanoda
2026-09-24T03:58:58.506Z soko/project ok: project=null reason=no-imports
2026-09-24T03:58:58.539Z active document changed: (none)
2026-09-24T03:58:58.539Z loadProject: no active .sokonanoda document
2026-09-24T03:58:58.598Z active document changed: file:///tmp/sokonanoda-vscode-test-je9AvA/notation-input.sokonanoda
2026-09-24T03:58:58.606Z soko/project ok: project=null reason=no-imports
2026-09-24T03:58:58.689Z active document changed: (none)
2026-09-24T03:58:58.689Z loadProject: no active .sokonanoda document
2026-09-24T03:58:58.709Z active document changed: file:///tmp/sokonanoda-vscode-test-je9AvA/restart.sokonanoda
2026-09-24T03:58:58.722Z soko/project ok: project=null reason=no-imports
2026-09-24T03:58:58.724Z client state: stopped
2026-09-24T03:58:58.726Z client state: starting
2026-09-24T03:58:58.747Z client state: running
2026-09-24T03:58:58.780Z active document changed: (none)
2026-09-24T03:58:58.780Z loadProject: no active .sokonanoda document
2026-09-24T03:58:58.934Z active document changed: file:///tmp/sokonanoda-vscode-test-je9AvA/proj-ok/Main.sokonanoda
2026-09-24T03:58:58.943Z soko/project ok: project=Main (2 modules) reason=null
2026-09-24T03:58:58.949Z soko/project ok: project=Main (2 modules) reason=null
2026-09-24T03:58:58.953Z soko/project ok: project=Main (2 modules) reason=null
2026-09-24T03:58:59.048Z soko/project ok: project=Main (2 modules) reason=null
2026-09-24T03:58:59.143Z soko/project ok: project=Main (2 modules) reason=null
2026-09-24T03:58:59.152Z active document changed: (none)
2026-09-24T03:58:59.152Z loadProject: no active .sokonanoda document
2026-09-24T03:58:59.177Z active document changed: file:///tmp/sokonanoda-vscode-test-je9AvA/single.sokonanoda
2026-09-24T03:58:59.183Z soko/project ok: project=null reason=no-imports
2026-09-24T03:58:59.187Z soko/project ok: project=null reason=no-imports
2026-09-24T03:58:59.289Z active document changed: (none)
2026-09-24T03:58:59.290Z loadProject: no active .sokonanoda document
2026-09-24T03:58:59.306Z active document changed: file:///tmp/sokonanoda-vscode-test-je9AvA/proj-broken/Main.sokonanoda
2026-09-24T03:58:59.313Z soko/project ok: project=Main (1 modules) reason=null
2026-09-24T03:58:59.317Z soko/project ok: project=Main (1 modules) reason=null
2026-09-24T03:58:59.420Z active document changed: (none)
2026-09-24T03:58:59.420Z loadProject: no active .sokonanoda document
2026-09-24T03:58:59.440Z active document changed: file:///tmp/sokonanoda-vscode-test-je9AvA/build-smoke.sokonanoda
2026-09-24T03:58:59.446Z soko/project ok: project=null reason=no-imports
2026-09-24T03:58:59.471Z soko/project ok: project=null reason=no-imports
2026-09-24T03:58:59.493Z soko/project ok: project=null reason=no-imports
2026-09-24T03:58:59.503Z active document changed: (none)
2026-09-24T03:58:59.503Z loadProject: no active .sokonanoda document
2026-09-24T03:58:59.560Z active document changed: file:///home/runner/work/sokonanoda-lang/sokonanoda-lang/editor/vscode/src/test/fixtures/workspace/units/u01.sokonanoda
2026-09-24T03:58:59.572Z soko/project ok: project=null reason=no-imports
2026-09-24T03:58:59.637Z soko/project ok: project=null reason=no-imports
2026-09-24T03:58:59.902Z soko/project ok: project=units.u01 (2 modules) reason=null
2026-09-24T03:58:59.977Z active document changed: (none)
2026-09-24T03:58:59.977Z loadProject: no active .sokonanoda document
2026-09-24T03:58:59.989Z active document changed: file:///home/runner/work/sokonanoda-lang/sokonanoda-lang/editor/vscode/src/test/fixtures/workspace/units/u01.sokonanoda
2026-09-24T03:58:59.997Z soko/project ok: project=units.u01 (2 modules) reason=null
2026-09-24T03:59:00.030Z active document changed: (none)
2026-09-24T03:59:00.030Z loadProject: no active .sokonanoda document
2026-09-24T03:59:00.061Z active document changed: file:///home/runner/work/sokonanoda-lang/sokonanoda-lang/editor/vscode/src/test/fixtures/workspace/units/u02.sokonanoda
2026-09-24T03:59:00.073Z soko/project ok: project=null reason=no-imports
2026-09-24T03:59:02.356Z client state: stopped
2026-09-24T03:59:02.357Z client state: starting
2026-09-24T03:59:02.366Z client state: running
PERF e2e cache: cold=2310ms warm=53ms entries=1
2026-09-24T03:59:02.429Z active document changed: (none)
2026-09-24T03:59:02.429Z loadProject: no active .sokonanoda document
2026-09-24T03:59:02.444Z active document changed: file:///home/runner/work/sokonanoda-lang/sokonanoda-lang/editor/vscode/src/test/fixtures/workspace/units/u01.sokonanoda
2026-09-24T03:59:02.451Z soko/project ok: project=units.u01 (2 modules) reason=null
2026-09-24T03:59:02.611Z soko/project ok: project=units.u01 (2 modules) reason=null
2026-09-24T03:59:03.033Z soko/project ok: project=units.u01 (2 modules) reason=null
2026-09-24T03:59:03.962Z active document changed: (none)
2026-09-24T03:59:03.962Z loadProject: no active .sokonanoda document
2026-09-24T03:59:03.980Z active document changed: file:///home/runner/work/sokonanoda-lang/sokonanoda-lang/editor/vscode/src/test/fixtures/workspace/units/u01.sokonanoda
2026-09-24T03:59:03.989Z soko/project ok: project=units.u01 (2 modules) reason=null
2026-09-24T03:59:04.848Z soko/project ok: project=units.u01 (2 modules) reason=null
PERF e2e fanout: entry diagnostics publishes=1
2026-09-24T03:59:05.497Z active document changed: (none)
2026-09-24T03:59:05.497Z loadProject: no active .sokonanoda document
2026-09-24T03:59:05.513Z active document changed: file:///home/runner/work/sokonanoda-lang/sokonanoda-lang/editor/vscode/src/test/fixtures/workspace/units/u01.sokonanoda
2026-09-24T03:59:05.523Z soko/project ok: project=units.u01 (2 modules) reason=null
2026-09-24T03:59:06.156Z soko/project ok: project=units.u01 (2 modules) reason=null
2026-09-24T03:59:06.236Z active document changed: (none)
2026-09-24T03:59:06.236Z loadProject: no active .sokonanoda document
2026-09-24T03:59:06.258Z active document changed: file:///home/runner/work/sokonanoda-lang/sokonanoda-lang/editor/vscode/src/test/fixtures/workspace/units/u01.sokonanoda
2026-09-24T03:59:06.271Z soko/project ok: project=units.u01 (2 modules) reason=null
2026-09-24T03:59:06.339Z active document changed: (none)
2026-09-24T03:59:06.339Z loadProject: no active .sokonanoda document
2026-09-24T03:59:06.364Z active document changed: file:///home/runner/work/sokonanoda-lang/sokonanoda-lang/editor/vscode/src/test/fixtures/workspace/units/u01.sokonanoda
2026-09-24T03:59:06.373Z soko/project ok: project=units.u01 (2 modules) reason=null
2026-09-24T03:59:06.437Z active document changed: (none)
2026-09-24T03:59:06.438Z loadProject: no active .sokonanoda document
2026-09-24T03:59:06.463Z client state: stopped
