# scripts/vscode-e2e.sh — VS Code 1.106.0 · extension v0.78.0 · 7eb936991597bbc4441c3a673f1b55e840c55602
# 结果：35 passing / 0 failing / 0 pending（exit=0）

## doctor（服务器解析与版本自述）
--- doctor ---
sokonanoda doctor — 扩展 v0.78.0 (6 checks)
[ok] 1/6 resolution：bundled — /home/runner/work/sokonanoda-lang/sokonanoda-lang/editor/vscode/bin/linux-x64/sokonanoda-lsp (source=bundled)
[ok] 2/6 server-version：0.78.0 (pid 3018) == 扩展 v0.78.0 (source=bundled)
[ok] 3/6 host-version：运行宿主 v0.78.0
[ok] 4/6 ignored-override：没有被忽略的 serverPath/env 覆盖
[info] 5/6 download-cache：无下载缓存（仅影响 CLI/universal 兜底，不影响内置服务器）
[info] 6/6 obsolete-versions：检测到 0 个扩展版本快照、0 个 .obsolete 条目；完整重启 VS Code 会自动清理

## 用例
    ✔ .sokonanoda files get the sokonanoda language id (104ms)
    ✔ confusable-character highlight is off for sokonanoda files
    ✔ #check results appear as inlay hints (204ms)
    ✔ clean lesson publishes empty diagnostics (152ms)
    ✔ kernel-rejected declaration carries the kernel-rejected code (184ms)
    ✔ open exercise carries a sorry warning, not an error (168ms)
    ✔ a declaration named Prop warns, not errors (176ms)
    ✔ open exercise shows a hover on the hole (148ms)
    ✔ hover 的类型文本折成记法（T-U12 面 #3，e2e 那一份） (262ms)
    ✔ notation input: the rewriter produces ∧ and hover teaches \and (201ms)
    ✔ restart server command re-syncs open documents (101ms)
    ✔ infoview command is registered and revealable (114ms)
    ✔ the project tree shows the real closure of an imported module (309ms)
    ✔ the project tree names the file a single-file document is (152ms)
    ✔ the project tree marks a broken import as the root cause (163ms)
    ✔ build / rebuild commands warm the compile cache through the CLI (4974ms)
    ✔ Clean Cache empties the project store and does not compile (E31) (4371ms)
    ✔ the Infoview receives the project view (E30) (149ms)
    ✔ Infoview 'definition' lands exactly where the editor F12 lands (E27) (153ms)
    ✔ doctor command returns a read-only source + version report
    ✔ declarations panel lists a project unit's declarations
    ✔ open declaration ships coloured goal runs to the Infoview
    ✔ next hole jumps inside a project unit
    ✔ warmCacheOnOpen pre-builds the workspace at activation
    ✔ reopening a project unit hits the compile cache (4728ms)
    ✔ rewriting an unchanged project unit does not recompile (1951ms)
    ✔ editing a dependency refreshes the open unit once (6550ms)
    ✔ goal text uses the file's notation (639ms)
    ✔ goal text folds a binder notation whose type contains a lambda (346ms)
    ✔ Infoview 的 `⊢` 用记法箭头 `→`，且 runs 与 text 同源 (371ms)
    ✔ Infoview 里集合字面量显示成 `{a}`（不是 `Set.singleton α a`） (352ms)
    ✔ go to definition on a `{a}` set literal lands on `Set.singleton` (118ms)
    ✔ go to definition on a prelude name lands in the prelude source (157ms)
    ✔ go to definition on a notation symbol lands on its declaration (278ms)
    ✔ hover on a notation symbol shows the target's signature (151ms)

## 扩展接线日志（SOKO_E2E_LOG）
2026-09-28T11:02:21.949Z server command: /home/runner/work/sokonanoda-lang/sokonanoda-lang/editor/vscode/bin/linux-x64/sokonanoda-lsp (source=bundled)
2026-09-28T11:02:21.951Z client state: starting
2026-09-28T11:02:21.972Z client state: running
2026-09-28T11:02:21.983Z loadProject: no active .sokonanoda document
2026-09-28T11:02:22.254Z active document changed: file:///tmp/sokonanoda-vscode-test-3B29vD/check.sokonanoda
2026-09-28T11:02:22.264Z soko/project ok: project=null reason=no-imports
2026-09-28T11:02:22.403Z active document changed: (none)
2026-09-28T11:02:22.404Z loadProject: no active .sokonanoda document
2026-09-28T11:02:22.446Z loadProject: no active .sokonanoda document
2026-09-28T11:02:22.460Z active document changed: file:///tmp/sokonanoda-vscode-test-3B29vD/lesson-clean.sokonanoda
2026-09-28T11:02:22.488Z soko/project ok: project=null reason=no-imports
2026-09-28T11:02:22.568Z active document changed: (none)
2026-09-28T11:02:22.568Z loadProject: no active .sokonanoda document
2026-09-28T11:02:22.640Z active document changed: file:///tmp/sokonanoda-vscode-test-3B29vD/kernel-bad.sokonanoda
2026-09-28T11:02:22.658Z soko/project ok: project=null reason=no-imports
2026-09-28T11:02:22.690Z soko/project ok: project=null reason=no-imports
2026-09-28T11:02:22.788Z active document changed: (none)
2026-09-28T11:02:22.788Z loadProject: no active .sokonanoda document
2026-09-28T11:02:22.843Z active document changed: file:///tmp/sokonanoda-vscode-test-3B29vD/exercise.sokonanoda
2026-09-28T11:02:22.857Z soko/project ok: project=null reason=no-imports
2026-09-28T11:02:22.860Z soko/project ok: project=null reason=no-imports
2026-09-28T11:02:22.982Z active document changed: (none)
2026-09-28T11:02:22.982Z loadProject: no active .sokonanoda document
2026-09-28T11:02:23.048Z active document changed: file:///tmp/sokonanoda-vscode-test-3B29vD/reserved.sokonanoda
2026-09-28T11:02:23.063Z soko/project ok: project=null reason=no-imports
2026-09-28T11:02:23.065Z soko/project ok: project=null reason=no-imports
2026-09-28T11:02:23.175Z active document changed: (none)
2026-09-28T11:02:23.175Z loadProject: no active .sokonanoda document
2026-09-28T11:02:23.240Z active document changed: file:///tmp/sokonanoda-vscode-test-3B29vD/exercise-hover.sokonanoda
2026-09-28T11:02:23.253Z soko/project ok: project=null reason=no-imports
2026-09-28T11:02:23.265Z soko/project ok: project=null reason=no-imports
2026-09-28T11:02:23.339Z active document changed: (none)
2026-09-28T11:02:23.339Z loadProject: no active .sokonanoda document
2026-09-28T11:02:23.382Z active document changed: file:///home/runner/work/sokonanoda-lang/sokonanoda-lang/editor/vscode/src/test/fixtures/workspace/units/u01.sokonanoda
2026-09-28T11:02:23.402Z soko/project ok: project=units.u01 (2 modules) reason=null
2026-09-28T11:02:23.415Z soko/project ok: project=units.u01 (2 modules) reason=null
2026-09-28T11:02:23.572Z soko/project ok: project=units.u01 (2 modules) reason=null
2026-09-28T11:02:23.653Z active document changed: (none)
2026-09-28T11:02:23.653Z loadProject: no active .sokonanoda document
2026-09-28T11:02:23.742Z active document changed: file:///tmp/sokonanoda-vscode-test-3B29vD/notation-input.sokonanoda
2026-09-28T11:02:23.754Z soko/project ok: project=null reason=no-imports
2026-09-28T11:02:23.891Z active document changed: (none)
2026-09-28T11:02:23.891Z loadProject: no active .sokonanoda document
2026-09-28T11:02:23.929Z loadProject: no active .sokonanoda document
2026-09-28T11:02:23.937Z active document changed: file:///tmp/sokonanoda-vscode-test-3B29vD/restart.sokonanoda
2026-09-28T11:02:23.946Z soko/project ok: project=null reason=no-imports
2026-09-28T11:02:23.952Z client state: stopped
2026-09-28T11:02:23.955Z client state: starting
2026-09-28T11:02:23.986Z client state: running
2026-09-28T11:02:24.058Z active document changed: (none)
2026-09-28T11:02:24.058Z loadProject: no active .sokonanoda document
2026-09-28T11:02:24.196Z loadProject: no active .sokonanoda document
2026-09-28T11:02:24.267Z active document changed: file:///tmp/sokonanoda-vscode-test-3B29vD/proj-ok/Main.sokonanoda
2026-09-28T11:02:24.292Z soko/project ok: project=Main (2 modules) reason=null
2026-09-28T11:02:24.295Z soko/project ok: project=Main (2 modules) reason=null
2026-09-28T11:02:24.399Z soko/project ok: project=Main (2 modules) reason=null
2026-09-28T11:02:24.493Z soko/project ok: project=Main (2 modules) reason=null
2026-09-28T11:02:24.503Z active document changed: (none)
2026-09-28T11:02:24.503Z loadProject: no active .sokonanoda document
2026-09-28T11:02:24.546Z active document changed: file:///tmp/sokonanoda-vscode-test-3B29vD/single.sokonanoda
2026-09-28T11:02:24.558Z soko/project ok: project=null reason=no-imports
2026-09-28T11:02:24.562Z soko/project ok: project=null reason=no-imports
2026-09-28T11:02:24.668Z active document changed: (none)
2026-09-28T11:02:24.668Z loadProject: no active .sokonanoda document
2026-09-28T11:02:24.717Z active document changed: file:///tmp/sokonanoda-vscode-test-3B29vD/proj-broken/Main.sokonanoda
2026-09-28T11:02:24.734Z soko/project ok: project=Main (1 modules) reason=null
2026-09-28T11:02:24.738Z soko/project ok: project=Main (1 modules) reason=null
2026-09-28T11:02:24.741Z soko/project ok: project=Main (1 modules) reason=null
2026-09-28T11:02:24.843Z active document changed: (none)
2026-09-28T11:02:24.844Z loadProject: no active .sokonanoda document
2026-09-28T11:02:24.876Z active document changed: file:///home/runner/work/sokonanoda-lang/sokonanoda-lang/editor/vscode/src/test/fixtures/workspace/units/u01.sokonanoda
2026-09-28T11:02:24.914Z soko/project ok: project=units.u01 (2 modules) reason=null
2026-09-28T11:02:24.917Z soko/project ok: project=units.u01 (2 modules) reason=null
2026-09-28T11:02:25.248Z warmCacheOnOpen: exit=0
2026-09-28T11:02:27.218Z soko/project ok: project=units.u01 (2 modules) reason=null
2026-09-28T11:02:29.823Z soko/project ok: project=units.u01 (2 modules) reason=null
2026-09-28T11:02:29.852Z active document changed: (none)
2026-09-28T11:02:29.852Z loadProject: no active .sokonanoda document
2026-09-28T11:02:29.893Z active document changed: file:///home/runner/work/sokonanoda-lang/sokonanoda-lang/editor/vscode/src/test/fixtures/workspace/units/u01.sokonanoda
2026-09-28T11:02:29.907Z soko/project ok: project=units.u01 (2 modules) reason=null
2026-09-28T11:02:29.948Z soko/project ok: project=units.u01 (2 modules) reason=null
2026-09-28T11:02:29.956Z soko/project ok: project=units.u01 (2 modules) reason=null
2026-09-28T11:02:34.228Z soko/project ok: project=units.u01 (2 modules) reason=null
2026-09-28T11:02:34.259Z active document changed: (none)
2026-09-28T11:02:34.259Z loadProject: no active .sokonanoda document
2026-09-28T11:02:34.299Z active document changed: file:///home/runner/work/sokonanoda-lang/sokonanoda-lang/editor/vscode/src/test/fixtures/workspace/units/u01.sokonanoda
2026-09-28T11:02:34.313Z soko/project ok: project=units.u01 (2 modules) reason=null
2026-09-28T11:02:34.418Z active document changed: (none)
2026-09-28T11:02:34.419Z loadProject: no active .sokonanoda document
2026-09-28T11:02:34.445Z active document changed: file:///home/runner/work/sokonanoda-lang/sokonanoda-lang/editor/vscode/src/test/fixtures/workspace/units/u01.sokonanoda
2026-09-28T11:02:34.463Z soko/project ok: project=units.u01 (2 modules) reason=null
2026-09-28T11:02:34.551Z active document changed: (none)
2026-09-28T11:02:34.551Z loadProject: no active .sokonanoda document
2026-09-28T11:02:34.562Z active document changed: file:///home/runner/work/sokonanoda-lang/sokonanoda-lang/editor/vscode/src/test/fixtures/workspace/lib/Set.sokonanoda
2026-09-28T11:02:34.574Z soko/project ok: project=null reason=no-imports
2026-09-28T11:02:34.630Z active document changed: (none)
2026-09-28T11:02:34.630Z loadProject: no active .sokonanoda document
2026-09-28T11:02:34.685Z active document changed: file:///home/runner/work/sokonanoda-lang/sokonanoda-lang/editor/vscode/src/test/fixtures/workspace/units/u01.sokonanoda
2026-09-28T11:02:34.700Z soko/project ok: project=units.u01 (2 modules) reason=null
2026-09-28T11:02:34.750Z soko/project ok: project=units.u01 (2 modules) reason=null
2026-09-28T11:02:34.795Z active document changed: (none)
2026-09-28T11:02:34.795Z loadProject: no active .sokonanoda document
2026-09-28T11:02:34.824Z active document changed: file:///home/runner/work/sokonanoda-lang/sokonanoda-lang/editor/vscode/src/test/fixtures/workspace/units/u01.sokonanoda
2026-09-28T11:02:34.836Z soko/project ok: project=units.u01 (2 modules) reason=null
2026-09-28T11:02:34.892Z active document changed: (none)
2026-09-28T11:02:34.892Z loadProject: no active .sokonanoda document
2026-09-28T11:02:34.917Z active document changed: file:///home/runner/work/sokonanoda-lang/sokonanoda-lang/editor/vscode/src/test/fixtures/workspace/units/u01.sokonanoda
2026-09-28T11:02:34.928Z soko/project ok: project=units.u01 (2 modules) reason=null
2026-09-28T11:02:34.989Z active document changed: (none)
2026-09-28T11:02:34.989Z loadProject: no active .sokonanoda document
2026-09-28T11:02:35.052Z active document changed: file:///home/runner/work/sokonanoda-lang/sokonanoda-lang/editor/vscode/src/test/fixtures/workspace/units/u02-cold-open.sokonanoda
2026-09-28T11:02:35.073Z soko/project ok: project=null reason=no-imports
2026-09-28T11:02:39.678Z client state: stopped
2026-09-28T11:02:39.681Z client state: starting
2026-09-28T11:02:39.691Z client state: running
PERF e2e cache: cold=4672ms warm=55ms
2026-09-28T11:02:39.791Z active document changed: (none)
2026-09-28T11:02:39.791Z loadProject: no active .sokonanoda document
2026-09-28T11:02:39.829Z active document changed: file:///home/runner/work/sokonanoda-lang/sokonanoda-lang/editor/vscode/src/test/fixtures/workspace/units/u01.sokonanoda
2026-09-28T11:02:39.842Z soko/project ok: project=units.u01 (2 modules) reason=null
2026-09-28T11:02:39.988Z soko/project ok: project=units.u01 (2 modules) reason=null
2026-09-28T11:02:40.380Z soko/project ok: project=units.u01 (2 modules) reason=null
2026-09-28T11:02:40.831Z soko/project ok: project=units.u01 (2 modules) reason=null
2026-09-28T11:02:41.753Z active document changed: (none)
2026-09-28T11:02:41.753Z loadProject: no active .sokonanoda document
2026-09-28T11:02:41.775Z active document changed: file:///home/runner/work/sokonanoda-lang/sokonanoda-lang/editor/vscode/src/test/fixtures/workspace/units/u01.sokonanoda
2026-09-28T11:02:41.786Z soko/project ok: project=units.u01 (2 modules) reason=null
2026-09-28T11:02:42.347Z soko/project ok: project=units.u01 (2 modules) reason=null
2026-09-28T11:02:43.911Z soko/project ok: project=units.u01 (2 modules) reason=null
PERF e2e fanout: entry diagnostics signature=152 字节 · 稳定 ✓
2026-09-28T11:02:48.314Z active document changed: (none)
2026-09-28T11:02:48.314Z loadProject: no active .sokonanoda document
2026-09-28T11:02:48.339Z active document changed: file:///home/runner/work/sokonanoda-lang/sokonanoda-lang/editor/vscode/src/test/fixtures/workspace/units/u01.sokonanoda
2026-09-28T11:02:48.353Z soko/project ok: project=units.u01 (2 modules) reason=null
2026-09-28T11:02:48.944Z soko/project ok: project=units.u01 (2 modules) reason=null
2026-09-28T11:02:48.964Z active document changed: (none)
2026-09-28T11:02:48.964Z loadProject: no active .sokonanoda document
2026-09-28T11:02:48.992Z active document changed: file:///home/runner/work/sokonanoda-lang/sokonanoda-lang/editor/vscode/src/test/fixtures/workspace/units/u01.sokonanoda
2026-09-28T11:02:49.008Z soko/project ok: project=units.u01 (2 modules) reason=null
2026-09-28T11:02:49.336Z active document changed: (none)
2026-09-28T11:02:49.336Z loadProject: no active .sokonanoda document
2026-09-28T11:02:49.395Z active document changed: file:///home/runner/work/sokonanoda-lang/sokonanoda-lang/editor/vscode/src/test/fixtures/workspace/units/u01.sokonanoda
2026-09-28T11:02:49.409Z soko/project ok: project=units.u01 (2 modules) reason=null
2026-09-28T11:02:49.726Z active document changed: (none)
2026-09-28T11:02:49.726Z loadProject: no active .sokonanoda document
2026-09-28T11:02:49.760Z active document changed: file:///home/runner/work/sokonanoda-lang/sokonanoda-lang/editor/vscode/src/test/fixtures/workspace/units/u01.sokonanoda
2026-09-28T11:02:49.784Z soko/project ok: project=units.u01 (2 modules) reason=null
2026-09-28T11:02:50.091Z active document changed: (none)
2026-09-28T11:02:50.091Z loadProject: no active .sokonanoda document
2026-09-28T11:02:50.114Z active document changed: file:///home/runner/work/sokonanoda-lang/sokonanoda-lang/editor/vscode/src/test/fixtures/workspace/units/u01.sokonanoda
2026-09-28T11:02:50.131Z soko/project ok: project=units.u01 (2 modules) reason=null
2026-09-28T11:02:50.230Z active document changed: (none)
2026-09-28T11:02:50.230Z loadProject: no active .sokonanoda document
2026-09-28T11:02:50.269Z active document changed: file:///home/runner/work/sokonanoda-lang/sokonanoda-lang/editor/vscode/src/test/fixtures/workspace/units/u01.sokonanoda
2026-09-28T11:02:50.285Z soko/project ok: project=units.u01 (2 modules) reason=null
2026-09-28T11:02:50.406Z active document changed: (none)
2026-09-28T11:02:50.406Z loadProject: no active .sokonanoda document
2026-09-28T11:02:50.482Z active document changed: file:///home/runner/work/sokonanoda-lang/sokonanoda-lang/editor/vscode/src/test/fixtures/workspace/units/u01.sokonanoda
2026-09-28T11:02:50.506Z soko/project ok: project=units.u01 (2 modules) reason=null
2026-09-28T11:02:50.705Z active document changed: (none)
2026-09-28T11:02:50.705Z loadProject: no active .sokonanoda document
2026-09-28T11:02:50.737Z active document changed: file:///home/runner/work/sokonanoda-lang/sokonanoda-lang/editor/vscode/src/test/fixtures/workspace/units/u01.sokonanoda
2026-09-28T11:02:50.758Z soko/project ok: project=units.u01 (2 modules) reason=null
2026-09-28T11:02:50.877Z active document changed: (none)
2026-09-28T11:02:50.877Z loadProject: no active .sokonanoda document
2026-09-28T11:02:50.959Z client state: stopped
