# scripts/vscode-e2e.sh — VS Code 1.138.0 · extension v0.65.5 · 300f49e18ae80373f2eee4dd7aa6be0f78ebe4ee
# 结果：25 passing / 0 failing / 0 pending（exit=0）

## doctor（服务器解析与版本自述）
--- doctor ---
sokonanoda doctor — 扩展 v0.65.5 (6 checks)
[ok] 1/6 resolution：bundled — /home/runner/work/sokonanoda-lang/sokonanoda-lang/editor/vscode/bin/linux-x64/sokonanoda-lsp (source=bundled)
[ok] 2/6 server-version：0.65.5 (pid 3116) == 扩展 v0.65.5 (source=bundled)
[ok] 3/6 host-version：运行宿主 v0.65.5
[ok] 4/6 ignored-override：没有被忽略的 serverPath/env 覆盖
[info] 5/6 download-cache：无下载缓存（仅影响 CLI/universal 兜底，不影响内置服务器）
[info] 6/6 obsolete-versions：检测到 0 个扩展版本快照、0 个 .obsolete 条目；完整重启 VS Code 会自动清理

## 用例
    ✔ .sokonanoda files get the sokonanoda language id (177ms)
    ✔ confusable-character highlight is off for sokonanoda files
    ✔ #check results appear as inlay hints (407ms)
    ✔ clean lesson publishes empty diagnostics (177ms)
    ✔ kernel-rejected declaration carries the kernel-rejected code (66ms)
    ✔ open exercise carries a sorry warning, not an error (58ms)
    ✔ a declaration named Prop warns, not errors (104ms)
    ✔ open exercise shows a hover on the hole (189ms)
    ✔ notation input: the rewriter produces ∧ and hover teaches \and (295ms)
    ✔ restart server command re-syncs open documents (170ms)
    ✔ infoview command is registered and revealable (132ms)
    ✔ the project tree shows the real closure of an imported module (352ms)
    ✔ the project tree names the file a single-file document is (163ms)
    ✔ the project tree marks a broken import as the root cause (261ms)
    ✔ build / rebuild commands warm the compile cache through the CLI (161ms)
    ✔ doctor command returns a read-only source + version report
    ✔ declarations panel lists a project unit's declarations (673ms)
    ✔ next hole jumps inside a project unit
    ✔ warmCacheOnOpen pre-builds the workspace at activation
    ✔ reopening a project unit hits the compile cache (4754ms)
    ✔ rewriting an unchanged project unit does not recompile (1544ms)
    ✔ editing a dependency refreshes the open unit once (1540ms)
    ✔ goal text uses the file's notation (737ms)
    ✔ go to definition on a notation symbol lands on its declaration (114ms)
    ✔ hover on a notation symbol shows the target's signature (108ms)

## 扩展接线日志（SOKO_E2E_LOG）
2026-09-24T10:08:20.424Z server command: /home/runner/work/sokonanoda-lang/sokonanoda-lang/editor/vscode/bin/linux-x64/sokonanoda-lsp (source=bundled)
2026-09-24T10:08:20.425Z client state: starting
2026-09-24T10:08:20.480Z client state: running
2026-09-24T10:08:20.504Z loadProject: no active .sokonanoda document
2026-09-24T10:08:20.981Z loadProject: no active .sokonanoda document
2026-09-24T10:08:21.077Z active document changed: file:///tmp/sokonanoda-vscode-test-4SEFPx/check.sokonanoda
2026-09-24T10:08:21.094Z soko/project ok: project=null reason=no-imports
2026-09-24T10:08:21.248Z soko/project ok: project=null reason=no-imports
2026-09-24T10:08:21.312Z active document changed: (none)
2026-09-24T10:08:21.313Z loadProject: no active .sokonanoda document
2026-09-24T10:08:21.383Z active document changed: file:///tmp/sokonanoda-vscode-test-4SEFPx/lesson-clean.sokonanoda
2026-09-24T10:08:21.403Z soko/project ok: project=null reason=no-imports
2026-09-24T10:08:21.518Z active document changed: (none)
2026-09-24T10:08:21.518Z loadProject: no active .sokonanoda document
2026-09-24T10:08:21.570Z active document changed: file:///tmp/sokonanoda-vscode-test-4SEFPx/kernel-bad.sokonanoda
2026-09-24T10:08:21.590Z soko/project ok: project=null reason=no-imports
2026-09-24T10:08:21.622Z soko/project ok: project=null reason=no-imports
2026-09-24T10:08:21.673Z active document changed: (none)
2026-09-24T10:08:21.673Z loadProject: no active .sokonanoda document
2026-09-24T10:08:21.726Z active document changed: file:///tmp/sokonanoda-vscode-test-4SEFPx/exercise.sokonanoda
2026-09-24T10:08:21.740Z soko/project ok: project=null reason=no-imports
2026-09-24T10:08:21.808Z active document changed: (none)
2026-09-24T10:08:21.808Z loadProject: no active .sokonanoda document
2026-09-24T10:08:21.902Z active document changed: file:///tmp/sokonanoda-vscode-test-4SEFPx/reserved.sokonanoda
2026-09-24T10:08:21.915Z soko/project ok: project=null reason=no-imports
2026-09-24T10:08:22.000Z active document changed: (none)
2026-09-24T10:08:22.000Z loadProject: no active .sokonanoda document
2026-09-24T10:08:22.091Z active document changed: file:///tmp/sokonanoda-vscode-test-4SEFPx/exercise-hover.sokonanoda
2026-09-24T10:08:22.113Z soko/project ok: project=null reason=no-imports
2026-09-24T10:08:22.218Z active document changed: (none)
2026-09-24T10:08:22.218Z loadProject: no active .sokonanoda document
2026-09-24T10:08:22.318Z active document changed: file:///tmp/sokonanoda-vscode-test-4SEFPx/notation-input.sokonanoda
2026-09-24T10:08:22.332Z soko/project ok: project=null reason=no-imports
2026-09-24T10:08:22.332Z soko/project ok: project=null reason=no-imports
2026-09-24T10:08:22.567Z soko/project ok: project=null reason=parse-error
2026-09-24T10:08:22.573Z active document changed: (none)
2026-09-24T10:08:22.573Z loadProject: no active .sokonanoda document
2026-09-24T10:08:22.652Z active document changed: file:///tmp/sokonanoda-vscode-test-4SEFPx/restart.sokonanoda
2026-09-24T10:08:22.674Z soko/project ok: project=null reason=no-imports
2026-09-24T10:08:22.681Z client state: stopped
2026-09-24T10:08:22.691Z client state: starting
2026-09-24T10:08:22.740Z client state: running
2026-09-24T10:08:22.794Z active document changed: (none)
2026-09-24T10:08:22.794Z loadProject: no active .sokonanoda document
2026-09-24T10:08:22.948Z loadProject: no active .sokonanoda document
2026-09-24T10:08:23.066Z active document changed: file:///tmp/sokonanoda-vscode-test-4SEFPx/proj-ok/Main.sokonanoda
2026-09-24T10:08:23.092Z soko/project ok: project=Main (2 modules) reason=null
2026-09-24T10:08:23.092Z soko/project ok: project=Main (2 modules) reason=null
2026-09-24T10:08:23.197Z soko/project ok: project=Main (2 modules) reason=null
2026-09-24T10:08:23.274Z soko/project ok: project=Main (2 modules) reason=null
2026-09-24T10:08:23.302Z active document changed: (none)
2026-09-24T10:08:23.302Z loadProject: no active .sokonanoda document
2026-09-24T10:08:23.351Z active document changed: file:///tmp/sokonanoda-vscode-test-4SEFPx/single.sokonanoda
2026-09-24T10:08:23.364Z soko/project ok: project=null reason=no-imports
2026-09-24T10:08:23.371Z soko/project ok: project=null reason=no-imports
2026-09-24T10:08:23.496Z active document changed: (none)
2026-09-24T10:08:23.496Z loadProject: no active .sokonanoda document
2026-09-24T10:08:23.539Z loadProject: no active .sokonanoda document
2026-09-24T10:08:23.601Z active document changed: file:///tmp/sokonanoda-vscode-test-4SEFPx/proj-broken/Main.sokonanoda
2026-09-24T10:08:23.621Z soko/project ok: project=Main (1 modules) reason=null
2026-09-24T10:08:23.673Z soko/project ok: project=Main (1 modules) reason=null
2026-09-24T10:08:23.784Z active document changed: (none)
2026-09-24T10:08:23.785Z loadProject: no active .sokonanoda document
2026-09-24T10:08:23.846Z warmCacheOnOpen: exit=0
2026-09-24T10:08:23.848Z active document changed: file:///tmp/sokonanoda-vscode-test-4SEFPx/build-smoke.sokonanoda
2026-09-24T10:08:23.879Z soko/project ok: project=null reason=no-imports
2026-09-24T10:08:23.879Z soko/project ok: project=null reason=no-imports
2026-09-24T10:08:23.925Z soko/project ok: project=null reason=no-imports
2026-09-24T10:08:23.958Z soko/project ok: project=null reason=no-imports
2026-09-24T10:08:23.999Z active document changed: (none)
2026-09-24T10:08:23.999Z loadProject: no active .sokonanoda document
2026-09-24T10:08:24.037Z loadProject: no active .sokonanoda document
2026-09-24T10:08:24.096Z active document changed: file:///home/runner/work/sokonanoda-lang/sokonanoda-lang/editor/vscode/src/test/fixtures/workspace/units/u01.sokonanoda
2026-09-24T10:08:24.109Z soko/project ok: project=null reason=no-imports
2026-09-24T10:08:24.692Z soko/project ok: project=units.u01 (2 modules) reason=null
2026-09-24T10:08:24.722Z active document changed: (none)
2026-09-24T10:08:24.722Z loadProject: no active .sokonanoda document
2026-09-24T10:08:24.746Z active document changed: file:///home/runner/work/sokonanoda-lang/sokonanoda-lang/editor/vscode/src/test/fixtures/workspace/units/u01.sokonanoda
2026-09-24T10:08:24.756Z soko/project ok: project=units.u01 (2 modules) reason=null
2026-09-24T10:08:24.820Z active document changed: (none)
2026-09-24T10:08:24.820Z loadProject: no active .sokonanoda document
2026-09-24T10:08:24.864Z active document changed: file:///home/runner/work/sokonanoda-lang/sokonanoda-lang/editor/vscode/src/test/fixtures/workspace/units/u02.sokonanoda
2026-09-24T10:08:24.885Z soko/project ok: project=null reason=no-imports
2026-09-24T10:08:29.537Z client state: stopped
2026-09-24T10:08:29.539Z client state: starting
2026-09-24T10:08:29.548Z client state: running
PERF e2e cache: cold=4693ms warm=60ms
2026-09-24T10:08:29.623Z active document changed: (none)
2026-09-24T10:08:29.623Z loadProject: no active .sokonanoda document
2026-09-24T10:08:29.659Z active document changed: file:///home/runner/work/sokonanoda-lang/sokonanoda-lang/editor/vscode/src/test/fixtures/workspace/units/u01.sokonanoda
2026-09-24T10:08:29.668Z soko/project ok: project=units.u01 (2 modules) reason=null
2026-09-24T10:08:29.845Z soko/project ok: project=units.u01 (2 modules) reason=null
2026-09-24T10:08:30.257Z soko/project ok: project=units.u01 (2 modules) reason=null
2026-09-24T10:08:31.182Z active document changed: (none)
2026-09-24T10:08:31.182Z loadProject: no active .sokonanoda document
2026-09-24T10:08:31.209Z active document changed: file:///home/runner/work/sokonanoda-lang/sokonanoda-lang/editor/vscode/src/test/fixtures/workspace/units/u01.sokonanoda
2026-09-24T10:08:31.217Z soko/project ok: project=units.u01 (2 modules) reason=null
2026-09-24T10:08:32.708Z soko/project ok: project=units.u01 (2 modules) reason=null
PERF e2e fanout: entry diagnostics publishes=1
2026-09-24T10:08:32.733Z active document changed: (none)
2026-09-24T10:08:32.733Z loadProject: no active .sokonanoda document
2026-09-24T10:08:32.757Z active document changed: file:///home/runner/work/sokonanoda-lang/sokonanoda-lang/editor/vscode/src/test/fixtures/workspace/units/u01.sokonanoda
2026-09-24T10:08:32.767Z soko/project ok: project=units.u01 (2 modules) reason=null
2026-09-24T10:08:33.407Z soko/project ok: project=units.u01 (2 modules) reason=null
2026-09-24T10:08:33.482Z active document changed: (none)
2026-09-24T10:08:33.483Z loadProject: no active .sokonanoda document
2026-09-24T10:08:33.511Z active document changed: file:///home/runner/work/sokonanoda-lang/sokonanoda-lang/editor/vscode/src/test/fixtures/workspace/units/u01.sokonanoda
2026-09-24T10:08:33.521Z soko/project ok: project=units.u01 (2 modules) reason=null
2026-09-24T10:08:33.608Z active document changed: (none)
2026-09-24T10:08:33.609Z loadProject: no active .sokonanoda document
2026-09-24T10:08:33.634Z active document changed: file:///home/runner/work/sokonanoda-lang/sokonanoda-lang/editor/vscode/src/test/fixtures/workspace/units/u01.sokonanoda
2026-09-24T10:08:33.648Z soko/project ok: project=units.u01 (2 modules) reason=null
2026-09-24T10:08:33.737Z active document changed: (none)
2026-09-24T10:08:33.737Z loadProject: no active .sokonanoda document
2026-09-24T10:08:33.779Z client state: stopped
