# scripts/vscode-e2e.sh — VS Code 1.138.0 · extension v0.78.0 · 1cb32da222bede6c698e2e75f28022c4ec3c6cf0
# 结果：35 passing / 0 failing / 0 pending（exit=0）

## doctor（服务器解析与版本自述）
--- doctor ---
sokonanoda doctor — 扩展 v0.78.0 (6 checks)
[ok] 1/6 resolution：bundled — /home/runner/work/sokonanoda-lang/sokonanoda-lang/editor/vscode/bin/linux-x64/sokonanoda-lsp (source=bundled)
[ok] 2/6 server-version：0.78.0 (pid 3048) == 扩展 v0.78.0 (source=bundled)
[ok] 3/6 host-version：运行宿主 v0.78.0
[ok] 4/6 ignored-override：没有被忽略的 serverPath/env 覆盖
[info] 5/6 download-cache：无下载缓存（仅影响 CLI/universal 兜底，不影响内置服务器）
[info] 6/6 obsolete-versions：检测到 0 个扩展版本快照、0 个 .obsolete 条目；完整重启 VS Code 会自动清理

## 用例
    ✔ .sokonanoda files get the sokonanoda language id (231ms)
    ✔ confusable-character highlight is off for sokonanoda files
    ✔ #check results appear as inlay hints (497ms)
    ✔ clean lesson publishes empty diagnostics (235ms)
    ✔ kernel-rejected declaration carries the kernel-rejected code (155ms)
    ✔ open exercise carries a sorry warning, not an error (107ms)
    ✔ a declaration named Prop warns, not errors (96ms)
    ✔ open exercise shows a hover on the hole (104ms)
    ✔ hover 的类型文本折成记法（T-U12 面 #3，e2e 那一份） (201ms)
    ✔ notation input: the rewriter produces ∧ and hover teaches \and (271ms)
    ✔ restart server command re-syncs open documents (129ms)
    ✔ infoview command is registered and revealable (103ms)
    ✔ the project tree shows the real closure of an imported module (280ms)
    ✔ the project tree names the file a single-file document is (174ms)
    ✔ the project tree marks a broken import as the root cause (155ms)
    ✔ build / rebuild commands warm the compile cache through the CLI (16082ms)
    ✔ Clean Cache empties the project store and does not compile (E31) (9573ms)
    ✔ the Infoview receives the project view (E30) (43ms)
    ✔ Infoview 'definition' lands exactly where the editor F12 lands (E27) (183ms)
    ✔ doctor command returns a read-only source + version report
    ✔ declarations panel lists a project unit's declarations
    ✔ open declaration ships coloured goal runs to the Infoview (39ms)
    ✔ next hole jumps inside a project unit
    ✔ warmCacheOnOpen pre-builds the workspace at activation
    ✔ reopening a project unit hits the compile cache (6305ms)
    ✔ rewriting an unchanged project unit does not recompile (1978ms)
    ✔ editing a dependency refreshes the open unit once (6748ms)
    ✔ goal text uses the file's notation (641ms)
    ✔ goal text folds a binder notation whose type contains a lambda (334ms)
    ✔ Infoview 的 `⊢` 用记法箭头 `→`，且 runs 与 text 同源 (335ms)
    ✔ Infoview 里集合字面量显示成 `{a}`（不是 `Set.singleton α a`） (347ms)
    ✔ go to definition on a `{a}` set literal lands on `Set.singleton` (114ms)
    ✔ go to definition on a prelude name lands in the prelude source (93ms)
    ✔ go to definition on a notation symbol lands on its declaration (183ms)
    ✔ hover on a notation symbol shows the target's signature (214ms)

## 扩展接线日志（SOKO_E2E_LOG）
2026-09-29T04:47:48.860Z server command: /home/runner/work/sokonanoda-lang/sokonanoda-lang/editor/vscode/bin/linux-x64/sokonanoda-lsp (source=bundled)
2026-09-29T04:47:48.861Z client state: starting
2026-09-29T04:47:48.912Z client state: running
2026-09-29T04:47:48.930Z loadProject: no active .sokonanoda document
2026-09-29T04:47:49.489Z loadProject: no active .sokonanoda document
2026-09-29T04:47:49.568Z active document changed: file:///tmp/sokonanoda-vscode-test-b1Gb12/check.sokonanoda
2026-09-29T04:47:49.587Z soko/project ok: project=null reason=no-imports
2026-09-29T04:47:49.767Z soko/project ok: project=null reason=no-imports
2026-09-29T04:47:49.891Z active document changed: (none)
2026-09-29T04:47:49.891Z loadProject: no active .sokonanoda document
2026-09-29T04:47:49.966Z active document changed: file:///tmp/sokonanoda-vscode-test-b1Gb12/lesson-clean.sokonanoda
2026-09-29T04:47:49.999Z soko/project ok: project=null reason=no-imports
2026-09-29T04:47:50.205Z active document changed: (none)
2026-09-29T04:47:50.205Z loadProject: no active .sokonanoda document
2026-09-29T04:47:50.217Z loadProject: no active .sokonanoda document
2026-09-29T04:47:50.367Z active document changed: file:///tmp/sokonanoda-vscode-test-b1Gb12/kernel-bad.sokonanoda
2026-09-29T04:47:50.383Z soko/project ok: project=null reason=no-imports
2026-09-29T04:47:50.443Z active document changed: (none)
2026-09-29T04:47:50.443Z loadProject: no active .sokonanoda document
2026-09-29T04:47:50.545Z active document changed: file:///tmp/sokonanoda-vscode-test-b1Gb12/exercise.sokonanoda
2026-09-29T04:47:50.563Z soko/project ok: project=null reason=no-imports
2026-09-29T04:47:50.609Z active document changed: (none)
2026-09-29T04:47:50.609Z loadProject: no active .sokonanoda document
2026-09-29T04:47:50.696Z active document changed: file:///tmp/sokonanoda-vscode-test-b1Gb12/reserved.sokonanoda
2026-09-29T04:47:50.714Z soko/project ok: project=null reason=no-imports
2026-09-29T04:47:50.763Z soko/project ok: project=null reason=no-imports
2026-09-29T04:47:50.771Z active document changed: (none)
2026-09-29T04:47:50.771Z loadProject: no active .sokonanoda document
2026-09-29T04:47:50.842Z active document changed: file:///tmp/sokonanoda-vscode-test-b1Gb12/exercise-hover.sokonanoda
2026-09-29T04:47:50.853Z soko/project ok: project=null reason=no-imports
2026-09-29T04:47:50.896Z active document changed: (none)
2026-09-29T04:47:50.896Z loadProject: no active .sokonanoda document
2026-09-29T04:47:50.945Z active document changed: file:///home/runner/work/sokonanoda-lang/sokonanoda-lang/editor/vscode/src/test/fixtures/workspace/units/u01.sokonanoda
2026-09-29T04:47:50.958Z soko/project ok: project=units.u01 (2 modules) reason=null
2026-09-29T04:47:51.118Z active document changed: (none)
2026-09-29T04:47:51.118Z loadProject: no active .sokonanoda document
2026-09-29T04:47:51.189Z active document changed: file:///tmp/sokonanoda-vscode-test-b1Gb12/notation-input.sokonanoda
2026-09-29T04:47:51.207Z soko/project ok: project=null reason=no-imports
2026-09-29T04:47:51.210Z soko/project ok: project=null reason=no-imports
2026-09-29T04:47:51.417Z active document changed: (none)
2026-09-29T04:47:51.417Z loadProject: no active .sokonanoda document
2026-09-29T04:47:51.467Z active document changed: file:///tmp/sokonanoda-vscode-test-b1Gb12/restart.sokonanoda
2026-09-29T04:47:51.479Z soko/project ok: project=null reason=no-imports
2026-09-29T04:47:51.481Z client state: stopped
2026-09-29T04:47:51.485Z client state: starting
2026-09-29T04:47:51.522Z client state: running
2026-09-29T04:47:51.543Z soko/project ok: project=null reason=no-imports
2026-09-29T04:47:51.591Z active document changed: (none)
2026-09-29T04:47:51.591Z loadProject: no active .sokonanoda document
2026-09-29T04:47:51.751Z active document changed: file:///tmp/sokonanoda-vscode-test-b1Gb12/proj-ok/Main.sokonanoda
2026-09-29T04:47:51.769Z soko/project ok: project=null reason=no-imports
2026-09-29T04:47:51.795Z soko/project ok: project=null reason=no-imports
2026-09-29T04:47:51.796Z soko/project ok: project=null reason=no-imports
2026-09-29T04:47:51.887Z soko/project ok: project=Main (2 modules) reason=null
2026-09-29T04:47:52.011Z soko/project ok: project=Main (2 modules) reason=null
2026-09-29T04:47:52.028Z active document changed: (none)
2026-09-29T04:47:52.028Z loadProject: no active .sokonanoda document
2026-09-29T04:47:52.094Z active document changed: file:///tmp/sokonanoda-vscode-test-b1Gb12/single.sokonanoda
2026-09-29T04:47:52.104Z soko/project ok: project=null reason=no-imports
2026-09-29T04:47:52.111Z soko/project ok: project=null reason=no-imports
2026-09-29T04:47:52.218Z active document changed: (none)
2026-09-29T04:47:52.218Z loadProject: no active .sokonanoda document
2026-09-29T04:47:52.263Z active document changed: file:///tmp/sokonanoda-vscode-test-b1Gb12/proj-broken/Main.sokonanoda
2026-09-29T04:47:52.273Z soko/project ok: project=Main (1 modules) reason=null
2026-09-29T04:47:52.277Z soko/project ok: project=Main (1 modules) reason=null
2026-09-29T04:47:52.283Z soko/project ok: project=Main (1 modules) reason=null
2026-09-29T04:47:52.383Z active document changed: (none)
2026-09-29T04:47:52.383Z loadProject: no active .sokonanoda document
2026-09-29T04:47:52.410Z active document changed: file:///home/runner/work/sokonanoda-lang/sokonanoda-lang/editor/vscode/src/test/fixtures/workspace/units/u01.sokonanoda
2026-09-29T04:47:52.425Z soko/project ok: project=units.u01 (2 modules) reason=null
2026-09-29T04:47:52.457Z soko/project ok: project=units.u01 (2 modules) reason=null
2026-09-29T04:47:59.859Z warmCacheOnOpen: exit=0
2026-09-29T04:48:01.454Z soko/project ok: project=units.u01 (2 modules) reason=null
2026-09-29T04:48:08.470Z soko/project ok: project=units.u01 (2 modules) reason=null
2026-09-29T04:48:08.480Z active document changed: (none)
2026-09-29T04:48:08.480Z loadProject: no active .sokonanoda document
2026-09-29T04:48:08.511Z active document changed: file:///home/runner/work/sokonanoda-lang/sokonanoda-lang/editor/vscode/src/test/fixtures/workspace/units/u01.sokonanoda
2026-09-29T04:48:08.520Z soko/project ok: project=units.u01 (2 modules) reason=null
2026-09-29T04:48:09.540Z soko/project ok: project=units.u01 (2 modules) reason=null
2026-09-29T04:48:09.548Z soko/project ok: project=units.u01 (2 modules) reason=null
2026-09-29T04:48:18.058Z soko/project ok: project=units.u01 (2 modules) reason=null
2026-09-29T04:48:18.083Z active document changed: (none)
2026-09-29T04:48:18.083Z loadProject: no active .sokonanoda document
2026-09-29T04:48:18.117Z active document changed: file:///home/runner/work/sokonanoda-lang/sokonanoda-lang/editor/vscode/src/test/fixtures/workspace/units/u01.sokonanoda
2026-09-29T04:48:18.123Z soko/project ok: project=units.u01 (2 modules) reason=null
2026-09-29T04:48:18.184Z active document changed: (none)
2026-09-29T04:48:18.184Z loadProject: no active .sokonanoda document
2026-09-29T04:48:18.216Z active document changed: file:///home/runner/work/sokonanoda-lang/sokonanoda-lang/editor/vscode/src/test/fixtures/workspace/units/u01.sokonanoda
2026-09-29T04:48:18.239Z soko/project ok: project=units.u01 (2 modules) reason=null
2026-09-29T04:48:18.350Z active document changed: (none)
2026-09-29T04:48:18.350Z loadProject: no active .sokonanoda document
2026-09-29T04:48:18.358Z active document changed: file:///home/runner/work/sokonanoda-lang/sokonanoda-lang/editor/vscode/src/test/fixtures/workspace/lib/Set.sokonanoda
2026-09-29T04:48:18.367Z soko/project ok: project=null reason=no-imports
2026-09-29T04:48:18.412Z active document changed: (none)
2026-09-29T04:48:18.413Z loadProject: no active .sokonanoda document
2026-09-29T04:48:18.450Z active document changed: file:///home/runner/work/sokonanoda-lang/sokonanoda-lang/editor/vscode/src/test/fixtures/workspace/units/u01.sokonanoda
2026-09-29T04:48:18.459Z soko/project ok: project=units.u01 (2 modules) reason=null
2026-09-29T04:48:18.532Z active document changed: (none)
2026-09-29T04:48:18.533Z loadProject: no active .sokonanoda document
2026-09-29T04:48:18.548Z loadProject: no active .sokonanoda document
2026-09-29T04:48:18.563Z active document changed: file:///home/runner/work/sokonanoda-lang/sokonanoda-lang/editor/vscode/src/test/fixtures/workspace/units/u01.sokonanoda
2026-09-29T04:48:18.571Z soko/project ok: project=units.u01 (2 modules) reason=null
2026-09-29T04:48:18.626Z active document changed: (none)
2026-09-29T04:48:18.626Z loadProject: no active .sokonanoda document
2026-09-29T04:48:18.648Z active document changed: file:///home/runner/work/sokonanoda-lang/sokonanoda-lang/editor/vscode/src/test/fixtures/workspace/units/u01.sokonanoda
2026-09-29T04:48:18.655Z soko/project ok: project=units.u01 (2 modules) reason=null
2026-09-29T04:48:18.712Z active document changed: (none)
2026-09-29T04:48:18.712Z loadProject: no active .sokonanoda document
2026-09-29T04:48:18.742Z active document changed: file:///home/runner/work/sokonanoda-lang/sokonanoda-lang/editor/vscode/src/test/fixtures/workspace/units/u02-cold-open.sokonanoda
2026-09-29T04:48:18.750Z soko/project ok: project=null reason=no-imports
2026-09-29T04:48:24.979Z client state: stopped
2026-09-29T04:48:24.981Z client state: starting
2026-09-29T04:48:24.988Z client state: running
PERF e2e cache: cold=6249ms warm=54ms
2026-09-29T04:48:25.093Z active document changed: (none)
2026-09-29T04:48:25.093Z loadProject: no active .sokonanoda document
2026-09-29T04:48:25.151Z active document changed: file:///home/runner/work/sokonanoda-lang/sokonanoda-lang/editor/vscode/src/test/fixtures/workspace/units/u01.sokonanoda
2026-09-29T04:48:25.169Z soko/project ok: project=units.u01 (2 modules) reason=null
2026-09-29T04:48:25.291Z soko/project ok: project=units.u01 (2 modules) reason=null
2026-09-29T04:48:25.481Z soko/project ok: project=units.u01 (2 modules) reason=null
2026-09-29T04:48:25.754Z soko/project ok: project=units.u01 (2 modules) reason=null
2026-09-29T04:48:26.163Z soko/project ok: project=units.u01 (2 modules) reason=null
2026-09-29T04:48:27.084Z active document changed: (none)
2026-09-29T04:48:27.084Z loadProject: no active .sokonanoda document
2026-09-29T04:48:27.103Z active document changed: file:///home/runner/work/sokonanoda-lang/sokonanoda-lang/editor/vscode/src/test/fixtures/workspace/units/u01.sokonanoda
2026-09-29T04:48:27.111Z soko/project ok: project=units.u01 (2 modules) reason=null
2026-09-29T04:48:27.824Z soko/project ok: project=units.u01 (2 modules) reason=null
2026-09-29T04:48:29.500Z soko/project ok: project=units.u01 (2 modules) reason=null
PERF e2e fanout: entry diagnostics signature=152 字节 · 稳定 ✓
2026-09-29T04:48:33.881Z active document changed: (none)
2026-09-29T04:48:33.881Z loadProject: no active .sokonanoda document
2026-09-29T04:48:33.908Z active document changed: file:///home/runner/work/sokonanoda-lang/sokonanoda-lang/editor/vscode/src/test/fixtures/workspace/units/u01.sokonanoda
2026-09-29T04:48:33.919Z soko/project ok: project=units.u01 (2 modules) reason=null
2026-09-29T04:48:34.512Z soko/project ok: project=units.u01 (2 modules) reason=null
2026-09-29T04:48:34.534Z active document changed: (none)
2026-09-29T04:48:34.534Z loadProject: no active .sokonanoda document
2026-09-29T04:48:34.555Z active document changed: file:///home/runner/work/sokonanoda-lang/sokonanoda-lang/editor/vscode/src/test/fixtures/workspace/units/u01.sokonanoda
2026-09-29T04:48:34.567Z soko/project ok: project=units.u01 (2 modules) reason=null
2026-09-29T04:48:34.880Z active document changed: (none)
2026-09-29T04:48:34.880Z loadProject: no active .sokonanoda document
2026-09-29T04:48:34.902Z active document changed: file:///home/runner/work/sokonanoda-lang/sokonanoda-lang/editor/vscode/src/test/fixtures/workspace/units/u01.sokonanoda
2026-09-29T04:48:34.913Z soko/project ok: project=units.u01 (2 modules) reason=null
2026-09-29T04:48:35.227Z active document changed: (none)
2026-09-29T04:48:35.227Z loadProject: no active .sokonanoda document
2026-09-29T04:48:35.257Z active document changed: file:///home/runner/work/sokonanoda-lang/sokonanoda-lang/editor/vscode/src/test/fixtures/workspace/units/u01.sokonanoda
2026-09-29T04:48:35.266Z soko/project ok: project=units.u01 (2 modules) reason=null
2026-09-29T04:48:35.589Z active document changed: (none)
2026-09-29T04:48:35.589Z loadProject: no active .sokonanoda document
2026-09-29T04:48:35.617Z active document changed: file:///home/runner/work/sokonanoda-lang/sokonanoda-lang/editor/vscode/src/test/fixtures/workspace/units/u01.sokonanoda
2026-09-29T04:48:35.631Z soko/project ok: project=units.u01 (2 modules) reason=null
2026-09-29T04:48:35.715Z active document changed: (none)
2026-09-29T04:48:35.715Z loadProject: no active .sokonanoda document
2026-09-29T04:48:35.738Z active document changed: file:///home/runner/work/sokonanoda-lang/sokonanoda-lang/editor/vscode/src/test/fixtures/workspace/units/u01.sokonanoda
2026-09-29T04:48:35.751Z soko/project ok: project=units.u01 (2 modules) reason=null
2026-09-29T04:48:35.828Z active document changed: (none)
2026-09-29T04:48:35.828Z loadProject: no active .sokonanoda document
2026-09-29T04:48:35.881Z active document changed: file:///home/runner/work/sokonanoda-lang/sokonanoda-lang/editor/vscode/src/test/fixtures/workspace/units/u01.sokonanoda
2026-09-29T04:48:35.893Z soko/project ok: project=units.u01 (2 modules) reason=null
2026-09-29T04:48:36.092Z active document changed: (none)
2026-09-29T04:48:36.093Z loadProject: no active .sokonanoda document
2026-09-29T04:48:36.165Z active document changed: file:///home/runner/work/sokonanoda-lang/sokonanoda-lang/editor/vscode/src/test/fixtures/workspace/units/u01.sokonanoda
2026-09-29T04:48:36.186Z soko/project ok: project=units.u01 (2 modules) reason=null
2026-09-29T04:48:36.335Z active document changed: (none)
2026-09-29T04:48:36.335Z loadProject: no active .sokonanoda document
2026-09-29T04:48:36.394Z client state: stopped
