# scripts/vscode-e2e.sh — VS Code 1.106.0 · extension v0.76.0 · 98323516dd40ad1bf7195194df9c214e29390135
# 结果：35 passing / 0 failing / 0 pending（exit=0）

## doctor（服务器解析与版本自述）
--- doctor ---
sokonanoda doctor — 扩展 v0.76.0 (6 checks)
[ok] 1/6 resolution：bundled — /home/runner/work/sokonanoda-lang/sokonanoda-lang/editor/vscode/bin/linux-x64/sokonanoda-lsp (source=bundled)
[ok] 2/6 server-version：0.76.0 (pid 3024) == 扩展 v0.76.0 (source=bundled)
[ok] 3/6 host-version：运行宿主 v0.76.0
[ok] 4/6 ignored-override：没有被忽略的 serverPath/env 覆盖
[info] 5/6 download-cache：无下载缓存（仅影响 CLI/universal 兜底，不影响内置服务器）
[info] 6/6 obsolete-versions：检测到 0 个扩展版本快照、0 个 .obsolete 条目；完整重启 VS Code 会自动清理

## 用例
    ✔ .sokonanoda files get the sokonanoda language id (108ms)
    ✔ confusable-character highlight is off for sokonanoda files
    ✔ #check results appear as inlay hints (218ms)
    ✔ clean lesson publishes empty diagnostics (151ms)
    ✔ kernel-rejected declaration carries the kernel-rejected code (158ms)
    ✔ open exercise carries a sorry warning, not an error (50ms)
    ✔ a declaration named Prop warns, not errors (73ms)
    ✔ open exercise shows a hover on the hole (251ms)
    ✔ hover 的类型文本折成记法（T-U12 面 #3，e2e 那一份） (454ms)
    ✔ notation input: the rewriter produces ∧ and hover teaches \and (219ms)
    ✔ restart server command re-syncs open documents (170ms)
    ✔ infoview command is registered and revealable (206ms)
    ✔ the project tree shows the real closure of an imported module (310ms)
    ✔ the project tree names the file a single-file document is (178ms)
    ✔ the project tree marks a broken import as the root cause (171ms)
    ✔ build / rebuild commands warm the compile cache through the CLI (4995ms)
    ✔ Clean Cache empties the project store and does not compile (E31) (4288ms)
    ✔ the Infoview receives the project view (E30) (49ms)
    ✔ Infoview 'definition' lands exactly where the editor F12 lands (E27) (144ms)
    ✔ doctor command returns a read-only source + version report
    ✔ declarations panel lists a project unit's declarations
    ✔ open declaration ships coloured goal runs to the Infoview
    ✔ next hole jumps inside a project unit (45ms)
    ✔ warmCacheOnOpen pre-builds the workspace at activation
    ✔ reopening a project unit hits the compile cache (5654ms)
    ✔ rewriting an unchanged project unit does not recompile (1949ms)
    ✔ editing a dependency refreshes the open unit once (6055ms)
    ✔ goal text uses the file's notation (749ms)
    ✔ goal text folds a binder notation whose type contains a lambda (360ms)
    ✔ Infoview 的 `⊢` 用记法箭头 `→`，且 runs 与 text 同源 (364ms)
    ✔ Infoview 里集合字面量显示成 `{a}`（不是 `Set.singleton α a`） (353ms)
    ✔ go to definition on a `{a}` set literal lands on `Set.singleton` (135ms)
    ✔ go to definition on a prelude name lands in the prelude source (220ms)
    ✔ go to definition on a notation symbol lands on its declaration (181ms)
    ✔ hover on a notation symbol shows the target's signature (172ms)

## 扩展接线日志（SOKO_E2E_LOG）
2026-09-28T00:38:50.869Z server command: /home/runner/work/sokonanoda-lang/sokonanoda-lang/editor/vscode/bin/linux-x64/sokonanoda-lsp (source=bundled)
2026-09-28T00:38:50.870Z client state: starting
2026-09-28T00:38:50.889Z client state: running
2026-09-28T00:38:50.897Z loadProject: no active .sokonanoda document
2026-09-28T00:38:51.186Z active document changed: file:///tmp/sokonanoda-vscode-test-x6zzuG/check.sokonanoda
2026-09-28T00:38:51.206Z soko/project ok: project=null reason=no-imports
2026-09-28T00:38:51.344Z active document changed: (none)
2026-09-28T00:38:51.344Z loadProject: no active .sokonanoda document
2026-09-28T00:38:51.377Z loadProject: no active .sokonanoda document
2026-09-28T00:38:51.392Z active document changed: file:///tmp/sokonanoda-vscode-test-x6zzuG/lesson-clean.sokonanoda
2026-09-28T00:38:51.416Z soko/project ok: project=null reason=no-imports
2026-09-28T00:38:51.509Z active document changed: (none)
2026-09-28T00:38:51.509Z loadProject: no active .sokonanoda document
2026-09-28T00:38:51.557Z active document changed: file:///tmp/sokonanoda-vscode-test-x6zzuG/kernel-bad.sokonanoda
2026-09-28T00:38:51.573Z soko/project ok: project=null reason=no-imports
2026-09-28T00:38:51.617Z soko/project ok: project=null reason=no-imports
2026-09-28T00:38:51.698Z active document changed: (none)
2026-09-28T00:38:51.698Z loadProject: no active .sokonanoda document
2026-09-28T00:38:51.742Z active document changed: file:///tmp/sokonanoda-vscode-test-x6zzuG/exercise.sokonanoda
2026-09-28T00:38:51.756Z soko/project ok: project=null reason=no-imports
2026-09-28T00:38:51.773Z soko/project ok: project=null reason=no-imports
2026-09-28T00:38:51.806Z active document changed: (none)
2026-09-28T00:38:51.806Z loadProject: no active .sokonanoda document
2026-09-28T00:38:51.874Z active document changed: file:///tmp/sokonanoda-vscode-test-x6zzuG/reserved.sokonanoda
2026-09-28T00:38:51.886Z soko/project ok: project=null reason=no-imports
2026-09-28T00:38:51.933Z active document changed: (none)
2026-09-28T00:38:51.933Z loadProject: no active .sokonanoda document
2026-09-28T00:38:51.995Z active document changed: file:///tmp/sokonanoda-vscode-test-x6zzuG/exercise-hover.sokonanoda
2026-09-28T00:38:52.026Z soko/project ok: project=null reason=no-imports
2026-09-28T00:38:52.208Z soko/project ok: project=null reason=no-imports
2026-09-28T00:38:52.249Z active document changed: (none)
2026-09-28T00:38:52.249Z loadProject: no active .sokonanoda document
2026-09-28T00:38:52.469Z active document changed: file:///home/runner/work/sokonanoda-lang/sokonanoda-lang/editor/vscode/src/test/fixtures/workspace/units/u01.sokonanoda
2026-09-28T00:38:52.482Z soko/project ok: project=units.u01 (2 modules) reason=null
2026-09-28T00:38:52.635Z soko/project ok: project=units.u01 (2 modules) reason=null
2026-09-28T00:38:52.789Z active document changed: (none)
2026-09-28T00:38:52.789Z loadProject: no active .sokonanoda document
2026-09-28T00:38:52.867Z active document changed: file:///tmp/sokonanoda-vscode-test-x6zzuG/notation-input.sokonanoda
2026-09-28T00:38:52.894Z soko/project ok: project=null reason=no-imports
2026-09-28T00:38:53.055Z active document changed: (none)
2026-09-28T00:38:53.055Z loadProject: no active .sokonanoda document
2026-09-28T00:38:53.137Z loadProject: no active .sokonanoda document
2026-09-28T00:38:53.144Z active document changed: file:///tmp/sokonanoda-vscode-test-x6zzuG/restart.sokonanoda
2026-09-28T00:38:53.159Z soko/project ok: project=null reason=no-imports
2026-09-28T00:38:53.161Z client state: stopped
2026-09-28T00:38:53.166Z client state: starting
2026-09-28T00:38:53.199Z client state: running
2026-09-28T00:38:53.297Z active document changed: (none)
2026-09-28T00:38:53.297Z loadProject: no active .sokonanoda document
2026-09-28T00:38:53.424Z loadProject: no active .sokonanoda document
2026-09-28T00:38:53.603Z active document changed: file:///tmp/sokonanoda-vscode-test-x6zzuG/proj-ok/Main.sokonanoda
2026-09-28T00:38:53.639Z soko/project ok: project=Main (2 modules) reason=null
2026-09-28T00:38:53.640Z soko/project ok: project=Main (2 modules) reason=null
2026-09-28T00:38:53.742Z soko/project ok: project=Main (2 modules) reason=null
2026-09-28T00:38:53.848Z soko/project ok: project=Main (2 modules) reason=null
2026-09-28T00:38:53.862Z active document changed: (none)
2026-09-28T00:38:53.862Z loadProject: no active .sokonanoda document
2026-09-28T00:38:53.933Z active document changed: file:///tmp/sokonanoda-vscode-test-x6zzuG/single.sokonanoda
2026-09-28T00:38:53.951Z soko/project ok: project=null reason=no-imports
2026-09-28T00:38:53.955Z soko/project ok: project=null reason=no-imports
2026-09-28T00:38:54.113Z soko/project ok: project=null reason=no-imports
2026-09-28T00:38:54.148Z active document changed: (none)
2026-09-28T00:38:54.149Z loadProject: no active .sokonanoda document
2026-09-28T00:38:54.212Z active document changed: file:///tmp/sokonanoda-vscode-test-x6zzuG/proj-broken/Main.sokonanoda
2026-09-28T00:38:54.229Z soko/project ok: project=Main (1 modules) reason=null
2026-09-28T00:38:54.231Z soko/project ok: project=Main (1 modules) reason=null
2026-09-28T00:38:54.335Z active document changed: (none)
2026-09-28T00:38:54.335Z loadProject: no active .sokonanoda document
2026-09-28T00:38:54.380Z active document changed: file:///home/runner/work/sokonanoda-lang/sokonanoda-lang/editor/vscode/src/test/fixtures/workspace/units/u01.sokonanoda
2026-09-28T00:38:54.396Z soko/project ok: project=units.u01 (2 modules) reason=null
2026-09-28T00:38:54.418Z soko/project ok: project=units.u01 (2 modules) reason=null
2026-09-28T00:38:54.495Z warmCacheOnOpen: exit=0
2026-09-28T00:38:56.709Z soko/project ok: project=units.u01 (2 modules) reason=null
2026-09-28T00:38:59.335Z soko/project ok: project=units.u01 (2 modules) reason=null
2026-09-28T00:38:59.375Z active document changed: (none)
2026-09-28T00:38:59.375Z loadProject: no active .sokonanoda document
2026-09-28T00:38:59.410Z active document changed: file:///home/runner/work/sokonanoda-lang/sokonanoda-lang/editor/vscode/src/test/fixtures/workspace/units/u01.sokonanoda
2026-09-28T00:38:59.414Z soko/project ok: project=units.u01 (2 modules) reason=null
2026-09-28T00:38:59.474Z soko/project ok: project=units.u01 (2 modules) reason=null
2026-09-28T00:38:59.482Z soko/project ok: project=units.u01 (2 modules) reason=null
2026-09-28T00:39:03.673Z soko/project ok: project=units.u01 (2 modules) reason=null
2026-09-28T00:39:03.694Z active document changed: (none)
2026-09-28T00:39:03.694Z loadProject: no active .sokonanoda document
2026-09-28T00:39:03.737Z active document changed: file:///home/runner/work/sokonanoda-lang/sokonanoda-lang/editor/vscode/src/test/fixtures/workspace/units/u01.sokonanoda
2026-09-28T00:39:03.742Z soko/project ok: project=units.u01 (2 modules) reason=null
2026-09-28T00:39:03.818Z active document changed: (none)
2026-09-28T00:39:03.818Z loadProject: no active .sokonanoda document
2026-09-28T00:39:03.843Z active document changed: file:///home/runner/work/sokonanoda-lang/sokonanoda-lang/editor/vscode/src/test/fixtures/workspace/units/u01.sokonanoda
2026-09-28T00:39:03.848Z soko/project ok: project=units.u01 (2 modules) reason=null
2026-09-28T00:39:03.943Z active document changed: (none)
2026-09-28T00:39:03.943Z loadProject: no active .sokonanoda document
2026-09-28T00:39:03.956Z active document changed: file:///home/runner/work/sokonanoda-lang/sokonanoda-lang/editor/vscode/src/test/fixtures/workspace/lib/Set.sokonanoda
2026-09-28T00:39:03.960Z soko/project ok: project=null reason=no-imports
2026-09-28T00:39:04.016Z active document changed: (none)
2026-09-28T00:39:04.016Z loadProject: no active .sokonanoda document
2026-09-28T00:39:04.064Z active document changed: file:///home/runner/work/sokonanoda-lang/sokonanoda-lang/editor/vscode/src/test/fixtures/workspace/units/u01.sokonanoda
2026-09-28T00:39:04.068Z soko/project ok: project=units.u01 (2 modules) reason=null
2026-09-28T00:39:04.144Z soko/project ok: project=units.u01 (2 modules) reason=null
2026-09-28T00:39:04.156Z active document changed: (none)
2026-09-28T00:39:04.156Z loadProject: no active .sokonanoda document
2026-09-28T00:39:04.183Z active document changed: file:///home/runner/work/sokonanoda-lang/sokonanoda-lang/editor/vscode/src/test/fixtures/workspace/units/u01.sokonanoda
2026-09-28T00:39:04.186Z soko/project ok: project=units.u01 (2 modules) reason=null
2026-09-28T00:39:04.262Z active document changed: (none)
2026-09-28T00:39:04.262Z loadProject: no active .sokonanoda document
2026-09-28T00:39:04.297Z active document changed: file:///home/runner/work/sokonanoda-lang/sokonanoda-lang/editor/vscode/src/test/fixtures/workspace/units/u01.sokonanoda
2026-09-28T00:39:04.301Z soko/project ok: project=units.u01 (2 modules) reason=null
2026-09-28T00:39:04.369Z active document changed: (none)
2026-09-28T00:39:04.369Z loadProject: no active .sokonanoda document
2026-09-28T00:39:04.419Z active document changed: file:///home/runner/work/sokonanoda-lang/sokonanoda-lang/editor/vscode/src/test/fixtures/workspace/units/u02-cold-open.sokonanoda
2026-09-28T00:39:04.422Z soko/project ok: project=null reason=no-imports
2026-09-28T00:39:09.980Z client state: stopped
2026-09-28T00:39:09.983Z client state: starting
2026-09-28T00:39:09.994Z client state: running
PERF e2e cache: cold=5594ms warm=57ms
2026-09-28T00:39:10.099Z active document changed: (none)
2026-09-28T00:39:10.099Z loadProject: no active .sokonanoda document
2026-09-28T00:39:10.132Z active document changed: file:///home/runner/work/sokonanoda-lang/sokonanoda-lang/editor/vscode/src/test/fixtures/workspace/units/u01.sokonanoda
2026-09-28T00:39:10.136Z soko/project ok: project=units.u01 (2 modules) reason=null
2026-09-28T00:39:10.287Z soko/project ok: project=units.u01 (2 modules) reason=null
2026-09-28T00:39:10.676Z soko/project ok: project=units.u01 (2 modules) reason=null
2026-09-28T00:39:11.133Z soko/project ok: project=units.u01 (2 modules) reason=null
2026-09-28T00:39:12.056Z active document changed: (none)
2026-09-28T00:39:12.056Z loadProject: no active .sokonanoda document
2026-09-28T00:39:12.081Z active document changed: file:///home/runner/work/sokonanoda-lang/sokonanoda-lang/editor/vscode/src/test/fixtures/workspace/units/u01.sokonanoda
2026-09-28T00:39:12.085Z soko/project ok: project=units.u01 (2 modules) reason=null
2026-09-28T00:39:12.832Z soko/project ok: project=units.u01 (2 modules) reason=null
2026-09-28T00:39:13.795Z soko/project ok: project=units.u01 (2 modules) reason=null
PERF e2e fanout: entry diagnostics signature=152 字节 · 稳定 ✓
2026-09-28T00:39:18.123Z active document changed: (none)
2026-09-28T00:39:18.123Z loadProject: no active .sokonanoda document
2026-09-28T00:39:18.155Z active document changed: file:///home/runner/work/sokonanoda-lang/sokonanoda-lang/editor/vscode/src/test/fixtures/workspace/units/u01.sokonanoda
2026-09-28T00:39:18.157Z soko/project ok: project=units.u01 (2 modules) reason=null
2026-09-28T00:39:18.784Z soko/project ok: project=units.u01 (2 modules) reason=null
2026-09-28T00:39:18.887Z active document changed: (none)
2026-09-28T00:39:18.887Z loadProject: no active .sokonanoda document
2026-09-28T00:39:18.923Z active document changed: file:///home/runner/work/sokonanoda-lang/sokonanoda-lang/editor/vscode/src/test/fixtures/workspace/units/u01.sokonanoda
2026-09-28T00:39:18.929Z soko/project ok: project=units.u01 (2 modules) reason=null
2026-09-28T00:39:19.268Z active document changed: (none)
2026-09-28T00:39:19.268Z loadProject: no active .sokonanoda document
2026-09-28T00:39:19.310Z active document changed: file:///home/runner/work/sokonanoda-lang/sokonanoda-lang/editor/vscode/src/test/fixtures/workspace/units/u01.sokonanoda
2026-09-28T00:39:19.316Z soko/project ok: project=units.u01 (2 modules) reason=null
2026-09-28T00:39:19.649Z active document changed: (none)
2026-09-28T00:39:19.649Z loadProject: no active .sokonanoda document
2026-09-28T00:39:19.685Z active document changed: file:///home/runner/work/sokonanoda-lang/sokonanoda-lang/editor/vscode/src/test/fixtures/workspace/units/u01.sokonanoda
2026-09-28T00:39:19.690Z soko/project ok: project=units.u01 (2 modules) reason=null
2026-09-28T00:39:20.015Z active document changed: (none)
2026-09-28T00:39:20.015Z loadProject: no active .sokonanoda document
2026-09-28T00:39:20.048Z active document changed: file:///home/runner/work/sokonanoda-lang/sokonanoda-lang/editor/vscode/src/test/fixtures/workspace/units/u01.sokonanoda
2026-09-28T00:39:20.054Z soko/project ok: project=units.u01 (2 modules) reason=null
2026-09-28T00:39:20.169Z active document changed: (none)
2026-09-28T00:39:20.169Z loadProject: no active .sokonanoda document
2026-09-28T00:39:20.217Z active document changed: file:///home/runner/work/sokonanoda-lang/sokonanoda-lang/editor/vscode/src/test/fixtures/workspace/units/u01.sokonanoda
2026-09-28T00:39:20.225Z soko/project ok: project=units.u01 (2 modules) reason=null
2026-09-28T00:39:20.406Z active document changed: (none)
2026-09-28T00:39:20.406Z loadProject: no active .sokonanoda document
2026-09-28T00:39:20.449Z active document changed: file:///home/runner/work/sokonanoda-lang/sokonanoda-lang/editor/vscode/src/test/fixtures/workspace/units/u01.sokonanoda
2026-09-28T00:39:20.458Z soko/project ok: project=units.u01 (2 modules) reason=null
2026-09-28T00:39:20.606Z active document changed: (none)
2026-09-28T00:39:20.606Z loadProject: no active .sokonanoda document
2026-09-28T00:39:20.646Z active document changed: file:///home/runner/work/sokonanoda-lang/sokonanoda-lang/editor/vscode/src/test/fixtures/workspace/units/u01.sokonanoda
2026-09-28T00:39:20.653Z soko/project ok: project=units.u01 (2 modules) reason=null
2026-09-28T00:39:20.800Z active document changed: (none)
2026-09-28T00:39:20.800Z loadProject: no active .sokonanoda document
2026-09-28T00:39:20.898Z client state: stopped
