# scripts/vscode-e2e.sh — VS Code 1.106.0 · extension v0.62.0 · 2ccf5e1036e50794303d4151d09e643f32397c18
# 结果：16 passing / 0 failing / 0 pending（exit=0）

## doctor（服务器解析与版本自述）
--- doctor ---
sokonanoda doctor — 扩展 v0.62.0 (6 checks)
[ok] 1/6 resolution：bundled — /home/runner/work/sokonanoda-lang/sokonanoda-lang/editor/vscode/bin/linux-x64/sokonanoda-lsp (source=bundled)
[ok] 2/6 server-version：0.62.0 (pid 3175) == 扩展 v0.62.0 (source=bundled)
[ok] 3/6 host-version：运行宿主 v0.62.0
[ok] 4/6 ignored-override：没有被忽略的 serverPath/env 覆盖
[info] 5/6 download-cache：无下载缓存（仅影响 CLI/universal 兜底，不影响内置服务器）
[info] 6/6 obsolete-versions：检测到 0 个扩展版本快照、0 个 .obsolete 条目；完整重启 VS Code 会自动清理

## 用例
    ✔ .sokonanoda files get the sokonanoda language id (65ms)
    ✔ confusable-character highlight is off for sokonanoda files
    ✔ #check results appear as inlay hints (197ms)
    ✔ clean lesson publishes empty diagnostics (129ms)
    ✔ kernel-rejected declaration carries the kernel-rejected code (48ms)
    ✔ open exercise carries a sorry warning, not an error (55ms)
    ✔ a declaration named Prop warns, not errors (44ms)
    ✔ open exercise shows a hover on the hole (116ms)
    ✔ notation input: the rewriter produces ∧ and hover teaches \and (142ms)
    ✔ restart server command re-syncs open documents (101ms)
    ✔ infoview command is registered and revealable (146ms)
    ✔ the project tree shows the real closure of an imported module (223ms)
    ✔ the project tree names the file a single-file document is (154ms)
    ✔ the project tree marks a broken import as the root cause (145ms)
    ✔ build / rebuild commands warm the compile cache through the CLI (117ms)
    ✔ doctor command returns a read-only source + version report (49ms)

## 扩展接线日志（SOKO_E2E_LOG）
2026-09-21T00:21:25.512Z server command: /home/runner/work/sokonanoda-lang/sokonanoda-lang/editor/vscode/bin/linux-x64/sokonanoda-lsp (source=bundled)
2026-09-21T00:21:25.514Z client state: starting
2026-09-21T00:21:25.531Z client state: running
2026-09-21T00:21:25.538Z loadProject: no active .sokonanoda document
2026-09-21T00:21:25.772Z active document changed: file:///tmp/sokonanoda-vscode-test-SrjZnk/check.sokonanoda
2026-09-21T00:21:25.779Z soko/project ok: project=null reason=no-imports
2026-09-21T00:21:25.890Z active document changed: (none)
2026-09-21T00:21:25.891Z loadProject: no active .sokonanoda document
2026-09-21T00:21:25.944Z active document changed: file:///tmp/sokonanoda-vscode-test-SrjZnk/lesson-clean.sokonanoda
2026-09-21T00:21:25.962Z soko/project ok: project=null reason=no-imports
2026-09-21T00:21:25.964Z soko/project ok: project=null reason=no-imports
2026-09-21T00:21:26.038Z active document changed: (none)
2026-09-21T00:21:26.038Z loadProject: no active .sokonanoda document
2026-09-21T00:21:26.080Z active document changed: file:///tmp/sokonanoda-vscode-test-SrjZnk/kernel-bad.sokonanoda
2026-09-21T00:21:26.096Z soko/project ok: project=null reason=no-imports
2026-09-21T00:21:26.139Z active document changed: (none)
2026-09-21T00:21:26.139Z loadProject: no active .sokonanoda document
2026-09-21T00:21:26.141Z soko/project answer for another document: file:///tmp/sokonanoda-vscode-test-SrjZnk/kernel-bad.sokonanoda
2026-09-21T00:21:26.185Z active document changed: file:///tmp/sokonanoda-vscode-test-SrjZnk/exercise.sokonanoda
2026-09-21T00:21:26.198Z soko/project ok: project=null reason=no-imports
2026-09-21T00:21:26.256Z active document changed: (none)
2026-09-21T00:21:26.256Z loadProject: no active .sokonanoda document
2026-09-21T00:21:26.295Z active document changed: file:///tmp/sokonanoda-vscode-test-SrjZnk/reserved.sokonanoda
2026-09-21T00:21:26.305Z soko/project ok: project=null reason=no-imports
2026-09-21T00:21:26.356Z active document changed: (none)
2026-09-21T00:21:26.356Z loadProject: no active .sokonanoda document
2026-09-21T00:21:26.407Z active document changed: file:///tmp/sokonanoda-vscode-test-SrjZnk/exercise-hover.sokonanoda
2026-09-21T00:21:26.417Z soko/project ok: project=null reason=no-imports
2026-09-21T00:21:26.479Z active document changed: (none)
2026-09-21T00:21:26.479Z loadProject: no active .sokonanoda document
2026-09-21T00:21:26.528Z active document changed: file:///tmp/sokonanoda-vscode-test-SrjZnk/notation-input.sokonanoda
2026-09-21T00:21:26.536Z soko/project ok: project=null reason=no-imports
2026-09-21T00:21:26.585Z soko/project ok: project=null reason=no-imports
2026-09-21T00:21:26.684Z active document changed: (none)
2026-09-21T00:21:26.684Z loadProject: no active .sokonanoda document
2026-09-21T00:21:26.729Z active document changed: file:///tmp/sokonanoda-vscode-test-SrjZnk/restart.sokonanoda
2026-09-21T00:21:26.736Z soko/project ok: project=null reason=no-imports
2026-09-21T00:21:26.739Z soko/project ok: project=null reason=no-imports
2026-09-21T00:21:26.741Z client state: stopped
2026-09-21T00:21:26.745Z client state: starting
2026-09-21T00:21:26.774Z client state: running
2026-09-21T00:21:26.812Z active document changed: (none)
2026-09-21T00:21:26.812Z loadProject: no active .sokonanoda document
2026-09-21T00:21:26.982Z loadProject: no active .sokonanoda document
2026-09-21T00:21:27.070Z active document changed: file:///tmp/sokonanoda-vscode-test-SrjZnk/proj-ok/Main.sokonanoda
2026-09-21T00:21:27.086Z soko/project ok: project=Main (2 modules) reason=null
2026-09-21T00:21:27.089Z soko/project ok: project=Main (2 modules) reason=null
2026-09-21T00:21:27.200Z active document changed: (none)
2026-09-21T00:21:27.200Z loadProject: no active .sokonanoda document
2026-09-21T00:21:27.247Z active document changed: file:///tmp/sokonanoda-vscode-test-SrjZnk/single.sokonanoda
2026-09-21T00:21:27.260Z soko/project ok: project=null reason=no-imports
2026-09-21T00:21:27.264Z soko/project ok: project=null reason=no-imports
2026-09-21T00:21:27.267Z soko/project ok: project=null reason=no-imports
2026-09-21T00:21:27.365Z active document changed: (none)
2026-09-21T00:21:27.365Z loadProject: no active .sokonanoda document
2026-09-21T00:21:27.408Z active document changed: file:///tmp/sokonanoda-vscode-test-SrjZnk/proj-broken/Main.sokonanoda
2026-09-21T00:21:27.416Z soko/project ok: project=Main (1 modules) reason=null
2026-09-21T00:21:27.419Z soko/project ok: project=Main (1 modules) reason=null
2026-09-21T00:21:27.436Z soko/project ok: project=Main (1 modules) reason=null
2026-09-21T00:21:27.524Z active document changed: (none)
2026-09-21T00:21:27.524Z loadProject: no active .sokonanoda document
2026-09-21T00:21:27.563Z active document changed: file:///tmp/sokonanoda-vscode-test-SrjZnk/build-smoke.sokonanoda
2026-09-21T00:21:27.586Z soko/project ok: project=null reason=no-imports
2026-09-21T00:21:27.610Z soko/project ok: project=null reason=no-imports
2026-09-21T00:21:27.646Z soko/project ok: project=null reason=no-imports
2026-09-21T00:21:27.670Z active document changed: (none)
2026-09-21T00:21:27.670Z loadProject: no active .sokonanoda document
2026-09-21T00:21:27.772Z client state: stopped
