# scripts/vscode-e2e.sh — VS Code 1.138.0 · extension v0.78.0 · 77617f1f9f8709164c9ea85ba79dd29fdac5dc10
# 结果：35 passing / 0 failing / 0 pending（exit=0）

## doctor（服务器解析与版本自述）
--- doctor ---
sokonanoda doctor — 扩展 v0.78.0 (6 checks)
[ok] 1/6 resolution：bundled — /home/runner/work/sokonanoda-lang/sokonanoda-lang/editor/vscode/bin/linux-x64/sokonanoda-lsp (source=bundled)
[ok] 2/6 server-version：0.78.0 (pid 3113) == 扩展 v0.78.0 (source=bundled)
[ok] 3/6 host-version：运行宿主 v0.78.0
[ok] 4/6 ignored-override：没有被忽略的 serverPath/env 覆盖
[info] 5/6 download-cache：无下载缓存（仅影响 CLI/universal 兜底，不影响内置服务器）
[info] 6/6 obsolete-versions：检测到 0 个扩展版本快照、0 个 .obsolete 条目；完整重启 VS Code 会自动清理

## 用例
    ✔ .sokonanoda files get the sokonanoda language id (95ms)
    ✔ confusable-character highlight is off for sokonanoda files
    ✔ #check results appear as inlay hints (364ms)
    ✔ clean lesson publishes empty diagnostics (201ms)
    ✔ kernel-rejected declaration carries the kernel-rejected code (64ms)
    ✔ open exercise carries a sorry warning, not an error (60ms)
    ✔ a declaration named Prop warns, not errors (168ms)
    ✔ open exercise shows a hover on the hole (173ms)
    ✔ hover 的类型文本折成记法（T-U12 面 #3，e2e 那一份） (235ms)
    ✔ notation input: the rewriter produces ∧ and hover teaches \and (196ms)
    ✔ restart server command re-syncs open documents (214ms)
    ✔ infoview command is registered and revealable (137ms)
    ✔ the project tree shows the real closure of an imported module (334ms)
    ✔ the project tree names the file a single-file document is (152ms)
    ✔ the project tree marks a broken import as the root cause (165ms)
    ✔ build / rebuild commands warm the compile cache through the CLI (4915ms)
    ✔ Clean Cache empties the project store and does not compile (E31) (4109ms)
    ✔ the Infoview receives the project view (E30) (38ms)
    ✔ Infoview 'definition' lands exactly where the editor F12 lands (E27) (155ms)
    ✔ doctor command returns a read-only source + version report
    ✔ declarations panel lists a project unit's declarations
    ✔ open declaration ships coloured goal runs to the Infoview
    ✔ next hole jumps inside a project unit
    ✔ warmCacheOnOpen pre-builds the workspace at activation
    ✔ reopening a project unit hits the compile cache (4250ms)
    ✔ rewriting an unchanged project unit does not recompile (1936ms)
    ✔ editing a dependency refreshes the open unit once (5838ms)
    ✔ goal text uses the file's notation (637ms)
    ✔ goal text folds a binder notation whose type contains a lambda (410ms)
    ✔ Infoview 的 `⊢` 用记法箭头 `→`，且 runs 与 text 同源 (342ms)
    ✔ Infoview 里集合字面量显示成 `{a}`（不是 `Set.singleton α a`） (337ms)
    ✔ go to definition on a `{a}` set literal lands on `Set.singleton` (160ms)
    ✔ go to definition on a prelude name lands in the prelude source (213ms)
    ✔ go to definition on a notation symbol lands on its declaration (119ms)
    ✔ hover on a notation symbol shows the target's signature (106ms)

## 扩展接线日志（SOKO_E2E_LOG）
2026-09-28T11:50:09.725Z server command: /home/runner/work/sokonanoda-lang/sokonanoda-lang/editor/vscode/bin/linux-x64/sokonanoda-lsp (source=bundled)
2026-09-28T11:50:09.726Z client state: starting
2026-09-28T11:50:09.784Z client state: running
2026-09-28T11:50:09.804Z loadProject: no active .sokonanoda document
2026-09-28T11:50:10.181Z loadProject: no active .sokonanoda document
2026-09-28T11:50:10.185Z active document changed: file:///tmp/sokonanoda-vscode-test-uwmczJ/check.sokonanoda
2026-09-28T11:50:10.202Z soko/project ok: project=null reason=no-imports
2026-09-28T11:50:10.355Z soko/project ok: project=null reason=no-imports
2026-09-28T11:50:10.433Z active document changed: (none)
2026-09-28T11:50:10.433Z loadProject: no active .sokonanoda document
2026-09-28T11:50:10.539Z active document changed: file:///tmp/sokonanoda-vscode-test-uwmczJ/lesson-clean.sokonanoda
2026-09-28T11:50:10.557Z soko/project ok: project=null reason=no-imports
2026-09-28T11:50:10.668Z active document changed: (none)
2026-09-28T11:50:10.668Z loadProject: no active .sokonanoda document
2026-09-28T11:50:10.725Z loadProject: no active .sokonanoda document
2026-09-28T11:50:10.729Z active document changed: file:///tmp/sokonanoda-vscode-test-uwmczJ/kernel-bad.sokonanoda
2026-09-28T11:50:10.744Z soko/project ok: project=null reason=no-imports
2026-09-28T11:50:10.795Z active document changed: (none)
2026-09-28T11:50:10.795Z loadProject: no active .sokonanoda document
2026-09-28T11:50:10.850Z active document changed: file:///tmp/sokonanoda-vscode-test-uwmczJ/exercise.sokonanoda
2026-09-28T11:50:10.862Z soko/project ok: project=null reason=no-imports
2026-09-28T11:50:10.910Z active document changed: (none)
2026-09-28T11:50:10.911Z loadProject: no active .sokonanoda document
2026-09-28T11:50:10.972Z active document changed: file:///tmp/sokonanoda-vscode-test-uwmczJ/reserved.sokonanoda
2026-09-28T11:50:10.995Z soko/project ok: project=null reason=no-imports
2026-09-28T11:50:11.106Z active document changed: (none)
2026-09-28T11:50:11.106Z loadProject: no active .sokonanoda document
2026-09-28T11:50:11.173Z active document changed: file:///tmp/sokonanoda-vscode-test-uwmczJ/exercise-hover.sokonanoda
2026-09-28T11:50:11.197Z soko/project ok: project=null reason=no-imports
2026-09-28T11:50:11.301Z active document changed: (none)
2026-09-28T11:50:11.301Z loadProject: no active .sokonanoda document
2026-09-28T11:50:11.351Z active document changed: file:///home/runner/work/sokonanoda-lang/sokonanoda-lang/editor/vscode/src/test/fixtures/workspace/units/u01.sokonanoda
2026-09-28T11:50:11.371Z soko/project ok: project=units.u01 (2 modules) reason=null
2026-09-28T11:50:11.582Z active document changed: (none)
2026-09-28T11:50:11.582Z loadProject: no active .sokonanoda document
2026-09-28T11:50:11.622Z loadProject: no active .sokonanoda document
2026-09-28T11:50:11.660Z active document changed: file:///tmp/sokonanoda-vscode-test-uwmczJ/notation-input.sokonanoda
2026-09-28T11:50:11.677Z soko/project ok: project=null reason=no-imports
2026-09-28T11:50:11.818Z active document changed: (none)
2026-09-28T11:50:11.818Z loadProject: no active .sokonanoda document
2026-09-28T11:50:11.876Z loadProject: no active .sokonanoda document
2026-09-28T11:50:11.888Z active document changed: file:///tmp/sokonanoda-vscode-test-uwmczJ/restart.sokonanoda
2026-09-28T11:50:11.908Z soko/project ok: project=null reason=no-imports
2026-09-28T11:50:11.946Z client state: stopped
2026-09-28T11:50:11.953Z client state: starting
2026-09-28T11:50:12.026Z client state: running
2026-09-28T11:50:12.123Z active document changed: (none)
2026-09-28T11:50:12.123Z loadProject: no active .sokonanoda document
2026-09-28T11:50:12.299Z loadProject: no active .sokonanoda document
2026-09-28T11:50:12.393Z active document changed: file:///tmp/sokonanoda-vscode-test-uwmczJ/proj-ok/Main.sokonanoda
2026-09-28T11:50:12.419Z soko/project ok: project=Main (2 modules) reason=null
2026-09-28T11:50:12.430Z soko/project ok: project=Main (2 modules) reason=null
2026-09-28T11:50:12.526Z soko/project ok: project=Main (2 modules) reason=null
2026-09-28T11:50:12.619Z soko/project ok: project=Main (2 modules) reason=null
2026-09-28T11:50:12.635Z active document changed: (none)
2026-09-28T11:50:12.635Z loadProject: no active .sokonanoda document
2026-09-28T11:50:12.670Z active document changed: file:///tmp/sokonanoda-vscode-test-uwmczJ/single.sokonanoda
2026-09-28T11:50:12.692Z soko/project ok: project=null reason=no-imports
2026-09-28T11:50:12.693Z soko/project ok: project=null reason=no-imports
2026-09-28T11:50:12.802Z active document changed: (none)
2026-09-28T11:50:12.802Z loadProject: no active .sokonanoda document
2026-09-28T11:50:12.851Z active document changed: file:///tmp/sokonanoda-vscode-test-uwmczJ/proj-broken/Main.sokonanoda
2026-09-28T11:50:12.872Z soko/project ok: project=Main (1 modules) reason=null
2026-09-28T11:50:12.873Z soko/project ok: project=Main (1 modules) reason=null
2026-09-28T11:50:12.875Z soko/project ok: project=Main (1 modules) reason=null
2026-09-28T11:50:12.978Z active document changed: (none)
2026-09-28T11:50:12.978Z loadProject: no active .sokonanoda document
2026-09-28T11:50:13.010Z active document changed: file:///home/runner/work/sokonanoda-lang/sokonanoda-lang/editor/vscode/src/test/fixtures/workspace/units/u01.sokonanoda
2026-09-28T11:50:13.030Z soko/project ok: project=units.u01 (2 modules) reason=null
2026-09-28T11:50:13.095Z soko/project ok: project=units.u01 (2 modules) reason=null
2026-09-28T11:50:13.385Z warmCacheOnOpen: exit=0
2026-09-28T11:50:15.378Z soko/project ok: project=units.u01 (2 modules) reason=null
2026-09-28T11:50:17.902Z soko/project ok: project=units.u01 (2 modules) reason=null
2026-09-28T11:50:17.916Z active document changed: (none)
2026-09-28T11:50:17.916Z loadProject: no active .sokonanoda document
2026-09-28T11:50:17.944Z active document changed: file:///home/runner/work/sokonanoda-lang/sokonanoda-lang/editor/vscode/src/test/fixtures/workspace/units/u01.sokonanoda
2026-09-28T11:50:17.952Z soko/project ok: project=units.u01 (2 modules) reason=null
2026-09-28T11:50:18.002Z soko/project ok: project=units.u01 (2 modules) reason=null
2026-09-28T11:50:18.006Z soko/project ok: project=units.u01 (2 modules) reason=null
2026-09-28T11:50:22.029Z soko/project ok: project=units.u01 (2 modules) reason=null
2026-09-28T11:50:22.043Z active document changed: (none)
2026-09-28T11:50:22.043Z loadProject: no active .sokonanoda document
2026-09-28T11:50:22.073Z active document changed: file:///home/runner/work/sokonanoda-lang/sokonanoda-lang/editor/vscode/src/test/fixtures/workspace/units/u01.sokonanoda
2026-09-28T11:50:22.083Z soko/project ok: project=units.u01 (2 modules) reason=null
2026-09-28T11:50:22.137Z active document changed: (none)
2026-09-28T11:50:22.137Z loadProject: no active .sokonanoda document
2026-09-28T11:50:22.165Z active document changed: file:///home/runner/work/sokonanoda-lang/sokonanoda-lang/editor/vscode/src/test/fixtures/workspace/units/u01.sokonanoda
2026-09-28T11:50:22.177Z soko/project ok: project=units.u01 (2 modules) reason=null
2026-09-28T11:50:22.267Z active document changed: (none)
2026-09-28T11:50:22.267Z loadProject: no active .sokonanoda document
2026-09-28T11:50:22.278Z active document changed: file:///home/runner/work/sokonanoda-lang/sokonanoda-lang/editor/vscode/src/test/fixtures/workspace/lib/Set.sokonanoda
2026-09-28T11:50:22.300Z soko/project ok: project=null reason=no-imports
2026-09-28T11:50:22.369Z active document changed: (none)
2026-09-28T11:50:22.369Z loadProject: no active .sokonanoda document
2026-09-28T11:50:22.410Z active document changed: file:///home/runner/work/sokonanoda-lang/sokonanoda-lang/editor/vscode/src/test/fixtures/workspace/units/u01.sokonanoda
2026-09-28T11:50:22.420Z soko/project ok: project=units.u01 (2 modules) reason=null
2026-09-28T11:50:22.464Z soko/project ok: project=units.u01 (2 modules) reason=null
2026-09-28T11:50:22.482Z active document changed: (none)
2026-09-28T11:50:22.483Z loadProject: no active .sokonanoda document
2026-09-28T11:50:22.512Z active document changed: file:///home/runner/work/sokonanoda-lang/sokonanoda-lang/editor/vscode/src/test/fixtures/workspace/units/u01.sokonanoda
2026-09-28T11:50:22.520Z soko/project ok: project=units.u01 (2 modules) reason=null
2026-09-28T11:50:22.568Z active document changed: (none)
2026-09-28T11:50:22.568Z loadProject: no active .sokonanoda document
2026-09-28T11:50:22.588Z active document changed: file:///home/runner/work/sokonanoda-lang/sokonanoda-lang/editor/vscode/src/test/fixtures/workspace/units/u01.sokonanoda
2026-09-28T11:50:22.596Z soko/project ok: project=units.u01 (2 modules) reason=null
2026-09-28T11:50:22.647Z active document changed: (none)
2026-09-28T11:50:22.648Z loadProject: no active .sokonanoda document
2026-09-28T11:50:22.674Z active document changed: file:///home/runner/work/sokonanoda-lang/sokonanoda-lang/editor/vscode/src/test/fixtures/workspace/units/u02-cold-open.sokonanoda
2026-09-28T11:50:22.688Z soko/project ok: project=null reason=no-imports
2026-09-28T11:50:26.847Z client state: stopped
2026-09-28T11:50:26.849Z client state: starting
2026-09-28T11:50:26.861Z client state: running
PERF e2e cache: cold=4185ms warm=65ms
2026-09-28T11:50:26.969Z active document changed: (none)
2026-09-28T11:50:26.969Z loadProject: no active .sokonanoda document
2026-09-28T11:50:26.990Z active document changed: file:///home/runner/work/sokonanoda-lang/sokonanoda-lang/editor/vscode/src/test/fixtures/workspace/units/u01.sokonanoda
2026-09-28T11:50:27.001Z soko/project ok: project=units.u01 (2 modules) reason=null
2026-09-28T11:50:27.160Z soko/project ok: project=units.u01 (2 modules) reason=null
2026-09-28T11:50:27.534Z soko/project ok: project=units.u01 (2 modules) reason=null
2026-09-28T11:50:27.994Z soko/project ok: project=units.u01 (2 modules) reason=null
2026-09-28T11:50:28.913Z active document changed: (none)
2026-09-28T11:50:28.913Z loadProject: no active .sokonanoda document
2026-09-28T11:50:28.931Z active document changed: file:///home/runner/work/sokonanoda-lang/sokonanoda-lang/editor/vscode/src/test/fixtures/workspace/units/u01.sokonanoda
2026-09-28T11:50:28.940Z soko/project ok: project=units.u01 (2 modules) reason=null
2026-09-28T11:50:29.532Z soko/project ok: project=units.u01 (2 modules) reason=null
2026-09-28T11:50:30.414Z soko/project ok: project=units.u01 (2 modules) reason=null
PERF e2e fanout: entry diagnostics signature=152 字节 · 稳定 ✓
2026-09-28T11:50:34.759Z active document changed: (none)
2026-09-28T11:50:34.759Z loadProject: no active .sokonanoda document
2026-09-28T11:50:34.783Z active document changed: file:///home/runner/work/sokonanoda-lang/sokonanoda-lang/editor/vscode/src/test/fixtures/workspace/units/u01.sokonanoda
2026-09-28T11:50:34.794Z soko/project ok: project=units.u01 (2 modules) reason=null
2026-09-28T11:50:35.383Z soko/project ok: project=units.u01 (2 modules) reason=null
2026-09-28T11:50:35.422Z active document changed: (none)
2026-09-28T11:50:35.422Z loadProject: no active .sokonanoda document
2026-09-28T11:50:35.526Z active document changed: file:///home/runner/work/sokonanoda-lang/sokonanoda-lang/editor/vscode/src/test/fixtures/workspace/units/u01.sokonanoda
2026-09-28T11:50:35.540Z soko/project ok: project=units.u01 (2 modules) reason=null
2026-09-28T11:50:35.850Z active document changed: (none)
2026-09-28T11:50:35.850Z loadProject: no active .sokonanoda document
2026-09-28T11:50:35.875Z active document changed: file:///home/runner/work/sokonanoda-lang/sokonanoda-lang/editor/vscode/src/test/fixtures/workspace/units/u01.sokonanoda
2026-09-28T11:50:35.885Z soko/project ok: project=units.u01 (2 modules) reason=null
2026-09-28T11:50:36.201Z active document changed: (none)
2026-09-28T11:50:36.201Z loadProject: no active .sokonanoda document
2026-09-28T11:50:36.224Z active document changed: file:///home/runner/work/sokonanoda-lang/sokonanoda-lang/editor/vscode/src/test/fixtures/workspace/units/u01.sokonanoda
2026-09-28T11:50:36.241Z soko/project ok: project=units.u01 (2 modules) reason=null
2026-09-28T11:50:36.551Z active document changed: (none)
2026-09-28T11:50:36.551Z loadProject: no active .sokonanoda document
2026-09-28T11:50:36.579Z active document changed: file:///home/runner/work/sokonanoda-lang/sokonanoda-lang/editor/vscode/src/test/fixtures/workspace/units/u01.sokonanoda
2026-09-28T11:50:36.603Z soko/project ok: project=units.u01 (2 modules) reason=null
2026-09-28T11:50:36.734Z active document changed: (none)
2026-09-28T11:50:36.734Z loadProject: no active .sokonanoda document
2026-09-28T11:50:36.809Z active document changed: file:///home/runner/work/sokonanoda-lang/sokonanoda-lang/editor/vscode/src/test/fixtures/workspace/units/u01.sokonanoda
2026-09-28T11:50:36.836Z soko/project ok: project=units.u01 (2 modules) reason=null
2026-09-28T11:50:36.968Z active document changed: (none)
2026-09-28T11:50:36.968Z loadProject: no active .sokonanoda document
2026-09-28T11:50:36.994Z active document changed: file:///home/runner/work/sokonanoda-lang/sokonanoda-lang/editor/vscode/src/test/fixtures/workspace/units/u01.sokonanoda
2026-09-28T11:50:37.010Z soko/project ok: project=units.u01 (2 modules) reason=null
2026-09-28T11:50:37.106Z active document changed: (none)
2026-09-28T11:50:37.106Z loadProject: no active .sokonanoda document
2026-09-28T11:50:37.129Z active document changed: file:///home/runner/work/sokonanoda-lang/sokonanoda-lang/editor/vscode/src/test/fixtures/workspace/units/u01.sokonanoda
2026-09-28T11:50:37.141Z soko/project ok: project=units.u01 (2 modules) reason=null
2026-09-28T11:50:37.141Z soko/project ok: project=units.u01 (2 modules) reason=null
2026-09-28T11:50:37.223Z active document changed: (none)
2026-09-28T11:50:37.223Z loadProject: no active .sokonanoda document
2026-09-28T11:50:37.259Z client state: stopped
