# scripts/vscode-e2e.sh — VS Code 1.138.0 · extension v0.64.1 · a66c978af5ce4594a3c33bea64f5abbd0bd329fd
# 结果：18 passing / 3 failing / 0 pending（exit=1）

## doctor（服务器解析与版本自述）
--- doctor ---
sokonanoda doctor — 扩展 v0.64.1 (6 checks)
[ok] 1/6 resolution：bundled — /Users/penglingwei/Documents/lean/sokonanoda/sokonanoda-lang/editor/vscode/bin/darwin-arm64/sokonanoda-lsp (source=bundled)
[ok] 2/6 server-version：0.64.1 (pid 3777) == 扩展 v0.64.1 (source=bundled)
[ok] 3/6 host-version：运行宿主 v0.64.1
[ok] 4/6 ignored-override：没有被忽略的 serverPath/env 覆盖
[info] 5/6 download-cache：缓存 marker 0.55.0 darwin-arm64 != 扩展 v0.64.1；可运行 sokonanoda update
[info] 6/6 obsolete-versions：检测到 0 个扩展版本快照、0 个 .obsolete 条目；完整重启 VS Code 会自动清理

## 用例
    ✔ .sokonanoda files get the sokonanoda language id (43ms)
    ✔ confusable-character highlight is off for sokonanoda files
    ✔ #check results appear as inlay hints (79ms)
    ✔ clean lesson publishes empty diagnostics
    ✔ kernel-rejected declaration carries the kernel-rejected code
    ✔ open exercise carries a sorry warning, not an error (43ms)
    ✔ a declaration named Prop warns, not errors
    ✔ open exercise shows a hover on the hole
    ✔ notation input: the rewriter produces ∧ and hover teaches \and (46ms)
    ✔ restart server command re-syncs open documents (59ms)
    ✔ infoview command is registered and revealable
    ✔ the project tree shows the real closure of an imported module (124ms)
    ✔ the project tree names the file a single-file document is (121ms)
    ✔ the project tree marks a broken import as the root cause (120ms)
    ✔ build / rebuild commands warm the compile cache through the CLI (585ms)
    ✔ doctor command returns a read-only source + version report
    ✔ declarations panel lists a project unit's declarations (322ms)
    ✔ next hole jumps inside a project unit
    1) goal text uses the file's notation
    2) go to definition on a notation symbol lands on its declaration
    3) hover on a notation symbol shows the target's signature
  1) sokonanoda extension (VS Code integration)
  2) sokonanoda extension (VS Code integration)
  3) sokonanoda extension (VS Code integration)

## 扩展接线日志（SOKO_E2E_LOG）
2026-09-22T06:28:37.975Z server command: /Users/penglingwei/Documents/lean/sokonanoda/sokonanoda-lang/editor/vscode/bin/darwin-arm64/sokonanoda-lsp (source=bundled)
2026-09-22T06:28:37.976Z client state: starting
2026-09-22T06:28:38.547Z client state: running
2026-09-22T06:28:38.550Z loadProject: no active .sokonanoda document
2026-09-22T06:28:38.658Z active document changed: file:///var/folders/81/6wvjcvys3y300jnj259_2jbw0000gn/T/sokonanoda-vscode-test-H8ZQc2/check.sokonanoda
2026-09-22T06:28:38.660Z soko/project ok: project=null reason=no-imports
2026-09-22T06:28:38.701Z active document changed: (none)
2026-09-22T06:28:38.701Z loadProject: no active .sokonanoda document
2026-09-22T06:28:38.719Z active document changed: file:///var/folders/81/6wvjcvys3y300jnj259_2jbw0000gn/T/sokonanoda-vscode-test-H8ZQc2/lesson-clean.sokonanoda
2026-09-22T06:28:38.722Z soko/project ok: project=null reason=no-imports
2026-09-22T06:28:38.741Z active document changed: (none)
2026-09-22T06:28:38.741Z loadProject: no active .sokonanoda document
2026-09-22T06:28:38.756Z active document changed: file:///var/folders/81/6wvjcvys3y300jnj259_2jbw0000gn/T/sokonanoda-vscode-test-H8ZQc2/kernel-bad.sokonanoda
2026-09-22T06:28:38.759Z soko/project ok: project=null reason=no-imports
2026-09-22T06:28:38.815Z active document changed: (none)
2026-09-22T06:28:38.815Z loadProject: no active .sokonanoda document
2026-09-22T06:28:38.887Z active document changed: file:///var/folders/81/6wvjcvys3y300jnj259_2jbw0000gn/T/sokonanoda-vscode-test-H8ZQc2/exercise.sokonanoda
2026-09-22T06:28:38.890Z soko/project ok: project=null reason=no-imports
2026-09-22T06:28:38.915Z active document changed: (none)
2026-09-22T06:28:38.915Z loadProject: no active .sokonanoda document
2026-09-22T06:28:38.949Z active document changed: file:///var/folders/81/6wvjcvys3y300jnj259_2jbw0000gn/T/sokonanoda-vscode-test-H8ZQc2/reserved.sokonanoda
2026-09-22T06:28:38.955Z soko/project ok: project=null reason=no-imports
2026-09-22T06:28:38.967Z active document changed: (none)
2026-09-22T06:28:38.967Z loadProject: no active .sokonanoda document
2026-09-22T06:28:38.983Z active document changed: file:///var/folders/81/6wvjcvys3y300jnj259_2jbw0000gn/T/sokonanoda-vscode-test-H8ZQc2/exercise-hover.sokonanoda
2026-09-22T06:28:38.985Z soko/project ok: project=null reason=no-imports
2026-09-22T06:28:38.999Z active document changed: (none)
2026-09-22T06:28:39.000Z loadProject: no active .sokonanoda document
2026-09-22T06:28:39.015Z active document changed: file:///var/folders/81/6wvjcvys3y300jnj259_2jbw0000gn/T/sokonanoda-vscode-test-H8ZQc2/notation-input.sokonanoda
2026-09-22T06:28:39.018Z soko/project ok: project=null reason=no-imports
2026-09-22T06:28:39.075Z active document changed: (none)
2026-09-22T06:28:39.075Z loadProject: no active .sokonanoda document
2026-09-22T06:28:39.091Z active document changed: file:///var/folders/81/6wvjcvys3y300jnj259_2jbw0000gn/T/sokonanoda-vscode-test-H8ZQc2/restart.sokonanoda
2026-09-22T06:28:39.096Z soko/project ok: project=null reason=no-imports
2026-09-22T06:28:39.101Z client state: stopped
2026-09-22T06:28:39.103Z client state: starting
2026-09-22T06:28:39.120Z client state: running
2026-09-22T06:28:39.145Z active document changed: (none)
2026-09-22T06:28:39.146Z loadProject: no active .sokonanoda document
2026-09-22T06:28:39.200Z active document changed: file:///var/folders/81/6wvjcvys3y300jnj259_2jbw0000gn/T/sokonanoda-vscode-test-H8ZQc2/proj-ok/Main.sokonanoda
2026-09-22T06:28:39.202Z soko/project ok: project=Main (2 modules) reason=null
2026-09-22T06:28:39.205Z soko/project ok: project=Main (2 modules) reason=null
2026-09-22T06:28:39.309Z active document changed: (none)
2026-09-22T06:28:39.309Z loadProject: no active .sokonanoda document
2026-09-22T06:28:39.322Z active document changed: file:///var/folders/81/6wvjcvys3y300jnj259_2jbw0000gn/T/sokonanoda-vscode-test-H8ZQc2/single.sokonanoda
2026-09-22T06:28:39.325Z soko/project ok: project=null reason=no-imports
2026-09-22T06:28:39.332Z soko/project ok: project=null reason=no-imports
2026-09-22T06:28:39.456Z active document changed: (none)
2026-09-22T06:28:39.457Z loadProject: no active .sokonanoda document
2026-09-22T06:28:39.470Z active document changed: file:///var/folders/81/6wvjcvys3y300jnj259_2jbw0000gn/T/sokonanoda-vscode-test-H8ZQc2/proj-broken/Main.sokonanoda
2026-09-22T06:28:39.472Z soko/project ok: project=Main (1 modules) reason=null
2026-09-22T06:28:39.476Z soko/project ok: project=Main (1 modules) reason=null
2026-09-22T06:28:39.582Z active document changed: (none)
2026-09-22T06:28:39.583Z loadProject: no active .sokonanoda document
2026-09-22T06:28:39.596Z active document changed: file:///var/folders/81/6wvjcvys3y300jnj259_2jbw0000gn/T/sokonanoda-vscode-test-H8ZQc2/build-smoke.sokonanoda
2026-09-22T06:28:39.598Z soko/project ok: project=null reason=no-imports
2026-09-22T06:28:39.799Z soko/project ok: project=null reason=no-imports
2026-09-22T06:28:40.146Z soko/project ok: project=null reason=no-imports
2026-09-22T06:28:40.169Z soko/project ok: project=null reason=no-imports
2026-09-22T06:28:40.172Z active document changed: (none)
2026-09-22T06:28:40.173Z loadProject: no active .sokonanoda document
2026-09-22T06:28:40.198Z active document changed: file:///Users/penglingwei/Documents/lean/sokonanoda/sokonanoda-lang/editor/vscode/src/test/fixtures/workspace/units/u01.sokonanoda
2026-09-22T06:28:40.200Z soko/project ok: project=null reason=no-imports
2026-09-22T06:28:40.433Z soko/project ok: project=units.u01 (2 modules) reason=null
2026-09-22T06:28:40.510Z active document changed: (none)
2026-09-22T06:28:40.510Z loadProject: no active .sokonanoda document
2026-09-22T06:28:40.519Z active document changed: file:///Users/penglingwei/Documents/lean/sokonanoda/sokonanoda-lang/editor/vscode/src/test/fixtures/workspace/units/u01.sokonanoda
2026-09-22T06:28:40.522Z soko/project ok: project=units.u01 (2 modules) reason=null
2026-09-22T06:28:40.536Z active document changed: (none)
2026-09-22T06:28:40.536Z loadProject: no active .sokonanoda document
2026-09-22T06:28:40.546Z active document changed: file:///Users/penglingwei/Documents/lean/sokonanoda/sokonanoda-lang/editor/vscode/src/test/fixtures/workspace/units/u01.sokonanoda
2026-09-22T06:28:40.548Z soko/project ok: project=units.u01 (2 modules) reason=null
2026-09-22T06:28:40.858Z active document changed: (none)
2026-09-22T06:28:40.859Z loadProject: no active .sokonanoda document
2026-09-22T06:28:40.869Z active document changed: file:///Users/penglingwei/Documents/lean/sokonanoda/sokonanoda-lang/editor/vscode/src/test/fixtures/workspace/units/u01.sokonanoda
2026-09-22T06:28:40.871Z soko/project ok: project=units.u01 (2 modules) reason=null
2026-09-22T06:28:40.901Z active document changed: (none)
2026-09-22T06:28:40.902Z loadProject: no active .sokonanoda document
2026-09-22T06:28:40.909Z active document changed: file:///Users/penglingwei/Documents/lean/sokonanoda/sokonanoda-lang/editor/vscode/src/test/fixtures/workspace/units/u01.sokonanoda
2026-09-22T06:28:40.912Z soko/project ok: project=units.u01 (2 modules) reason=null
2026-09-22T06:28:40.939Z active document changed: (none)
2026-09-22T06:28:40.940Z loadProject: no active .sokonanoda document
2026-09-22T06:28:40.951Z client state: stopped

## 失败详情
  1) sokonanoda extension (VS Code integration)
       goal text uses the file's notation:

      AssertionError [ERR_ASSERTION]: open_one 的根状态必须用源文件的记法（⊆ / ∈），实际 = forall (α : Type 0) (A B : Set α), Set.subset α A B -> (forall (x : α), Set.mem α x A -> Set.mem α x B)
      + expected - actual

      -false
      +true
      
  	at Context.<anonymous> (src/test/extension.test.js:655:12)

  2) sokonanoda extension (VS Code integration)
       go to definition on a notation symbol lands on its declaration:

      AssertionError [ERR_ASSERTION]: 在 `∈` 上跳定义必须返回至少一个位置（现在返回 null）
      + expected - actual

      -false
      +true
      
  	at Context.<anonymous> (src/test/extension.test.js:676:12)

  3) sokonanoda extension (VS Code integration)
       hover on a notation symbol shows the target's signature:

      AssertionError [ERR_ASSERTION]: hover 必须给出 `Set.mem` 的原始类型，实际 = `∈` —— 记法符号

输入：`\in`（别名 `\mem`）

`a ∈ A : Prop`
      + expected - actual

      -false
      +true
      
  	at Context.<anonymous> (src/test/extension.test.js:697:12)

3 tests failed.
[90m[main 2026-09-22T06:28:40.955Z][0m Extension host with pid 3504 exited with code: 0, signal: unknown.
Exit code:   1
