# scripts/vscode-e2e.sh — VS Code 1.138.0 · extension v0.78.0 · c7decb2c07472dbff08aaca94ee8cb2b336d97f5
# 结果：35 passing / 0 failing / 0 pending（exit=0）

## doctor（服务器解析与版本自述）
--- doctor ---
sokonanoda doctor — 扩展 v0.78.0 (6 checks)
[ok] 1/6 resolution：bundled — /home/runner/work/sokonanoda-lang/sokonanoda-lang/editor/vscode/bin/linux-x64/sokonanoda-lsp (source=bundled)
[ok] 2/6 server-version：0.78.0 (pid 3045) == 扩展 v0.78.0 (source=bundled)
[ok] 3/6 host-version：运行宿主 v0.78.0
[ok] 4/6 ignored-override：没有被忽略的 serverPath/env 覆盖
[info] 5/6 download-cache：无下载缓存（仅影响 CLI/universal 兜底，不影响内置服务器）
[info] 6/6 obsolete-versions：检测到 0 个扩展版本快照、0 个 .obsolete 条目；完整重启 VS Code 会自动清理

## 用例
    ✔ .sokonanoda files get the sokonanoda language id (214ms)
    ✔ confusable-character highlight is off for sokonanoda files
    ✔ #check results appear as inlay hints (616ms)
    ✔ clean lesson publishes empty diagnostics (278ms)
    ✔ kernel-rejected declaration carries the kernel-rejected code (163ms)
    ✔ open exercise carries a sorry warning, not an error (74ms)
    ✔ a declaration named Prop warns, not errors (82ms)
    ✔ open exercise shows a hover on the hole (136ms)
    ✔ hover 的类型文本折成记法（T-U12 面 #3，e2e 那一份） (311ms)
    ✔ notation input: the rewriter produces ∧ and hover teaches \and (236ms)
    ✔ restart server command re-syncs open documents (274ms)
    ✔ infoview command is registered and revealable (99ms)
    ✔ the project tree shows the real closure of an imported module (305ms)
    ✔ the project tree names the file a single-file document is (211ms)
    ✔ the project tree marks a broken import as the root cause (270ms)
    ✔ build / rebuild commands warm the compile cache through the CLI (13205ms)
    ✔ Clean Cache empties the project store and does not compile (E31) (8667ms)
    ✔ the Infoview receives the project view (E30) (52ms)
    ✔ Infoview 'definition' lands exactly where the editor F12 lands (E27) (131ms)
    ✔ doctor command returns a read-only source + version report
    ✔ declarations panel lists a project unit's declarations (39ms)
    ✔ open declaration ships coloured goal runs to the Infoview
    ✔ next hole jumps inside a project unit
    ✔ warmCacheOnOpen pre-builds the workspace at activation
    ✔ reopening a project unit hits the compile cache (5060ms)
    ✔ rewriting an unchanged project unit does not recompile (1947ms)
    ✔ editing a dependency refreshes the open unit once (6748ms)
    ✔ goal text uses the file's notation (638ms)
    ✔ goal text folds a binder notation whose type contains a lambda (337ms)
    ✔ Infoview 的 `⊢` 用记法箭头 `→`，且 runs 与 text 同源 (336ms)
    ✔ Infoview 里集合字面量显示成 `{a}`（不是 `Set.singleton α a`） (339ms)
    ✔ go to definition on a `{a}` set literal lands on `Set.singleton` (91ms)
    ✔ go to definition on a prelude name lands in the prelude source (108ms)
    ✔ go to definition on a notation symbol lands on its declaration (148ms)
    ✔ hover on a notation symbol shows the target's signature (126ms)

## 扩展接线日志（SOKO_E2E_LOG）
2026-09-29T05:18:51.701Z server command: /home/runner/work/sokonanoda-lang/sokonanoda-lang/editor/vscode/bin/linux-x64/sokonanoda-lsp (source=bundled)
2026-09-29T05:18:51.707Z client state: starting
2026-09-29T05:18:51.766Z client state: running
2026-09-29T05:18:51.779Z loadProject: no active .sokonanoda document
2026-09-29T05:18:52.344Z loadProject: no active .sokonanoda document
2026-09-29T05:18:52.562Z active document changed: file:///tmp/sokonanoda-vscode-test-upLKnj/check.sokonanoda
2026-09-29T05:18:52.607Z soko/project ok: project=null reason=no-imports
2026-09-29T05:18:52.625Z soko/project ok: project=null reason=no-imports
2026-09-29T05:18:52.872Z active document changed: (none)
2026-09-29T05:18:52.872Z loadProject: no active .sokonanoda document
2026-09-29T05:18:53.042Z active document changed: file:///tmp/sokonanoda-vscode-test-upLKnj/lesson-clean.sokonanoda
2026-09-29T05:18:53.076Z soko/project ok: project=null reason=no-imports
2026-09-29T05:18:53.193Z active document changed: (none)
2026-09-29T05:18:53.193Z loadProject: no active .sokonanoda document
2026-09-29T05:18:53.217Z loadProject: no active .sokonanoda document
2026-09-29T05:18:53.243Z active document changed: file:///tmp/sokonanoda-vscode-test-upLKnj/kernel-bad.sokonanoda
2026-09-29T05:18:53.268Z soko/project ok: project=null reason=no-imports
2026-09-29T05:18:53.407Z active document changed: (none)
2026-09-29T05:18:53.407Z loadProject: no active .sokonanoda document
2026-09-29T05:18:53.473Z loadProject: no active .sokonanoda document
2026-09-29T05:18:53.475Z active document changed: file:///tmp/sokonanoda-vscode-test-upLKnj/exercise.sokonanoda
2026-09-29T05:18:53.489Z soko/project ok: project=null reason=no-imports
2026-09-29T05:18:53.531Z active document changed: (none)
2026-09-29T05:18:53.531Z loadProject: no active .sokonanoda document
2026-09-29T05:18:53.604Z active document changed: file:///tmp/sokonanoda-vscode-test-upLKnj/reserved.sokonanoda
2026-09-29T05:18:53.621Z soko/project ok: project=null reason=no-imports
2026-09-29T05:18:53.669Z active document changed: (none)
2026-09-29T05:18:53.669Z loadProject: no active .sokonanoda document
2026-09-29T05:18:53.715Z active document changed: file:///tmp/sokonanoda-vscode-test-upLKnj/exercise-hover.sokonanoda
2026-09-29T05:18:53.731Z soko/project ok: project=null reason=no-imports
2026-09-29T05:18:53.826Z active document changed: (none)
2026-09-29T05:18:53.827Z loadProject: no active .sokonanoda document
2026-09-29T05:18:53.899Z loadProject: no active .sokonanoda document
2026-09-29T05:18:53.918Z active document changed: file:///home/runner/work/sokonanoda-lang/sokonanoda-lang/editor/vscode/src/test/fixtures/workspace/units/u01.sokonanoda
2026-09-29T05:18:53.949Z soko/project ok: project=units.u01 (2 modules) reason=null
2026-09-29T05:18:54.157Z active document changed: (none)
2026-09-29T05:18:54.157Z loadProject: no active .sokonanoda document
2026-09-29T05:18:54.223Z loadProject: no active .sokonanoda document
2026-09-29T05:18:54.242Z active document changed: file:///tmp/sokonanoda-vscode-test-upLKnj/notation-input.sokonanoda
2026-09-29T05:18:54.265Z soko/project ok: project=null reason=no-imports
2026-09-29T05:18:54.434Z active document changed: (none)
2026-09-29T05:18:54.435Z loadProject: no active .sokonanoda document
2026-09-29T05:18:54.466Z loadProject: no active .sokonanoda document
2026-09-29T05:18:54.496Z active document changed: file:///tmp/sokonanoda-vscode-test-upLKnj/restart.sokonanoda
2026-09-29T05:18:54.516Z soko/project ok: project=null reason=no-imports
2026-09-29T05:18:54.522Z client state: stopped
2026-09-29T05:18:54.541Z client state: starting
2026-09-29T05:18:54.592Z client state: running
2026-09-29T05:18:54.727Z active document changed: (none)
2026-09-29T05:18:54.727Z loadProject: no active .sokonanoda document
2026-09-29T05:18:54.872Z loadProject: no active .sokonanoda document
2026-09-29T05:18:54.922Z active document changed: file:///tmp/sokonanoda-vscode-test-upLKnj/proj-ok/Main.sokonanoda
2026-09-29T05:18:54.953Z soko/project ok: project=Main (2 modules) reason=null
2026-09-29T05:18:54.954Z soko/project ok: project=Main (2 modules) reason=null
2026-09-29T05:18:55.050Z soko/project ok: project=Main (2 modules) reason=null
2026-09-29T05:18:55.154Z soko/project ok: project=Main (2 modules) reason=null
2026-09-29T05:18:55.163Z active document changed: (none)
2026-09-29T05:18:55.164Z loadProject: no active .sokonanoda document
2026-09-29T05:18:55.262Z active document changed: file:///tmp/sokonanoda-vscode-test-upLKnj/single.sokonanoda
2026-09-29T05:18:55.281Z soko/project ok: project=null reason=no-imports
2026-09-29T05:18:55.283Z soko/project ok: project=null reason=no-imports
2026-09-29T05:18:55.422Z active document changed: (none)
2026-09-29T05:18:55.423Z loadProject: no active .sokonanoda document
2026-09-29T05:18:55.434Z loadProject: no active .sokonanoda document
2026-09-29T05:18:55.560Z active document changed: file:///tmp/sokonanoda-vscode-test-upLKnj/proj-broken/Main.sokonanoda
2026-09-29T05:18:55.587Z soko/project ok: project=Main (1 modules) reason=null
2026-09-29T05:18:55.601Z soko/project ok: project=Main (1 modules) reason=null
2026-09-29T05:18:55.768Z active document changed: (none)
2026-09-29T05:18:55.768Z loadProject: no active .sokonanoda document
2026-09-29T05:18:55.810Z active document changed: file:///home/runner/work/sokonanoda-lang/sokonanoda-lang/editor/vscode/src/test/fixtures/workspace/units/u01.sokonanoda
2026-09-29T05:18:55.837Z soko/project ok: project=units.u01 (2 modules) reason=null
2026-09-29T05:18:55.863Z soko/project ok: project=units.u01 (2 modules) reason=null
2026-09-29T05:18:59.691Z warmCacheOnOpen: exit=0
2026-09-29T05:19:02.966Z soko/project ok: project=units.u01 (2 modules) reason=null
2026-09-29T05:19:08.980Z soko/project ok: project=units.u01 (2 modules) reason=null
2026-09-29T05:19:09.007Z active document changed: (none)
2026-09-29T05:19:09.007Z loadProject: no active .sokonanoda document
2026-09-29T05:19:09.030Z active document changed: file:///home/runner/work/sokonanoda-lang/sokonanoda-lang/editor/vscode/src/test/fixtures/workspace/units/u01.sokonanoda
2026-09-29T05:19:09.044Z soko/project ok: project=units.u01 (2 modules) reason=null
2026-09-29T05:19:10.160Z soko/project ok: project=units.u01 (2 modules) reason=null
2026-09-29T05:19:10.168Z soko/project ok: project=units.u01 (2 modules) reason=null
2026-09-29T05:19:17.679Z soko/project ok: project=units.u01 (2 modules) reason=null
2026-09-29T05:19:17.698Z active document changed: (none)
2026-09-29T05:19:17.698Z loadProject: no active .sokonanoda document
2026-09-29T05:19:17.739Z active document changed: file:///home/runner/work/sokonanoda-lang/sokonanoda-lang/editor/vscode/src/test/fixtures/workspace/units/u01.sokonanoda
2026-09-29T05:19:17.748Z soko/project ok: project=units.u01 (2 modules) reason=null
2026-09-29T05:19:17.822Z active document changed: (none)
2026-09-29T05:19:17.822Z loadProject: no active .sokonanoda document
2026-09-29T05:19:17.851Z active document changed: file:///home/runner/work/sokonanoda-lang/sokonanoda-lang/editor/vscode/src/test/fixtures/workspace/units/u01.sokonanoda
2026-09-29T05:19:17.860Z soko/project ok: project=units.u01 (2 modules) reason=null
2026-09-29T05:19:17.933Z active document changed: (none)
2026-09-29T05:19:17.933Z loadProject: no active .sokonanoda document
2026-09-29T05:19:17.942Z active document changed: file:///home/runner/work/sokonanoda-lang/sokonanoda-lang/editor/vscode/src/test/fixtures/workspace/lib/Set.sokonanoda
2026-09-29T05:19:17.950Z soko/project ok: project=null reason=no-imports
2026-09-29T05:19:18.000Z active document changed: (none)
2026-09-29T05:19:18.000Z loadProject: no active .sokonanoda document
2026-09-29T05:19:18.062Z active document changed: file:///home/runner/work/sokonanoda-lang/sokonanoda-lang/editor/vscode/src/test/fixtures/workspace/units/u01.sokonanoda
2026-09-29T05:19:18.085Z soko/project ok: project=units.u01 (2 modules) reason=null
2026-09-29T05:19:18.132Z soko/project ok: project=units.u01 (2 modules) reason=null
2026-09-29T05:19:18.189Z active document changed: (none)
2026-09-29T05:19:18.189Z loadProject: no active .sokonanoda document
2026-09-29T05:19:18.214Z active document changed: file:///home/runner/work/sokonanoda-lang/sokonanoda-lang/editor/vscode/src/test/fixtures/workspace/units/u01.sokonanoda
2026-09-29T05:19:18.224Z soko/project ok: project=units.u01 (2 modules) reason=null
2026-09-29T05:19:18.283Z active document changed: (none)
2026-09-29T05:19:18.283Z loadProject: no active .sokonanoda document
2026-09-29T05:19:18.307Z active document changed: file:///home/runner/work/sokonanoda-lang/sokonanoda-lang/editor/vscode/src/test/fixtures/workspace/units/u01.sokonanoda
2026-09-29T05:19:18.315Z soko/project ok: project=units.u01 (2 modules) reason=null
2026-09-29T05:19:18.372Z active document changed: (none)
2026-09-29T05:19:18.372Z loadProject: no active .sokonanoda document
2026-09-29T05:19:18.404Z active document changed: file:///home/runner/work/sokonanoda-lang/sokonanoda-lang/editor/vscode/src/test/fixtures/workspace/units/u02-cold-open.sokonanoda
2026-09-29T05:19:18.417Z soko/project ok: project=null reason=no-imports
2026-09-29T05:19:23.394Z client state: stopped
2026-09-29T05:19:23.397Z client state: starting
2026-09-29T05:19:23.405Z client state: running
PERF e2e cache: cold=5006ms warm=53ms
2026-09-29T05:19:23.508Z active document changed: (none)
2026-09-29T05:19:23.508Z loadProject: no active .sokonanoda document
2026-09-29T05:19:23.541Z active document changed: file:///home/runner/work/sokonanoda-lang/sokonanoda-lang/editor/vscode/src/test/fixtures/workspace/units/u01.sokonanoda
2026-09-29T05:19:23.550Z soko/project ok: project=units.u01 (2 modules) reason=null
2026-09-29T05:19:23.716Z soko/project ok: project=units.u01 (2 modules) reason=null
2026-09-29T05:19:24.112Z soko/project ok: project=units.u01 (2 modules) reason=null
2026-09-29T05:19:24.542Z soko/project ok: project=units.u01 (2 modules) reason=null
2026-09-29T05:19:25.464Z active document changed: (none)
2026-09-29T05:19:25.464Z loadProject: no active .sokonanoda document
2026-09-29T05:19:25.486Z active document changed: file:///home/runner/work/sokonanoda-lang/sokonanoda-lang/editor/vscode/src/test/fixtures/workspace/units/u01.sokonanoda
2026-09-29T05:19:25.495Z soko/project ok: project=units.u01 (2 modules) reason=null
2026-09-29T05:19:26.073Z soko/project ok: project=units.u01 (2 modules) reason=null
2026-09-29T05:19:27.876Z soko/project ok: project=units.u01 (2 modules) reason=null
PERF e2e fanout: entry diagnostics signature=152 字节 · 稳定 ✓
2026-09-29T05:19:32.222Z active document changed: (none)
2026-09-29T05:19:32.222Z loadProject: no active .sokonanoda document
2026-09-29T05:19:32.244Z active document changed: file:///home/runner/work/sokonanoda-lang/sokonanoda-lang/editor/vscode/src/test/fixtures/workspace/units/u01.sokonanoda
2026-09-29T05:19:32.257Z soko/project ok: project=units.u01 (2 modules) reason=null
2026-09-29T05:19:32.848Z soko/project ok: project=units.u01 (2 modules) reason=null
2026-09-29T05:19:32.873Z active document changed: (none)
2026-09-29T05:19:32.873Z loadProject: no active .sokonanoda document
2026-09-29T05:19:32.896Z active document changed: file:///home/runner/work/sokonanoda-lang/sokonanoda-lang/editor/vscode/src/test/fixtures/workspace/units/u01.sokonanoda
2026-09-29T05:19:32.912Z soko/project ok: project=units.u01 (2 modules) reason=null
2026-09-29T05:19:33.221Z active document changed: (none)
2026-09-29T05:19:33.221Z loadProject: no active .sokonanoda document
2026-09-29T05:19:33.244Z active document changed: file:///home/runner/work/sokonanoda-lang/sokonanoda-lang/editor/vscode/src/test/fixtures/workspace/units/u01.sokonanoda
2026-09-29T05:19:33.258Z soko/project ok: project=units.u01 (2 modules) reason=null
2026-09-29T05:19:33.568Z active document changed: (none)
2026-09-29T05:19:33.568Z loadProject: no active .sokonanoda document
2026-09-29T05:19:33.593Z active document changed: file:///home/runner/work/sokonanoda-lang/sokonanoda-lang/editor/vscode/src/test/fixtures/workspace/units/u01.sokonanoda
2026-09-29T05:19:33.603Z soko/project ok: project=units.u01 (2 modules) reason=null
2026-09-29T05:19:33.920Z active document changed: (none)
2026-09-29T05:19:33.920Z loadProject: no active .sokonanoda document
2026-09-29T05:19:33.941Z active document changed: file:///home/runner/work/sokonanoda-lang/sokonanoda-lang/editor/vscode/src/test/fixtures/workspace/units/u01.sokonanoda
2026-09-29T05:19:33.954Z soko/project ok: project=units.u01 (2 modules) reason=null
2026-09-29T05:19:34.030Z active document changed: (none)
2026-09-29T05:19:34.030Z loadProject: no active .sokonanoda document
2026-09-29T05:19:34.053Z active document changed: file:///home/runner/work/sokonanoda-lang/sokonanoda-lang/editor/vscode/src/test/fixtures/workspace/units/u01.sokonanoda
2026-09-29T05:19:34.073Z soko/project ok: project=units.u01 (2 modules) reason=null
2026-09-29T05:19:34.148Z active document changed: (none)
2026-09-29T05:19:34.148Z loadProject: no active .sokonanoda document
2026-09-29T05:19:34.177Z active document changed: file:///home/runner/work/sokonanoda-lang/sokonanoda-lang/editor/vscode/src/test/fixtures/workspace/units/u01.sokonanoda
2026-09-29T05:19:34.192Z soko/project ok: project=units.u01 (2 modules) reason=null
2026-09-29T05:19:34.324Z active document changed: (none)
2026-09-29T05:19:34.324Z loadProject: no active .sokonanoda document
2026-09-29T05:19:34.357Z active document changed: file:///home/runner/work/sokonanoda-lang/sokonanoda-lang/editor/vscode/src/test/fixtures/workspace/units/u01.sokonanoda
2026-09-29T05:19:34.372Z soko/project ok: project=units.u01 (2 modules) reason=null
2026-09-29T05:19:34.468Z active document changed: (none)
2026-09-29T05:19:34.468Z loadProject: no active .sokonanoda document
2026-09-29T05:19:34.511Z client state: stopped
