# scripts/vscode-e2e.sh — VS Code 1.138.0 · extension v0.65.5 · 12a1e22606e9831be752d8f64a330dc8be4d18f2
# 结果：25 passing / 0 failing / 0 pending（exit=0）

## doctor（服务器解析与版本自述）
--- doctor ---
sokonanoda doctor — 扩展 v0.65.5 (6 checks)
[ok] 1/6 resolution：bundled — /Users/penglingwei/Documents/lean/sokonanoda/sokonanoda-lang/editor/vscode/bin/darwin-arm64/sokonanoda-lsp (source=bundled)
[ok] 2/6 server-version：0.65.5 (pid 95047) == 扩展 v0.65.5 (source=bundled)
[ok] 3/6 host-version：运行宿主 v0.65.5
[ok] 4/6 ignored-override：没有被忽略的 serverPath/env 覆盖
[info] 5/6 download-cache：缓存 marker 0.55.0 darwin-arm64 != 扩展 v0.65.5；可运行 sokonanoda update
[info] 6/6 obsolete-versions：检测到 0 个扩展版本快照、0 个 .obsolete 条目；完整重启 VS Code 会自动清理

## 用例
    ✔ .sokonanoda files get the sokonanoda language id (47ms)
    ✔ confusable-character highlight is off for sokonanoda files
    ✔ #check results appear as inlay hints (115ms)
    ✔ clean lesson publishes empty diagnostics (74ms)
    ✔ kernel-rejected declaration carries the kernel-rejected code (58ms)
    ✔ open exercise carries a sorry warning, not an error (40ms)
    ✔ a declaration named Prop warns, not errors
    ✔ open exercise shows a hover on the hole (60ms)
    ✔ notation input: the rewriter produces ∧ and hover teaches \and (99ms)
    ✔ restart server command re-syncs open documents (55ms)
    ✔ infoview command is registered and revealable (54ms)
    ✔ the project tree shows the real closure of an imported module (225ms)
    ✔ the project tree names the file a single-file document is (119ms)
    ✔ the project tree marks a broken import as the root cause (122ms)
    ✔ build / rebuild commands warm the compile cache through the CLI (55ms)
    ✔ doctor command returns a read-only source + version report
    ✔ declarations panel lists a project unit's declarations (326ms)
    ✔ next hole jumps inside a project unit
    ✔ warmCacheOnOpen pre-builds the workspace at activation
    ✔ reopening a project unit hits the compile cache (549ms)
    ✔ rewriting an unchanged project unit does not recompile (1519ms)
    ✔ editing a dependency refreshes the open unit once (1522ms)
    ✔ goal text uses the file's notation (729ms)
    ✔ go to definition on a notation symbol lands on its declaration (41ms)
    ✔ hover on a notation symbol shows the target's signature (50ms)

## 扩展接线日志（SOKO_E2E_LOG）
2026-09-24T08:53:57.292Z server command: /Users/penglingwei/Documents/lean/sokonanoda/sokonanoda-lang/editor/vscode/bin/darwin-arm64/sokonanoda-lsp (source=bundled)
2026-09-24T08:53:57.293Z client state: starting
2026-09-24T08:53:57.303Z client state: running
2026-09-24T08:53:57.307Z loadProject: no active .sokonanoda document
2026-09-24T08:53:57.443Z active document changed: file:///var/folders/81/6wvjcvys3y300jnj259_2jbw0000gn/T/sokonanoda-vscode-test-oqO9hM/check.sokonanoda
2026-09-24T08:53:57.448Z soko/project ok: project=null reason=no-imports
2026-09-24T08:53:57.517Z active document changed: (none)
2026-09-24T08:53:57.517Z loadProject: no active .sokonanoda document
2026-09-24T08:53:57.545Z active document changed: file:///var/folders/81/6wvjcvys3y300jnj259_2jbw0000gn/T/sokonanoda-vscode-test-oqO9hM/lesson-clean.sokonanoda
2026-09-24T08:53:57.550Z soko/project ok: project=null reason=no-imports
2026-09-24T08:53:57.599Z active document changed: (none)
2026-09-24T08:53:57.599Z loadProject: no active .sokonanoda document
2026-09-24T08:53:57.654Z active document changed: file:///var/folders/81/6wvjcvys3y300jnj259_2jbw0000gn/T/sokonanoda-vscode-test-oqO9hM/kernel-bad.sokonanoda
2026-09-24T08:53:57.658Z soko/project ok: project=null reason=no-imports
2026-09-24T08:53:57.696Z active document changed: (none)
2026-09-24T08:53:57.696Z loadProject: no active .sokonanoda document
2026-09-24T08:53:57.734Z active document changed: file:///var/folders/81/6wvjcvys3y300jnj259_2jbw0000gn/T/sokonanoda-vscode-test-oqO9hM/exercise.sokonanoda
2026-09-24T08:53:57.740Z soko/project ok: project=null reason=no-imports
2026-09-24T08:53:57.768Z active document changed: (none)
2026-09-24T08:53:57.768Z loadProject: no active .sokonanoda document
2026-09-24T08:53:57.790Z active document changed: file:///var/folders/81/6wvjcvys3y300jnj259_2jbw0000gn/T/sokonanoda-vscode-test-oqO9hM/reserved.sokonanoda
2026-09-24T08:53:57.793Z soko/project ok: project=null reason=no-imports
2026-09-24T08:53:57.819Z active document changed: (none)
2026-09-24T08:53:57.819Z loadProject: no active .sokonanoda document
2026-09-24T08:53:57.850Z active document changed: file:///var/folders/81/6wvjcvys3y300jnj259_2jbw0000gn/T/sokonanoda-vscode-test-oqO9hM/exercise-hover.sokonanoda
2026-09-24T08:53:57.853Z soko/project ok: project=null reason=no-imports
2026-09-24T08:53:57.909Z active document changed: (none)
2026-09-24T08:53:57.909Z loadProject: no active .sokonanoda document
2026-09-24T08:53:57.966Z active document changed: file:///var/folders/81/6wvjcvys3y300jnj259_2jbw0000gn/T/sokonanoda-vscode-test-oqO9hM/notation-input.sokonanoda
2026-09-24T08:53:57.970Z soko/project ok: project=null reason=no-imports
2026-09-24T08:53:57.997Z warmCacheOnOpen: exit=0
2026-09-24T08:53:58.028Z active document changed: (none)
2026-09-24T08:53:58.028Z loadProject: no active .sokonanoda document
2026-09-24T08:53:58.060Z active document changed: file:///var/folders/81/6wvjcvys3y300jnj259_2jbw0000gn/T/sokonanoda-vscode-test-oqO9hM/restart.sokonanoda
2026-09-24T08:53:58.062Z soko/project ok: project=null reason=no-imports
2026-09-24T08:53:58.069Z client state: stopped
2026-09-24T08:53:58.072Z client state: starting
2026-09-24T08:53:58.083Z client state: running
2026-09-24T08:53:58.109Z active document changed: (none)
2026-09-24T08:53:58.109Z loadProject: no active .sokonanoda document
2026-09-24T08:53:58.189Z active document changed: file:///var/folders/81/6wvjcvys3y300jnj259_2jbw0000gn/T/sokonanoda-vscode-test-oqO9hM/proj-ok/Main.sokonanoda
2026-09-24T08:53:58.191Z soko/project ok: project=null reason=no-imports
2026-09-24T08:53:58.198Z soko/project ok: project=Main (2 modules) reason=null
2026-09-24T08:53:58.300Z soko/project ok: project=Main (2 modules) reason=null
2026-09-24T08:53:58.399Z soko/project ok: project=Main (2 modules) reason=null
2026-09-24T08:53:58.403Z active document changed: (none)
2026-09-24T08:53:58.403Z loadProject: no active .sokonanoda document
2026-09-24T08:53:58.415Z active document changed: file:///var/folders/81/6wvjcvys3y300jnj259_2jbw0000gn/T/sokonanoda-vscode-test-oqO9hM/single.sokonanoda
2026-09-24T08:53:58.417Z soko/project ok: project=null reason=no-imports
2026-09-24T08:53:58.424Z soko/project ok: project=null reason=no-imports
2026-09-24T08:53:58.527Z active document changed: (none)
2026-09-24T08:53:58.527Z loadProject: no active .sokonanoda document
2026-09-24T08:53:58.542Z active document changed: file:///var/folders/81/6wvjcvys3y300jnj259_2jbw0000gn/T/sokonanoda-vscode-test-oqO9hM/proj-broken/Main.sokonanoda
2026-09-24T08:53:58.543Z soko/project ok: project=Main (1 modules) reason=null
2026-09-24T08:53:58.549Z soko/project ok: project=Main (1 modules) reason=null
2026-09-24T08:53:58.654Z active document changed: (none)
2026-09-24T08:53:58.655Z loadProject: no active .sokonanoda document
2026-09-24T08:53:58.667Z active document changed: file:///var/folders/81/6wvjcvys3y300jnj259_2jbw0000gn/T/sokonanoda-vscode-test-oqO9hM/build-smoke.sokonanoda
2026-09-24T08:53:58.670Z soko/project ok: project=null reason=no-imports
2026-09-24T08:53:58.695Z soko/project ok: project=null reason=no-imports
2026-09-24T08:53:58.711Z soko/project ok: project=null reason=no-imports
2026-09-24T08:53:58.726Z active document changed: (none)
2026-09-24T08:53:58.727Z loadProject: no active .sokonanoda document
2026-09-24T08:53:58.761Z active document changed: file:///Users/penglingwei/Documents/lean/sokonanoda/sokonanoda-lang/editor/vscode/src/test/fixtures/workspace/units/u01.sokonanoda
2026-09-24T08:53:58.762Z soko/project ok: project=null reason=no-imports
2026-09-24T08:53:59.011Z soko/project ok: project=units.u01 (2 modules) reason=null
2026-09-24T08:53:59.074Z active document changed: (none)
2026-09-24T08:53:59.074Z loadProject: no active .sokonanoda document
2026-09-24T08:53:59.082Z active document changed: file:///Users/penglingwei/Documents/lean/sokonanoda/sokonanoda-lang/editor/vscode/src/test/fixtures/workspace/units/u01.sokonanoda
2026-09-24T08:53:59.084Z soko/project ok: project=units.u01 (2 modules) reason=null
2026-09-24T08:53:59.110Z active document changed: (none)
2026-09-24T08:53:59.110Z loadProject: no active .sokonanoda document
2026-09-24T08:53:59.135Z active document changed: file:///Users/penglingwei/Documents/lean/sokonanoda/sokonanoda-lang/editor/vscode/src/test/fixtures/workspace/units/u02.sokonanoda
2026-09-24T08:53:59.138Z soko/project ok: project=null reason=no-imports
2026-09-24T08:53:59.616Z client state: stopped
2026-09-24T08:53:59.617Z client state: starting
2026-09-24T08:53:59.624Z client state: running
PERF e2e cache: cold=492ms warm=55ms entries=1
2026-09-24T08:53:59.676Z active document changed: (none)
2026-09-24T08:53:59.676Z loadProject: no active .sokonanoda document
2026-09-24T08:53:59.687Z active document changed: file:///Users/penglingwei/Documents/lean/sokonanoda/sokonanoda-lang/editor/vscode/src/test/fixtures/workspace/units/u01.sokonanoda
2026-09-24T08:53:59.690Z soko/project ok: project=units.u01 (2 modules) reason=null
2026-09-24T08:53:59.821Z soko/project ok: project=units.u01 (2 modules) reason=null
2026-09-24T08:54:00.235Z soko/project ok: project=units.u01 (2 modules) reason=null
2026-09-24T08:54:01.201Z active document changed: (none)
2026-09-24T08:54:01.201Z loadProject: no active .sokonanoda document
2026-09-24T08:54:01.214Z active document changed: file:///Users/penglingwei/Documents/lean/sokonanoda/sokonanoda-lang/editor/vscode/src/test/fixtures/workspace/units/u01.sokonanoda
2026-09-24T08:54:01.216Z soko/project ok: project=units.u01 (2 modules) reason=null
2026-09-24T08:54:01.843Z soko/project ok: project=units.u01 (2 modules) reason=null
2026-09-24T08:54:02.632Z soko/project ok: project=units.u01 (2 modules) reason=null
PERF e2e fanout: entry diagnostics publishes=1
2026-09-24T08:54:02.729Z active document changed: (none)
2026-09-24T08:54:02.729Z loadProject: no active .sokonanoda document
2026-09-24T08:54:02.742Z active document changed: file:///Users/penglingwei/Documents/lean/sokonanoda/sokonanoda-lang/editor/vscode/src/test/fixtures/workspace/units/u01.sokonanoda
2026-09-24T08:54:02.745Z soko/project ok: project=units.u01 (2 modules) reason=null
2026-09-24T08:54:03.411Z soko/project ok: project=units.u01 (2 modules) reason=null
2026-09-24T08:54:03.465Z active document changed: (none)
2026-09-24T08:54:03.465Z loadProject: no active .sokonanoda document
2026-09-24T08:54:03.477Z active document changed: file:///Users/penglingwei/Documents/lean/sokonanoda/sokonanoda-lang/editor/vscode/src/test/fixtures/workspace/units/u01.sokonanoda
2026-09-24T08:54:03.480Z soko/project ok: project=units.u01 (2 modules) reason=null
2026-09-24T08:54:03.514Z active document changed: (none)
2026-09-24T08:54:03.514Z loadProject: no active .sokonanoda document
2026-09-24T08:54:03.531Z active document changed: file:///Users/penglingwei/Documents/lean/sokonanoda/sokonanoda-lang/editor/vscode/src/test/fixtures/workspace/units/u01.sokonanoda
2026-09-24T08:54:03.536Z soko/project ok: project=units.u01 (2 modules) reason=null
2026-09-24T08:54:03.575Z active document changed: (none)
2026-09-24T08:54:03.575Z loadProject: no active .sokonanoda document
2026-09-24T08:54:03.593Z client state: stopped
