# scripts/vscode-e2e.sh — VS Code 1.106.0 · extension v0.58.0 · e0f967390fbf705443e34a97053e205a40d91ee9
# 结果：14 passing / 0 failing / 0 pending（exit=0）

## doctor（服务器解析与版本自述）
--- doctor ---
sokonanoda doctor — 扩展 v0.58.0 (6 checks)
[ok] 1/6 resolution：bundled — /home/runner/work/sokonanoda-lang/sokonanoda-lang/editor/vscode/bin/linux-x64/sokonanoda-lsp (source=bundled)
[ok] 2/6 server-version：0.58.0 (pid 4676) == 扩展 v0.58.0 (source=bundled)
[ok] 3/6 host-version：运行宿主 v0.58.0
[ok] 4/6 ignored-override：没有被忽略的 serverPath/env 覆盖
[info] 5/6 download-cache：无下载缓存（仅影响 CLI/universal 兜底，不影响内置服务器）
[info] 6/6 obsolete-versions：检测到 0 个扩展版本快照、0 个 .obsolete 条目；完整重启 VS Code 会自动清理

## 用例
    ✔ .sokonanoda files get the sokonanoda language id (62ms)
    ✔ confusable-character highlight is off for sokonanoda files
    ✔ #check results appear as inlay hints (143ms)
    ✔ clean lesson publishes empty diagnostics (81ms)
    ✔ kernel-rejected declaration carries the kernel-rejected code
    ✔ open exercise carries a sorry warning, not an error
    ✔ a declaration named Prop warns, not errors
    ✔ open exercise shows a hover on the hole (72ms)
    ✔ restart server command re-syncs open documents (78ms)
    ✔ infoview command is registered and revealable (77ms)
    ✔ the project tree shows the real closure of an imported module (165ms)
    ✔ the project tree names the file a single-file document is (130ms)
    ✔ the project tree marks a broken import as the root cause (144ms)
    ✔ doctor command returns a read-only source + version report

## 扩展接线日志（SOKO_E2E_LOG）
2026-09-18T10:10:49.920Z server command: /home/runner/work/sokonanoda-lang/sokonanoda-lang/editor/vscode/bin/linux-x64/sokonanoda-lsp (source=bundled)
2026-09-18T10:10:49.921Z client state: starting
2026-09-18T10:10:49.933Z client state: running
2026-09-18T10:10:49.938Z loadProject: no active .sokonanoda document
2026-09-18T10:10:50.089Z active document changed: file:///tmp/sokonanoda-vscode-test-T15bZA/check.sokonanoda
2026-09-18T10:10:50.095Z soko/project ok: project=null reason=no-imports
2026-09-18T10:10:50.192Z active document changed: (none)
2026-09-18T10:10:50.192Z loadProject: no active .sokonanoda document
2026-09-18T10:10:50.213Z loadProject: no active .sokonanoda document
2026-09-18T10:10:50.223Z active document changed: file:///tmp/sokonanoda-vscode-test-T15bZA/lesson-clean.sokonanoda
2026-09-18T10:10:50.233Z soko/project ok: project=null reason=no-imports
2026-09-18T10:10:50.284Z active document changed: (none)
2026-09-18T10:10:50.284Z loadProject: no active .sokonanoda document
2026-09-18T10:10:50.309Z active document changed: file:///tmp/sokonanoda-vscode-test-T15bZA/kernel-bad.sokonanoda
2026-09-18T10:10:50.313Z soko/project ok: project=null reason=no-imports
2026-09-18T10:10:50.358Z active document changed: (none)
2026-09-18T10:10:50.358Z loadProject: no active .sokonanoda document
2026-09-18T10:10:50.388Z active document changed: file:///tmp/sokonanoda-vscode-test-T15bZA/exercise.sokonanoda
2026-09-18T10:10:50.395Z soko/project ok: project=null reason=no-imports
2026-09-18T10:10:50.428Z active document changed: (none)
2026-09-18T10:10:50.428Z loadProject: no active .sokonanoda document
2026-09-18T10:10:50.455Z active document changed: file:///tmp/sokonanoda-vscode-test-T15bZA/reserved.sokonanoda
2026-09-18T10:10:50.463Z soko/project ok: project=null reason=no-imports
2026-09-18T10:10:50.489Z active document changed: (none)
2026-09-18T10:10:50.489Z loadProject: no active .sokonanoda document
2026-09-18T10:10:50.525Z active document changed: file:///tmp/sokonanoda-vscode-test-T15bZA/exercise-hover.sokonanoda
2026-09-18T10:10:50.536Z soko/project ok: project=null reason=no-imports
2026-09-18T10:10:50.578Z active document changed: (none)
2026-09-18T10:10:50.578Z loadProject: no active .sokonanoda document
2026-09-18T10:10:50.616Z active document changed: file:///tmp/sokonanoda-vscode-test-T15bZA/restart.sokonanoda
2026-09-18T10:10:50.624Z soko/project ok: project=null reason=no-imports
2026-09-18T10:10:50.625Z client state: stopped
2026-09-18T10:10:50.627Z client state: starting
2026-09-18T10:10:50.650Z client state: running
2026-09-18T10:10:50.670Z active document changed: (none)
2026-09-18T10:10:50.670Z loadProject: no active .sokonanoda document
2026-09-18T10:10:50.804Z active document changed: file:///tmp/sokonanoda-vscode-test-T15bZA/proj-ok/Main.sokonanoda
2026-09-18T10:10:50.814Z soko/project ok: project=Main (2 modules) reason=null
2026-09-18T10:10:50.816Z soko/project ok: project=Main (2 modules) reason=null
2026-09-18T10:10:50.922Z active document changed: (none)
2026-09-18T10:10:50.922Z loadProject: no active .sokonanoda document
2026-09-18T10:10:50.948Z active document changed: file:///tmp/sokonanoda-vscode-test-T15bZA/single.sokonanoda
2026-09-18T10:10:50.955Z soko/project ok: project=null reason=no-imports
2026-09-18T10:10:50.956Z soko/project ok: project=null reason=no-imports
2026-09-18T10:10:51.063Z active document changed: (none)
2026-09-18T10:10:51.063Z loadProject: no active .sokonanoda document
2026-09-18T10:10:51.100Z active document changed: file:///tmp/sokonanoda-vscode-test-T15bZA/proj-broken/Main.sokonanoda
2026-09-18T10:10:51.106Z soko/project ok: project=Main (1 modules) reason=null
2026-09-18T10:10:51.109Z soko/project ok: project=Main (1 modules) reason=null
2026-09-18T10:10:51.214Z active document changed: (none)
2026-09-18T10:10:51.214Z loadProject: no active .sokonanoda document
2026-09-18T10:10:51.256Z client state: stopped
