# scripts/vscode-e2e.sh — VS Code 1.138.0 · extension v0.59.0 · 3c145e99f48b62326625e3faaad067d823ab1e1d
# 结果：14 passing / 0 failing / 0 pending（exit=0）

## doctor（服务器解析与版本自述）
--- doctor ---
sokonanoda doctor — 扩展 v0.59.0 (6 checks)
[ok] 1/6 resolution：bundled — /home/runner/work/sokonanoda-lang/sokonanoda-lang/editor/vscode/bin/linux-x64/sokonanoda-lsp (source=bundled)
[ok] 2/6 server-version：0.59.0 (pid 3185) == 扩展 v0.59.0 (source=bundled)
[ok] 3/6 host-version：运行宿主 v0.59.0
[ok] 4/6 ignored-override：没有被忽略的 serverPath/env 覆盖
[info] 5/6 download-cache：无下载缓存（仅影响 CLI/universal 兜底，不影响内置服务器）
[info] 6/6 obsolete-versions：检测到 0 个扩展版本快照、0 个 .obsolete 条目；完整重启 VS Code 会自动清理

## 用例
    ✔ .sokonanoda files get the sokonanoda language id (80ms)
    ✔ confusable-character highlight is off for sokonanoda files
    ✔ #check results appear as inlay hints (207ms)
    ✔ clean lesson publishes empty diagnostics (98ms)
    ✔ kernel-rejected declaration carries the kernel-rejected code (52ms)
    ✔ open exercise carries a sorry warning, not an error (41ms)
    ✔ a declaration named Prop warns, not errors (39ms)
    ✔ open exercise shows a hover on the hole (81ms)
    ✔ restart server command re-syncs open documents (84ms)
    ✔ infoview command is registered and revealable (97ms)
    ✔ the project tree shows the real closure of an imported module (153ms)
    ✔ the project tree names the file a single-file document is (180ms)
    ✔ the project tree marks a broken import as the root cause (154ms)
    ✔ doctor command returns a read-only source + version report

## 扩展接线日志（SOKO_E2E_LOG）
2026-09-19T01:11:13.654Z server command: /home/runner/work/sokonanoda-lang/sokonanoda-lang/editor/vscode/bin/linux-x64/sokonanoda-lsp (source=bundled)
2026-09-19T01:11:13.655Z client state: starting
2026-09-19T01:11:13.699Z client state: running
2026-09-19T01:11:13.712Z loadProject: no active .sokonanoda document
2026-09-19T01:11:13.963Z active document changed: file:///tmp/sokonanoda-vscode-test-7prnEO/check.sokonanoda
2026-09-19T01:11:13.975Z soko/project ok: project=null reason=no-imports
2026-09-19T01:11:14.068Z active document changed: (none)
2026-09-19T01:11:14.068Z loadProject: no active .sokonanoda document
2026-09-19T01:11:14.118Z active document changed: file:///tmp/sokonanoda-vscode-test-7prnEO/lesson-clean.sokonanoda
2026-09-19T01:11:14.126Z soko/project ok: project=null reason=no-imports
2026-09-19T01:11:14.149Z soko/project ok: project=null reason=no-imports
2026-09-19T01:11:14.182Z active document changed: (none)
2026-09-19T01:11:14.182Z loadProject: no active .sokonanoda document
2026-09-19T01:11:14.226Z active document changed: file:///tmp/sokonanoda-vscode-test-7prnEO/kernel-bad.sokonanoda
2026-09-19T01:11:14.235Z soko/project ok: project=null reason=no-imports
2026-09-19T01:11:14.306Z active document changed: (none)
2026-09-19T01:11:14.306Z loadProject: no active .sokonanoda document
2026-09-19T01:11:14.342Z active document changed: file:///tmp/sokonanoda-vscode-test-7prnEO/exercise.sokonanoda
2026-09-19T01:11:14.349Z soko/project ok: project=null reason=no-imports
2026-09-19T01:11:14.390Z active document changed: (none)
2026-09-19T01:11:14.390Z loadProject: no active .sokonanoda document
2026-09-19T01:11:14.427Z active document changed: file:///tmp/sokonanoda-vscode-test-7prnEO/reserved.sokonanoda
2026-09-19T01:11:14.433Z soko/project ok: project=null reason=no-imports
2026-09-19T01:11:14.488Z active document changed: (none)
2026-09-19T01:11:14.488Z loadProject: no active .sokonanoda document
2026-09-19T01:11:14.520Z active document changed: file:///tmp/sokonanoda-vscode-test-7prnEO/exercise-hover.sokonanoda
2026-09-19T01:11:14.526Z soko/project ok: project=null reason=no-imports
2026-09-19T01:11:14.585Z active document changed: (none)
2026-09-19T01:11:14.585Z loadProject: no active .sokonanoda document
2026-09-19T01:11:14.616Z active document changed: file:///tmp/sokonanoda-vscode-test-7prnEO/restart.sokonanoda
2026-09-19T01:11:14.627Z soko/project ok: project=null reason=no-imports
2026-09-19T01:11:14.631Z client state: stopped
2026-09-19T01:11:14.634Z client state: starting
2026-09-19T01:11:14.667Z client state: running
2026-09-19T01:11:14.717Z active document changed: (none)
2026-09-19T01:11:14.717Z loadProject: no active .sokonanoda document
2026-09-19T01:11:14.872Z loadProject: no active .sokonanoda document
2026-09-19T01:11:14.906Z active document changed: file:///tmp/sokonanoda-vscode-test-7prnEO/proj-ok/Main.sokonanoda
2026-09-19T01:11:14.927Z soko/project ok: project=Main (2 modules) reason=null
2026-09-19T01:11:14.929Z soko/project ok: project=Main (2 modules) reason=null
2026-09-19T01:11:15.055Z active document changed: (none)
2026-09-19T01:11:15.055Z loadProject: no active .sokonanoda document
2026-09-19T01:11:15.127Z active document changed: file:///tmp/sokonanoda-vscode-test-7prnEO/single.sokonanoda
2026-09-19T01:11:15.136Z soko/project ok: project=null reason=no-imports
2026-09-19T01:11:15.136Z soko/project ok: project=null reason=no-imports
2026-09-19T01:11:15.139Z soko/project ok: project=null reason=no-imports
2026-09-19T01:11:15.247Z active document changed: (none)
2026-09-19T01:11:15.247Z loadProject: no active .sokonanoda document
2026-09-19T01:11:15.293Z active document changed: file:///tmp/sokonanoda-vscode-test-7prnEO/proj-broken/Main.sokonanoda
2026-09-19T01:11:15.301Z soko/project ok: project=Main (1 modules) reason=null
2026-09-19T01:11:15.306Z soko/project ok: project=Main (1 modules) reason=null
2026-09-19T01:11:15.323Z soko/project ok: project=Main (1 modules) reason=null
2026-09-19T01:11:15.423Z active document changed: (none)
2026-09-19T01:11:15.423Z loadProject: no active .sokonanoda document
2026-09-19T01:11:15.488Z client state: stopped
