# scripts/vscode-e2e.sh — VS Code 1.106.0 · extension v0.58.0 · da4869a5b0b2c7a6275551f77ba6a0bfa806eef2
# 结果：14 passing / 0 failing / 0 pending（exit=0）

## doctor（服务器解析与版本自述）
--- doctor ---
sokonanoda doctor — 扩展 v0.58.0 (6 checks)
[ok] 1/6 resolution：bundled — /home/runner/work/sokonanoda-lang/sokonanoda-lang/editor/vscode/bin/linux-x64/sokonanoda-lsp (source=bundled)
[ok] 2/6 server-version：0.58.0 (pid 2813) == 扩展 v0.58.0 (source=bundled)
[ok] 3/6 host-version：运行宿主 v0.58.0
[ok] 4/6 ignored-override：没有被忽略的 serverPath/env 覆盖
[info] 5/6 download-cache：无下载缓存（仅影响 CLI/universal 兜底，不影响内置服务器）
[info] 6/6 obsolete-versions：检测到 0 个扩展版本快照、0 个 .obsolete 条目；完整重启 VS Code 会自动清理

## 用例
    ✔ .sokonanoda files get the sokonanoda language id (61ms)
    ✔ confusable-character highlight is off for sokonanoda files
    ✔ #check results appear as inlay hints (131ms)
    ✔ clean lesson publishes empty diagnostics (97ms)
    ✔ kernel-rejected declaration carries the kernel-rejected code
    ✔ open exercise carries a sorry warning, not an error (38ms)
    ✔ a declaration named Prop warns, not errors
    ✔ open exercise shows a hover on the hole (63ms)
    ✔ restart server command re-syncs open documents (57ms)
    ✔ infoview command is registered and revealable (86ms)
    ✔ the project tree shows the real closure of an imported module (152ms)
    ✔ the project tree names the file a single-file document is (127ms)
    ✔ the project tree marks a broken import as the root cause (130ms)
    ✔ doctor command returns a read-only source + version report

## 扩展接线日志（SOKO_E2E_LOG）
2026-09-18T11:01:50.274Z server command: /home/runner/work/sokonanoda-lang/sokonanoda-lang/editor/vscode/bin/linux-x64/sokonanoda-lsp (source=bundled)
2026-09-18T11:01:50.275Z client state: starting
2026-09-18T11:01:50.286Z client state: running
2026-09-18T11:01:50.289Z loadProject: no active .sokonanoda document
2026-09-18T11:01:50.435Z active document changed: file:///tmp/sokonanoda-vscode-test-kS6uKZ/check.sokonanoda
2026-09-18T11:01:50.440Z soko/project ok: project=null reason=no-imports
2026-09-18T11:01:50.520Z active document changed: (none)
2026-09-18T11:01:50.520Z loadProject: no active .sokonanoda document
2026-09-18T11:01:50.560Z loadProject: no active .sokonanoda document
2026-09-18T11:01:50.561Z active document changed: file:///tmp/sokonanoda-vscode-test-kS6uKZ/lesson-clean.sokonanoda
2026-09-18T11:01:50.571Z soko/project ok: project=null reason=no-imports
2026-09-18T11:01:50.629Z active document changed: (none)
2026-09-18T11:01:50.629Z loadProject: no active .sokonanoda document
2026-09-18T11:01:50.659Z active document changed: file:///tmp/sokonanoda-vscode-test-kS6uKZ/kernel-bad.sokonanoda
2026-09-18T11:01:50.665Z soko/project ok: project=null reason=no-imports
2026-09-18T11:01:50.698Z active document changed: (none)
2026-09-18T11:01:50.698Z loadProject: no active .sokonanoda document
2026-09-18T11:01:50.732Z active document changed: file:///tmp/sokonanoda-vscode-test-kS6uKZ/exercise.sokonanoda
2026-09-18T11:01:50.740Z soko/project ok: project=null reason=no-imports
2026-09-18T11:01:50.773Z active document changed: (none)
2026-09-18T11:01:50.773Z loadProject: no active .sokonanoda document
2026-09-18T11:01:50.800Z active document changed: file:///tmp/sokonanoda-vscode-test-kS6uKZ/reserved.sokonanoda
2026-09-18T11:01:50.806Z soko/project ok: project=null reason=no-imports
2026-09-18T11:01:50.835Z active document changed: (none)
2026-09-18T11:01:50.835Z loadProject: no active .sokonanoda document
2026-09-18T11:01:50.871Z active document changed: file:///tmp/sokonanoda-vscode-test-kS6uKZ/exercise-hover.sokonanoda
2026-09-18T11:01:50.876Z soko/project ok: project=null reason=no-imports
2026-09-18T11:01:50.910Z active document changed: (none)
2026-09-18T11:01:50.910Z loadProject: no active .sokonanoda document
2026-09-18T11:01:50.934Z active document changed: file:///tmp/sokonanoda-vscode-test-kS6uKZ/restart.sokonanoda
2026-09-18T11:01:50.940Z soko/project ok: project=null reason=no-imports
2026-09-18T11:01:50.941Z client state: stopped
2026-09-18T11:01:50.943Z client state: starting
2026-09-18T11:01:50.963Z client state: running
2026-09-18T11:01:50.993Z active document changed: (none)
2026-09-18T11:01:50.993Z loadProject: no active .sokonanoda document
2026-09-18T11:01:51.124Z loadProject: no active .sokonanoda document
2026-09-18T11:01:51.125Z active document changed: file:///tmp/sokonanoda-vscode-test-kS6uKZ/proj-ok/Main.sokonanoda
2026-09-18T11:01:51.131Z soko/project ok: project=Main (2 modules) reason=null
2026-09-18T11:01:51.135Z soko/project ok: project=Main (2 modules) reason=null
2026-09-18T11:01:51.240Z active document changed: (none)
2026-09-18T11:01:51.240Z loadProject: no active .sokonanoda document
2026-09-18T11:01:51.261Z active document changed: file:///tmp/sokonanoda-vscode-test-kS6uKZ/single.sokonanoda
2026-09-18T11:01:51.272Z soko/project ok: project=null reason=no-imports
2026-09-18T11:01:51.272Z soko/project ok: project=null reason=no-imports
2026-09-18T11:01:51.374Z active document changed: (none)
2026-09-18T11:01:51.374Z loadProject: no active .sokonanoda document
2026-09-18T11:01:51.395Z active document changed: file:///tmp/sokonanoda-vscode-test-kS6uKZ/proj-broken/Main.sokonanoda
2026-09-18T11:01:51.400Z soko/project ok: project=Main (1 modules) reason=null
2026-09-18T11:01:51.402Z soko/project ok: project=Main (1 modules) reason=null
2026-09-18T11:01:51.511Z active document changed: (none)
2026-09-18T11:01:51.511Z loadProject: no active .sokonanoda document
2026-09-18T11:01:51.541Z client state: stopped
