# scripts/vscode-e2e.sh — VS Code 1.138.0 · extension v0.78.0 · 2bad128c4df5aa641bd68300aa8884ebf02d4364
# 结果：35 passing / 0 failing / 0 pending（exit=0）

## doctor（服务器解析与版本自述）
--- doctor ---
sokonanoda doctor — 扩展 v0.78.0 (6 checks)
[ok] 1/6 resolution：bundled — /home/runner/work/sokonanoda-lang/sokonanoda-lang/editor/vscode/bin/linux-x64/sokonanoda-lsp (source=bundled)
[ok] 2/6 server-version：0.78.0 (pid 2911) == 扩展 v0.78.0 (source=bundled)
[ok] 3/6 host-version：运行宿主 v0.78.0
[ok] 4/6 ignored-override：没有被忽略的 serverPath/env 覆盖
[info] 5/6 download-cache：无下载缓存（仅影响 CLI/universal 兜底，不影响内置服务器）
[info] 6/6 obsolete-versions：检测到 0 个扩展版本快照、0 个 .obsolete 条目；完整重启 VS Code 会自动清理

## 用例
    ✔ .sokonanoda files get the sokonanoda language id (205ms)
    ✔ confusable-character highlight is off for sokonanoda files
    ✔ #check results appear as inlay hints (459ms)
    ✔ clean lesson publishes empty diagnostics (173ms)
    ✔ kernel-rejected declaration carries the kernel-rejected code (46ms)
    ✔ open exercise carries a sorry warning, not an error (51ms)
    ✔ a declaration named Prop warns, not errors (84ms)
    ✔ open exercise shows a hover on the hole (102ms)
    ✔ hover 的类型文本折成记法（T-U12 面 #3，e2e 那一份） (185ms)
    ✔ notation input: the rewriter produces ∧ and hover teaches \and (253ms)
    ✔ restart server command re-syncs open documents (107ms)
    ✔ infoview command is registered and revealable (90ms)
    ✔ the project tree shows the real closure of an imported module (288ms)
    ✔ the project tree names the file a single-file document is (169ms)
    ✔ the project tree marks a broken import as the root cause (143ms)
    ✔ build / rebuild commands warm the compile cache through the CLI (10068ms)
    ✔ Clean Cache empties the project store and does not compile (E31) (7665ms)
    ✔ the Infoview receives the project view (E30)
    ✔ Infoview 'definition' lands exactly where the editor F12 lands (E27) (157ms)
    ✔ doctor command returns a read-only source + version report
    ✔ declarations panel lists a project unit's declarations
    ✔ open declaration ships coloured goal runs to the Infoview
    ✔ next hole jumps inside a project unit
    ✔ warmCacheOnOpen pre-builds the workspace at activation
    ✔ reopening a project unit hits the compile cache (3817ms)
    ✔ rewriting an unchanged project unit does not recompile (1936ms)
    ✔ editing a dependency refreshes the open unit once (5436ms)
    ✔ goal text uses the file's notation (637ms)
    ✔ goal text folds a binder notation whose type contains a lambda (326ms)
    ✔ Infoview 的 `⊢` 用记法箭头 `→`，且 runs 与 text 同源 (324ms)
    ✔ Infoview 里集合字面量显示成 `{a}`（不是 `Set.singleton α a`） (339ms)
    ✔ go to definition on a `{a}` set literal lands on `Set.singleton` (75ms)
    ✔ go to definition on a prelude name lands in the prelude source (105ms)
    ✔ go to definition on a notation symbol lands on its declaration (126ms)
    ✔ hover on a notation symbol shows the target's signature (134ms)

## 扩展接线日志（SOKO_E2E_LOG）
2026-09-29T10:47:08.203Z server command: /home/runner/work/sokonanoda-lang/sokonanoda-lang/editor/vscode/bin/linux-x64/sokonanoda-lsp (source=bundled)
2026-09-29T10:47:08.204Z client state: starting
2026-09-29T10:47:08.287Z client state: running
2026-09-29T10:47:08.306Z loadProject: no active .sokonanoda document
2026-09-29T10:47:08.752Z active document changed: file:///tmp/sokonanoda-vscode-test-mWMP3f/check.sokonanoda
2026-09-29T10:47:08.783Z soko/project ok: project=null reason=no-imports
2026-09-29T10:47:08.936Z soko/project ok: project=null reason=no-imports
2026-09-29T10:47:09.090Z active document changed: (none)
2026-09-29T10:47:09.090Z loadProject: no active .sokonanoda document
2026-09-29T10:47:09.157Z active document changed: file:///tmp/sokonanoda-vscode-test-mWMP3f/lesson-clean.sokonanoda
2026-09-29T10:47:09.188Z soko/project ok: project=null reason=no-imports
2026-09-29T10:47:09.288Z active document changed: (none)
2026-09-29T10:47:09.288Z loadProject: no active .sokonanoda document
2026-09-29T10:47:09.328Z active document changed: file:///tmp/sokonanoda-vscode-test-mWMP3f/kernel-bad.sokonanoda
2026-09-29T10:47:09.341Z soko/project ok: project=null reason=no-imports
2026-09-29T10:47:09.390Z active document changed: (none)
2026-09-29T10:47:09.390Z loadProject: no active .sokonanoda document
2026-09-29T10:47:09.436Z active document changed: file:///tmp/sokonanoda-vscode-test-mWMP3f/exercise.sokonanoda
2026-09-29T10:47:09.446Z soko/project ok: project=null reason=no-imports
2026-09-29T10:47:09.488Z active document changed: (none)
2026-09-29T10:47:09.488Z loadProject: no active .sokonanoda document
2026-09-29T10:47:09.569Z active document changed: file:///tmp/sokonanoda-vscode-test-mWMP3f/reserved.sokonanoda
2026-09-29T10:47:09.584Z soko/project ok: project=null reason=no-imports
2026-09-29T10:47:09.638Z active document changed: (none)
2026-09-29T10:47:09.638Z loadProject: no active .sokonanoda document
2026-09-29T10:47:09.701Z active document changed: file:///tmp/sokonanoda-vscode-test-mWMP3f/exercise-hover.sokonanoda
2026-09-29T10:47:09.712Z soko/project ok: project=null reason=no-imports
2026-09-29T10:47:09.752Z active document changed: (none)
2026-09-29T10:47:09.752Z loadProject: no active .sokonanoda document
2026-09-29T10:47:09.798Z active document changed: file:///home/runner/work/sokonanoda-lang/sokonanoda-lang/editor/vscode/src/test/fixtures/workspace/units/u01.sokonanoda
2026-09-29T10:47:09.815Z soko/project ok: project=units.u01 (2 modules) reason=null
2026-09-29T10:47:09.952Z active document changed: (none)
2026-09-29T10:47:09.952Z loadProject: no active .sokonanoda document
2026-09-29T10:47:10.027Z active document changed: file:///tmp/sokonanoda-vscode-test-mWMP3f/notation-input.sokonanoda
2026-09-29T10:47:10.065Z soko/project ok: project=null reason=no-imports
2026-09-29T10:47:10.076Z soko/project ok: project=null reason=no-imports
2026-09-29T10:47:10.235Z active document changed: (none)
2026-09-29T10:47:10.235Z loadProject: no active .sokonanoda document
2026-09-29T10:47:10.272Z active document changed: file:///tmp/sokonanoda-vscode-test-mWMP3f/restart.sokonanoda
2026-09-29T10:47:10.284Z soko/project ok: project=null reason=no-imports
2026-09-29T10:47:10.285Z client state: stopped
2026-09-29T10:47:10.288Z client state: starting
2026-09-29T10:47:10.317Z client state: running
2026-09-29T10:47:10.366Z active document changed: (none)
2026-09-29T10:47:10.367Z loadProject: no active .sokonanoda document
2026-09-29T10:47:10.516Z loadProject: no active .sokonanoda document
2026-09-29T10:47:10.537Z active document changed: file:///tmp/sokonanoda-vscode-test-mWMP3f/proj-ok/Main.sokonanoda
2026-09-29T10:47:10.570Z soko/project ok: project=null reason=no-imports
2026-09-29T10:47:10.575Z soko/project ok: project=null reason=no-imports
2026-09-29T10:47:10.658Z soko/project ok: project=Main (2 modules) reason=null
2026-09-29T10:47:10.771Z active document changed: (none)
2026-09-29T10:47:10.771Z loadProject: no active .sokonanoda document
2026-09-29T10:47:10.793Z loadProject: no active .sokonanoda document
2026-09-29T10:47:10.828Z active document changed: file:///tmp/sokonanoda-vscode-test-mWMP3f/single.sokonanoda
2026-09-29T10:47:10.842Z soko/project ok: project=null reason=no-imports
2026-09-29T10:47:10.845Z soko/project ok: project=null reason=no-imports
2026-09-29T10:47:10.956Z active document changed: (none)
2026-09-29T10:47:10.956Z loadProject: no active .sokonanoda document
2026-09-29T10:47:10.993Z active document changed: file:///tmp/sokonanoda-vscode-test-mWMP3f/proj-broken/Main.sokonanoda
2026-09-29T10:47:11.002Z soko/project ok: project=Main (1 modules) reason=null
2026-09-29T10:47:11.006Z soko/project ok: project=Main (1 modules) reason=null
2026-09-29T10:47:11.017Z soko/project ok: project=Main (1 modules) reason=null
2026-09-29T10:47:11.111Z active document changed: (none)
2026-09-29T10:47:11.111Z loadProject: no active .sokonanoda document
2026-09-29T10:47:11.137Z active document changed: file:///home/runner/work/sokonanoda-lang/sokonanoda-lang/editor/vscode/src/test/fixtures/workspace/units/u01.sokonanoda
2026-09-29T10:47:11.147Z soko/project ok: project=units.u01 (2 modules) reason=null
2026-09-29T10:47:11.195Z soko/project ok: project=units.u01 (2 modules) reason=null
2026-09-29T10:47:14.198Z warmCacheOnOpen: exit=0
2026-09-29T10:47:16.166Z soko/project ok: project=units.u01 (2 modules) reason=null
2026-09-29T10:47:21.185Z soko/project ok: project=units.u01 (2 modules) reason=null
2026-09-29T10:47:21.193Z active document changed: (none)
2026-09-29T10:47:21.193Z loadProject: no active .sokonanoda document
2026-09-29T10:47:21.222Z active document changed: file:///home/runner/work/sokonanoda-lang/sokonanoda-lang/editor/vscode/src/test/fixtures/workspace/units/u01.sokonanoda
2026-09-29T10:47:21.236Z soko/project ok: project=units.u01 (2 modules) reason=null
2026-09-29T10:47:22.349Z soko/project ok: project=units.u01 (2 modules) reason=null
2026-09-29T10:47:22.354Z soko/project ok: project=units.u01 (2 modules) reason=null
2026-09-29T10:47:28.863Z soko/project ok: project=units.u01 (2 modules) reason=null
2026-09-29T10:47:28.879Z active document changed: (none)
2026-09-29T10:47:28.879Z loadProject: no active .sokonanoda document
2026-09-29T10:47:28.905Z active document changed: file:///home/runner/work/sokonanoda-lang/sokonanoda-lang/editor/vscode/src/test/fixtures/workspace/units/u01.sokonanoda
2026-09-29T10:47:28.913Z soko/project ok: project=units.u01 (2 modules) reason=null
2026-09-29T10:47:28.960Z active document changed: (none)
2026-09-29T10:47:28.960Z loadProject: no active .sokonanoda document
2026-09-29T10:47:28.978Z active document changed: file:///home/runner/work/sokonanoda-lang/sokonanoda-lang/editor/vscode/src/test/fixtures/workspace/units/u01.sokonanoda
2026-09-29T10:47:28.986Z soko/project ok: project=units.u01 (2 modules) reason=null
2026-09-29T10:47:29.098Z active document changed: (none)
2026-09-29T10:47:29.098Z loadProject: no active .sokonanoda document
2026-09-29T10:47:29.109Z active document changed: file:///home/runner/work/sokonanoda-lang/sokonanoda-lang/editor/vscode/src/test/fixtures/workspace/lib/Set.sokonanoda
2026-09-29T10:47:29.116Z soko/project ok: project=null reason=no-imports
2026-09-29T10:47:29.178Z active document changed: (none)
2026-09-29T10:47:29.178Z loadProject: no active .sokonanoda document
2026-09-29T10:47:29.213Z active document changed: file:///home/runner/work/sokonanoda-lang/sokonanoda-lang/editor/vscode/src/test/fixtures/workspace/units/u01.sokonanoda
2026-09-29T10:47:29.223Z soko/project ok: project=units.u01 (2 modules) reason=null
2026-09-29T10:47:29.276Z active document changed: (none)
2026-09-29T10:47:29.276Z loadProject: no active .sokonanoda document
2026-09-29T10:47:29.292Z loadProject: no active .sokonanoda document
2026-09-29T10:47:29.299Z active document changed: file:///home/runner/work/sokonanoda-lang/sokonanoda-lang/editor/vscode/src/test/fixtures/workspace/units/u01.sokonanoda
2026-09-29T10:47:29.306Z soko/project ok: project=units.u01 (2 modules) reason=null
2026-09-29T10:47:29.360Z active document changed: (none)
2026-09-29T10:47:29.361Z loadProject: no active .sokonanoda document
2026-09-29T10:47:29.380Z active document changed: file:///home/runner/work/sokonanoda-lang/sokonanoda-lang/editor/vscode/src/test/fixtures/workspace/units/u01.sokonanoda
2026-09-29T10:47:29.388Z soko/project ok: project=units.u01 (2 modules) reason=null
2026-09-29T10:47:29.425Z active document changed: (none)
2026-09-29T10:47:29.425Z loadProject: no active .sokonanoda document
2026-09-29T10:47:29.453Z active document changed: file:///home/runner/work/sokonanoda-lang/sokonanoda-lang/editor/vscode/src/test/fixtures/workspace/units/u02-cold-open.sokonanoda
2026-09-29T10:47:29.462Z soko/project ok: project=null reason=no-imports
2026-09-29T10:47:33.204Z client state: stopped
2026-09-29T10:47:33.206Z client state: starting
2026-09-29T10:47:33.214Z client state: running
PERF e2e cache: cold=3761ms warm=56ms
2026-09-29T10:47:33.283Z active document changed: (none)
2026-09-29T10:47:33.283Z loadProject: no active .sokonanoda document
2026-09-29T10:47:33.311Z active document changed: file:///home/runner/work/sokonanoda-lang/sokonanoda-lang/editor/vscode/src/test/fixtures/workspace/units/u01.sokonanoda
2026-09-29T10:47:33.319Z soko/project ok: project=units.u01 (2 modules) reason=null
2026-09-29T10:47:33.528Z soko/project ok: project=units.u01 (2 modules) reason=null
2026-09-29T10:47:33.858Z soko/project ok: project=units.u01 (2 modules) reason=null
2026-09-29T10:47:34.307Z soko/project ok: project=units.u01 (2 modules) reason=null
2026-09-29T10:47:35.231Z active document changed: (none)
2026-09-29T10:47:35.231Z loadProject: no active .sokonanoda document
2026-09-29T10:47:35.248Z active document changed: file:///home/runner/work/sokonanoda-lang/sokonanoda-lang/editor/vscode/src/test/fixtures/workspace/units/u01.sokonanoda
2026-09-29T10:47:35.256Z soko/project ok: project=units.u01 (2 modules) reason=null
2026-09-29T10:47:35.932Z soko/project ok: project=units.u01 (2 modules) reason=null
2026-09-29T10:47:36.278Z soko/project ok: project=units.u01 (2 modules) reason=null
PERF e2e fanout: entry diagnostics signature=152 字节 · 稳定 ✓
2026-09-29T10:47:40.676Z active document changed: (none)
2026-09-29T10:47:40.676Z loadProject: no active .sokonanoda document
2026-09-29T10:47:40.702Z active document changed: file:///home/runner/work/sokonanoda-lang/sokonanoda-lang/editor/vscode/src/test/fixtures/workspace/units/u01.sokonanoda
2026-09-29T10:47:40.709Z soko/project ok: project=units.u01 (2 modules) reason=null
2026-09-29T10:47:41.292Z soko/project ok: project=units.u01 (2 modules) reason=null
2026-09-29T10:47:41.323Z active document changed: (none)
2026-09-29T10:47:41.324Z loadProject: no active .sokonanoda document
2026-09-29T10:47:41.338Z active document changed: file:///home/runner/work/sokonanoda-lang/sokonanoda-lang/editor/vscode/src/test/fixtures/workspace/units/u01.sokonanoda
2026-09-29T10:47:41.351Z soko/project ok: project=units.u01 (2 modules) reason=null
2026-09-29T10:47:41.658Z active document changed: (none)
2026-09-29T10:47:41.658Z loadProject: no active .sokonanoda document
2026-09-29T10:47:41.671Z active document changed: file:///home/runner/work/sokonanoda-lang/sokonanoda-lang/editor/vscode/src/test/fixtures/workspace/units/u01.sokonanoda
2026-09-29T10:47:41.685Z soko/project ok: project=units.u01 (2 modules) reason=null
2026-09-29T10:47:41.994Z active document changed: (none)
2026-09-29T10:47:41.994Z loadProject: no active .sokonanoda document
2026-09-29T10:47:42.022Z active document changed: file:///home/runner/work/sokonanoda-lang/sokonanoda-lang/editor/vscode/src/test/fixtures/workspace/units/u01.sokonanoda
2026-09-29T10:47:42.031Z soko/project ok: project=units.u01 (2 modules) reason=null
2026-09-29T10:47:42.344Z active document changed: (none)
2026-09-29T10:47:42.344Z loadProject: no active .sokonanoda document
2026-09-29T10:47:42.362Z active document changed: file:///home/runner/work/sokonanoda-lang/sokonanoda-lang/editor/vscode/src/test/fixtures/workspace/units/u01.sokonanoda
2026-09-29T10:47:42.374Z soko/project ok: project=units.u01 (2 modules) reason=null
2026-09-29T10:47:42.429Z active document changed: (none)
2026-09-29T10:47:42.429Z loadProject: no active .sokonanoda document
2026-09-29T10:47:42.447Z active document changed: file:///home/runner/work/sokonanoda-lang/sokonanoda-lang/editor/vscode/src/test/fixtures/workspace/units/u01.sokonanoda
2026-09-29T10:47:42.461Z soko/project ok: project=units.u01 (2 modules) reason=null
2026-09-29T10:47:42.544Z active document changed: (none)
2026-09-29T10:47:42.544Z loadProject: no active .sokonanoda document
2026-09-29T10:47:42.568Z active document changed: file:///home/runner/work/sokonanoda-lang/sokonanoda-lang/editor/vscode/src/test/fixtures/workspace/units/u01.sokonanoda
2026-09-29T10:47:42.581Z soko/project ok: project=units.u01 (2 modules) reason=null
2026-09-29T10:47:42.700Z active document changed: (none)
2026-09-29T10:47:42.700Z loadProject: no active .sokonanoda document
2026-09-29T10:47:42.731Z active document changed: file:///home/runner/work/sokonanoda-lang/sokonanoda-lang/editor/vscode/src/test/fixtures/workspace/units/u01.sokonanoda
2026-09-29T10:47:42.747Z soko/project ok: project=units.u01 (2 modules) reason=null
2026-09-29T10:47:42.845Z active document changed: (none)
2026-09-29T10:47:42.845Z loadProject: no active .sokonanoda document
2026-09-29T10:47:42.892Z client state: stopped
