# scripts/vscode-e2e.sh — VS Code 1.106.0 · extension v0.62.0 · a41fd22c8a0200d4cddf73b9d19f035c1b08ef32
# 结果：16 passing / 0 failing / 0 pending（exit=0）

## doctor（服务器解析与版本自述）
--- doctor ---
sokonanoda doctor — 扩展 v0.62.0 (6 checks)
[ok] 1/6 resolution：bundled — /home/runner/work/sokonanoda-lang/sokonanoda-lang/editor/vscode/bin/linux-x64/sokonanoda-lsp (source=bundled)
[ok] 2/6 server-version：0.62.0 (pid 3184) == 扩展 v0.62.0 (source=bundled)
[ok] 3/6 host-version：运行宿主 v0.62.0
[ok] 4/6 ignored-override：没有被忽略的 serverPath/env 覆盖
[info] 5/6 download-cache：无下载缓存（仅影响 CLI/universal 兜底，不影响内置服务器）
[info] 6/6 obsolete-versions：检测到 0 个扩展版本快照、0 个 .obsolete 条目；完整重启 VS Code 会自动清理

## 用例
    ✔ .sokonanoda files get the sokonanoda language id (96ms)
    ✔ confusable-character highlight is off for sokonanoda files
    ✔ #check results appear as inlay hints (175ms)
    ✔ clean lesson publishes empty diagnostics (123ms)
    ✔ kernel-rejected declaration carries the kernel-rejected code (45ms)
    ✔ open exercise carries a sorry warning, not an error (68ms)
    ✔ a declaration named Prop warns, not errors (55ms)
    ✔ open exercise shows a hover on the hole (116ms)
    ✔ notation input: the rewriter produces ∧ and hover teaches \and (156ms)
    ✔ restart server command re-syncs open documents (101ms)
    ✔ infoview command is registered and revealable (105ms)
    ✔ the project tree shows the real closure of an imported module (213ms)
    ✔ the project tree names the file a single-file document is (140ms)
    ✔ the project tree marks a broken import as the root cause (139ms)
    ✔ build / rebuild commands warm the compile cache through the CLI (82ms)
    ✔ doctor command returns a read-only source + version report

## 扩展接线日志（SOKO_E2E_LOG）
2026-09-20T15:09:43.119Z server command: /home/runner/work/sokonanoda-lang/sokonanoda-lang/editor/vscode/bin/linux-x64/sokonanoda-lsp (source=bundled)
2026-09-20T15:09:43.120Z client state: starting
2026-09-20T15:09:43.136Z client state: running
2026-09-20T15:09:43.143Z loadProject: no active .sokonanoda document
2026-09-20T15:09:43.368Z active document changed: file:///tmp/sokonanoda-vscode-test-PlLAw2/check.sokonanoda
2026-09-20T15:09:43.376Z soko/project ok: project=null reason=no-imports
2026-09-20T15:09:43.510Z active document changed: (none)
2026-09-20T15:09:43.510Z loadProject: no active .sokonanoda document
2026-09-20T15:09:43.548Z active document changed: file:///tmp/sokonanoda-vscode-test-PlLAw2/lesson-clean.sokonanoda
2026-09-20T15:09:43.557Z soko/project ok: project=null reason=no-imports
2026-09-20T15:09:43.558Z soko/project ok: project=null reason=no-imports
2026-09-20T15:09:43.643Z active document changed: (none)
2026-09-20T15:09:43.643Z loadProject: no active .sokonanoda document
2026-09-20T15:09:43.677Z active document changed: file:///tmp/sokonanoda-vscode-test-PlLAw2/kernel-bad.sokonanoda
2026-09-20T15:09:43.696Z soko/project ok: project=null reason=no-imports
2026-09-20T15:09:43.745Z active document changed: (none)
2026-09-20T15:09:43.745Z loadProject: no active .sokonanoda document
2026-09-20T15:09:43.810Z active document changed: file:///tmp/sokonanoda-vscode-test-PlLAw2/exercise.sokonanoda
2026-09-20T15:09:43.818Z soko/project ok: project=null reason=no-imports
2026-09-20T15:09:43.898Z active document changed: (none)
2026-09-20T15:09:43.898Z loadProject: no active .sokonanoda document
2026-09-20T15:09:43.947Z active document changed: file:///tmp/sokonanoda-vscode-test-PlLAw2/reserved.sokonanoda
2026-09-20T15:09:43.954Z soko/project ok: project=null reason=no-imports
2026-09-20T15:09:43.981Z soko/project ok: project=null reason=no-imports
2026-09-20T15:09:44.005Z active document changed: (none)
2026-09-20T15:09:44.006Z loadProject: no active .sokonanoda document
2026-09-20T15:09:44.062Z active document changed: file:///tmp/sokonanoda-vscode-test-PlLAw2/exercise-hover.sokonanoda
2026-09-20T15:09:44.070Z soko/project ok: project=null reason=no-imports
2026-09-20T15:09:44.137Z active document changed: (none)
2026-09-20T15:09:44.138Z loadProject: no active .sokonanoda document
2026-09-20T15:09:44.188Z active document changed: file:///tmp/sokonanoda-vscode-test-PlLAw2/notation-input.sokonanoda
2026-09-20T15:09:44.195Z soko/project ok: project=null reason=no-imports
2026-09-20T15:09:44.320Z active document changed: (none)
2026-09-20T15:09:44.320Z loadProject: no active .sokonanoda document
2026-09-20T15:09:44.370Z active document changed: file:///tmp/sokonanoda-vscode-test-PlLAw2/restart.sokonanoda
2026-09-20T15:09:44.378Z soko/project ok: project=null reason=no-imports
2026-09-20T15:09:44.384Z client state: stopped
2026-09-20T15:09:44.387Z soko/project ok: project=null reason=no-imports
2026-09-20T15:09:44.390Z client state: starting
2026-09-20T15:09:44.417Z client state: running
2026-09-20T15:09:44.464Z active document changed: (none)
2026-09-20T15:09:44.464Z loadProject: no active .sokonanoda document
2026-09-20T15:09:44.623Z loadProject: no active .sokonanoda document
2026-09-20T15:09:44.672Z active document changed: file:///tmp/sokonanoda-vscode-test-PlLAw2/proj-ok/Main.sokonanoda
2026-09-20T15:09:44.687Z soko/project ok: project=Main (2 modules) reason=null
2026-09-20T15:09:44.695Z soko/project ok: project=Main (2 modules) reason=null
2026-09-20T15:09:44.797Z active document changed: (none)
2026-09-20T15:09:44.797Z loadProject: no active .sokonanoda document
2026-09-20T15:09:44.827Z active document changed: file:///tmp/sokonanoda-vscode-test-PlLAw2/single.sokonanoda
2026-09-20T15:09:44.836Z soko/project ok: project=null reason=no-imports
2026-09-20T15:09:44.840Z soko/project ok: project=null reason=no-imports
2026-09-20T15:09:44.943Z active document changed: (none)
2026-09-20T15:09:44.943Z loadProject: no active .sokonanoda document
2026-09-20T15:09:44.977Z active document changed: file:///tmp/sokonanoda-vscode-test-PlLAw2/proj-broken/Main.sokonanoda
2026-09-20T15:09:44.985Z soko/project ok: project=Main (1 modules) reason=null
2026-09-20T15:09:44.986Z soko/project ok: project=Main (1 modules) reason=null
2026-09-20T15:09:45.014Z soko/project ok: project=Main (1 modules) reason=null
2026-09-20T15:09:45.091Z active document changed: (none)
2026-09-20T15:09:45.091Z loadProject: no active .sokonanoda document
2026-09-20T15:09:45.122Z active document changed: file:///tmp/sokonanoda-vscode-test-PlLAw2/build-smoke.sokonanoda
2026-09-20T15:09:45.129Z soko/project ok: project=null reason=no-imports
2026-09-20T15:09:45.163Z soko/project ok: project=null reason=no-imports
2026-09-20T15:09:45.177Z soko/project ok: project=null reason=no-imports
2026-09-20T15:09:45.208Z active document changed: (none)
2026-09-20T15:09:45.208Z loadProject: no active .sokonanoda document
2026-09-20T15:09:45.303Z client state: stopped
