# scripts/vscode-e2e.sh — VS Code 1.138.0 · extension v0.72.0 · de9a5473f465217fd8f711c65e16c1be0f43c00d
# 结果：27 passing / 0 failing / 0 pending（exit=0）

## doctor（服务器解析与版本自述）
--- doctor ---
sokonanoda doctor — 扩展 v0.72.0 (6 checks)
[ok] 1/6 resolution：bundled — /home/runner/work/sokonanoda-lang/sokonanoda-lang/editor/vscode/bin/linux-x64/sokonanoda-lsp (source=bundled)
[ok] 2/6 server-version：0.72.0 (pid 3187) == 扩展 v0.72.0 (source=bundled)
[ok] 3/6 host-version：运行宿主 v0.72.0
[ok] 4/6 ignored-override：没有被忽略的 serverPath/env 覆盖
[info] 5/6 download-cache：无下载缓存（仅影响 CLI/universal 兜底，不影响内置服务器）
[info] 6/6 obsolete-versions：检测到 0 个扩展版本快照、0 个 .obsolete 条目；完整重启 VS Code 会自动清理

## 用例
    ✔ .sokonanoda files get the sokonanoda language id (39ms)
    ✔ confusable-character highlight is off for sokonanoda files
    ✔ #check results appear as inlay hints (349ms)
    ✔ clean lesson publishes empty diagnostics (184ms)
    ✔ kernel-rejected declaration carries the kernel-rejected code (160ms)
    ✔ open exercise carries a sorry warning, not an error (108ms)
    ✔ a declaration named Prop warns, not errors (111ms)
    ✔ open exercise shows a hover on the hole (147ms)
    ✔ notation input: the rewriter produces ∧ and hover teaches \and (157ms)
    ✔ restart server command re-syncs open documents (129ms)
    ✔ infoview command is registered and revealable (118ms)
    ✔ the project tree shows the real closure of an imported module (334ms)
    ✔ the project tree names the file a single-file document is (162ms)
    ✔ the project tree marks a broken import as the root cause (155ms)
    ✔ build / rebuild commands warm the compile cache through the CLI (141ms)
    ✔ doctor command returns a read-only source + version report (42ms)
    ✔ declarations panel lists a project unit's declarations (66ms)
    ✔ open declaration ships coloured goal runs to the Infoview (41ms)
    ✔ next hole jumps inside a project unit (53ms)
    ✔ warmCacheOnOpen pre-builds the workspace at activation (301ms)
    ✔ reopening a project unit hits the compile cache (3668ms)
    ✔ rewriting an unchanged project unit does not recompile (1536ms)
    ✔ editing a dependency refreshes the open unit once (6344ms)
    ✔ goal text uses the file's notation (736ms)
    ✔ goal text folds a binder notation whose type contains a lambda (335ms)
    ✔ go to definition on a notation symbol lands on its declaration (94ms)
    ✔ hover on a notation symbol shows the target's signature (96ms)

## 扩展接线日志（SOKO_E2E_LOG）
2026-09-26T00:33:57.735Z server command: /home/runner/work/sokonanoda-lang/sokonanoda-lang/editor/vscode/bin/linux-x64/sokonanoda-lsp (source=bundled)
2026-09-26T00:33:57.738Z client state: starting
2026-09-26T00:33:57.789Z client state: running
2026-09-26T00:33:57.799Z loadProject: no active .sokonanoda document
2026-09-26T00:33:58.088Z loadProject: no active .sokonanoda document
2026-09-26T00:33:58.167Z active document changed: file:///tmp/sokonanoda-vscode-test-M5ieBU/check.sokonanoda
2026-09-26T00:33:58.206Z soko/project ok: project=null reason=no-imports
2026-09-26T00:33:58.311Z soko/project ok: project=null reason=no-imports
2026-09-26T00:33:58.371Z active document changed: (none)
2026-09-26T00:33:58.371Z loadProject: no active .sokonanoda document
2026-09-26T00:33:58.433Z active document changed: file:///tmp/sokonanoda-vscode-test-M5ieBU/lesson-clean.sokonanoda
2026-09-26T00:33:58.453Z soko/project ok: project=null reason=no-imports
2026-09-26T00:33:58.573Z active document changed: (none)
2026-09-26T00:33:58.573Z loadProject: no active .sokonanoda document
2026-09-26T00:33:58.620Z active document changed: file:///tmp/sokonanoda-vscode-test-M5ieBU/kernel-bad.sokonanoda
2026-09-26T00:33:58.640Z soko/project ok: project=null reason=no-imports
2026-09-26T00:33:58.668Z soko/project ok: project=null reason=no-imports
2026-09-26T00:33:58.814Z active document changed: (none)
2026-09-26T00:33:58.814Z loadProject: no active .sokonanoda document
2026-09-26T00:33:58.866Z loadProject: no active .sokonanoda document
2026-09-26T00:33:58.921Z active document changed: file:///tmp/sokonanoda-vscode-test-M5ieBU/exercise.sokonanoda
2026-09-26T00:33:58.941Z soko/project ok: project=null reason=no-imports
2026-09-26T00:33:58.996Z active document changed: (none)
2026-09-26T00:33:58.996Z loadProject: no active .sokonanoda document
2026-09-26T00:33:59.100Z active document changed: file:///tmp/sokonanoda-vscode-test-M5ieBU/reserved.sokonanoda
2026-09-26T00:33:59.116Z soko/project ok: project=null reason=no-imports
2026-09-26T00:33:59.162Z active document changed: (none)
2026-09-26T00:33:59.162Z loadProject: no active .sokonanoda document
2026-09-26T00:33:59.230Z active document changed: file:///tmp/sokonanoda-vscode-test-M5ieBU/exercise-hover.sokonanoda
2026-09-26T00:33:59.241Z soko/project ok: project=null reason=no-imports
2026-09-26T00:33:59.347Z active document changed: (none)
2026-09-26T00:33:59.347Z loadProject: no active .sokonanoda document
2026-09-26T00:33:59.400Z active document changed: file:///tmp/sokonanoda-vscode-test-M5ieBU/notation-input.sokonanoda
2026-09-26T00:33:59.427Z soko/project ok: project=null reason=no-imports
2026-09-26T00:33:59.427Z soko/project ok: project=null reason=no-imports
2026-09-26T00:33:59.548Z active document changed: (none)
2026-09-26T00:33:59.548Z loadProject: no active .sokonanoda document
2026-09-26T00:33:59.593Z active document changed: file:///tmp/sokonanoda-vscode-test-M5ieBU/restart.sokonanoda
2026-09-26T00:33:59.601Z soko/project ok: project=null reason=no-imports
2026-09-26T00:33:59.611Z client state: stopped
2026-09-26T00:33:59.615Z client state: starting
2026-09-26T00:33:59.675Z client state: running
2026-09-26T00:33:59.701Z active document changed: (none)
2026-09-26T00:33:59.701Z loadProject: no active .sokonanoda document
2026-09-26T00:33:59.870Z loadProject: no active .sokonanoda document
2026-09-26T00:33:59.943Z active document changed: file:///tmp/sokonanoda-vscode-test-M5ieBU/proj-ok/Main.sokonanoda
2026-09-26T00:33:59.964Z soko/project ok: project=Main (2 modules) reason=null
2026-09-26T00:33:59.968Z soko/project ok: project=Main (2 modules) reason=null
2026-09-26T00:34:00.069Z soko/project ok: project=Main (2 modules) reason=null
2026-09-26T00:34:00.126Z soko/project ok: project=Main (2 modules) reason=null
2026-09-26T00:34:00.186Z active document changed: (none)
2026-09-26T00:34:00.186Z loadProject: no active .sokonanoda document
2026-09-26T00:34:00.236Z active document changed: file:///tmp/sokonanoda-vscode-test-M5ieBU/single.sokonanoda
2026-09-26T00:34:00.246Z soko/project ok: project=null reason=no-imports
2026-09-26T00:34:00.252Z soko/project ok: project=null reason=no-imports
2026-09-26T00:34:00.365Z active document changed: (none)
2026-09-26T00:34:00.365Z loadProject: no active .sokonanoda document
2026-09-26T00:34:00.404Z active document changed: file:///tmp/sokonanoda-vscode-test-M5ieBU/proj-broken/Main.sokonanoda
2026-09-26T00:34:00.414Z soko/project ok: project=Main (1 modules) reason=null
2026-09-26T00:34:00.423Z soko/project ok: project=Main (1 modules) reason=null
2026-09-26T00:34:00.431Z soko/project ok: project=Main (1 modules) reason=null
2026-09-26T00:34:00.535Z active document changed: (none)
2026-09-26T00:34:00.535Z loadProject: no active .sokonanoda document
2026-09-26T00:34:00.591Z active document changed: file:///tmp/sokonanoda-vscode-test-M5ieBU/build-smoke.sokonanoda
2026-09-26T00:34:00.602Z soko/project ok: project=null reason=no-imports
2026-09-26T00:34:00.646Z soko/project ok: project=null reason=no-imports
2026-09-26T00:34:00.684Z soko/project ok: project=null reason=no-imports
2026-09-26T00:34:00.728Z active document changed: (none)
2026-09-26T00:34:00.728Z loadProject: no active .sokonanoda document
2026-09-26T00:34:00.780Z loadProject: no active .sokonanoda document
2026-09-26T00:34:00.836Z active document changed: file:///home/runner/work/sokonanoda-lang/sokonanoda-lang/editor/vscode/src/test/fixtures/workspace/units/u01.sokonanoda
2026-09-26T00:34:00.851Z soko/project ok: project=units.u01 (2 modules) reason=null
2026-09-26T00:34:00.936Z active document changed: (none)
2026-09-26T00:34:00.936Z loadProject: no active .sokonanoda document
2026-09-26T00:34:00.970Z active document changed: file:///home/runner/work/sokonanoda-lang/sokonanoda-lang/editor/vscode/src/test/fixtures/workspace/units/u01.sokonanoda
2026-09-26T00:34:00.987Z soko/project ok: project=units.u01 (2 modules) reason=null
2026-09-26T00:34:01.101Z soko/project ok: project=units.u01 (2 modules) reason=null
2026-09-26T00:34:01.110Z active document changed: (none)
2026-09-26T00:34:01.110Z loadProject: no active .sokonanoda document
2026-09-26T00:34:01.145Z active document changed: file:///home/runner/work/sokonanoda-lang/sokonanoda-lang/editor/vscode/src/test/fixtures/workspace/units/u01.sokonanoda
2026-09-26T00:34:01.165Z soko/project ok: project=units.u01 (2 modules) reason=null
2026-09-26T00:34:01.220Z active document changed: (none)
2026-09-26T00:34:01.220Z loadProject: no active .sokonanoda document
2026-09-26T00:34:01.434Z warmCacheOnOpen: exit=0
2026-09-26T00:34:01.546Z active document changed: file:///home/runner/work/sokonanoda-lang/sokonanoda-lang/editor/vscode/src/test/fixtures/workspace/units/u02.sokonanoda
2026-09-26T00:34:01.561Z soko/project ok: project=null reason=no-imports
2026-09-26T00:34:05.118Z client state: stopped
2026-09-26T00:34:05.120Z client state: starting
2026-09-26T00:34:05.131Z client state: running
PERF e2e cache: cold=3586ms warm=77ms
2026-09-26T00:34:05.228Z active document changed: (none)
2026-09-26T00:34:05.228Z loadProject: no active .sokonanoda document
2026-09-26T00:34:05.253Z active document changed: file:///home/runner/work/sokonanoda-lang/sokonanoda-lang/editor/vscode/src/test/fixtures/workspace/units/u01.sokonanoda
2026-09-26T00:34:05.263Z soko/project ok: project=units.u01 (2 modules) reason=null
2026-09-26T00:34:05.405Z soko/project ok: project=units.u01 (2 modules) reason=null
2026-09-26T00:34:05.789Z soko/project ok: project=units.u01 (2 modules) reason=null
2026-09-26T00:34:06.774Z active document changed: (none)
2026-09-26T00:34:06.774Z loadProject: no active .sokonanoda document
2026-09-26T00:34:06.794Z active document changed: file:///home/runner/work/sokonanoda-lang/sokonanoda-lang/editor/vscode/src/test/fixtures/workspace/units/u01.sokonanoda
2026-09-26T00:34:06.803Z soko/project ok: project=units.u01 (2 modules) reason=null
2026-09-26T00:34:08.744Z soko/project ok: project=units.u01 (2 modules) reason=null
PERF e2e fanout: entry diagnostics signature=152 字节 · 稳定 ✓
2026-09-26T00:34:13.128Z active document changed: (none)
2026-09-26T00:34:13.128Z loadProject: no active .sokonanoda document
2026-09-26T00:34:13.153Z active document changed: file:///home/runner/work/sokonanoda-lang/sokonanoda-lang/editor/vscode/src/test/fixtures/workspace/units/u01.sokonanoda
2026-09-26T00:34:13.163Z soko/project ok: project=units.u01 (2 modules) reason=null
2026-09-26T00:34:13.802Z soko/project ok: project=units.u01 (2 modules) reason=null
2026-09-26T00:34:13.875Z active document changed: (none)
2026-09-26T00:34:13.875Z loadProject: no active .sokonanoda document
2026-09-26T00:34:13.898Z active document changed: file:///home/runner/work/sokonanoda-lang/sokonanoda-lang/editor/vscode/src/test/fixtures/workspace/units/u01.sokonanoda
2026-09-26T00:34:13.909Z soko/project ok: project=units.u01 (2 modules) reason=null
2026-09-26T00:34:14.220Z active document changed: (none)
2026-09-26T00:34:14.220Z loadProject: no active .sokonanoda document
2026-09-26T00:34:14.245Z active document changed: file:///home/runner/work/sokonanoda-lang/sokonanoda-lang/editor/vscode/src/test/fixtures/workspace/units/u01.sokonanoda
2026-09-26T00:34:14.257Z soko/project ok: project=units.u01 (2 modules) reason=null
2026-09-26T00:34:14.327Z active document changed: (none)
2026-09-26T00:34:14.327Z loadProject: no active .sokonanoda document
2026-09-26T00:34:14.350Z active document changed: file:///home/runner/work/sokonanoda-lang/sokonanoda-lang/editor/vscode/src/test/fixtures/workspace/units/u01.sokonanoda
2026-09-26T00:34:14.360Z soko/project ok: project=units.u01 (2 modules) reason=null
2026-09-26T00:34:14.435Z active document changed: (none)
2026-09-26T00:34:14.435Z loadProject: no active .sokonanoda document
2026-09-26T00:34:14.474Z client state: stopped
