# scripts/vscode-e2e.sh — VS Code 1.138.0 · extension v0.76.0 · 320f85024c956298279bdce0397d2f802569e763
# 结果：35 passing / 0 failing / 0 pending（exit=0）

## doctor（服务器解析与版本自述）
--- doctor ---
sokonanoda doctor — 扩展 v0.76.0 (6 checks)
[ok] 1/6 resolution：bundled — /home/runner/work/sokonanoda-lang/sokonanoda-lang/editor/vscode/bin/linux-x64/sokonanoda-lsp (source=bundled)
[ok] 2/6 server-version：0.76.0 (pid 3115) == 扩展 v0.76.0 (source=bundled)
[ok] 3/6 host-version：运行宿主 v0.76.0
[ok] 4/6 ignored-override：没有被忽略的 serverPath/env 覆盖
[info] 5/6 download-cache：无下载缓存（仅影响 CLI/universal 兜底，不影响内置服务器）
[info] 6/6 obsolete-versions：检测到 0 个扩展版本快照、0 个 .obsolete 条目；完整重启 VS Code 会自动清理

## 用例
    ✔ .sokonanoda files get the sokonanoda language id (72ms)
    ✔ confusable-character highlight is off for sokonanoda files
    ✔ #check results appear as inlay hints (313ms)
    ✔ clean lesson publishes empty diagnostics (203ms)
    ✔ kernel-rejected declaration carries the kernel-rejected code (69ms)
    ✔ open exercise carries a sorry warning, not an error (51ms)
    ✔ a declaration named Prop warns, not errors (56ms)
    ✔ open exercise shows a hover on the hole (183ms)
    ✔ hover 的类型文本折成记法（T-U12 面 #3，e2e 那一份） (196ms)
    ✔ notation input: the rewriter produces ∧ and hover teaches \and (161ms)
    ✔ restart server command re-syncs open documents (118ms)
    ✔ infoview command is registered and revealable (80ms)
    ✔ the project tree shows the real closure of an imported module (323ms)
    ✔ the project tree names the file a single-file document is (188ms)
    ✔ the project tree marks a broken import as the root cause (148ms)
    ✔ build / rebuild commands warm the compile cache through the CLI (4789ms)
    ✔ Clean Cache empties the project store and does not compile (E31) (4166ms)
    ✔ the Infoview receives the project view (E30) (41ms)
    ✔ Infoview 'definition' lands exactly where the editor F12 lands (E27) (220ms)
    ✔ doctor command returns a read-only source + version report
    ✔ declarations panel lists a project unit's declarations
    ✔ open declaration ships coloured goal runs to the Infoview (41ms)
    ✔ next hole jumps inside a project unit
    ✔ warmCacheOnOpen pre-builds the workspace at activation
    ✔ reopening a project unit hits the compile cache (5085ms)
    ✔ rewriting an unchanged project unit does not recompile (1947ms)
    ✔ editing a dependency refreshes the open unit once (5545ms)
    ✔ goal text uses the file's notation (642ms)
    ✔ goal text folds a binder notation whose type contains a lambda (342ms)
    ✔ Infoview 的 `⊢` 用记法箭头 `→`，且 runs 与 text 同源 (332ms)
    ✔ Infoview 里集合字面量显示成 `{a}`（不是 `Set.singleton α a`） (337ms)
    ✔ go to definition on a `{a}` set literal lands on `Set.singleton` (89ms)
    ✔ go to definition on a prelude name lands in the prelude source (107ms)
    ✔ go to definition on a notation symbol lands on its declaration (138ms)
    ✔ hover on a notation symbol shows the target's signature (151ms)

## 扩展接线日志（SOKO_E2E_LOG）
2026-09-28T01:50:41.436Z server command: /home/runner/work/sokonanoda-lang/sokonanoda-lang/editor/vscode/bin/linux-x64/sokonanoda-lsp (source=bundled)
2026-09-28T01:50:41.438Z client state: starting
2026-09-28T01:50:41.467Z client state: running
2026-09-28T01:50:41.476Z loadProject: no active .sokonanoda document
2026-09-28T01:50:41.802Z active document changed: file:///tmp/sokonanoda-vscode-test-sSyCUK/check.sokonanoda
2026-09-28T01:50:41.811Z soko/project ok: project=null reason=no-imports
2026-09-28T01:50:41.827Z soko/project ok: project=null reason=no-imports
2026-09-28T01:50:41.991Z soko/project ok: project=null reason=no-imports
2026-09-28T01:50:42.023Z active document changed: (none)
2026-09-28T01:50:42.023Z loadProject: no active .sokonanoda document
2026-09-28T01:50:42.108Z active document changed: file:///tmp/sokonanoda-vscode-test-sSyCUK/lesson-clean.sokonanoda
2026-09-28T01:50:42.131Z soko/project ok: project=null reason=no-imports
2026-09-28T01:50:42.248Z active document changed: (none)
2026-09-28T01:50:42.248Z loadProject: no active .sokonanoda document
2026-09-28T01:50:42.309Z active document changed: file:///tmp/sokonanoda-vscode-test-sSyCUK/kernel-bad.sokonanoda
2026-09-28T01:50:42.327Z soko/project ok: project=null reason=no-imports
2026-09-28T01:50:42.332Z soko/project ok: project=null reason=no-imports
2026-09-28T01:50:42.407Z active document changed: (none)
2026-09-28T01:50:42.407Z loadProject: no active .sokonanoda document
2026-09-28T01:50:42.451Z active document changed: file:///tmp/sokonanoda-vscode-test-sSyCUK/exercise.sokonanoda
2026-09-28T01:50:42.463Z soko/project ok: project=null reason=no-imports
2026-09-28T01:50:42.521Z active document changed: (none)
2026-09-28T01:50:42.521Z loadProject: no active .sokonanoda document
2026-09-28T01:50:42.568Z active document changed: file:///tmp/sokonanoda-vscode-test-sSyCUK/reserved.sokonanoda
2026-09-28T01:50:42.581Z soko/project ok: project=null reason=no-imports
2026-09-28T01:50:42.627Z active document changed: (none)
2026-09-28T01:50:42.627Z loadProject: no active .sokonanoda document
2026-09-28T01:50:42.724Z active document changed: file:///tmp/sokonanoda-vscode-test-sSyCUK/exercise-hover.sokonanoda
2026-09-28T01:50:42.731Z soko/project ok: project=null reason=no-imports
2026-09-28T01:50:42.823Z active document changed: (none)
2026-09-28T01:50:42.823Z loadProject: no active .sokonanoda document
2026-09-28T01:50:42.864Z active document changed: file:///home/runner/work/sokonanoda-lang/sokonanoda-lang/editor/vscode/src/test/fixtures/workspace/units/u01.sokonanoda
2026-09-28T01:50:42.879Z soko/project ok: project=units.u01 (2 modules) reason=null
2026-09-28T01:50:42.895Z soko/project ok: project=units.u01 (2 modules) reason=null
2026-09-28T01:50:43.034Z active document changed: (none)
2026-09-28T01:50:43.034Z loadProject: no active .sokonanoda document
2026-09-28T01:50:43.086Z active document changed: file:///tmp/sokonanoda-vscode-test-sSyCUK/notation-input.sokonanoda
2026-09-28T01:50:43.096Z soko/project ok: project=null reason=no-imports
2026-09-28T01:50:43.132Z soko/project ok: project=null reason=no-imports
2026-09-28T01:50:43.226Z active document changed: (none)
2026-09-28T01:50:43.226Z loadProject: no active .sokonanoda document
2026-09-28T01:50:43.276Z active document changed: file:///tmp/sokonanoda-vscode-test-sSyCUK/restart.sokonanoda
2026-09-28T01:50:43.286Z soko/project ok: project=null reason=no-imports
2026-09-28T01:50:43.291Z client state: stopped
2026-09-28T01:50:43.295Z client state: starting
2026-09-28T01:50:43.330Z client state: running
2026-09-28T01:50:43.384Z active document changed: (none)
2026-09-28T01:50:43.384Z loadProject: no active .sokonanoda document
2026-09-28T01:50:43.569Z active document changed: file:///tmp/sokonanoda-vscode-test-sSyCUK/proj-ok/Main.sokonanoda
2026-09-28T01:50:43.582Z soko/project ok: project=null reason=no-imports
2026-09-28T01:50:43.585Z soko/project ok: project=Main (2 modules) reason=null
2026-09-28T01:50:43.593Z soko/project ok: project=Main (2 modules) reason=null
2026-09-28T01:50:43.702Z soko/project ok: project=Main (2 modules) reason=null
2026-09-28T01:50:43.791Z soko/project ok: project=Main (2 modules) reason=null
2026-09-28T01:50:43.821Z active document changed: (none)
2026-09-28T01:50:43.821Z loadProject: no active .sokonanoda document
2026-09-28T01:50:43.899Z active document changed: file:///tmp/sokonanoda-vscode-test-sSyCUK/single.sokonanoda
2026-09-28T01:50:43.910Z soko/project ok: project=null reason=no-imports
2026-09-28T01:50:43.917Z soko/project ok: project=null reason=no-imports
2026-09-28T01:50:44.021Z active document changed: (none)
2026-09-28T01:50:44.021Z loadProject: no active .sokonanoda document
2026-09-28T01:50:44.059Z active document changed: file:///tmp/sokonanoda-vscode-test-sSyCUK/proj-broken/Main.sokonanoda
2026-09-28T01:50:44.066Z soko/project ok: project=Main (1 modules) reason=null
2026-09-28T01:50:44.075Z soko/project ok: project=Main (1 modules) reason=null
2026-09-28T01:50:44.080Z soko/project ok: project=Main (1 modules) reason=null
2026-09-28T01:50:44.180Z active document changed: (none)
2026-09-28T01:50:44.180Z loadProject: no active .sokonanoda document
2026-09-28T01:50:44.203Z active document changed: file:///home/runner/work/sokonanoda-lang/sokonanoda-lang/editor/vscode/src/test/fixtures/workspace/units/u01.sokonanoda
2026-09-28T01:50:44.215Z soko/project ok: project=units.u01 (2 modules) reason=null
2026-09-28T01:50:44.253Z soko/project ok: project=units.u01 (2 modules) reason=null
2026-09-28T01:50:44.762Z warmCacheOnOpen: exit=0
2026-09-28T01:50:46.409Z soko/project ok: project=units.u01 (2 modules) reason=null
2026-09-28T01:50:48.973Z soko/project ok: project=units.u01 (2 modules) reason=null
2026-09-28T01:50:48.988Z active document changed: (none)
2026-09-28T01:50:48.988Z loadProject: no active .sokonanoda document
2026-09-28T01:50:49.016Z active document changed: file:///home/runner/work/sokonanoda-lang/sokonanoda-lang/editor/vscode/src/test/fixtures/workspace/units/u01.sokonanoda
2026-09-28T01:50:49.028Z soko/project ok: project=units.u01 (2 modules) reason=null
2026-09-28T01:50:49.083Z soko/project ok: project=units.u01 (2 modules) reason=null
2026-09-28T01:50:49.089Z soko/project ok: project=units.u01 (2 modules) reason=null
2026-09-28T01:50:53.160Z soko/project ok: project=units.u01 (2 modules) reason=null
2026-09-28T01:50:53.174Z active document changed: (none)
2026-09-28T01:50:53.174Z loadProject: no active .sokonanoda document
2026-09-28T01:50:53.202Z active document changed: file:///home/runner/work/sokonanoda-lang/sokonanoda-lang/editor/vscode/src/test/fixtures/workspace/units/u01.sokonanoda
2026-09-28T01:50:53.214Z soko/project ok: project=units.u01 (2 modules) reason=null
2026-09-28T01:50:53.272Z active document changed: (none)
2026-09-28T01:50:53.272Z loadProject: no active .sokonanoda document
2026-09-28T01:50:53.297Z active document changed: file:///home/runner/work/sokonanoda-lang/sokonanoda-lang/editor/vscode/src/test/fixtures/workspace/units/u01.sokonanoda
2026-09-28T01:50:53.309Z soko/project ok: project=units.u01 (2 modules) reason=null
2026-09-28T01:50:53.447Z active document changed: (none)
2026-09-28T01:50:53.447Z loadProject: no active .sokonanoda document
2026-09-28T01:50:53.466Z active document changed: file:///home/runner/work/sokonanoda-lang/sokonanoda-lang/editor/vscode/src/test/fixtures/workspace/lib/Set.sokonanoda
2026-09-28T01:50:53.483Z soko/project ok: project=null reason=no-imports
2026-09-28T01:50:53.563Z active document changed: (none)
2026-09-28T01:50:53.564Z loadProject: no active .sokonanoda document
2026-09-28T01:50:53.607Z active document changed: file:///home/runner/work/sokonanoda-lang/sokonanoda-lang/editor/vscode/src/test/fixtures/workspace/units/u01.sokonanoda
2026-09-28T01:50:53.620Z soko/project ok: project=units.u01 (2 modules) reason=null
2026-09-28T01:50:53.620Z soko/project ok: project=units.u01 (2 modules) reason=null
2026-09-28T01:50:53.688Z active document changed: (none)
2026-09-28T01:50:53.688Z loadProject: no active .sokonanoda document
2026-09-28T01:50:53.718Z active document changed: file:///home/runner/work/sokonanoda-lang/sokonanoda-lang/editor/vscode/src/test/fixtures/workspace/units/u01.sokonanoda
2026-09-28T01:50:53.729Z soko/project ok: project=units.u01 (2 modules) reason=null
2026-09-28T01:50:53.784Z active document changed: (none)
2026-09-28T01:50:53.784Z loadProject: no active .sokonanoda document
2026-09-28T01:50:53.802Z active document changed: file:///home/runner/work/sokonanoda-lang/sokonanoda-lang/editor/vscode/src/test/fixtures/workspace/units/u01.sokonanoda
2026-09-28T01:50:53.815Z soko/project ok: project=units.u01 (2 modules) reason=null
2026-09-28T01:50:53.864Z active document changed: (none)
2026-09-28T01:50:53.864Z loadProject: no active .sokonanoda document
2026-09-28T01:50:53.894Z active document changed: file:///home/runner/work/sokonanoda-lang/sokonanoda-lang/editor/vscode/src/test/fixtures/workspace/units/u02-cold-open.sokonanoda
2026-09-28T01:50:53.908Z soko/project ok: project=null reason=no-imports
2026-09-28T01:50:58.911Z client state: stopped
2026-09-28T01:50:58.913Z client state: starting
2026-09-28T01:50:58.924Z client state: running
PERF e2e cache: cold=5030ms warm=53ms
2026-09-28T01:50:59.026Z active document changed: (none)
2026-09-28T01:50:59.026Z loadProject: no active .sokonanoda document
2026-09-28T01:50:59.055Z active document changed: file:///home/runner/work/sokonanoda-lang/sokonanoda-lang/editor/vscode/src/test/fixtures/workspace/units/u01.sokonanoda
2026-09-28T01:50:59.066Z soko/project ok: project=units.u01 (2 modules) reason=null
2026-09-28T01:50:59.221Z soko/project ok: project=units.u01 (2 modules) reason=null
2026-09-28T01:50:59.589Z soko/project ok: project=units.u01 (2 modules) reason=null
2026-09-28T01:51:00.059Z soko/project ok: project=units.u01 (2 modules) reason=null
2026-09-28T01:51:00.981Z active document changed: (none)
2026-09-28T01:51:00.981Z loadProject: no active .sokonanoda document
2026-09-28T01:51:01.001Z active document changed: file:///home/runner/work/sokonanoda-lang/sokonanoda-lang/editor/vscode/src/test/fixtures/workspace/units/u01.sokonanoda
2026-09-28T01:51:01.009Z soko/project ok: project=units.u01 (2 modules) reason=null
2026-09-28T01:51:01.706Z soko/project ok: project=units.u01 (2 modules) reason=null
2026-09-28T01:51:02.210Z soko/project ok: project=units.u01 (2 modules) reason=null
PERF e2e fanout: entry diagnostics signature=152 字节 · 稳定 ✓
2026-09-28T01:51:06.536Z active document changed: (none)
2026-09-28T01:51:06.536Z loadProject: no active .sokonanoda document
2026-09-28T01:51:06.561Z active document changed: file:///home/runner/work/sokonanoda-lang/sokonanoda-lang/editor/vscode/src/test/fixtures/workspace/units/u01.sokonanoda
2026-09-28T01:51:06.569Z soko/project ok: project=units.u01 (2 modules) reason=null
2026-09-28T01:51:07.162Z soko/project ok: project=units.u01 (2 modules) reason=null
2026-09-28T01:51:07.190Z active document changed: (none)
2026-09-28T01:51:07.190Z loadProject: no active .sokonanoda document
2026-09-28T01:51:07.215Z active document changed: file:///home/runner/work/sokonanoda-lang/sokonanoda-lang/editor/vscode/src/test/fixtures/workspace/units/u01.sokonanoda
2026-09-28T01:51:07.229Z soko/project ok: project=units.u01 (2 modules) reason=null
2026-09-28T01:51:07.541Z active document changed: (none)
2026-09-28T01:51:07.541Z loadProject: no active .sokonanoda document
2026-09-28T01:51:07.561Z active document changed: file:///home/runner/work/sokonanoda-lang/sokonanoda-lang/editor/vscode/src/test/fixtures/workspace/units/u01.sokonanoda
2026-09-28T01:51:07.575Z soko/project ok: project=units.u01 (2 modules) reason=null
2026-09-28T01:51:07.884Z active document changed: (none)
2026-09-28T01:51:07.884Z loadProject: no active .sokonanoda document
2026-09-28T01:51:07.910Z active document changed: file:///home/runner/work/sokonanoda-lang/sokonanoda-lang/editor/vscode/src/test/fixtures/workspace/units/u01.sokonanoda
2026-09-28T01:51:07.920Z soko/project ok: project=units.u01 (2 modules) reason=null
2026-09-28T01:51:08.235Z active document changed: (none)
2026-09-28T01:51:08.235Z loadProject: no active .sokonanoda document
2026-09-28T01:51:08.256Z active document changed: file:///home/runner/work/sokonanoda-lang/sokonanoda-lang/editor/vscode/src/test/fixtures/workspace/units/u01.sokonanoda
2026-09-28T01:51:08.269Z soko/project ok: project=units.u01 (2 modules) reason=null
2026-09-28T01:51:08.339Z active document changed: (none)
2026-09-28T01:51:08.339Z loadProject: no active .sokonanoda document
2026-09-28T01:51:08.363Z active document changed: file:///home/runner/work/sokonanoda-lang/sokonanoda-lang/editor/vscode/src/test/fixtures/workspace/units/u01.sokonanoda
2026-09-28T01:51:08.376Z soko/project ok: project=units.u01 (2 modules) reason=null
2026-09-28T01:51:08.460Z active document changed: (none)
2026-09-28T01:51:08.460Z loadProject: no active .sokonanoda document
2026-09-28T01:51:08.489Z active document changed: file:///home/runner/work/sokonanoda-lang/sokonanoda-lang/editor/vscode/src/test/fixtures/workspace/units/u01.sokonanoda
2026-09-28T01:51:08.514Z soko/project ok: project=units.u01 (2 modules) reason=null
2026-09-28T01:51:08.612Z active document changed: (none)
2026-09-28T01:51:08.612Z loadProject: no active .sokonanoda document
2026-09-28T01:51:08.653Z active document changed: file:///home/runner/work/sokonanoda-lang/sokonanoda-lang/editor/vscode/src/test/fixtures/workspace/units/u01.sokonanoda
2026-09-28T01:51:08.668Z soko/project ok: project=units.u01 (2 modules) reason=null
2026-09-28T01:51:08.780Z active document changed: (none)
2026-09-28T01:51:08.780Z loadProject: no active .sokonanoda document
2026-09-28T01:51:08.823Z client state: stopped
