# scripts/vscode-e2e.sh — VS Code 1.106.0 · extension v0.73.0 · 98a42423af2d0f91be156627abab5d122c10d84c
# 结果：35 passing / 0 failing / 0 pending（exit=0）

## doctor（服务器解析与版本自述）
--- doctor ---
sokonanoda doctor — 扩展 v0.73.0 (6 checks)
[ok] 1/6 resolution：bundled — /home/runner/work/sokonanoda-lang/sokonanoda-lang/editor/vscode/bin/linux-x64/sokonanoda-lsp (source=bundled)
[ok] 2/6 server-version：0.73.0 (pid 3140) == 扩展 v0.73.0 (source=bundled)
[ok] 3/6 host-version：运行宿主 v0.73.0
[ok] 4/6 ignored-override：没有被忽略的 serverPath/env 覆盖
[info] 5/6 download-cache：无下载缓存（仅影响 CLI/universal 兜底，不影响内置服务器）
[info] 6/6 obsolete-versions：检测到 0 个扩展版本快照、0 个 .obsolete 条目；完整重启 VS Code 会自动清理

## 用例
    ✔ .sokonanoda files get the sokonanoda language id (116ms)
    ✔ confusable-character highlight is off for sokonanoda files
    ✔ #check results appear as inlay hints (199ms)
    ✔ clean lesson publishes empty diagnostics (151ms)
    ✔ kernel-rejected declaration carries the kernel-rejected code (84ms)
    ✔ open exercise carries a sorry warning, not an error (60ms)
    ✔ a declaration named Prop warns, not errors (65ms)
    ✔ open exercise shows a hover on the hole (156ms)
    ✔ hover 的类型文本折成记法（T-U12 面 #3，e2e 那一份） (235ms)
    ✔ notation input: the rewriter produces ∧ and hover teaches \and (232ms)
    ✔ restart server command re-syncs open documents (115ms)
    ✔ infoview command is registered and revealable (133ms)
    ✔ the project tree shows the real closure of an imported module (321ms)
    ✔ the project tree names the file a single-file document is (151ms)
    ✔ the project tree marks a broken import as the root cause (140ms)
    ✔ build / rebuild commands warm the compile cache through the CLI (5000ms)
    ✔ Clean Cache empties the project store and does not compile (E31) (4401ms)
    ✔ the Infoview receives the project view (E30)
    ✔ Infoview 'definition' lands exactly where the editor F12 lands (E27) (132ms)
    ✔ doctor command returns a read-only source + version report
    ✔ declarations panel lists a project unit's declarations
    ✔ open declaration ships coloured goal runs to the Infoview (42ms)
    ✔ next hole jumps inside a project unit
    ✔ warmCacheOnOpen pre-builds the workspace at activation
    ✔ reopening a project unit hits the compile cache (4998ms)
    ✔ rewriting an unchanged project unit does not recompile (1939ms)
    ✔ editing a dependency refreshes the open unit once (5844ms)
    ✔ goal text uses the file's notation (641ms)
    ✔ goal text folds a binder notation whose type contains a lambda (347ms)
    ✔ Infoview 的 `⊢` 用记法箭头 `→`，且 runs 与 text 同源 (338ms)
    ✔ Infoview 里集合字面量显示成 `{a}`（不是 `Set.singleton α a`） (344ms)
    ✔ go to definition on a `{a}` set literal lands on `Set.singleton` (114ms)
    ✔ go to definition on a prelude name lands in the prelude source (139ms)
    ✔ go to definition on a notation symbol lands on its declaration (229ms)
    ✔ hover on a notation symbol shows the target's signature (173ms)

## 扩展接线日志（SOKO_E2E_LOG）
2026-09-27T15:27:47.427Z server command: /home/runner/work/sokonanoda-lang/sokonanoda-lang/editor/vscode/bin/linux-x64/sokonanoda-lsp (source=bundled)
2026-09-27T15:27:47.429Z client state: starting
2026-09-27T15:27:47.449Z client state: running
2026-09-27T15:27:47.457Z loadProject: no active .sokonanoda document
2026-09-27T15:27:47.721Z active document changed: file:///tmp/sokonanoda-vscode-test-Hg9Lyd/check.sokonanoda
2026-09-27T15:27:47.747Z soko/project ok: project=null reason=no-imports
2026-09-27T15:27:47.885Z active document changed: (none)
2026-09-27T15:27:47.885Z loadProject: no active .sokonanoda document
2026-09-27T15:27:47.901Z loadProject: no active .sokonanoda document
2026-09-27T15:27:47.946Z active document changed: file:///tmp/sokonanoda-vscode-test-Hg9Lyd/lesson-clean.sokonanoda
2026-09-27T15:27:47.958Z soko/project ok: project=null reason=no-imports
2026-09-27T15:27:48.056Z active document changed: (none)
2026-09-27T15:27:48.056Z loadProject: no active .sokonanoda document
2026-09-27T15:27:48.134Z active document changed: file:///tmp/sokonanoda-vscode-test-Hg9Lyd/kernel-bad.sokonanoda
2026-09-27T15:27:48.147Z soko/project ok: project=null reason=no-imports
2026-09-27T15:27:48.155Z soko/project ok: project=null reason=no-imports
2026-09-27T15:27:48.200Z active document changed: (none)
2026-09-27T15:27:48.200Z loadProject: no active .sokonanoda document
2026-09-27T15:27:48.257Z active document changed: file:///tmp/sokonanoda-vscode-test-Hg9Lyd/exercise.sokonanoda
2026-09-27T15:27:48.270Z soko/project ok: project=null reason=no-imports
2026-09-27T15:27:48.305Z active document changed: (none)
2026-09-27T15:27:48.305Z loadProject: no active .sokonanoda document
2026-09-27T15:27:48.365Z active document changed: file:///tmp/sokonanoda-vscode-test-Hg9Lyd/reserved.sokonanoda
2026-09-27T15:27:48.376Z soko/project ok: project=null reason=no-imports
2026-09-27T15:27:48.409Z active document changed: (none)
2026-09-27T15:27:48.410Z loadProject: no active .sokonanoda document
2026-09-27T15:27:48.483Z active document changed: file:///tmp/sokonanoda-vscode-test-Hg9Lyd/exercise-hover.sokonanoda
2026-09-27T15:27:48.500Z soko/project ok: project=null reason=no-imports
2026-09-27T15:27:48.577Z active document changed: (none)
2026-09-27T15:27:48.577Z loadProject: no active .sokonanoda document
2026-09-27T15:27:48.629Z active document changed: file:///home/runner/work/sokonanoda-lang/sokonanoda-lang/editor/vscode/src/test/fixtures/workspace/units/u01.sokonanoda
2026-09-27T15:27:48.648Z soko/project ok: project=units.u01 (2 modules) reason=null
2026-09-27T15:27:48.651Z soko/project ok: project=units.u01 (2 modules) reason=null
2026-09-27T15:27:48.804Z soko/project ok: project=units.u01 (2 modules) reason=null
2026-09-27T15:27:48.826Z active document changed: (none)
2026-09-27T15:27:48.826Z loadProject: no active .sokonanoda document
2026-09-27T15:27:48.909Z active document changed: file:///tmp/sokonanoda-vscode-test-Hg9Lyd/notation-input.sokonanoda
2026-09-27T15:27:48.925Z soko/project ok: project=null reason=no-imports
2026-09-27T15:27:49.107Z active document changed: (none)
2026-09-27T15:27:49.107Z loadProject: no active .sokonanoda document
2026-09-27T15:27:49.126Z loadProject: no active .sokonanoda document
2026-09-27T15:27:49.149Z active document changed: file:///tmp/sokonanoda-vscode-test-Hg9Lyd/restart.sokonanoda
2026-09-27T15:27:49.165Z soko/project ok: project=null reason=no-imports
2026-09-27T15:27:49.166Z client state: stopped
2026-09-27T15:27:49.172Z client state: starting
2026-09-27T15:27:49.206Z client state: running
2026-09-27T15:27:49.264Z active document changed: (none)
2026-09-27T15:27:49.264Z loadProject: no active .sokonanoda document
2026-09-27T15:27:49.419Z loadProject: no active .sokonanoda document
2026-09-27T15:27:49.507Z active document changed: file:///tmp/sokonanoda-vscode-test-Hg9Lyd/proj-ok/Main.sokonanoda
2026-09-27T15:27:49.529Z soko/project ok: project=Main (2 modules) reason=null
2026-09-27T15:27:49.532Z soko/project ok: project=Main (2 modules) reason=null
2026-09-27T15:27:49.628Z soko/project ok: project=Main (2 modules) reason=null
2026-09-27T15:27:49.730Z soko/project ok: project=Main (2 modules) reason=null
2026-09-27T15:27:49.734Z active document changed: (none)
2026-09-27T15:27:49.734Z loadProject: no active .sokonanoda document
2026-09-27T15:27:49.779Z active document changed: file:///tmp/sokonanoda-vscode-test-Hg9Lyd/single.sokonanoda
2026-09-27T15:27:49.790Z soko/project ok: project=null reason=no-imports
2026-09-27T15:27:49.791Z soko/project ok: project=null reason=no-imports
2026-09-27T15:27:49.897Z active document changed: (none)
2026-09-27T15:27:49.897Z loadProject: no active .sokonanoda document
2026-09-27T15:27:49.933Z active document changed: file:///tmp/sokonanoda-vscode-test-Hg9Lyd/proj-broken/Main.sokonanoda
2026-09-27T15:27:49.945Z soko/project ok: project=Main (1 modules) reason=null
2026-09-27T15:27:49.948Z soko/project ok: project=Main (1 modules) reason=null
2026-09-27T15:27:49.965Z soko/project ok: project=Main (1 modules) reason=null
2026-09-27T15:27:50.051Z active document changed: (none)
2026-09-27T15:27:50.051Z loadProject: no active .sokonanoda document
2026-09-27T15:27:50.081Z active document changed: file:///home/runner/work/sokonanoda-lang/sokonanoda-lang/editor/vscode/src/test/fixtures/workspace/units/u01.sokonanoda
2026-09-27T15:27:50.101Z soko/project ok: project=units.u01 (2 modules) reason=null
2026-09-27T15:27:50.128Z soko/project ok: project=units.u01 (2 modules) reason=null
2026-09-27T15:27:50.722Z warmCacheOnOpen: exit=0
2026-09-27T15:27:52.420Z soko/project ok: project=units.u01 (2 modules) reason=null
2026-09-27T15:27:55.058Z soko/project ok: project=units.u01 (2 modules) reason=null
2026-09-27T15:27:55.082Z active document changed: (none)
2026-09-27T15:27:55.082Z loadProject: no active .sokonanoda document
2026-09-27T15:27:55.123Z active document changed: file:///home/runner/work/sokonanoda-lang/sokonanoda-lang/editor/vscode/src/test/fixtures/workspace/units/u01.sokonanoda
2026-09-27T15:27:55.139Z soko/project ok: project=units.u01 (2 modules) reason=null
2026-09-27T15:27:55.290Z soko/project ok: project=units.u01 (2 modules) reason=null
2026-09-27T15:27:55.295Z soko/project ok: project=units.u01 (2 modules) reason=null
2026-09-27T15:27:59.488Z soko/project ok: project=units.u01 (2 modules) reason=null
2026-09-27T15:27:59.525Z active document changed: (none)
2026-09-27T15:27:59.525Z loadProject: no active .sokonanoda document
2026-09-27T15:27:59.550Z active document changed: file:///home/runner/work/sokonanoda-lang/sokonanoda-lang/editor/vscode/src/test/fixtures/workspace/units/u01.sokonanoda
2026-09-27T15:27:59.561Z soko/project ok: project=units.u01 (2 modules) reason=null
2026-09-27T15:27:59.625Z active document changed: (none)
2026-09-27T15:27:59.625Z loadProject: no active .sokonanoda document
2026-09-27T15:27:59.648Z active document changed: file:///home/runner/work/sokonanoda-lang/sokonanoda-lang/editor/vscode/src/test/fixtures/workspace/units/u01.sokonanoda
2026-09-27T15:27:59.661Z soko/project ok: project=units.u01 (2 modules) reason=null
2026-09-27T15:27:59.740Z active document changed: (none)
2026-09-27T15:27:59.740Z loadProject: no active .sokonanoda document
2026-09-27T15:27:59.749Z active document changed: file:///home/runner/work/sokonanoda-lang/sokonanoda-lang/editor/vscode/src/test/fixtures/workspace/lib/Set.sokonanoda
2026-09-27T15:27:59.759Z soko/project ok: project=null reason=no-imports
2026-09-27T15:27:59.807Z active document changed: (none)
2026-09-27T15:27:59.807Z loadProject: no active .sokonanoda document
2026-09-27T15:27:59.861Z active document changed: file:///home/runner/work/sokonanoda-lang/sokonanoda-lang/editor/vscode/src/test/fixtures/workspace/units/u01.sokonanoda
2026-09-27T15:27:59.873Z soko/project ok: project=units.u01 (2 modules) reason=null
2026-09-27T15:27:59.942Z soko/project ok: project=units.u01 (2 modules) reason=null
2026-09-27T15:27:59.959Z active document changed: (none)
2026-09-27T15:27:59.959Z loadProject: no active .sokonanoda document
2026-09-27T15:27:59.984Z active document changed: file:///home/runner/work/sokonanoda-lang/sokonanoda-lang/editor/vscode/src/test/fixtures/workspace/units/u01.sokonanoda
2026-09-27T15:27:59.997Z soko/project ok: project=units.u01 (2 modules) reason=null
2026-09-27T15:28:00.059Z active document changed: (none)
2026-09-27T15:28:00.059Z loadProject: no active .sokonanoda document
2026-09-27T15:28:00.083Z active document changed: file:///home/runner/work/sokonanoda-lang/sokonanoda-lang/editor/vscode/src/test/fixtures/workspace/units/u01.sokonanoda
2026-09-27T15:28:00.093Z soko/project ok: project=units.u01 (2 modules) reason=null
2026-09-27T15:28:00.153Z active document changed: (none)
2026-09-27T15:28:00.153Z loadProject: no active .sokonanoda document
2026-09-27T15:28:00.200Z active document changed: file:///home/runner/work/sokonanoda-lang/sokonanoda-lang/editor/vscode/src/test/fixtures/workspace/units/u02-cold-open.sokonanoda
2026-09-27T15:28:00.230Z soko/project ok: project=null reason=no-imports
2026-09-27T15:28:05.079Z client state: stopped
2026-09-27T15:28:05.082Z client state: starting
2026-09-27T15:28:05.093Z client state: running
PERF e2e cache: cold=4909ms warm=88ms
2026-09-27T15:28:05.199Z active document changed: (none)
2026-09-27T15:28:05.199Z loadProject: no active .sokonanoda document
2026-09-27T15:28:05.226Z active document changed: file:///home/runner/work/sokonanoda-lang/sokonanoda-lang/editor/vscode/src/test/fixtures/workspace/units/u01.sokonanoda
2026-09-27T15:28:05.236Z soko/project ok: project=units.u01 (2 modules) reason=null
2026-09-27T15:28:05.396Z soko/project ok: project=units.u01 (2 modules) reason=null
2026-09-27T15:28:05.781Z soko/project ok: project=units.u01 (2 modules) reason=null
2026-09-27T15:28:06.229Z soko/project ok: project=units.u01 (2 modules) reason=null
2026-09-27T15:28:07.148Z active document changed: (none)
2026-09-27T15:28:07.149Z loadProject: no active .sokonanoda document
2026-09-27T15:28:07.170Z active document changed: file:///home/runner/work/sokonanoda-lang/sokonanoda-lang/editor/vscode/src/test/fixtures/workspace/units/u01.sokonanoda
2026-09-27T15:28:07.180Z soko/project ok: project=units.u01 (2 modules) reason=null
2026-09-27T15:28:07.926Z soko/project ok: project=units.u01 (2 modules) reason=null
2026-09-27T15:28:08.624Z soko/project ok: project=units.u01 (2 modules) reason=null
PERF e2e fanout: entry diagnostics signature=152 字节 · 稳定 ✓
2026-09-27T15:28:13.002Z active document changed: (none)
2026-09-27T15:28:13.002Z loadProject: no active .sokonanoda document
2026-09-27T15:28:13.030Z active document changed: file:///home/runner/work/sokonanoda-lang/sokonanoda-lang/editor/vscode/src/test/fixtures/workspace/units/u01.sokonanoda
2026-09-27T15:28:13.043Z soko/project ok: project=units.u01 (2 modules) reason=null
2026-09-27T15:28:13.643Z soko/project ok: project=units.u01 (2 modules) reason=null
2026-09-27T15:28:13.656Z active document changed: (none)
2026-09-27T15:28:13.656Z loadProject: no active .sokonanoda document
2026-09-27T15:28:13.690Z active document changed: file:///home/runner/work/sokonanoda-lang/sokonanoda-lang/editor/vscode/src/test/fixtures/workspace/units/u01.sokonanoda
2026-09-27T15:28:13.699Z soko/project ok: project=units.u01 (2 modules) reason=null
2026-09-27T15:28:14.015Z active document changed: (none)
2026-09-27T15:28:14.015Z loadProject: no active .sokonanoda document
2026-09-27T15:28:14.041Z active document changed: file:///home/runner/work/sokonanoda-lang/sokonanoda-lang/editor/vscode/src/test/fixtures/workspace/units/u01.sokonanoda
2026-09-27T15:28:14.059Z soko/project ok: project=units.u01 (2 modules) reason=null
2026-09-27T15:28:14.364Z active document changed: (none)
2026-09-27T15:28:14.364Z loadProject: no active .sokonanoda document
2026-09-27T15:28:14.392Z active document changed: file:///home/runner/work/sokonanoda-lang/sokonanoda-lang/editor/vscode/src/test/fixtures/workspace/units/u01.sokonanoda
2026-09-27T15:28:14.408Z soko/project ok: project=units.u01 (2 modules) reason=null
2026-09-27T15:28:14.719Z active document changed: (none)
2026-09-27T15:28:14.720Z loadProject: no active .sokonanoda document
2026-09-27T15:28:14.744Z active document changed: file:///home/runner/work/sokonanoda-lang/sokonanoda-lang/editor/vscode/src/test/fixtures/workspace/units/u01.sokonanoda
2026-09-27T15:28:14.763Z soko/project ok: project=units.u01 (2 modules) reason=null
2026-09-27T15:28:14.849Z active document changed: (none)
2026-09-27T15:28:14.849Z loadProject: no active .sokonanoda document
2026-09-27T15:28:14.874Z active document changed: file:///home/runner/work/sokonanoda-lang/sokonanoda-lang/editor/vscode/src/test/fixtures/workspace/units/u01.sokonanoda
2026-09-27T15:28:14.890Z soko/project ok: project=units.u01 (2 modules) reason=null
2026-09-27T15:28:15.000Z active document changed: (none)
2026-09-27T15:28:15.001Z loadProject: no active .sokonanoda document
2026-09-27T15:28:15.081Z active document changed: file:///home/runner/work/sokonanoda-lang/sokonanoda-lang/editor/vscode/src/test/fixtures/workspace/units/u01.sokonanoda
2026-09-27T15:28:15.101Z soko/project ok: project=units.u01 (2 modules) reason=null
2026-09-27T15:28:15.255Z active document changed: (none)
2026-09-27T15:28:15.255Z loadProject: no active .sokonanoda document
2026-09-27T15:28:15.293Z active document changed: file:///home/runner/work/sokonanoda-lang/sokonanoda-lang/editor/vscode/src/test/fixtures/workspace/units/u01.sokonanoda
2026-09-27T15:28:15.317Z soko/project ok: project=units.u01 (2 modules) reason=null
2026-09-27T15:28:15.451Z active document changed: (none)
2026-09-27T15:28:15.451Z loadProject: no active .sokonanoda document
2026-09-27T15:28:15.516Z client state: stopped
