# scripts/vscode-e2e.sh — VS Code 1.138.0 · extension v0.78.0 · 11404c48f4a4142d7bea88d526a2d014fdde62f5
# 结果：35 passing / 0 failing / 0 pending（exit=0）

## doctor（服务器解析与版本自述）
--- doctor ---
sokonanoda doctor — 扩展 v0.78.0 (6 checks)
[ok] 1/6 resolution：bundled — /home/runner/work/sokonanoda-lang/sokonanoda-lang/editor/vscode/bin/linux-x64/sokonanoda-lsp (source=bundled)
[ok] 2/6 server-version：0.78.0 (pid 2891) == 扩展 v0.78.0 (source=bundled)
[ok] 3/6 host-version：运行宿主 v0.78.0
[ok] 4/6 ignored-override：没有被忽略的 serverPath/env 覆盖
[info] 5/6 download-cache：无下载缓存（仅影响 CLI/universal 兜底，不影响内置服务器）
[info] 6/6 obsolete-versions：检测到 0 个扩展版本快照、0 个 .obsolete 条目；完整重启 VS Code 会自动清理

## 用例
    ✔ .sokonanoda files get the sokonanoda language id (52ms)
    ✔ confusable-character highlight is off for sokonanoda files
    ✔ #check results appear as inlay hints (189ms)
    ✔ clean lesson publishes empty diagnostics (134ms)
    ✔ kernel-rejected declaration carries the kernel-rejected code (143ms)
    ✔ open exercise carries a sorry warning, not an error (43ms)
    ✔ a declaration named Prop warns, not errors (59ms)
    ✔ open exercise shows a hover on the hole (88ms)
    ✔ hover 的类型文本折成记法（T-U12 面 #3，e2e 那一份） (173ms)
    ✔ notation input: the rewriter produces ∧ and hover teaches \and (113ms)
    ✔ restart server command re-syncs open documents (135ms)
    ✔ infoview command is registered and revealable (132ms)
    ✔ the project tree shows the real closure of an imported module (251ms)
    ✔ the project tree names the file a single-file document is (133ms)
    ✔ the project tree marks a broken import as the root cause (134ms)
    ✔ build / rebuild commands warm the compile cache through the CLI (5181ms)
    ✔ Clean Cache empties the project store and does not compile (E31) (5569ms)
    ✔ the Infoview receives the project view (E30)
    ✔ Infoview 'definition' lands exactly where the editor F12 lands (E27) (183ms)
    ✔ doctor command returns a read-only source + version report
    ✔ declarations panel lists a project unit's declarations
    ✔ open declaration ships coloured goal runs to the Infoview
    ✔ next hole jumps inside a project unit
    ✔ warmCacheOnOpen pre-builds the workspace at activation
    ✔ reopening a project unit hits the compile cache (3575ms)
    ✔ rewriting an unchanged project unit does not recompile (1940ms)
    ✔ editing a dependency refreshes the open unit once (5434ms)
    ✔ goal text uses the file's notation (331ms)
    ✔ goal text folds a binder notation whose type contains a lambda (231ms)
    ✔ Infoview 的 `⊢` 用记法箭头 `→`，且 runs 与 text 同源 (328ms)
    ✔ Infoview 里集合字面量显示成 `{a}`（不是 `Set.singleton α a`） (326ms)
    ✔ go to definition on a `{a}` set literal lands on `Set.singleton` (48ms)
    ✔ go to definition on a prelude name lands in the prelude source (65ms)
    ✔ go to definition on a notation symbol lands on its declaration (76ms)
    ✔ hover on a notation symbol shows the target's signature (78ms)

## 扩展接线日志（SOKO_E2E_LOG）
2026-09-28T19:59:41.448Z server command: /home/runner/work/sokonanoda-lang/sokonanoda-lang/editor/vscode/bin/linux-x64/sokonanoda-lsp (source=bundled)
2026-09-28T19:59:41.448Z client state: starting
2026-09-28T19:59:41.467Z client state: running
2026-09-28T19:59:41.475Z loadProject: no active .sokonanoda document
2026-09-28T19:59:41.672Z active document changed: file:///tmp/sokonanoda-vscode-test-at6PMN/check.sokonanoda
2026-09-28T19:59:41.692Z soko/project ok: project=null reason=no-imports
2026-09-28T19:59:41.813Z active document changed: (none)
2026-09-28T19:59:41.813Z loadProject: no active .sokonanoda document
2026-09-28T19:59:41.863Z loadProject: no active .sokonanoda document
2026-09-28T19:59:41.874Z active document changed: file:///tmp/sokonanoda-vscode-test-at6PMN/lesson-clean.sokonanoda
2026-09-28T19:59:41.888Z soko/project ok: project=null reason=no-imports
2026-09-28T19:59:41.961Z active document changed: (none)
2026-09-28T19:59:41.962Z loadProject: no active .sokonanoda document
2026-09-28T19:59:41.996Z active document changed: file:///tmp/sokonanoda-vscode-test-at6PMN/kernel-bad.sokonanoda
2026-09-28T19:59:42.011Z soko/project ok: project=null reason=no-imports
2026-09-28T19:59:42.135Z active document changed: (none)
2026-09-28T19:59:42.135Z loadProject: no active .sokonanoda document
2026-09-28T19:59:42.168Z active document changed: file:///tmp/sokonanoda-vscode-test-at6PMN/exercise.sokonanoda
2026-09-28T19:59:42.175Z soko/project ok: project=null reason=no-imports
2026-09-28T19:59:42.226Z active document changed: (none)
2026-09-28T19:59:42.227Z loadProject: no active .sokonanoda document
2026-09-28T19:59:42.280Z active document changed: file:///tmp/sokonanoda-vscode-test-at6PMN/reserved.sokonanoda
2026-09-28T19:59:42.293Z soko/project ok: project=null reason=no-imports
2026-09-28T19:59:42.328Z active document changed: (none)
2026-09-28T19:59:42.328Z loadProject: no active .sokonanoda document
2026-09-28T19:59:42.361Z active document changed: file:///tmp/sokonanoda-vscode-test-at6PMN/exercise-hover.sokonanoda
2026-09-28T19:59:42.372Z soko/project ok: project=null reason=no-imports
2026-09-28T19:59:42.439Z active document changed: (none)
2026-09-28T19:59:42.439Z loadProject: no active .sokonanoda document
2026-09-28T19:59:42.479Z active document changed: file:///home/runner/work/sokonanoda-lang/sokonanoda-lang/editor/vscode/src/test/fixtures/workspace/units/u01.sokonanoda
2026-09-28T19:59:42.493Z soko/project ok: project=units.u01 (2 modules) reason=null
2026-09-28T19:59:42.632Z active document changed: (none)
2026-09-28T19:59:42.632Z loadProject: no active .sokonanoda document
2026-09-28T19:59:42.669Z active document changed: file:///tmp/sokonanoda-vscode-test-at6PMN/notation-input.sokonanoda
2026-09-28T19:59:42.686Z soko/project ok: project=null reason=no-imports
2026-09-28T19:59:42.787Z active document changed: (none)
2026-09-28T19:59:42.787Z loadProject: no active .sokonanoda document
2026-09-28T19:59:42.824Z active document changed: file:///tmp/sokonanoda-vscode-test-at6PMN/restart.sokonanoda
2026-09-28T19:59:42.844Z soko/project ok: project=null reason=no-imports
2026-09-28T19:59:42.850Z client state: stopped
2026-09-28T19:59:42.856Z client state: starting
2026-09-28T19:59:42.904Z client state: running
2026-09-28T19:59:43.009Z active document changed: (none)
2026-09-28T19:59:43.010Z loadProject: no active .sokonanoda document
2026-09-28T19:59:43.181Z loadProject: no active .sokonanoda document
2026-09-28T19:59:43.194Z active document changed: file:///tmp/sokonanoda-vscode-test-at6PMN/proj-ok/Main.sokonanoda
2026-09-28T19:59:43.211Z soko/project ok: project=Main (2 modules) reason=null
2026-09-28T19:59:43.213Z soko/project ok: project=Main (2 modules) reason=null
2026-09-28T19:59:43.314Z soko/project ok: project=Main (2 modules) reason=null
2026-09-28T19:59:43.407Z soko/project ok: project=Main (2 modules) reason=null
2026-09-28T19:59:43.419Z active document changed: (none)
2026-09-28T19:59:43.419Z loadProject: no active .sokonanoda document
2026-09-28T19:59:43.443Z active document changed: file:///tmp/sokonanoda-vscode-test-at6PMN/single.sokonanoda
2026-09-28T19:59:43.449Z soko/project ok: project=null reason=no-imports
2026-09-28T19:59:43.458Z soko/project ok: project=null reason=no-imports
2026-09-28T19:59:43.561Z active document changed: (none)
2026-09-28T19:59:43.561Z loadProject: no active .sokonanoda document
2026-09-28T19:59:43.588Z active document changed: file:///tmp/sokonanoda-vscode-test-at6PMN/proj-broken/Main.sokonanoda
2026-09-28T19:59:43.593Z soko/project ok: project=Main (1 modules) reason=null
2026-09-28T19:59:43.601Z soko/project ok: project=Main (1 modules) reason=null
2026-09-28T19:59:43.704Z active document changed: (none)
2026-09-28T19:59:43.704Z loadProject: no active .sokonanoda document
2026-09-28T19:59:43.727Z active document changed: file:///home/runner/work/sokonanoda-lang/sokonanoda-lang/editor/vscode/src/test/fixtures/workspace/units/u01.sokonanoda
2026-09-28T19:59:43.739Z soko/project ok: project=units.u01 (2 modules) reason=null
2026-09-28T19:59:43.784Z soko/project ok: project=units.u01 (2 modules) reason=null
2026-09-28T19:59:44.442Z warmCacheOnOpen: exit=0
2026-09-28T19:59:45.852Z soko/project ok: project=units.u01 (2 modules) reason=null
2026-09-28T19:59:48.890Z soko/project ok: project=units.u01 (2 modules) reason=null
2026-09-28T19:59:48.903Z active document changed: (none)
2026-09-28T19:59:48.903Z loadProject: no active .sokonanoda document
2026-09-28T19:59:48.932Z active document changed: file:///home/runner/work/sokonanoda-lang/sokonanoda-lang/editor/vscode/src/test/fixtures/workspace/units/u01.sokonanoda
2026-09-28T19:59:48.941Z soko/project ok: project=units.u01 (2 modules) reason=null
2026-09-28T19:59:49.961Z soko/project ok: project=units.u01 (2 modules) reason=null
2026-09-28T19:59:49.968Z soko/project ok: project=units.u01 (2 modules) reason=null
2026-09-28T19:59:54.476Z soko/project ok: project=units.u01 (2 modules) reason=null
2026-09-28T19:59:54.489Z active document changed: (none)
2026-09-28T19:59:54.489Z loadProject: no active .sokonanoda document
2026-09-28T19:59:54.515Z active document changed: file:///home/runner/work/sokonanoda-lang/sokonanoda-lang/editor/vscode/src/test/fixtures/workspace/units/u01.sokonanoda
2026-09-28T19:59:54.523Z soko/project ok: project=units.u01 (2 modules) reason=null
2026-09-28T19:59:54.572Z active document changed: (none)
2026-09-28T19:59:54.572Z loadProject: no active .sokonanoda document
2026-09-28T19:59:54.592Z active document changed: file:///home/runner/work/sokonanoda-lang/sokonanoda-lang/editor/vscode/src/test/fixtures/workspace/units/u01.sokonanoda
2026-09-28T19:59:54.598Z soko/project ok: project=units.u01 (2 modules) reason=null
2026-09-28T19:59:54.743Z active document changed: (none)
2026-09-28T19:59:54.743Z loadProject: no active .sokonanoda document
2026-09-28T19:59:54.749Z active document changed: file:///home/runner/work/sokonanoda-lang/sokonanoda-lang/editor/vscode/src/test/fixtures/workspace/lib/Set.sokonanoda
2026-09-28T19:59:54.756Z soko/project ok: project=null reason=no-imports
2026-09-28T19:59:54.790Z active document changed: (none)
2026-09-28T19:59:54.790Z loadProject: no active .sokonanoda document
2026-09-28T19:59:54.820Z active document changed: file:///home/runner/work/sokonanoda-lang/sokonanoda-lang/editor/vscode/src/test/fixtures/workspace/units/u01.sokonanoda
2026-09-28T19:59:54.829Z soko/project ok: project=units.u01 (2 modules) reason=null
2026-09-28T19:59:54.878Z active document changed: (none)
2026-09-28T19:59:54.878Z loadProject: no active .sokonanoda document
2026-09-28T19:59:54.896Z active document changed: file:///home/runner/work/sokonanoda-lang/sokonanoda-lang/editor/vscode/src/test/fixtures/workspace/units/u01.sokonanoda
2026-09-28T19:59:54.904Z soko/project ok: project=units.u01 (2 modules) reason=null
2026-09-28T19:59:54.940Z active document changed: (none)
2026-09-28T19:59:54.940Z loadProject: no active .sokonanoda document
2026-09-28T19:59:54.940Z loadProject: no active .sokonanoda document
2026-09-28T19:59:54.961Z active document changed: file:///home/runner/work/sokonanoda-lang/sokonanoda-lang/editor/vscode/src/test/fixtures/workspace/units/u01.sokonanoda
2026-09-28T19:59:54.967Z soko/project ok: project=units.u01 (2 modules) reason=null
2026-09-28T19:59:55.003Z active document changed: (none)
2026-09-28T19:59:55.003Z loadProject: no active .sokonanoda document
2026-09-28T19:59:55.023Z active document changed: file:///home/runner/work/sokonanoda-lang/sokonanoda-lang/editor/vscode/src/test/fixtures/workspace/units/u02-cold-open.sokonanoda
2026-09-28T19:59:55.030Z soko/project ok: project=null reason=no-imports
2026-09-28T19:59:58.528Z client state: stopped
2026-09-28T19:59:58.529Z client state: starting
2026-09-28T19:59:58.536Z client state: running
PERF e2e cache: cold=3514ms warm=60ms
2026-09-28T19:59:58.618Z active document changed: (none)
2026-09-28T19:59:58.618Z loadProject: no active .sokonanoda document
2026-09-28T19:59:58.647Z active document changed: file:///home/runner/work/sokonanoda-lang/sokonanoda-lang/editor/vscode/src/test/fixtures/workspace/units/u01.sokonanoda
2026-09-28T19:59:58.653Z soko/project ok: project=units.u01 (2 modules) reason=null
2026-09-28T19:59:58.844Z soko/project ok: project=units.u01 (2 modules) reason=null
2026-09-28T19:59:59.182Z soko/project ok: project=units.u01 (2 modules) reason=null
2026-09-28T19:59:59.644Z soko/project ok: project=units.u01 (2 modules) reason=null
2026-09-28T20:00:00.568Z active document changed: (none)
2026-09-28T20:00:00.568Z loadProject: no active .sokonanoda document
2026-09-28T20:00:00.584Z active document changed: file:///home/runner/work/sokonanoda-lang/sokonanoda-lang/editor/vscode/src/test/fixtures/workspace/units/u01.sokonanoda
2026-09-28T20:00:00.590Z soko/project ok: project=units.u01 (2 modules) reason=null
2026-09-28T20:00:01.415Z soko/project ok: project=units.u01 (2 modules) reason=null
2026-09-28T20:00:01.658Z soko/project ok: project=units.u01 (2 modules) reason=null
PERF e2e fanout: entry diagnostics signature=152 字节 · 稳定 ✓
2026-09-28T20:00:06.010Z active document changed: (none)
2026-09-28T20:00:06.010Z loadProject: no active .sokonanoda document
2026-09-28T20:00:06.029Z active document changed: file:///home/runner/work/sokonanoda-lang/sokonanoda-lang/editor/vscode/src/test/fixtures/workspace/units/u01.sokonanoda
2026-09-28T20:00:06.039Z soko/project ok: project=units.u01 (2 modules) reason=null
2026-09-28T20:00:06.355Z active document changed: (none)
2026-09-28T20:00:06.355Z loadProject: no active .sokonanoda document
2026-09-28T20:00:06.378Z active document changed: file:///home/runner/work/sokonanoda-lang/sokonanoda-lang/editor/vscode/src/test/fixtures/workspace/units/u01.sokonanoda
2026-09-28T20:00:06.388Z soko/project ok: project=units.u01 (2 modules) reason=null
2026-09-28T20:00:06.551Z soko/project ok: project=units.u01 (2 modules) reason=null
2026-09-28T20:00:06.596Z active document changed: (none)
2026-09-28T20:00:06.596Z loadProject: no active .sokonanoda document
2026-09-28T20:00:06.617Z active document changed: file:///home/runner/work/sokonanoda-lang/sokonanoda-lang/editor/vscode/src/test/fixtures/workspace/units/u01.sokonanoda
2026-09-28T20:00:06.627Z soko/project ok: project=units.u01 (2 modules) reason=null
2026-09-28T20:00:06.933Z active document changed: (none)
2026-09-28T20:00:06.933Z loadProject: no active .sokonanoda document
2026-09-28T20:00:06.947Z active document changed: file:///home/runner/work/sokonanoda-lang/sokonanoda-lang/editor/vscode/src/test/fixtures/workspace/units/u01.sokonanoda
2026-09-28T20:00:06.955Z soko/project ok: project=units.u01 (2 modules) reason=null
2026-09-28T20:00:07.228Z soko/project ok: project=units.u01 (2 modules) reason=null
2026-09-28T20:00:07.265Z active document changed: (none)
2026-09-28T20:00:07.265Z loadProject: no active .sokonanoda document
2026-09-28T20:00:07.280Z active document changed: file:///home/runner/work/sokonanoda-lang/sokonanoda-lang/editor/vscode/src/test/fixtures/workspace/units/u01.sokonanoda
2026-09-28T20:00:07.286Z soko/project ok: project=units.u01 (2 modules) reason=null
2026-09-28T20:00:07.324Z active document changed: (none)
2026-09-28T20:00:07.324Z loadProject: no active .sokonanoda document
2026-09-28T20:00:07.339Z active document changed: file:///home/runner/work/sokonanoda-lang/sokonanoda-lang/editor/vscode/src/test/fixtures/workspace/units/u01.sokonanoda
2026-09-28T20:00:07.345Z soko/project ok: project=units.u01 (2 modules) reason=null
2026-09-28T20:00:07.396Z active document changed: (none)
2026-09-28T20:00:07.396Z loadProject: no active .sokonanoda document
2026-09-28T20:00:07.416Z active document changed: file:///home/runner/work/sokonanoda-lang/sokonanoda-lang/editor/vscode/src/test/fixtures/workspace/units/u01.sokonanoda
2026-09-28T20:00:07.428Z soko/project ok: project=units.u01 (2 modules) reason=null
2026-09-28T20:00:07.480Z active document changed: (none)
2026-09-28T20:00:07.480Z loadProject: no active .sokonanoda document
2026-09-28T20:00:07.499Z active document changed: file:///home/runner/work/sokonanoda-lang/sokonanoda-lang/editor/vscode/src/test/fixtures/workspace/units/u01.sokonanoda
2026-09-28T20:00:07.512Z soko/project ok: project=units.u01 (2 modules) reason=null
2026-09-28T20:00:07.573Z active document changed: (none)
2026-09-28T20:00:07.573Z loadProject: no active .sokonanoda document
2026-09-28T20:00:07.605Z client state: stopped
