# scripts/vscode-e2e.sh — VS Code 1.138.0 · extension v0.78.0 · afc8270993eeac86ede8bb9dff0964c1fcadff6e
# 结果：35 passing / 0 failing / 0 pending（exit=0）

## doctor（服务器解析与版本自述）
--- doctor ---
sokonanoda doctor — 扩展 v0.78.0 (6 checks)
[ok] 1/6 resolution：bundled — /home/runner/work/sokonanoda-lang/sokonanoda-lang/editor/vscode/bin/linux-x64/sokonanoda-lsp (source=bundled)
[ok] 2/6 server-version：0.78.0 (pid 3176) == 扩展 v0.78.0 (source=bundled)
[ok] 3/6 host-version：运行宿主 v0.78.0
[ok] 4/6 ignored-override：没有被忽略的 serverPath/env 覆盖
[info] 5/6 download-cache：无下载缓存（仅影响 CLI/universal 兜底，不影响内置服务器）
[info] 6/6 obsolete-versions：检测到 0 个扩展版本快照、0 个 .obsolete 条目；完整重启 VS Code 会自动清理

## 用例
    ✔ .sokonanoda files get the sokonanoda language id (272ms)
    ✔ confusable-character highlight is off for sokonanoda files
    ✔ #check results appear as inlay hints (428ms)
    ✔ clean lesson publishes empty diagnostics (340ms)
    ✔ kernel-rejected declaration carries the kernel-rejected code (165ms)
    ✔ open exercise carries a sorry warning, not an error (69ms)
    ✔ a declaration named Prop warns, not errors (63ms)
    ✔ open exercise shows a hover on the hole (112ms)
    ✔ hover 的类型文本折成记法（T-U12 面 #3，e2e 那一份） (191ms)
    ✔ notation input: the rewriter produces ∧ and hover teaches \and (203ms)
    ✔ restart server command re-syncs open documents (109ms)
    ✔ infoview command is registered and revealable (124ms)
    ✔ the project tree shows the real closure of an imported module (287ms)
    ✔ the project tree names the file a single-file document is (185ms)
    ✔ the project tree marks a broken import as the root cause (166ms)
    ✔ build / rebuild commands warm the compile cache through the CLI (13085ms)
    ✔ Clean Cache empties the project store and does not compile (E31) (7571ms)
    ✔ the Infoview receives the project view (E30) (38ms)
    ✔ Infoview 'definition' lands exactly where the editor F12 lands (E27) (213ms)
    ✔ doctor command returns a read-only source + version report
    ✔ declarations panel lists a project unit's declarations
    ✔ open declaration ships coloured goal runs to the Infoview
    ✔ next hole jumps inside a project unit (38ms)
    ✔ warmCacheOnOpen pre-builds the workspace at activation
    ✔ reopening a project unit hits the compile cache (4469ms)
    ✔ rewriting an unchanged project unit does not recompile (1978ms)
    ✔ editing a dependency refreshes the open unit once (6642ms)
    ✔ goal text uses the file's notation (645ms)
    ✔ goal text folds a binder notation whose type contains a lambda (326ms)
    ✔ Infoview 的 `⊢` 用记法箭头 `→`，且 runs 与 text 同源 (327ms)
    ✔ Infoview 里集合字面量显示成 `{a}`（不是 `Set.singleton α a`） (334ms)
    ✔ go to definition on a `{a}` set literal lands on `Set.singleton` (72ms)
    ✔ go to definition on a prelude name lands in the prelude source (93ms)
    ✔ go to definition on a notation symbol lands on its declaration (120ms)
    ✔ hover on a notation symbol shows the target's signature (98ms)

## 扩展接线日志（SOKO_E2E_LOG）
2026-09-29T02:52:38.314Z server command: /home/runner/work/sokonanoda-lang/sokonanoda-lang/editor/vscode/bin/linux-x64/sokonanoda-lsp (source=bundled)
2026-09-29T02:52:38.316Z client state: starting
2026-09-29T02:52:38.347Z client state: running
2026-09-29T02:52:38.355Z loadProject: no active .sokonanoda document
2026-09-29T02:52:38.900Z loadProject: no active .sokonanoda document
2026-09-29T02:52:38.950Z active document changed: file:///tmp/sokonanoda-vscode-test-AOUwUI/check.sokonanoda
2026-09-29T02:52:38.975Z soko/project ok: project=null reason=no-imports
2026-09-29T02:52:39.113Z soko/project ok: project=null reason=no-imports
2026-09-29T02:52:39.271Z active document changed: (none)
2026-09-29T02:52:39.271Z loadProject: no active .sokonanoda document
2026-09-29T02:52:39.415Z active document changed: file:///tmp/sokonanoda-vscode-test-AOUwUI/lesson-clean.sokonanoda
2026-09-29T02:52:39.441Z soko/project ok: project=null reason=no-imports
2026-09-29T02:52:39.642Z active document changed: (none)
2026-09-29T02:52:39.642Z loadProject: no active .sokonanoda document
2026-09-29T02:52:39.653Z loadProject: no active .sokonanoda document
2026-09-29T02:52:39.702Z active document changed: file:///tmp/sokonanoda-vscode-test-AOUwUI/kernel-bad.sokonanoda
2026-09-29T02:52:39.726Z soko/project ok: project=null reason=no-imports
2026-09-29T02:52:39.830Z active document changed: (none)
2026-09-29T02:52:39.830Z loadProject: no active .sokonanoda document
2026-09-29T02:52:39.892Z active document changed: file:///tmp/sokonanoda-vscode-test-AOUwUI/exercise.sokonanoda
2026-09-29T02:52:39.907Z soko/project ok: project=null reason=no-imports
2026-09-29T02:52:39.965Z active document changed: (none)
2026-09-29T02:52:39.965Z loadProject: no active .sokonanoda document
2026-09-29T02:52:40.022Z active document changed: file:///tmp/sokonanoda-vscode-test-AOUwUI/reserved.sokonanoda
2026-09-29T02:52:40.035Z soko/project ok: project=null reason=no-imports
2026-09-29T02:52:40.081Z active document changed: (none)
2026-09-29T02:52:40.081Z loadProject: no active .sokonanoda document
2026-09-29T02:52:40.135Z active document changed: file:///tmp/sokonanoda-vscode-test-AOUwUI/exercise-hover.sokonanoda
2026-09-29T02:52:40.145Z soko/project ok: project=null reason=no-imports
2026-09-29T02:52:40.208Z active document changed: (none)
2026-09-29T02:52:40.208Z loadProject: no active .sokonanoda document
2026-09-29T02:52:40.244Z active document changed: file:///home/runner/work/sokonanoda-lang/sokonanoda-lang/editor/vscode/src/test/fixtures/workspace/units/u01.sokonanoda
2026-09-29T02:52:40.262Z soko/project ok: project=units.u01 (2 modules) reason=null
2026-09-29T02:52:40.417Z active document changed: (none)
2026-09-29T02:52:40.417Z loadProject: no active .sokonanoda document
2026-09-29T02:52:40.492Z active document changed: file:///tmp/sokonanoda-vscode-test-AOUwUI/notation-input.sokonanoda
2026-09-29T02:52:40.502Z soko/project ok: project=null reason=no-imports
2026-09-29T02:52:40.520Z soko/project ok: project=null reason=no-imports
2026-09-29T02:52:40.669Z active document changed: (none)
2026-09-29T02:52:40.669Z loadProject: no active .sokonanoda document
2026-09-29T02:52:40.703Z loadProject: no active .sokonanoda document
2026-09-29T02:52:40.718Z active document changed: file:///tmp/sokonanoda-vscode-test-AOUwUI/restart.sokonanoda
2026-09-29T02:52:40.732Z soko/project ok: project=null reason=no-imports
2026-09-29T02:52:40.733Z client state: stopped
2026-09-29T02:52:40.737Z client state: starting
2026-09-29T02:52:40.772Z client state: running
2026-09-29T02:52:40.821Z active document changed: (none)
2026-09-29T02:52:40.821Z loadProject: no active .sokonanoda document
2026-09-29T02:52:40.973Z loadProject: no active .sokonanoda document
2026-09-29T02:52:41.014Z active document changed: file:///tmp/sokonanoda-vscode-test-AOUwUI/proj-ok/Main.sokonanoda
2026-09-29T02:52:41.039Z soko/project ok: project=null reason=no-imports
2026-09-29T02:52:41.045Z soko/project ok: project=null reason=no-imports
2026-09-29T02:52:41.155Z soko/project ok: project=Main (2 modules) reason=null
2026-09-29T02:52:41.251Z soko/project ok: project=Main (2 modules) reason=null
2026-09-29T02:52:41.270Z active document changed: (none)
2026-09-29T02:52:41.270Z loadProject: no active .sokonanoda document
2026-09-29T02:52:41.337Z active document changed: file:///tmp/sokonanoda-vscode-test-AOUwUI/single.sokonanoda
2026-09-29T02:52:41.346Z soko/project ok: project=null reason=no-imports
2026-09-29T02:52:41.354Z soko/project ok: project=null reason=no-imports
2026-09-29T02:52:41.468Z active document changed: (none)
2026-09-29T02:52:41.468Z loadProject: no active .sokonanoda document
2026-09-29T02:52:41.515Z loadProject: no active .sokonanoda document
2026-09-29T02:52:41.516Z active document changed: file:///tmp/sokonanoda-vscode-test-AOUwUI/proj-broken/Main.sokonanoda
2026-09-29T02:52:41.544Z soko/project ok: project=Main (1 modules) reason=null
2026-09-29T02:52:41.544Z soko/project ok: project=Main (1 modules) reason=null
2026-09-29T02:52:41.651Z active document changed: (none)
2026-09-29T02:52:41.651Z loadProject: no active .sokonanoda document
2026-09-29T02:52:41.682Z active document changed: file:///home/runner/work/sokonanoda-lang/sokonanoda-lang/editor/vscode/src/test/fixtures/workspace/units/u01.sokonanoda
2026-09-29T02:52:41.701Z soko/project ok: project=units.u01 (2 modules) reason=null
2026-09-29T02:52:41.824Z soko/project ok: project=units.u01 (2 modules) reason=null
2026-09-29T02:52:46.308Z warmCacheOnOpen: exit=0
2026-09-29T02:52:48.720Z soko/project ok: project=units.u01 (2 modules) reason=null
2026-09-29T02:52:54.741Z soko/project ok: project=units.u01 (2 modules) reason=null
2026-09-29T02:52:54.751Z active document changed: (none)
2026-09-29T02:52:54.751Z loadProject: no active .sokonanoda document
2026-09-29T02:52:54.782Z active document changed: file:///home/runner/work/sokonanoda-lang/sokonanoda-lang/editor/vscode/src/test/fixtures/workspace/units/u01.sokonanoda
2026-09-29T02:52:54.795Z soko/project ok: project=units.u01 (2 modules) reason=null
2026-09-29T02:52:55.811Z soko/project ok: project=units.u01 (2 modules) reason=null
2026-09-29T02:52:55.818Z soko/project ok: project=units.u01 (2 modules) reason=null
2026-09-29T02:53:02.327Z soko/project ok: project=units.u01 (2 modules) reason=null
2026-09-29T02:53:02.345Z active document changed: (none)
2026-09-29T02:53:02.345Z loadProject: no active .sokonanoda document
2026-09-29T02:53:02.376Z active document changed: file:///home/runner/work/sokonanoda-lang/sokonanoda-lang/editor/vscode/src/test/fixtures/workspace/units/u01.sokonanoda
2026-09-29T02:53:02.386Z soko/project ok: project=units.u01 (2 modules) reason=null
2026-09-29T02:53:02.437Z active document changed: (none)
2026-09-29T02:53:02.437Z loadProject: no active .sokonanoda document
2026-09-29T02:53:02.458Z active document changed: file:///home/runner/work/sokonanoda-lang/sokonanoda-lang/editor/vscode/src/test/fixtures/workspace/units/u01.sokonanoda
2026-09-29T02:53:02.467Z soko/project ok: project=units.u01 (2 modules) reason=null
2026-09-29T02:53:02.635Z active document changed: (none)
2026-09-29T02:53:02.635Z loadProject: no active .sokonanoda document
2026-09-29T02:53:02.642Z active document changed: file:///home/runner/work/sokonanoda-lang/sokonanoda-lang/editor/vscode/src/test/fixtures/workspace/lib/Set.sokonanoda
2026-09-29T02:53:02.653Z soko/project ok: project=null reason=no-imports
2026-09-29T02:53:02.689Z active document changed: (none)
2026-09-29T02:53:02.689Z loadProject: no active .sokonanoda document
2026-09-29T02:53:02.728Z active document changed: file:///home/runner/work/sokonanoda-lang/sokonanoda-lang/editor/vscode/src/test/fixtures/workspace/units/u01.sokonanoda
2026-09-29T02:53:02.737Z soko/project ok: project=units.u01 (2 modules) reason=null
2026-09-29T02:53:02.797Z active document changed: (none)
2026-09-29T02:53:02.797Z loadProject: no active .sokonanoda document
2026-09-29T02:53:02.821Z active document changed: file:///home/runner/work/sokonanoda-lang/sokonanoda-lang/editor/vscode/src/test/fixtures/workspace/units/u01.sokonanoda
2026-09-29T02:53:02.832Z soko/project ok: project=units.u01 (2 modules) reason=null
2026-09-29T02:53:02.833Z soko/project ok: project=units.u01 (2 modules) reason=null
2026-09-29T02:53:02.881Z active document changed: (none)
2026-09-29T02:53:02.881Z loadProject: no active .sokonanoda document
2026-09-29T02:53:02.906Z active document changed: file:///home/runner/work/sokonanoda-lang/sokonanoda-lang/editor/vscode/src/test/fixtures/workspace/units/u01.sokonanoda
2026-09-29T02:53:02.914Z soko/project ok: project=units.u01 (2 modules) reason=null
2026-09-29T02:53:02.971Z active document changed: (none)
2026-09-29T02:53:02.971Z loadProject: no active .sokonanoda document
2026-09-29T02:53:02.999Z active document changed: file:///home/runner/work/sokonanoda-lang/sokonanoda-lang/editor/vscode/src/test/fixtures/workspace/units/u02-cold-open.sokonanoda
2026-09-29T02:53:03.011Z soko/project ok: project=null reason=no-imports
2026-09-29T02:53:07.400Z client state: stopped
2026-09-29T02:53:07.401Z client state: starting
2026-09-29T02:53:07.411Z client state: running
PERF e2e cache: cold=4413ms warm=53ms
2026-09-29T02:53:07.468Z active document changed: (none)
2026-09-29T02:53:07.468Z loadProject: no active .sokonanoda document
2026-09-29T02:53:07.533Z active document changed: file:///home/runner/work/sokonanoda-lang/sokonanoda-lang/editor/vscode/src/test/fixtures/workspace/units/u01.sokonanoda
2026-09-29T02:53:07.544Z soko/project ok: project=units.u01 (2 modules) reason=null
2026-09-29T02:53:07.779Z soko/project ok: project=units.u01 (2 modules) reason=null
2026-09-29T02:53:08.082Z soko/project ok: project=units.u01 (2 modules) reason=null
2026-09-29T02:53:08.540Z soko/project ok: project=units.u01 (2 modules) reason=null
2026-09-29T02:53:09.461Z active document changed: (none)
2026-09-29T02:53:09.461Z loadProject: no active .sokonanoda document
2026-09-29T02:53:09.480Z active document changed: file:///home/runner/work/sokonanoda-lang/sokonanoda-lang/editor/vscode/src/test/fixtures/workspace/units/u01.sokonanoda
2026-09-29T02:53:09.488Z soko/project ok: project=units.u01 (2 modules) reason=null
2026-09-29T02:53:10.312Z soko/project ok: project=units.u01 (2 modules) reason=null
2026-09-29T02:53:11.790Z soko/project ok: project=units.u01 (2 modules) reason=null
PERF e2e fanout: entry diagnostics signature=152 字节 · 稳定 ✓
2026-09-29T02:53:16.113Z active document changed: (none)
2026-09-29T02:53:16.113Z loadProject: no active .sokonanoda document
2026-09-29T02:53:16.142Z active document changed: file:///home/runner/work/sokonanoda-lang/sokonanoda-lang/editor/vscode/src/test/fixtures/workspace/units/u01.sokonanoda
2026-09-29T02:53:16.152Z soko/project ok: project=units.u01 (2 modules) reason=null
2026-09-29T02:53:16.376Z soko/project ok: project=units.u01 (2 modules) reason=null
2026-09-29T02:53:16.709Z soko/project ok: project=units.u01 (2 modules) reason=null
2026-09-29T02:53:16.769Z active document changed: (none)
2026-09-29T02:53:16.769Z loadProject: no active .sokonanoda document
2026-09-29T02:53:16.785Z active document changed: file:///home/runner/work/sokonanoda-lang/sokonanoda-lang/editor/vscode/src/test/fixtures/workspace/units/u01.sokonanoda
2026-09-29T02:53:16.793Z soko/project ok: project=units.u01 (2 modules) reason=null
2026-09-29T02:53:17.107Z active document changed: (none)
2026-09-29T02:53:17.107Z loadProject: no active .sokonanoda document
2026-09-29T02:53:17.124Z active document changed: file:///home/runner/work/sokonanoda-lang/sokonanoda-lang/editor/vscode/src/test/fixtures/workspace/units/u01.sokonanoda
2026-09-29T02:53:17.132Z soko/project ok: project=units.u01 (2 modules) reason=null
2026-09-29T02:53:17.443Z active document changed: (none)
2026-09-29T02:53:17.443Z loadProject: no active .sokonanoda document
2026-09-29T02:53:17.463Z active document changed: file:///home/runner/work/sokonanoda-lang/sokonanoda-lang/editor/vscode/src/test/fixtures/workspace/units/u01.sokonanoda
2026-09-29T02:53:17.473Z soko/project ok: project=units.u01 (2 modules) reason=null
2026-09-29T02:53:17.786Z active document changed: (none)
2026-09-29T02:53:17.786Z loadProject: no active .sokonanoda document
2026-09-29T02:53:17.800Z active document changed: file:///home/runner/work/sokonanoda-lang/sokonanoda-lang/editor/vscode/src/test/fixtures/workspace/units/u01.sokonanoda
2026-09-29T02:53:17.808Z soko/project ok: project=units.u01 (2 modules) reason=null
2026-09-29T02:53:17.867Z active document changed: (none)
2026-09-29T02:53:17.867Z loadProject: no active .sokonanoda document
2026-09-29T02:53:17.885Z active document changed: file:///home/runner/work/sokonanoda-lang/sokonanoda-lang/editor/vscode/src/test/fixtures/workspace/units/u01.sokonanoda
2026-09-29T02:53:17.893Z soko/project ok: project=units.u01 (2 modules) reason=null
2026-09-29T02:53:17.969Z active document changed: (none)
2026-09-29T02:53:17.969Z loadProject: no active .sokonanoda document
2026-09-29T02:53:18.004Z active document changed: file:///home/runner/work/sokonanoda-lang/sokonanoda-lang/editor/vscode/src/test/fixtures/workspace/units/u01.sokonanoda
2026-09-29T02:53:18.014Z soko/project ok: project=units.u01 (2 modules) reason=null
2026-09-29T02:53:18.099Z active document changed: (none)
2026-09-29T02:53:18.099Z loadProject: no active .sokonanoda document
2026-09-29T02:53:18.123Z active document changed: file:///home/runner/work/sokonanoda-lang/sokonanoda-lang/editor/vscode/src/test/fixtures/workspace/units/u01.sokonanoda
2026-09-29T02:53:18.137Z soko/project ok: project=units.u01 (2 modules) reason=null
2026-09-29T02:53:18.211Z active document changed: (none)
2026-09-29T02:53:18.211Z loadProject: no active .sokonanoda document
2026-09-29T02:53:18.252Z client state: stopped
