# scripts/vscode-e2e.sh — VS Code 1.106.0 · extension v0.78.0 · 01d7e4260ab3ff61c5802e5cb9814a141c241973
# 结果：35 passing / 0 failing / 0 pending（exit=0）

## doctor（服务器解析与版本自述）
--- doctor ---
sokonanoda doctor — 扩展 v0.78.0 (6 checks)
[ok] 1/6 resolution：bundled — /home/runner/work/sokonanoda-lang/sokonanoda-lang/editor/vscode/bin/linux-x64/sokonanoda-lsp (source=bundled)
[ok] 2/6 server-version：0.78.0 (pid 3092) == 扩展 v0.78.0 (source=bundled)
[ok] 3/6 host-version：运行宿主 v0.78.0
[ok] 4/6 ignored-override：没有被忽略的 serverPath/env 覆盖
[info] 5/6 download-cache：无下载缓存（仅影响 CLI/universal 兜底，不影响内置服务器）
[info] 6/6 obsolete-versions：检测到 0 个扩展版本快照、0 个 .obsolete 条目；完整重启 VS Code 会自动清理

## 用例
    ✔ .sokonanoda files get the sokonanoda language id (183ms)
    ✔ confusable-character highlight is off for sokonanoda files
    ✔ #check results appear as inlay hints (326ms)
    ✔ clean lesson publishes empty diagnostics (183ms)
    ✔ kernel-rejected declaration carries the kernel-rejected code (231ms)
    ✔ open exercise carries a sorry warning, not an error (99ms)
    ✔ a declaration named Prop warns, not errors (108ms)
    ✔ open exercise shows a hover on the hole (213ms)
    ✔ hover 的类型文本折成记法（T-U12 面 #3，e2e 那一份） (252ms)
    ✔ notation input: the rewriter produces ∧ and hover teaches \and (185ms)
    ✔ restart server command re-syncs open documents (513ms)
    ✔ infoview command is registered and revealable (158ms)
    ✔ the project tree shows the real closure of an imported module (436ms)
    ✔ the project tree names the file a single-file document is (156ms)
    ✔ the project tree marks a broken import as the root cause (164ms)
    ✔ build / rebuild commands warm the compile cache through the CLI (12141ms)
    ✔ Clean Cache empties the project store and does not compile (E31) (8575ms)
    ✔ the Infoview receives the project view (E30) (151ms)
    ✔ Infoview 'definition' lands exactly where the editor F12 lands (E27) (179ms)
    ✔ doctor command returns a read-only source + version report
    ✔ declarations panel lists a project unit's declarations
    ✔ open declaration ships coloured goal runs to the Infoview
    ✔ next hole jumps inside a project unit
    ✔ warmCacheOnOpen pre-builds the workspace at activation
    ✔ reopening a project unit hits the compile cache (5841ms)
    ✔ rewriting an unchanged project unit does not recompile (1944ms)
    ✔ editing a dependency refreshes the open unit once (6757ms)
    ✔ goal text uses the file's notation (634ms)
    ✔ goal text folds a binder notation whose type contains a lambda (335ms)
    ✔ Infoview 的 `⊢` 用记法箭头 `→`，且 runs 与 text 同源 (335ms)
    ✔ Infoview 里集合字面量显示成 `{a}`（不是 `Set.singleton α a`） (335ms)
    ✔ go to definition on a `{a}` set literal lands on `Set.singleton` (95ms)
    ✔ go to definition on a prelude name lands in the prelude source (108ms)
    ✔ go to definition on a notation symbol lands on its declaration (149ms)
    ✔ hover on a notation symbol shows the target's signature (137ms)

## 扩展接线日志（SOKO_E2E_LOG）
2026-09-29T06:02:05.581Z server command: /home/runner/work/sokonanoda-lang/sokonanoda-lang/editor/vscode/bin/linux-x64/sokonanoda-lsp (source=bundled)
2026-09-29T06:02:05.582Z client state: starting
2026-09-29T06:02:05.616Z client state: running
2026-09-29T06:02:05.632Z loadProject: no active .sokonanoda document
2026-09-29T06:02:06.087Z loadProject: no active .sokonanoda document
2026-09-29T06:02:06.098Z active document changed: file:///tmp/sokonanoda-vscode-test-o2bCHI/check.sokonanoda
2026-09-29T06:02:06.110Z soko/project ok: project=null reason=no-imports
2026-09-29T06:02:06.278Z soko/project ok: project=null reason=no-imports
2026-09-29T06:02:06.322Z active document changed: (none)
2026-09-29T06:02:06.323Z loadProject: no active .sokonanoda document
2026-09-29T06:02:06.400Z active document changed: file:///tmp/sokonanoda-vscode-test-o2bCHI/lesson-clean.sokonanoda
2026-09-29T06:02:06.426Z soko/project ok: project=null reason=no-imports
2026-09-29T06:02:06.538Z active document changed: (none)
2026-09-29T06:02:06.538Z loadProject: no active .sokonanoda document
2026-09-29T06:02:06.599Z loadProject: no active .sokonanoda document
2026-09-29T06:02:06.651Z active document changed: file:///tmp/sokonanoda-vscode-test-o2bCHI/kernel-bad.sokonanoda
2026-09-29T06:02:06.676Z soko/project ok: project=null reason=no-imports
2026-09-29T06:02:06.786Z active document changed: (none)
2026-09-29T06:02:06.787Z loadProject: no active .sokonanoda document
2026-09-29T06:02:06.874Z active document changed: file:///tmp/sokonanoda-vscode-test-o2bCHI/exercise.sokonanoda
2026-09-29T06:02:06.891Z soko/project ok: project=null reason=no-imports
2026-09-29T06:02:06.896Z soko/project ok: project=null reason=no-imports
2026-09-29T06:02:06.955Z active document changed: (none)
2026-09-29T06:02:06.955Z loadProject: no active .sokonanoda document
2026-09-29T06:02:07.049Z loadProject: no active .sokonanoda document
2026-09-29T06:02:07.053Z active document changed: file:///tmp/sokonanoda-vscode-test-o2bCHI/reserved.sokonanoda
2026-09-29T06:02:07.074Z soko/project ok: project=null reason=no-imports
2026-09-29T06:02:07.146Z active document changed: (none)
2026-09-29T06:02:07.146Z loadProject: no active .sokonanoda document
2026-09-29T06:02:07.249Z loadProject: no active .sokonanoda document
2026-09-29T06:02:07.254Z active document changed: file:///tmp/sokonanoda-vscode-test-o2bCHI/exercise-hover.sokonanoda
2026-09-29T06:02:07.274Z soko/project ok: project=null reason=no-imports
2026-09-29T06:02:07.378Z active document changed: (none)
2026-09-29T06:02:07.378Z loadProject: no active .sokonanoda document
2026-09-29T06:02:07.425Z active document changed: file:///home/runner/work/sokonanoda-lang/sokonanoda-lang/editor/vscode/src/test/fixtures/workspace/units/u01.sokonanoda
2026-09-29T06:02:07.445Z soko/project ok: project=units.u01 (2 modules) reason=null
2026-09-29T06:02:07.613Z soko/project ok: project=units.u01 (2 modules) reason=null
2026-09-29T06:02:07.662Z active document changed: (none)
2026-09-29T06:02:07.662Z loadProject: no active .sokonanoda document
2026-09-29T06:02:07.711Z active document changed: file:///tmp/sokonanoda-vscode-test-o2bCHI/notation-input.sokonanoda
2026-09-29T06:02:07.724Z soko/project ok: project=null reason=no-imports
2026-09-29T06:02:07.894Z active document changed: (none)
2026-09-29T06:02:07.894Z loadProject: no active .sokonanoda document
2026-09-29T06:02:07.947Z loadProject: no active .sokonanoda document
2026-09-29T06:02:08.052Z active document changed: file:///tmp/sokonanoda-vscode-test-o2bCHI/restart.sokonanoda
2026-09-29T06:02:08.121Z soko/project ok: project=null reason=no-imports
2026-09-29T06:02:08.147Z client state: stopped
2026-09-29T06:02:08.175Z client state: starting
2026-09-29T06:02:08.270Z client state: running
2026-09-29T06:02:08.411Z soko/project ok: project=null reason=no-imports
2026-09-29T06:02:08.415Z soko/project ok: project=null reason=no-imports
2026-09-29T06:02:08.480Z active document changed: (none)
2026-09-29T06:02:08.480Z loadProject: no active .sokonanoda document
2026-09-29T06:02:08.603Z loadProject: no active .sokonanoda document
2026-09-29T06:02:08.755Z active document changed: file:///tmp/sokonanoda-vscode-test-o2bCHI/proj-ok/Main.sokonanoda
2026-09-29T06:02:08.781Z soko/project ok: project=null reason=no-imports
2026-09-29T06:02:08.790Z soko/project ok: project=Main (2 modules) reason=null
2026-09-29T06:02:08.891Z soko/project ok: project=Main (2 modules) reason=null
2026-09-29T06:02:08.993Z soko/project ok: project=Main (2 modules) reason=null
2026-09-29T06:02:09.098Z active document changed: (none)
2026-09-29T06:02:09.098Z loadProject: no active .sokonanoda document
2026-09-29T06:02:09.148Z active document changed: file:///tmp/sokonanoda-vscode-test-o2bCHI/single.sokonanoda
2026-09-29T06:02:09.167Z soko/project ok: project=null reason=no-imports
2026-09-29T06:02:09.169Z soko/project ok: project=null reason=no-imports
2026-09-29T06:02:09.275Z active document changed: (none)
2026-09-29T06:02:09.275Z loadProject: no active .sokonanoda document
2026-09-29T06:02:09.323Z active document changed: file:///tmp/sokonanoda-vscode-test-o2bCHI/proj-broken/Main.sokonanoda
2026-09-29T06:02:09.347Z soko/project ok: project=Main (1 modules) reason=null
2026-09-29T06:02:09.362Z soko/project ok: project=Main (1 modules) reason=null
2026-09-29T06:02:09.374Z soko/project ok: project=Main (1 modules) reason=null
2026-09-29T06:02:09.467Z active document changed: (none)
2026-09-29T06:02:09.467Z loadProject: no active .sokonanoda document
2026-09-29T06:02:09.512Z loadProject: no active .sokonanoda document
2026-09-29T06:02:09.519Z active document changed: file:///home/runner/work/sokonanoda-lang/sokonanoda-lang/editor/vscode/src/test/fixtures/workspace/units/u01.sokonanoda
2026-09-29T06:02:09.525Z soko/project ok: project=units.u01 (2 modules) reason=null
2026-09-29T06:02:14.581Z warmCacheOnOpen: exit=0
2026-09-29T06:02:16.595Z soko/project ok: project=units.u01 (2 modules) reason=null
2026-09-29T06:02:21.613Z soko/project ok: project=units.u01 (2 modules) reason=null
2026-09-29T06:02:21.627Z active document changed: (none)
2026-09-29T06:02:21.627Z loadProject: no active .sokonanoda document
2026-09-29T06:02:21.665Z active document changed: file:///home/runner/work/sokonanoda-lang/sokonanoda-lang/editor/vscode/src/test/fixtures/workspace/units/u01.sokonanoda
2026-09-29T06:02:21.668Z soko/project ok: project=units.u01 (2 modules) reason=null
2026-09-29T06:02:22.691Z soko/project ok: project=units.u01 (2 modules) reason=null
2026-09-29T06:02:22.699Z soko/project ok: project=units.u01 (2 modules) reason=null
2026-09-29T06:02:30.208Z soko/project ok: project=units.u01 (2 modules) reason=null
2026-09-29T06:02:30.235Z active document changed: (none)
2026-09-29T06:02:30.235Z loadProject: no active .sokonanoda document
2026-09-29T06:02:30.275Z active document changed: file:///home/runner/work/sokonanoda-lang/sokonanoda-lang/editor/vscode/src/test/fixtures/workspace/units/u01.sokonanoda
2026-09-29T06:02:30.290Z soko/project ok: project=units.u01 (2 modules) reason=null
2026-09-29T06:02:30.401Z active document changed: (none)
2026-09-29T06:02:30.401Z loadProject: no active .sokonanoda document
2026-09-29T06:02:30.433Z active document changed: file:///home/runner/work/sokonanoda-lang/sokonanoda-lang/editor/vscode/src/test/fixtures/workspace/units/u01.sokonanoda
2026-09-29T06:02:30.440Z soko/project ok: project=units.u01 (2 modules) reason=null
2026-09-29T06:02:30.563Z active document changed: (none)
2026-09-29T06:02:30.563Z loadProject: no active .sokonanoda document
2026-09-29T06:02:30.573Z active document changed: file:///home/runner/work/sokonanoda-lang/sokonanoda-lang/editor/vscode/src/test/fixtures/workspace/lib/Set.sokonanoda
2026-09-29T06:02:30.576Z soko/project ok: project=null reason=no-imports
2026-09-29T06:02:30.630Z active document changed: (none)
2026-09-29T06:02:30.630Z loadProject: no active .sokonanoda document
2026-09-29T06:02:30.679Z active document changed: file:///home/runner/work/sokonanoda-lang/sokonanoda-lang/editor/vscode/src/test/fixtures/workspace/units/u01.sokonanoda
2026-09-29T06:02:30.683Z soko/project ok: project=units.u01 (2 modules) reason=null
2026-09-29T06:02:30.761Z active document changed: (none)
2026-09-29T06:02:30.761Z loadProject: no active .sokonanoda document
2026-09-29T06:02:30.762Z loadProject: no active .sokonanoda document
2026-09-29T06:02:30.789Z active document changed: file:///home/runner/work/sokonanoda-lang/sokonanoda-lang/editor/vscode/src/test/fixtures/workspace/units/u01.sokonanoda
2026-09-29T06:02:30.791Z soko/project ok: project=units.u01 (2 modules) reason=null
2026-09-29T06:02:30.853Z active document changed: (none)
2026-09-29T06:02:30.854Z loadProject: no active .sokonanoda document
2026-09-29T06:02:30.878Z active document changed: file:///home/runner/work/sokonanoda-lang/sokonanoda-lang/editor/vscode/src/test/fixtures/workspace/units/u01.sokonanoda
2026-09-29T06:02:30.881Z soko/project ok: project=units.u01 (2 modules) reason=null
2026-09-29T06:02:30.946Z active document changed: (none)
2026-09-29T06:02:30.946Z loadProject: no active .sokonanoda document
2026-09-29T06:02:30.983Z active document changed: file:///home/runner/work/sokonanoda-lang/sokonanoda-lang/editor/vscode/src/test/fixtures/workspace/units/u02-cold-open.sokonanoda
2026-09-29T06:02:30.985Z soko/project ok: project=null reason=no-imports
2026-09-29T06:02:36.734Z client state: stopped
2026-09-29T06:02:36.737Z client state: starting
2026-09-29T06:02:36.748Z client state: running
PERF e2e cache: cold=5768ms warm=71ms
2026-09-29T06:02:36.864Z active document changed: (none)
2026-09-29T06:02:36.864Z loadProject: no active .sokonanoda document
2026-09-29T06:02:36.895Z active document changed: file:///home/runner/work/sokonanoda-lang/sokonanoda-lang/editor/vscode/src/test/fixtures/workspace/units/u01.sokonanoda
2026-09-29T06:02:36.899Z soko/project ok: project=units.u01 (2 modules) reason=null
2026-09-29T06:02:37.041Z soko/project ok: project=units.u01 (2 modules) reason=null
2026-09-29T06:02:37.442Z soko/project ok: project=units.u01 (2 modules) reason=null
2026-09-29T06:02:37.897Z soko/project ok: project=units.u01 (2 modules) reason=null
2026-09-29T06:02:38.818Z active document changed: (none)
2026-09-29T06:02:38.818Z loadProject: no active .sokonanoda document
2026-09-29T06:02:38.845Z active document changed: file:///home/runner/work/sokonanoda-lang/sokonanoda-lang/editor/vscode/src/test/fixtures/workspace/units/u01.sokonanoda
2026-09-29T06:02:38.848Z soko/project ok: project=units.u01 (2 modules) reason=null
2026-09-29T06:02:39.699Z soko/project ok: project=units.u01 (2 modules) reason=null
2026-09-29T06:02:41.218Z soko/project ok: project=units.u01 (2 modules) reason=null
2026-09-29T06:02:43.467Z soko/project ok: project=units.u01 (2 modules) reason=null
PERF e2e fanout: entry diagnostics signature=152 字节 · 稳定 ✓
2026-09-29T06:02:45.585Z active document changed: (none)
2026-09-29T06:02:45.585Z loadProject: no active .sokonanoda document
2026-09-29T06:02:45.610Z active document changed: file:///home/runner/work/sokonanoda-lang/sokonanoda-lang/editor/vscode/src/test/fixtures/workspace/units/u01.sokonanoda
2026-09-29T06:02:45.613Z soko/project ok: project=units.u01 (2 modules) reason=null
2026-09-29T06:02:46.217Z soko/project ok: project=units.u01 (2 modules) reason=null
2026-09-29T06:02:46.229Z active document changed: (none)
2026-09-29T06:02:46.229Z loadProject: no active .sokonanoda document
2026-09-29T06:02:46.257Z active document changed: file:///home/runner/work/sokonanoda-lang/sokonanoda-lang/editor/vscode/src/test/fixtures/workspace/units/u01.sokonanoda
2026-09-29T06:02:46.260Z soko/project ok: project=units.u01 (2 modules) reason=null
2026-09-29T06:02:46.576Z active document changed: (none)
2026-09-29T06:02:46.576Z loadProject: no active .sokonanoda document
2026-09-29T06:02:46.596Z active document changed: file:///home/runner/work/sokonanoda-lang/sokonanoda-lang/editor/vscode/src/test/fixtures/workspace/units/u01.sokonanoda
2026-09-29T06:02:46.600Z soko/project ok: project=units.u01 (2 modules) reason=null
2026-09-29T06:02:46.920Z active document changed: (none)
2026-09-29T06:02:46.920Z loadProject: no active .sokonanoda document
2026-09-29T06:02:46.944Z active document changed: file:///home/runner/work/sokonanoda-lang/sokonanoda-lang/editor/vscode/src/test/fixtures/workspace/units/u01.sokonanoda
2026-09-29T06:02:46.950Z soko/project ok: project=units.u01 (2 modules) reason=null
2026-09-29T06:02:47.265Z active document changed: (none)
2026-09-29T06:02:47.265Z loadProject: no active .sokonanoda document
2026-09-29T06:02:47.289Z active document changed: file:///home/runner/work/sokonanoda-lang/sokonanoda-lang/editor/vscode/src/test/fixtures/workspace/units/u01.sokonanoda
2026-09-29T06:02:47.292Z soko/project ok: project=units.u01 (2 modules) reason=null
2026-09-29T06:02:47.369Z active document changed: (none)
2026-09-29T06:02:47.369Z loadProject: no active .sokonanoda document
2026-09-29T06:02:47.394Z active document changed: file:///home/runner/work/sokonanoda-lang/sokonanoda-lang/editor/vscode/src/test/fixtures/workspace/units/u01.sokonanoda
2026-09-29T06:02:47.397Z soko/project ok: project=units.u01 (2 modules) reason=null
2026-09-29T06:02:47.489Z active document changed: (none)
2026-09-29T06:02:47.489Z loadProject: no active .sokonanoda document
2026-09-29T06:02:47.520Z active document changed: file:///home/runner/work/sokonanoda-lang/sokonanoda-lang/editor/vscode/src/test/fixtures/workspace/units/u01.sokonanoda
2026-09-29T06:02:47.526Z soko/project ok: project=units.u01 (2 modules) reason=null
2026-09-29T06:02:47.649Z active document changed: (none)
2026-09-29T06:02:47.649Z loadProject: no active .sokonanoda document
2026-09-29T06:02:47.690Z active document changed: file:///home/runner/work/sokonanoda-lang/sokonanoda-lang/editor/vscode/src/test/fixtures/workspace/units/u01.sokonanoda
2026-09-29T06:02:47.693Z soko/project ok: project=units.u01 (2 modules) reason=null
2026-09-29T06:02:47.799Z active document changed: (none)
2026-09-29T06:02:47.799Z loadProject: no active .sokonanoda document
2026-09-29T06:02:47.846Z client state: stopped
