# scripts/vscode-e2e.sh — VS Code 1.138.0 · extension v0.73.0 · 953085124a7cf56f698d8a112ae6fa57826ae095
# 结果：1 passing / 0 failing / 0 pending（exit=0）

## doctor（服务器解析与版本自述）
--- doctor ---
sokonanoda doctor — 扩展 v0.73.0 (6 checks)
[ok] 1/6 resolution：bundled — /Users/penglingwei/Documents/lean/sokonanoda/sokonanoda-lang/editor/vscode/bin/darwin-arm64/sokonanoda-lsp (source=bundled)
[ok] 2/6 server-version：0.73.0 (pid 66454) == 扩展 v0.73.0 (source=bundled)
[ok] 3/6 host-version：运行宿主 v0.73.0
[ok] 4/6 ignored-override：没有被忽略的 serverPath/env 覆盖
[info] 5/6 download-cache：缓存 marker 0.73.0 darwin-arm64 != 扩展 v0.73.0；可运行 sokonanoda update
[info] 6/6 obsolete-versions：检测到 0 个扩展版本快照、0 个 .obsolete 条目；完整重启 VS Code 会自动清理

## 用例
    ✔ build / rebuild commands warm the compile cache through the CLI (1445ms)

## 扩展接线日志（SOKO_E2E_LOG）
2026-09-27T13:41:59.348Z server command: /Users/penglingwei/Documents/lean/sokonanoda/sokonanoda-lang/editor/vscode/bin/darwin-arm64/sokonanoda-lsp (source=bundled)
2026-09-27T13:41:59.349Z client state: starting
2026-09-27T13:42:00.500Z warmCacheOnOpen: exit=0
2026-09-27T13:42:00.520Z client state: running
2026-09-27T13:42:00.523Z loadProject: no active .sokonanoda document
2026-09-27T13:42:00.599Z active document changed: file:///Users/penglingwei/Documents/lean/sokonanoda/sokonanoda-lang/editor/vscode/src/test/fixtures/workspace/units/u01.sokonanoda
2026-09-27T13:42:00.646Z soko/project ok: project=null reason=no-imports
2026-09-27T13:42:00.856Z soko/project ok: project=units.u01 (2 modules) reason=null
2026-09-27T13:42:00.998Z soko/project ok: project=units.u01 (2 modules) reason=null
2026-09-27T13:42:01.972Z soko/project ok: project=units.u01 (2 modules) reason=null
2026-09-27T13:42:01.977Z active document changed: (none)
2026-09-27T13:42:01.977Z loadProject: no active .sokonanoda document
2026-09-27T13:42:01.992Z client state: stopped
