# scripts/vscode-e2e.sh — VS Code 1.106.0 · extension v0.78.1 · c86a091d29f5d0517e56ac91e06960b1e414d230
# 结果：35 passing / 0 failing / 0 pending（exit=0）

## doctor（服务器解析与版本自述）
--- doctor ---
sokonanoda doctor — 扩展 v0.78.1 (6 checks)
[ok] 1/6 resolution：bundled — /home/runner/work/sokonanoda-lang/sokonanoda-lang/editor/vscode/bin/linux-x64/sokonanoda-lsp (source=bundled)
[ok] 2/6 server-version：0.78.1 (pid 3011) == 扩展 v0.78.1 (source=bundled)
[ok] 3/6 host-version：运行宿主 v0.78.1
[ok] 4/6 ignored-override：没有被忽略的 serverPath/env 覆盖
[info] 5/6 download-cache：无下载缓存（仅影响 CLI/universal 兜底，不影响内置服务器）
[info] 6/6 obsolete-versions：检测到 0 个扩展版本快照、0 个 .obsolete 条目；完整重启 VS Code 会自动清理

## 用例
    ✔ .sokonanoda files get the sokonanoda language id (233ms)
    ✔ confusable-character highlight is off for sokonanoda files
    ✔ #check results appear as inlay hints (309ms)
    ✔ clean lesson publishes empty diagnostics (200ms)
    ✔ kernel-rejected declaration carries the kernel-rejected code (211ms)
    ✔ open exercise carries a sorry warning, not an error (61ms)
    ✔ a declaration named Prop warns, not errors (64ms)
    ✔ open exercise shows a hover on the hole (167ms)
    ✔ hover 的类型文本折成记法（T-U12 面 #3，e2e 那一份） (275ms)
    ✔ notation input: the rewriter produces ∧ and hover teaches \and (332ms)
    ✔ restart server command re-syncs open documents (163ms)
    ✔ infoview command is registered and revealable (196ms)
    ✔ the project tree shows the real closure of an imported module (331ms)
    ✔ the project tree names the file a single-file document is (172ms)
    ✔ the project tree marks a broken import as the root cause (162ms)
    ✔ build / rebuild commands warm the compile cache through the CLI (14109ms)
    ✔ Clean Cache empties the project store and does not compile (E31) (8581ms)
    ✔ the Infoview receives the project view (E30) (48ms)
    ✔ Infoview 'definition' lands exactly where the editor F12 lands (E27) (128ms)
    ✔ doctor command returns a read-only source + version report
    ✔ declarations panel lists a project unit's declarations
    ✔ open declaration ships coloured goal runs to the Infoview
    ✔ next hole jumps inside a project unit
    ✔ warmCacheOnOpen pre-builds the workspace at activation
    ✔ reopening a project unit hits the compile cache (4720ms)
    ✔ rewriting an unchanged project unit does not recompile (1950ms)
    ✔ editing a dependency refreshes the open unit once (5550ms)
    ✔ goal text uses the file's notation (640ms)
    ✔ goal text folds a binder notation whose type contains a lambda (338ms)
    ✔ Infoview 的 `⊢` 用记法箭头 `→`，且 runs 与 text 同源 (346ms)
    ✔ Infoview 里集合字面量显示成 `{a}`（不是 `Set.singleton α a`） (343ms)
    ✔ go to definition on a `{a}` set literal lands on `Set.singleton` (143ms)
    ✔ go to definition on a prelude name lands in the prelude source (124ms)
    ✔ go to definition on a notation symbol lands on its declaration (182ms)
    ✔ hover on a notation symbol shows the target's signature (163ms)

## 扩展接线日志（SOKO_E2E_LOG）
2026-09-29T13:50:07.846Z server command: /home/runner/work/sokonanoda-lang/sokonanoda-lang/editor/vscode/bin/linux-x64/sokonanoda-lsp (source=bundled)
2026-09-29T13:50:07.848Z client state: starting
2026-09-29T13:50:07.880Z client state: running
2026-09-29T13:50:07.896Z loadProject: no active .sokonanoda document
2026-09-29T13:50:08.392Z active document changed: file:///tmp/sokonanoda-vscode-test-ATygEd/check.sokonanoda
2026-09-29T13:50:08.407Z soko/project ok: project=null reason=no-imports
2026-09-29T13:50:08.572Z soko/project ok: project=null reason=no-imports
2026-09-29T13:50:08.626Z active document changed: (none)
2026-09-29T13:50:08.626Z loadProject: no active .sokonanoda document
2026-09-29T13:50:08.707Z active document changed: file:///tmp/sokonanoda-vscode-test-ATygEd/lesson-clean.sokonanoda
2026-09-29T13:50:08.735Z soko/project ok: project=null reason=no-imports
2026-09-29T13:50:08.844Z active document changed: (none)
2026-09-29T13:50:08.844Z loadProject: no active .sokonanoda document
2026-09-29T13:50:08.933Z loadProject: no active .sokonanoda document
2026-09-29T13:50:08.942Z active document changed: file:///tmp/sokonanoda-vscode-test-ATygEd/kernel-bad.sokonanoda
2026-09-29T13:50:08.960Z soko/project ok: project=null reason=no-imports
2026-09-29T13:50:09.077Z active document changed: (none)
2026-09-29T13:50:09.077Z loadProject: no active .sokonanoda document
2026-09-29T13:50:09.138Z active document changed: file:///tmp/sokonanoda-vscode-test-ATygEd/exercise.sokonanoda
2026-09-29T13:50:09.150Z soko/project ok: project=null reason=no-imports
2026-09-29T13:50:09.167Z soko/project ok: project=null reason=no-imports
2026-09-29T13:50:09.206Z active document changed: (none)
2026-09-29T13:50:09.206Z loadProject: no active .sokonanoda document
2026-09-29T13:50:09.261Z active document changed: file:///tmp/sokonanoda-vscode-test-ATygEd/reserved.sokonanoda
2026-09-29T13:50:09.274Z soko/project ok: project=null reason=no-imports
2026-09-29T13:50:09.357Z active document changed: (none)
2026-09-29T13:50:09.357Z loadProject: no active .sokonanoda document
2026-09-29T13:50:09.459Z loadProject: no active .sokonanoda document
2026-09-29T13:50:09.463Z active document changed: file:///tmp/sokonanoda-vscode-test-ATygEd/exercise-hover.sokonanoda
2026-09-29T13:50:09.473Z soko/project ok: project=null reason=no-imports
2026-09-29T13:50:09.547Z active document changed: (none)
2026-09-29T13:50:09.547Z loadProject: no active .sokonanoda document
2026-09-29T13:50:09.603Z active document changed: file:///home/runner/work/sokonanoda-lang/sokonanoda-lang/editor/vscode/src/test/fixtures/workspace/units/u01.sokonanoda
2026-09-29T13:50:09.624Z soko/project ok: project=units.u01 (2 modules) reason=null
2026-09-29T13:50:09.633Z soko/project ok: project=units.u01 (2 modules) reason=null
2026-09-29T13:50:09.797Z soko/project ok: project=units.u01 (2 modules) reason=null
2026-09-29T13:50:09.891Z active document changed: (none)
2026-09-29T13:50:09.891Z loadProject: no active .sokonanoda document
2026-09-29T13:50:10.014Z active document changed: file:///tmp/sokonanoda-vscode-test-ATygEd/notation-input.sokonanoda
2026-09-29T13:50:10.046Z soko/project ok: project=null reason=no-imports
2026-09-29T13:50:10.290Z active document changed: (none)
2026-09-29T13:50:10.290Z loadProject: no active .sokonanoda document
2026-09-29T13:50:10.335Z loadProject: no active .sokonanoda document
2026-09-29T13:50:10.366Z active document changed: file:///tmp/sokonanoda-vscode-test-ATygEd/restart.sokonanoda
2026-09-29T13:50:10.379Z soko/project ok: project=null reason=no-imports
2026-09-29T13:50:10.383Z client state: stopped
2026-09-29T13:50:10.390Z client state: starting
2026-09-29T13:50:10.438Z client state: running
2026-09-29T13:50:10.499Z active document changed: (none)
2026-09-29T13:50:10.499Z loadProject: no active .sokonanoda document
2026-09-29T13:50:10.650Z loadProject: no active .sokonanoda document
2026-09-29T13:50:10.812Z active document changed: file:///tmp/sokonanoda-vscode-test-ATygEd/proj-ok/Main.sokonanoda
2026-09-29T13:50:10.843Z soko/project ok: project=Main (2 modules) reason=null
2026-09-29T13:50:10.844Z soko/project ok: project=Main (2 modules) reason=null
2026-09-29T13:50:10.936Z soko/project ok: project=Main (2 modules) reason=null
2026-09-29T13:50:11.046Z active document changed: (none)
2026-09-29T13:50:11.046Z loadProject: no active .sokonanoda document
2026-09-29T13:50:11.049Z soko/project answer for another document: file:///tmp/sokonanoda-vscode-test-ATygEd/proj-ok/Main.sokonanoda
2026-09-29T13:50:11.104Z active document changed: file:///tmp/sokonanoda-vscode-test-ATygEd/single.sokonanoda
2026-09-29T13:50:11.119Z soko/project ok: project=null reason=no-imports
2026-09-29T13:50:11.129Z soko/project ok: project=null reason=no-imports
2026-09-29T13:50:11.259Z active document changed: (none)
2026-09-29T13:50:11.259Z loadProject: no active .sokonanoda document
2026-09-29T13:50:11.283Z loadProject: no active .sokonanoda document
2026-09-29T13:50:11.310Z active document changed: file:///tmp/sokonanoda-vscode-test-ATygEd/proj-broken/Main.sokonanoda
2026-09-29T13:50:11.326Z soko/project ok: project=Main (1 modules) reason=null
2026-09-29T13:50:11.331Z soko/project ok: project=Main (1 modules) reason=null
2026-09-29T13:50:11.502Z soko/project ok: project=Main (1 modules) reason=null
2026-09-29T13:50:11.527Z active document changed: (none)
2026-09-29T13:50:11.527Z loadProject: no active .sokonanoda document
2026-09-29T13:50:11.586Z active document changed: file:///home/runner/work/sokonanoda-lang/sokonanoda-lang/editor/vscode/src/test/fixtures/workspace/units/u01.sokonanoda
2026-09-29T13:50:11.593Z soko/project ok: project=units.u01 (2 modules) reason=null
2026-09-29T13:50:16.845Z warmCacheOnOpen: exit=0
2026-09-29T13:50:19.633Z soko/project ok: project=units.u01 (2 modules) reason=null
2026-09-29T13:50:25.647Z soko/project ok: project=units.u01 (2 modules) reason=null
2026-09-29T13:50:25.664Z active document changed: (none)
2026-09-29T13:50:25.664Z loadProject: no active .sokonanoda document
2026-09-29T13:50:25.703Z active document changed: file:///home/runner/work/sokonanoda-lang/sokonanoda-lang/editor/vscode/src/test/fixtures/workspace/units/u01.sokonanoda
2026-09-29T13:50:25.707Z soko/project ok: project=units.u01 (2 modules) reason=null
2026-09-29T13:50:26.733Z soko/project ok: project=units.u01 (2 modules) reason=null
2026-09-29T13:50:26.740Z soko/project ok: project=units.u01 (2 modules) reason=null
2026-09-29T13:50:34.250Z soko/project ok: project=units.u01 (2 modules) reason=null
2026-09-29T13:50:34.274Z active document changed: (none)
2026-09-29T13:50:34.274Z loadProject: no active .sokonanoda document
2026-09-29T13:50:34.316Z active document changed: file:///home/runner/work/sokonanoda-lang/sokonanoda-lang/editor/vscode/src/test/fixtures/workspace/units/u01.sokonanoda
2026-09-29T13:50:34.320Z soko/project ok: project=units.u01 (2 modules) reason=null
2026-09-29T13:50:34.391Z active document changed: (none)
2026-09-29T13:50:34.391Z loadProject: no active .sokonanoda document
2026-09-29T13:50:34.417Z active document changed: file:///home/runner/work/sokonanoda-lang/sokonanoda-lang/editor/vscode/src/test/fixtures/workspace/units/u01.sokonanoda
2026-09-29T13:50:34.421Z soko/project ok: project=units.u01 (2 modules) reason=null
2026-09-29T13:50:34.503Z active document changed: (none)
2026-09-29T13:50:34.503Z loadProject: no active .sokonanoda document
2026-09-29T13:50:34.512Z active document changed: file:///home/runner/work/sokonanoda-lang/sokonanoda-lang/editor/vscode/src/test/fixtures/workspace/lib/Set.sokonanoda
2026-09-29T13:50:34.517Z soko/project ok: project=null reason=no-imports
2026-09-29T13:50:34.572Z active document changed: (none)
2026-09-29T13:50:34.572Z loadProject: no active .sokonanoda document
2026-09-29T13:50:34.620Z active document changed: file:///home/runner/work/sokonanoda-lang/sokonanoda-lang/editor/vscode/src/test/fixtures/workspace/units/u01.sokonanoda
2026-09-29T13:50:34.623Z soko/project ok: project=units.u01 (2 modules) reason=null
2026-09-29T13:50:34.703Z active document changed: (none)
2026-09-29T13:50:34.703Z loadProject: no active .sokonanoda document
2026-09-29T13:50:34.704Z loadProject: no active .sokonanoda document
2026-09-29T13:50:34.730Z active document changed: file:///home/runner/work/sokonanoda-lang/sokonanoda-lang/editor/vscode/src/test/fixtures/workspace/units/u01.sokonanoda
2026-09-29T13:50:34.734Z soko/project ok: project=units.u01 (2 modules) reason=null
2026-09-29T13:50:34.800Z active document changed: (none)
2026-09-29T13:50:34.800Z loadProject: no active .sokonanoda document
2026-09-29T13:50:34.825Z active document changed: file:///home/runner/work/sokonanoda-lang/sokonanoda-lang/editor/vscode/src/test/fixtures/workspace/units/u01.sokonanoda
2026-09-29T13:50:34.828Z soko/project ok: project=units.u01 (2 modules) reason=null
2026-09-29T13:50:34.893Z active document changed: (none)
2026-09-29T13:50:34.893Z loadProject: no active .sokonanoda document
2026-09-29T13:50:34.927Z active document changed: file:///home/runner/work/sokonanoda-lang/sokonanoda-lang/editor/vscode/src/test/fixtures/workspace/units/u02-cold-open.sokonanoda
2026-09-29T13:50:34.929Z soko/project ok: project=null reason=no-imports
2026-09-29T13:50:39.553Z client state: stopped
2026-09-29T13:50:39.555Z client state: starting
2026-09-29T13:50:39.567Z client state: running
PERF e2e cache: cold=4642ms warm=76ms
2026-09-29T13:50:39.679Z active document changed: (none)
2026-09-29T13:50:39.679Z loadProject: no active .sokonanoda document
2026-09-29T13:50:39.716Z active document changed: file:///home/runner/work/sokonanoda-lang/sokonanoda-lang/editor/vscode/src/test/fixtures/workspace/units/u01.sokonanoda
2026-09-29T13:50:39.722Z soko/project ok: project=units.u01 (2 modules) reason=null
2026-09-29T13:50:39.872Z soko/project ok: project=units.u01 (2 modules) reason=null
2026-09-29T13:50:40.264Z soko/project ok: project=units.u01 (2 modules) reason=null
2026-09-29T13:50:40.721Z soko/project ok: project=units.u01 (2 modules) reason=null
2026-09-29T13:50:41.640Z active document changed: (none)
2026-09-29T13:50:41.641Z loadProject: no active .sokonanoda document
2026-09-29T13:50:41.665Z active document changed: file:///home/runner/work/sokonanoda-lang/sokonanoda-lang/editor/vscode/src/test/fixtures/workspace/units/u01.sokonanoda
2026-09-29T13:50:41.669Z soko/project ok: project=units.u01 (2 modules) reason=null
2026-09-29T13:50:42.526Z soko/project ok: project=units.u01 (2 modules) reason=null
2026-09-29T13:50:42.838Z soko/project ok: project=units.u01 (2 modules) reason=null
PERF e2e fanout: entry diagnostics signature=152 字节 · 稳定 ✓
2026-09-29T13:50:47.204Z active document changed: (none)
2026-09-29T13:50:47.204Z loadProject: no active .sokonanoda document
2026-09-29T13:50:47.226Z active document changed: file:///home/runner/work/sokonanoda-lang/sokonanoda-lang/editor/vscode/src/test/fixtures/workspace/units/u01.sokonanoda
2026-09-29T13:50:47.228Z soko/project ok: project=units.u01 (2 modules) reason=null
2026-09-29T13:50:47.835Z soko/project ok: project=units.u01 (2 modules) reason=null
2026-09-29T13:50:47.859Z active document changed: (none)
2026-09-29T13:50:47.859Z loadProject: no active .sokonanoda document
2026-09-29T13:50:47.888Z active document changed: file:///home/runner/work/sokonanoda-lang/sokonanoda-lang/editor/vscode/src/test/fixtures/workspace/units/u01.sokonanoda
2026-09-29T13:50:47.892Z soko/project ok: project=units.u01 (2 modules) reason=null
2026-09-29T13:50:48.210Z active document changed: (none)
2026-09-29T13:50:48.210Z loadProject: no active .sokonanoda document
2026-09-29T13:50:48.241Z active document changed: file:///home/runner/work/sokonanoda-lang/sokonanoda-lang/editor/vscode/src/test/fixtures/workspace/units/u01.sokonanoda
2026-09-29T13:50:48.244Z soko/project ok: project=units.u01 (2 modules) reason=null
2026-09-29T13:50:48.571Z active document changed: (none)
2026-09-29T13:50:48.571Z loadProject: no active .sokonanoda document
2026-09-29T13:50:48.604Z active document changed: file:///home/runner/work/sokonanoda-lang/sokonanoda-lang/editor/vscode/src/test/fixtures/workspace/units/u01.sokonanoda
2026-09-29T13:50:48.609Z soko/project ok: project=units.u01 (2 modules) reason=null
2026-09-29T13:50:48.930Z active document changed: (none)
2026-09-29T13:50:48.930Z loadProject: no active .sokonanoda document
2026-09-29T13:50:48.973Z active document changed: file:///home/runner/work/sokonanoda-lang/sokonanoda-lang/editor/vscode/src/test/fixtures/workspace/units/u01.sokonanoda
2026-09-29T13:50:48.978Z soko/project ok: project=units.u01 (2 modules) reason=null
2026-09-29T13:50:49.093Z active document changed: (none)
2026-09-29T13:50:49.093Z loadProject: no active .sokonanoda document
2026-09-29T13:50:49.120Z active document changed: file:///home/runner/work/sokonanoda-lang/sokonanoda-lang/editor/vscode/src/test/fixtures/workspace/units/u01.sokonanoda
2026-09-29T13:50:49.125Z soko/project ok: project=units.u01 (2 modules) reason=null
2026-09-29T13:50:49.230Z active document changed: (none)
2026-09-29T13:50:49.230Z loadProject: no active .sokonanoda document
2026-09-29T13:50:49.279Z active document changed: file:///home/runner/work/sokonanoda-lang/sokonanoda-lang/editor/vscode/src/test/fixtures/workspace/units/u01.sokonanoda
2026-09-29T13:50:49.286Z soko/project ok: project=units.u01 (2 modules) reason=null
2026-09-29T13:50:49.436Z active document changed: (none)
2026-09-29T13:50:49.436Z loadProject: no active .sokonanoda document
2026-09-29T13:50:49.485Z active document changed: file:///home/runner/work/sokonanoda-lang/sokonanoda-lang/editor/vscode/src/test/fixtures/workspace/units/u01.sokonanoda
2026-09-29T13:50:49.493Z soko/project ok: project=units.u01 (2 modules) reason=null
2026-09-29T13:50:49.626Z active document changed: (none)
2026-09-29T13:50:49.626Z loadProject: no active .sokonanoda document
2026-09-29T13:50:49.677Z client state: stopped
