# scripts/vscode-e2e.sh — VS Code 1.106.0 · extension v0.65.5 · 2152116e31376c5f7c3cd0354205e4495a1ace2d
# 结果：24 passing / 1 failing / 0 pending（exit=1）

## doctor（服务器解析与版本自述）
--- doctor ---
sokonanoda doctor — 扩展 v0.65.5 (6 checks)
[ok] 1/6 resolution：bundled — /Users/penglingwei/Documents/lean/sokonanoda/sokonanoda-lang/editor/vscode/bin/darwin-arm64/sokonanoda-lsp (source=bundled)
[ok] 2/6 server-version：0.65.5 (pid 30014) == 扩展 v0.65.5 (source=bundled)
[ok] 3/6 host-version：运行宿主 v0.65.5
[ok] 4/6 ignored-override：没有被忽略的 serverPath/env 覆盖
[info] 5/6 download-cache：缓存 marker 0.55.0 darwin-arm64 != 扩展 v0.65.5；可运行 sokonanoda update
[info] 6/6 obsolete-versions：检测到 0 个扩展版本快照、0 个 .obsolete 条目；完整重启 VS Code 会自动清理

## 用例
    ✔ .sokonanoda files get the sokonanoda language id (46ms)
    ✔ confusable-character highlight is off for sokonanoda files
    ✔ #check results appear as inlay hints (79ms)
    ✔ clean lesson publishes empty diagnostics
    ✔ kernel-rejected declaration carries the kernel-rejected code (129ms)
    ✔ open exercise carries a sorry warning, not an error
    ✔ a declaration named Prop warns, not errors
    ✔ open exercise shows a hover on the hole
    ✔ notation input: the rewriter produces ∧ and hover teaches \and (129ms)
    ✔ restart server command re-syncs open documents (147ms)
    ✔ infoview command is registered and revealable (46ms)
    ✔ the project tree shows the real closure of an imported module (253ms)
    ✔ the project tree names the file a single-file document is (124ms)
    ✔ the project tree marks a broken import as the root cause (125ms)
    ✔ build / rebuild commands warm the compile cache through the CLI (55ms)
    ✔ doctor command returns a read-only source + version report
    ✔ declarations panel lists a project unit's declarations (327ms)
    ✔ next hole jumps inside a project unit
    ✔ warmCacheOnOpen pre-builds the workspace at activation
    1) reopening a project unit hits the compile cache
    ✔ rewriting an unchanged project unit does not recompile (1524ms)
    ✔ editing a dependency refreshes the open unit once (1522ms)
    ✔ goal text uses the file's notation (767ms)
    ✔ go to definition on a notation symbol lands on its declaration
    ✔ hover on a notation symbol shows the target's signature (46ms)
  1) sokonanoda extension (VS Code integration)

## 扩展接线日志（SOKO_E2E_LOG）
2026-09-24T07:38:56.380Z server command: /Users/penglingwei/Documents/lean/sokonanoda/sokonanoda-lang/editor/vscode/bin/darwin-arm64/sokonanoda-lsp (source=bundled)
2026-09-24T07:38:56.381Z client state: starting
2026-09-24T07:38:56.390Z client state: running
2026-09-24T07:38:56.393Z loadProject: no active .sokonanoda document
2026-09-24T07:38:56.537Z active document changed: file:///var/folders/81/6wvjcvys3y300jnj259_2jbw0000gn/T/sokonanoda-vscode-test-mOh1IW/check.sokonanoda
2026-09-24T07:38:56.546Z soko/project ok: project=null reason=no-imports
2026-09-24T07:38:56.562Z active document changed: (none)
2026-09-24T07:38:56.563Z loadProject: no active .sokonanoda document
2026-09-24T07:38:56.576Z active document changed: file:///var/folders/81/6wvjcvys3y300jnj259_2jbw0000gn/T/sokonanoda-vscode-test-mOh1IW/lesson-clean.sokonanoda
2026-09-24T07:38:56.582Z soko/project ok: project=null reason=no-imports
2026-09-24T07:38:56.592Z active document changed: (none)
2026-09-24T07:38:56.592Z loadProject: no active .sokonanoda document
2026-09-24T07:38:56.611Z active document changed: file:///var/folders/81/6wvjcvys3y300jnj259_2jbw0000gn/T/sokonanoda-vscode-test-mOh1IW/kernel-bad.sokonanoda
2026-09-24T07:38:56.614Z soko/project ok: project=null reason=no-imports
2026-09-24T07:38:56.726Z active document changed: (none)
2026-09-24T07:38:56.726Z loadProject: no active .sokonanoda document
2026-09-24T07:38:56.742Z active document changed: file:///var/folders/81/6wvjcvys3y300jnj259_2jbw0000gn/T/sokonanoda-vscode-test-mOh1IW/exercise.sokonanoda
2026-09-24T07:38:56.744Z soko/project ok: project=null reason=no-imports
2026-09-24T07:38:56.751Z active document changed: (none)
2026-09-24T07:38:56.751Z loadProject: no active .sokonanoda document
2026-09-24T07:38:56.767Z active document changed: file:///var/folders/81/6wvjcvys3y300jnj259_2jbw0000gn/T/sokonanoda-vscode-test-mOh1IW/reserved.sokonanoda
2026-09-24T07:38:56.773Z soko/project ok: project=null reason=no-imports
2026-09-24T07:38:56.777Z active document changed: (none)
2026-09-24T07:38:56.777Z loadProject: no active .sokonanoda document
2026-09-24T07:38:56.798Z active document changed: file:///var/folders/81/6wvjcvys3y300jnj259_2jbw0000gn/T/sokonanoda-vscode-test-mOh1IW/exercise-hover.sokonanoda
2026-09-24T07:38:56.800Z soko/project ok: project=null reason=no-imports
2026-09-24T07:38:56.810Z active document changed: (none)
2026-09-24T07:38:56.810Z loadProject: no active .sokonanoda document
2026-09-24T07:38:56.854Z active document changed: file:///var/folders/81/6wvjcvys3y300jnj259_2jbw0000gn/T/sokonanoda-vscode-test-mOh1IW/notation-input.sokonanoda
2026-09-24T07:38:56.883Z soko/project ok: project=null reason=no-imports
2026-09-24T07:38:56.951Z active document changed: (none)
2026-09-24T07:38:56.951Z loadProject: no active .sokonanoda document
2026-09-24T07:38:56.968Z active document changed: file:///var/folders/81/6wvjcvys3y300jnj259_2jbw0000gn/T/sokonanoda-vscode-test-mOh1IW/restart.sokonanoda
2026-09-24T07:38:56.974Z soko/project ok: project=null reason=no-imports
2026-09-24T07:38:56.975Z client state: stopped
2026-09-24T07:38:56.978Z client state: starting
2026-09-24T07:38:56.993Z client state: running
2026-09-24T07:38:57.056Z warmCacheOnOpen: exit=0
2026-09-24T07:38:57.103Z active document changed: (none)
2026-09-24T07:38:57.103Z loadProject: no active .sokonanoda document
2026-09-24T07:38:57.171Z loadProject: no active .sokonanoda document
2026-09-24T07:38:57.183Z active document changed: file:///var/folders/81/6wvjcvys3y300jnj259_2jbw0000gn/T/sokonanoda-vscode-test-mOh1IW/proj-ok/Main.sokonanoda
2026-09-24T07:38:57.188Z soko/project ok: project=Main (2 modules) reason=null
2026-09-24T07:38:57.191Z soko/project ok: project=Main (2 modules) reason=null
2026-09-24T07:38:57.302Z soko/project ok: project=Main (2 modules) reason=null
2026-09-24T07:38:57.393Z soko/project ok: project=Main (2 modules) reason=null
2026-09-24T07:38:57.408Z active document changed: (none)
2026-09-24T07:38:57.408Z loadProject: no active .sokonanoda document
2026-09-24T07:38:57.421Z active document changed: file:///var/folders/81/6wvjcvys3y300jnj259_2jbw0000gn/T/sokonanoda-vscode-test-mOh1IW/single.sokonanoda
2026-09-24T07:38:57.424Z soko/project ok: project=null reason=no-imports
2026-09-24T07:38:57.427Z soko/project ok: project=null reason=no-imports
2026-09-24T07:38:57.546Z active document changed: (none)
2026-09-24T07:38:57.547Z loadProject: no active .sokonanoda document
2026-09-24T07:38:57.563Z active document changed: file:///var/folders/81/6wvjcvys3y300jnj259_2jbw0000gn/T/sokonanoda-vscode-test-mOh1IW/proj-broken/Main.sokonanoda
2026-09-24T07:38:57.565Z soko/project ok: project=Main (1 modules) reason=null
2026-09-24T07:38:57.569Z soko/project ok: project=Main (1 modules) reason=null
2026-09-24T07:38:57.677Z active document changed: (none)
2026-09-24T07:38:57.678Z loadProject: no active .sokonanoda document
2026-09-24T07:38:57.695Z active document changed: file:///var/folders/81/6wvjcvys3y300jnj259_2jbw0000gn/T/sokonanoda-vscode-test-mOh1IW/build-smoke.sokonanoda
2026-09-24T07:38:57.697Z soko/project ok: project=null reason=no-imports
2026-09-24T07:38:57.720Z soko/project ok: project=null reason=no-imports
2026-09-24T07:38:57.734Z soko/project ok: project=null reason=no-imports
2026-09-24T07:38:57.751Z active document changed: (none)
2026-09-24T07:38:57.751Z loadProject: no active .sokonanoda document
2026-09-24T07:38:57.773Z active document changed: file:///Users/penglingwei/Documents/lean/sokonanoda/sokonanoda-lang/editor/vscode/src/test/fixtures/workspace/units/u01.sokonanoda
2026-09-24T07:38:57.775Z soko/project ok: project=null reason=no-imports
2026-09-24T07:38:58.019Z soko/project ok: project=units.u01 (2 modules) reason=null
2026-09-24T07:38:58.092Z active document changed: (none)
2026-09-24T07:38:58.092Z loadProject: no active .sokonanoda document
2026-09-24T07:38:58.100Z active document changed: file:///Users/penglingwei/Documents/lean/sokonanoda/sokonanoda-lang/editor/vscode/src/test/fixtures/workspace/units/u01.sokonanoda
2026-09-24T07:38:58.102Z soko/project ok: project=units.u01 (2 modules) reason=null
2026-09-24T07:38:58.136Z active document changed: (none)
2026-09-24T07:38:58.136Z loadProject: no active .sokonanoda document
2026-09-24T07:38:58.169Z active document changed: file:///Users/penglingwei/Documents/lean/sokonanoda/sokonanoda-lang/editor/vscode/src/test/fixtures/workspace/units/u02.sokonanoda
2026-09-24T07:38:58.174Z soko/project ok: project=null reason=no-imports
2026-09-24T07:38:58.684Z client state: stopped
2026-09-24T07:38:58.685Z client state: starting
2026-09-24T07:38:58.692Z client state: running
PERF e2e cache: cold=529ms warm=54ms entries=1
2026-09-24T07:38:58.741Z active document changed: (none)
2026-09-24T07:38:58.741Z loadProject: no active .sokonanoda document
2026-09-24T07:38:58.750Z active document changed: file:///Users/penglingwei/Documents/lean/sokonanoda/sokonanoda-lang/editor/vscode/src/test/fixtures/workspace/units/u01.sokonanoda
2026-09-24T07:38:58.753Z soko/project ok: project=units.u01 (2 modules) reason=null
2026-09-24T07:38:58.891Z soko/project ok: project=units.u01 (2 modules) reason=null
2026-09-24T07:38:59.318Z soko/project ok: project=units.u01 (2 modules) reason=null
2026-09-24T07:39:00.271Z active document changed: (none)
2026-09-24T07:39:00.271Z loadProject: no active .sokonanoda document
2026-09-24T07:39:00.279Z active document changed: file:///Users/penglingwei/Documents/lean/sokonanoda/sokonanoda-lang/editor/vscode/src/test/fixtures/workspace/units/u01.sokonanoda
2026-09-24T07:39:00.281Z soko/project ok: project=units.u01 (2 modules) reason=null
2026-09-24T07:39:00.935Z soko/project ok: project=units.u01 (2 modules) reason=null
PERF e2e fanout: entry diagnostics publishes=1
2026-09-24T07:39:01.799Z active document changed: (none)
2026-09-24T07:39:01.799Z loadProject: no active .sokonanoda document
2026-09-24T07:39:01.811Z active document changed: file:///Users/penglingwei/Documents/lean/sokonanoda/sokonanoda-lang/editor/vscode/src/test/fixtures/workspace/units/u01.sokonanoda
2026-09-24T07:39:01.813Z soko/project ok: project=units.u01 (2 modules) reason=null
2026-09-24T07:39:01.830Z soko/project ok: project=units.u01 (2 modules) reason=null
2026-09-24T07:39:02.497Z soko/project ok: project=units.u01 (2 modules) reason=null
2026-09-24T07:39:02.571Z active document changed: (none)
2026-09-24T07:39:02.571Z loadProject: no active .sokonanoda document
2026-09-24T07:39:02.579Z active document changed: file:///Users/penglingwei/Documents/lean/sokonanoda/sokonanoda-lang/editor/vscode/src/test/fixtures/workspace/units/u01.sokonanoda
2026-09-24T07:39:02.581Z soko/project ok: project=units.u01 (2 modules) reason=null
2026-09-24T07:39:02.609Z active document changed: (none)
2026-09-24T07:39:02.609Z loadProject: no active .sokonanoda document
2026-09-24T07:39:02.618Z active document changed: file:///Users/penglingwei/Documents/lean/sokonanoda/sokonanoda-lang/editor/vscode/src/test/fixtures/workspace/units/u01.sokonanoda
2026-09-24T07:39:02.621Z soko/project ok: project=units.u01 (2 modules) reason=null
2026-09-24T07:39:02.659Z active document changed: (none)
2026-09-24T07:39:02.660Z loadProject: no active .sokonanoda document
2026-09-24T07:39:02.673Z client state: stopped

## 失败详情
  1) sokonanoda extension (VS Code integration)
       reopening a project unit hits the compile cache:
     Error: EPERM: operation not permitted, unlink '/Users/penglingwei/Documents/lean/sokonanoda/sokonanoda-lang/editor/vscode/src/test/fixtures/workspace/units/u02.sokonanoda'
  	at unlinkSync (node:fs:1966:11)
  	at _unlinkSync (node:internal/fs/rimraf:215:14)
  	at rimrafSync (node:internal/fs/rimraf:196:7)
  	at Object.rmSync (node:fs:1248:10)
  	at Context.<anonymous> (src/test/extension.test.js:799:10)

1 test failed.
[90m[main 2026-09-24T07:39:02.681Z][0m Extension host with pid 29933 exited with code: 0, signal: unknown.
Exit code:   1
