# scripts/vscode-e2e.sh — VS Code 1.106.0 · extension v0.78.0 · 704ff2a17c41054e2866cd724aaaad10524285b8
# 结果：35 passing / 0 failing / 0 pending（exit=0）

## doctor（服务器解析与版本自述）
--- doctor ---
sokonanoda doctor — 扩展 v0.78.0 (6 checks)
[ok] 1/6 resolution：bundled — /home/runner/work/sokonanoda-lang/sokonanoda-lang/editor/vscode/bin/linux-x64/sokonanoda-lsp (source=bundled)
[ok] 2/6 server-version：0.78.0 (pid 2879) == 扩展 v0.78.0 (source=bundled)
[ok] 3/6 host-version：运行宿主 v0.78.0
[ok] 4/6 ignored-override：没有被忽略的 serverPath/env 覆盖
[info] 5/6 download-cache：无下载缓存（仅影响 CLI/universal 兜底，不影响内置服务器）
[info] 6/6 obsolete-versions：检测到 0 个扩展版本快照、0 个 .obsolete 条目；完整重启 VS Code 会自动清理

## 用例
    ✔ .sokonanoda files get the sokonanoda language id (62ms)
    ✔ confusable-character highlight is off for sokonanoda files
    ✔ #check results appear as inlay hints (158ms)
    ✔ clean lesson publishes empty diagnostics (125ms)
    ✔ kernel-rejected declaration carries the kernel-rejected code (151ms)
    ✔ open exercise carries a sorry warning, not an error (40ms)
    ✔ a declaration named Prop warns, not errors (39ms)
    ✔ open exercise shows a hover on the hole (78ms)
    ✔ hover 的类型文本折成记法（T-U12 面 #3，e2e 那一份） (249ms)
    ✔ notation input: the rewriter produces ∧ and hover teaches \and (162ms)
    ✔ restart server command re-syncs open documents (120ms)
    ✔ infoview command is registered and revealable (106ms)
    ✔ the project tree shows the real closure of an imported module (300ms)
    ✔ the project tree names the file a single-file document is (133ms)
    ✔ the project tree marks a broken import as the root cause (137ms)
    ✔ build / rebuild commands warm the compile cache through the CLI (6062ms)
    ✔ Clean Cache empties the project store and does not compile (E31) (5664ms)
    ✔ the Infoview receives the project view (E30) (42ms)
    ✔ Infoview 'definition' lands exactly where the editor F12 lands (E27) (113ms)
    ✔ doctor command returns a read-only source + version report
    ✔ declarations panel lists a project unit's declarations
    ✔ open declaration ships coloured goal runs to the Infoview
    ✔ next hole jumps inside a project unit
    ✔ warmCacheOnOpen pre-builds the workspace at activation
    ✔ reopening a project unit hits the compile cache (5254ms)
    ✔ rewriting an unchanged project unit does not recompile (1934ms)
    ✔ editing a dependency refreshes the open unit once (6341ms)
    ✔ goal text uses the file's notation (629ms)
    ✔ goal text folds a binder notation whose type contains a lambda (331ms)
    ✔ Infoview 的 `⊢` 用记法箭头 `→`，且 runs 与 text 同源 (332ms)
    ✔ Infoview 里集合字面量显示成 `{a}`（不是 `Set.singleton α a`） (339ms)
    ✔ go to definition on a `{a}` set literal lands on `Set.singleton` (100ms)
    ✔ go to definition on a prelude name lands in the prelude source (116ms)
    ✔ go to definition on a notation symbol lands on its declaration (177ms)
    ✔ hover on a notation symbol shows the target's signature (137ms)

## 扩展接线日志（SOKO_E2E_LOG）
2026-09-28T16:38:31.441Z server command: /home/runner/work/sokonanoda-lang/sokonanoda-lang/editor/vscode/bin/linux-x64/sokonanoda-lsp (source=bundled)
2026-09-28T16:38:31.442Z client state: starting
2026-09-28T16:38:31.455Z client state: running
2026-09-28T16:38:31.461Z loadProject: no active .sokonanoda document
2026-09-28T16:38:31.663Z active document changed: file:///tmp/sokonanoda-vscode-test-rlQdWt/check.sokonanoda
2026-09-28T16:38:31.671Z soko/project ok: project=null reason=no-imports
2026-09-28T16:38:31.771Z active document changed: (none)
2026-09-28T16:38:31.771Z loadProject: no active .sokonanoda document
2026-09-28T16:38:31.821Z active document changed: file:///tmp/sokonanoda-vscode-test-rlQdWt/lesson-clean.sokonanoda
2026-09-28T16:38:31.839Z soko/project ok: project=null reason=no-imports
2026-09-28T16:38:31.863Z soko/project ok: project=null reason=no-imports
2026-09-28T16:38:31.908Z active document changed: (none)
2026-09-28T16:38:31.908Z loadProject: no active .sokonanoda document
2026-09-28T16:38:31.950Z active document changed: file:///tmp/sokonanoda-vscode-test-rlQdWt/kernel-bad.sokonanoda
2026-09-28T16:38:31.963Z soko/project ok: project=null reason=no-imports
2026-09-28T16:38:32.066Z active document changed: (none)
2026-09-28T16:38:32.066Z loadProject: no active .sokonanoda document
2026-09-28T16:38:32.094Z active document changed: file:///tmp/sokonanoda-vscode-test-rlQdWt/exercise.sokonanoda
2026-09-28T16:38:32.109Z soko/project ok: project=null reason=no-imports
2026-09-28T16:38:32.144Z active document changed: (none)
2026-09-28T16:38:32.144Z loadProject: no active .sokonanoda document
2026-09-28T16:38:32.180Z active document changed: file:///tmp/sokonanoda-vscode-test-rlQdWt/reserved.sokonanoda
2026-09-28T16:38:32.187Z soko/project ok: project=null reason=no-imports
2026-09-28T16:38:32.230Z active document changed: (none)
2026-09-28T16:38:32.230Z loadProject: no active .sokonanoda document
2026-09-28T16:38:32.262Z active document changed: file:///tmp/sokonanoda-vscode-test-rlQdWt/exercise-hover.sokonanoda
2026-09-28T16:38:32.272Z soko/project ok: project=null reason=no-imports
2026-09-28T16:38:32.318Z active document changed: (none)
2026-09-28T16:38:32.318Z loadProject: no active .sokonanoda document
2026-09-28T16:38:32.364Z active document changed: file:///home/runner/work/sokonanoda-lang/sokonanoda-lang/editor/vscode/src/test/fixtures/workspace/units/u01.sokonanoda
2026-09-28T16:38:32.384Z soko/project ok: project=units.u01 (2 modules) reason=null
2026-09-28T16:38:32.549Z soko/project ok: project=units.u01 (2 modules) reason=null
2026-09-28T16:38:32.592Z active document changed: (none)
2026-09-28T16:38:32.592Z loadProject: no active .sokonanoda document
2026-09-28T16:38:32.652Z active document changed: file:///tmp/sokonanoda-vscode-test-rlQdWt/notation-input.sokonanoda
2026-09-28T16:38:32.669Z soko/project ok: project=null reason=no-imports
2026-09-28T16:38:32.782Z active document changed: (none)
2026-09-28T16:38:32.782Z loadProject: no active .sokonanoda document
2026-09-28T16:38:32.838Z active document changed: file:///tmp/sokonanoda-vscode-test-rlQdWt/restart.sokonanoda
2026-09-28T16:38:32.852Z soko/project ok: project=null reason=no-imports
2026-09-28T16:38:32.854Z client state: stopped
2026-09-28T16:38:32.859Z client state: starting
2026-09-28T16:38:32.889Z client state: running
2026-09-28T16:38:32.900Z soko/project ok: project=null reason=no-imports
2026-09-28T16:38:32.922Z active document changed: (none)
2026-09-28T16:38:32.922Z loadProject: no active .sokonanoda document
2026-09-28T16:38:33.099Z loadProject: no active .sokonanoda document
2026-09-28T16:38:33.134Z active document changed: file:///tmp/sokonanoda-vscode-test-rlQdWt/proj-ok/Main.sokonanoda
2026-09-28T16:38:33.153Z soko/project ok: project=Main (2 modules) reason=null
2026-09-28T16:38:33.156Z soko/project ok: project=Main (2 modules) reason=null
2026-09-28T16:38:33.253Z soko/project ok: project=Main (2 modules) reason=null
2026-09-28T16:38:33.334Z soko/project ok: project=Main (2 modules) reason=null
2026-09-28T16:38:33.357Z active document changed: (none)
2026-09-28T16:38:33.357Z loadProject: no active .sokonanoda document
2026-09-28T16:38:33.384Z active document changed: file:///tmp/sokonanoda-vscode-test-rlQdWt/single.sokonanoda
2026-09-28T16:38:33.393Z soko/project ok: project=null reason=no-imports
2026-09-28T16:38:33.394Z soko/project ok: project=null reason=no-imports
2026-09-28T16:38:33.498Z active document changed: (none)
2026-09-28T16:38:33.498Z loadProject: no active .sokonanoda document
2026-09-28T16:38:33.530Z active document changed: file:///tmp/sokonanoda-vscode-test-rlQdWt/proj-broken/Main.sokonanoda
2026-09-28T16:38:33.540Z soko/project ok: project=Main (1 modules) reason=null
2026-09-28T16:38:33.541Z soko/project ok: project=Main (1 modules) reason=null
2026-09-28T16:38:33.645Z active document changed: (none)
2026-09-28T16:38:33.645Z loadProject: no active .sokonanoda document
2026-09-28T16:38:33.670Z active document changed: file:///home/runner/work/sokonanoda-lang/sokonanoda-lang/editor/vscode/src/test/fixtures/workspace/units/u01.sokonanoda
2026-09-28T16:38:33.680Z soko/project ok: project=units.u01 (2 modules) reason=null
2026-09-28T16:38:33.730Z soko/project ok: project=units.u01 (2 modules) reason=null
2026-09-28T16:38:34.437Z warmCacheOnOpen: exit=0
2026-09-28T16:38:36.698Z soko/project ok: project=units.u01 (2 modules) reason=null
2026-09-28T16:38:39.715Z soko/project ok: project=units.u01 (2 modules) reason=null
2026-09-28T16:38:39.729Z active document changed: (none)
2026-09-28T16:38:39.729Z loadProject: no active .sokonanoda document
2026-09-28T16:38:39.769Z active document changed: file:///home/runner/work/sokonanoda-lang/sokonanoda-lang/editor/vscode/src/test/fixtures/workspace/units/u01.sokonanoda
2026-09-28T16:38:39.779Z soko/project ok: project=units.u01 (2 modules) reason=null
2026-09-28T16:38:40.798Z soko/project ok: project=units.u01 (2 modules) reason=null
2026-09-28T16:38:40.888Z soko/project ok: project=units.u01 (2 modules) reason=null
2026-09-28T16:38:45.397Z soko/project ok: project=units.u01 (2 modules) reason=null
2026-09-28T16:38:45.418Z active document changed: (none)
2026-09-28T16:38:45.418Z loadProject: no active .sokonanoda document
2026-09-28T16:38:45.453Z active document changed: file:///home/runner/work/sokonanoda-lang/sokonanoda-lang/editor/vscode/src/test/fixtures/workspace/units/u01.sokonanoda
2026-09-28T16:38:45.460Z soko/project ok: project=units.u01 (2 modules) reason=null
2026-09-28T16:38:45.515Z active document changed: (none)
2026-09-28T16:38:45.515Z loadProject: no active .sokonanoda document
2026-09-28T16:38:45.537Z active document changed: file:///home/runner/work/sokonanoda-lang/sokonanoda-lang/editor/vscode/src/test/fixtures/workspace/units/u01.sokonanoda
2026-09-28T16:38:45.547Z soko/project ok: project=units.u01 (2 modules) reason=null
2026-09-28T16:38:45.614Z active document changed: (none)
2026-09-28T16:38:45.614Z loadProject: no active .sokonanoda document
2026-09-28T16:38:45.622Z active document changed: file:///home/runner/work/sokonanoda-lang/sokonanoda-lang/editor/vscode/src/test/fixtures/workspace/lib/Set.sokonanoda
2026-09-28T16:38:45.629Z soko/project ok: project=null reason=no-imports
2026-09-28T16:38:45.671Z active document changed: (none)
2026-09-28T16:38:45.671Z loadProject: no active .sokonanoda document
2026-09-28T16:38:45.714Z active document changed: file:///home/runner/work/sokonanoda-lang/sokonanoda-lang/editor/vscode/src/test/fixtures/workspace/units/u01.sokonanoda
2026-09-28T16:38:45.722Z soko/project ok: project=units.u01 (2 modules) reason=null
2026-09-28T16:38:45.776Z active document changed: (none)
2026-09-28T16:38:45.776Z loadProject: no active .sokonanoda document
2026-09-28T16:38:45.800Z active document changed: file:///home/runner/work/sokonanoda-lang/sokonanoda-lang/editor/vscode/src/test/fixtures/workspace/units/u01.sokonanoda
2026-09-28T16:38:45.810Z soko/project ok: project=units.u01 (2 modules) reason=null
2026-09-28T16:38:45.812Z soko/project ok: project=units.u01 (2 modules) reason=null
2026-09-28T16:38:45.859Z active document changed: (none)
2026-09-28T16:38:45.859Z loadProject: no active .sokonanoda document
2026-09-28T16:38:45.881Z active document changed: file:///home/runner/work/sokonanoda-lang/sokonanoda-lang/editor/vscode/src/test/fixtures/workspace/units/u01.sokonanoda
2026-09-28T16:38:45.889Z soko/project ok: project=units.u01 (2 modules) reason=null
2026-09-28T16:38:45.940Z active document changed: (none)
2026-09-28T16:38:45.940Z loadProject: no active .sokonanoda document
2026-09-28T16:38:45.972Z active document changed: file:///home/runner/work/sokonanoda-lang/sokonanoda-lang/editor/vscode/src/test/fixtures/workspace/units/u02-cold-open.sokonanoda
2026-09-28T16:38:45.985Z soko/project ok: project=null reason=no-imports
2026-09-28T16:38:51.138Z client state: stopped
2026-09-28T16:38:51.140Z client state: starting
2026-09-28T16:38:51.150Z client state: running
PERF e2e cache: cold=5184ms warm=69ms
2026-09-28T16:38:51.233Z active document changed: (none)
2026-09-28T16:38:51.233Z loadProject: no active .sokonanoda document
2026-09-28T16:38:51.258Z active document changed: file:///home/runner/work/sokonanoda-lang/sokonanoda-lang/editor/vscode/src/test/fixtures/workspace/units/u01.sokonanoda
2026-09-28T16:38:51.266Z soko/project ok: project=units.u01 (2 modules) reason=null
2026-09-28T16:38:51.392Z soko/project ok: project=units.u01 (2 modules) reason=null
2026-09-28T16:38:51.802Z soko/project ok: project=units.u01 (2 modules) reason=null
2026-09-28T16:38:52.254Z soko/project ok: project=units.u01 (2 modules) reason=null
2026-09-28T16:38:53.178Z active document changed: (none)
2026-09-28T16:38:53.178Z loadProject: no active .sokonanoda document
2026-09-28T16:38:53.194Z active document changed: file:///home/runner/work/sokonanoda-lang/sokonanoda-lang/editor/vscode/src/test/fixtures/workspace/units/u01.sokonanoda
2026-09-28T16:38:53.202Z soko/project ok: project=units.u01 (2 modules) reason=null
2026-09-28T16:38:53.836Z soko/project ok: project=units.u01 (2 modules) reason=null
2026-09-28T16:38:55.115Z soko/project ok: project=units.u01 (2 modules) reason=null
PERF e2e fanout: entry diagnostics signature=152 字节 · 稳定 ✓
2026-09-28T16:38:59.527Z active document changed: (none)
2026-09-28T16:38:59.527Z loadProject: no active .sokonanoda document
2026-09-28T16:38:59.547Z active document changed: file:///home/runner/work/sokonanoda-lang/sokonanoda-lang/editor/vscode/src/test/fixtures/workspace/units/u01.sokonanoda
2026-09-28T16:38:59.557Z soko/project ok: project=units.u01 (2 modules) reason=null
2026-09-28T16:39:00.141Z soko/project ok: project=units.u01 (2 modules) reason=null
2026-09-28T16:39:00.167Z active document changed: (none)
2026-09-28T16:39:00.167Z loadProject: no active .sokonanoda document
2026-09-28T16:39:00.190Z active document changed: file:///home/runner/work/sokonanoda-lang/sokonanoda-lang/editor/vscode/src/test/fixtures/workspace/units/u01.sokonanoda
2026-09-28T16:39:00.202Z soko/project ok: project=units.u01 (2 modules) reason=null
2026-09-28T16:39:00.510Z active document changed: (none)
2026-09-28T16:39:00.510Z loadProject: no active .sokonanoda document
2026-09-28T16:39:00.531Z active document changed: file:///home/runner/work/sokonanoda-lang/sokonanoda-lang/editor/vscode/src/test/fixtures/workspace/units/u01.sokonanoda
2026-09-28T16:39:00.545Z soko/project ok: project=units.u01 (2 modules) reason=null
2026-09-28T16:39:00.851Z active document changed: (none)
2026-09-28T16:39:00.851Z loadProject: no active .sokonanoda document
2026-09-28T16:39:00.875Z active document changed: file:///home/runner/work/sokonanoda-lang/sokonanoda-lang/editor/vscode/src/test/fixtures/workspace/units/u01.sokonanoda
2026-09-28T16:39:00.893Z soko/project ok: project=units.u01 (2 modules) reason=null
2026-09-28T16:39:01.199Z active document changed: (none)
2026-09-28T16:39:01.200Z loadProject: no active .sokonanoda document
2026-09-28T16:39:01.227Z active document changed: file:///home/runner/work/sokonanoda-lang/sokonanoda-lang/editor/vscode/src/test/fixtures/workspace/units/u01.sokonanoda
2026-09-28T16:39:01.235Z soko/project ok: project=units.u01 (2 modules) reason=null
2026-09-28T16:39:01.315Z active document changed: (none)
2026-09-28T16:39:01.315Z loadProject: no active .sokonanoda document
2026-09-28T16:39:01.332Z active document changed: file:///home/runner/work/sokonanoda-lang/sokonanoda-lang/editor/vscode/src/test/fixtures/workspace/units/u01.sokonanoda
2026-09-28T16:39:01.346Z soko/project ok: project=units.u01 (2 modules) reason=null
2026-09-28T16:39:01.446Z active document changed: (none)
2026-09-28T16:39:01.446Z loadProject: no active .sokonanoda document
2026-09-28T16:39:01.487Z active document changed: file:///home/runner/work/sokonanoda-lang/sokonanoda-lang/editor/vscode/src/test/fixtures/workspace/units/u01.sokonanoda
2026-09-28T16:39:01.541Z soko/project ok: project=units.u01 (2 modules) reason=null
2026-09-28T16:39:01.644Z active document changed: (none)
2026-09-28T16:39:01.644Z loadProject: no active .sokonanoda document
2026-09-28T16:39:01.684Z active document changed: file:///home/runner/work/sokonanoda-lang/sokonanoda-lang/editor/vscode/src/test/fixtures/workspace/units/u01.sokonanoda
2026-09-28T16:39:01.701Z soko/project ok: project=units.u01 (2 modules) reason=null
2026-09-28T16:39:01.798Z active document changed: (none)
2026-09-28T16:39:01.798Z loadProject: no active .sokonanoda document
2026-09-28T16:39:01.858Z client state: stopped
