# scripts/vscode-e2e.sh — VS Code 1.138.0 · extension v0.65.2 · eef83f30bfb57dcb20595170e54158f9b3daff22
# 结果：25 passing / 0 failing / 0 pending（exit=0）

## doctor（服务器解析与版本自述）
--- doctor ---
sokonanoda doctor — 扩展 v0.65.2 (6 checks)
[ok] 1/6 resolution：bundled — /home/runner/work/sokonanoda-lang/sokonanoda-lang/editor/vscode/bin/linux-x64/sokonanoda-lsp (source=bundled)
[ok] 2/6 server-version：0.65.2 (pid 3052) == 扩展 v0.65.2 (source=bundled)
[ok] 3/6 host-version：运行宿主 v0.65.2
[ok] 4/6 ignored-override：没有被忽略的 serverPath/env 覆盖
[info] 5/6 download-cache：无下载缓存（仅影响 CLI/universal 兜底，不影响内置服务器）
[info] 6/6 obsolete-versions：检测到 0 个扩展版本快照、0 个 .obsolete 条目；完整重启 VS Code 会自动清理

## 用例
    ✔ .sokonanoda files get the sokonanoda language id (104ms)
    ✔ confusable-character highlight is off for sokonanoda files
    ✔ #check results appear as inlay hints (270ms)
    ✔ clean lesson publishes empty diagnostics (135ms)
    ✔ kernel-rejected declaration carries the kernel-rejected code (69ms)
    ✔ open exercise carries a sorry warning, not an error (69ms)
    ✔ a declaration named Prop warns, not errors (40ms)
    ✔ open exercise shows a hover on the hole (88ms)
    ✔ notation input: the rewriter produces ∧ and hover teaches \and (161ms)
    ✔ restart server command re-syncs open documents (90ms)
    ✔ infoview command is registered and revealable (222ms)
    ✔ the project tree shows the real closure of an imported module (175ms)
    ✔ the project tree names the file a single-file document is (172ms)
    ✔ the project tree marks a broken import as the root cause (157ms)
    ✔ build / rebuild commands warm the compile cache through the CLI (174ms)
    ✔ doctor command returns a read-only source + version report (39ms)
    ✔ declarations panel lists a project unit's declarations (702ms)
    ✔ next hole jumps inside a project unit (42ms)
    ✔ warmCacheOnOpen pre-builds the workspace at activation
    ✔ reopening a project unit hits the compile cache (5005ms)
    ✔ rewriting an unchanged project unit does not recompile (1563ms)
    ✔ editing a dependency refreshes the open unit once (1535ms)
    ✔ goal text uses the file's notation (743ms)
    ✔ go to definition on a notation symbol lands on its declaration (93ms)
    ✔ hover on a notation symbol shows the target's signature (118ms)

## 扩展接线日志（SOKO_E2E_LOG）
2026-09-23T18:17:14.517Z server command: /home/runner/work/sokonanoda-lang/sokonanoda-lang/editor/vscode/bin/linux-x64/sokonanoda-lsp (source=bundled)
2026-09-23T18:17:14.518Z client state: starting
2026-09-23T18:17:14.561Z client state: running
2026-09-23T18:17:14.569Z loadProject: no active .sokonanoda document
2026-09-23T18:17:14.763Z warmCacheOnOpen: exit=0
2026-09-23T18:17:14.917Z loadProject: no active .sokonanoda document
2026-09-23T18:17:14.942Z active document changed: file:///tmp/sokonanoda-vscode-test-cwpDvX/check.sokonanoda
2026-09-23T18:17:14.953Z soko/project ok: project=null reason=no-imports
2026-09-23T18:17:15.067Z active document changed: (none)
2026-09-23T18:17:15.067Z loadProject: no active .sokonanoda document
2026-09-23T18:17:15.102Z loadProject: no active .sokonanoda document
2026-09-23T18:17:15.125Z active document changed: file:///tmp/sokonanoda-vscode-test-cwpDvX/lesson-clean.sokonanoda
2026-09-23T18:17:15.136Z soko/project ok: project=null reason=no-imports
2026-09-23T18:17:15.221Z active document changed: (none)
2026-09-23T18:17:15.221Z loadProject: no active .sokonanoda document
2026-09-23T18:17:15.288Z active document changed: file:///tmp/sokonanoda-vscode-test-cwpDvX/kernel-bad.sokonanoda
2026-09-23T18:17:15.298Z soko/project ok: project=null reason=no-imports
2026-09-23T18:17:15.338Z soko/project ok: project=null reason=no-imports
2026-09-23T18:17:15.359Z active document changed: (none)
2026-09-23T18:17:15.359Z loadProject: no active .sokonanoda document
2026-09-23T18:17:15.425Z active document changed: file:///tmp/sokonanoda-vscode-test-cwpDvX/exercise.sokonanoda
2026-09-23T18:17:15.438Z soko/project ok: project=null reason=no-imports
2026-09-23T18:17:15.500Z active document changed: (none)
2026-09-23T18:17:15.500Z loadProject: no active .sokonanoda document
2026-09-23T18:17:15.537Z active document changed: file:///tmp/sokonanoda-vscode-test-cwpDvX/reserved.sokonanoda
2026-09-23T18:17:15.545Z soko/project ok: project=null reason=no-imports
2026-09-23T18:17:15.595Z active document changed: (none)
2026-09-23T18:17:15.595Z loadProject: no active .sokonanoda document
2026-09-23T18:17:15.631Z active document changed: file:///tmp/sokonanoda-vscode-test-cwpDvX/exercise-hover.sokonanoda
2026-09-23T18:17:15.638Z soko/project ok: project=null reason=no-imports
2026-09-23T18:17:15.699Z active document changed: (none)
2026-09-23T18:17:15.699Z loadProject: no active .sokonanoda document
2026-09-23T18:17:15.750Z active document changed: file:///tmp/sokonanoda-vscode-test-cwpDvX/notation-input.sokonanoda
2026-09-23T18:17:15.766Z soko/project ok: project=null reason=no-imports
2026-09-23T18:17:15.824Z soko/project ok: project=null reason=no-imports
2026-09-23T18:17:15.935Z active document changed: (none)
2026-09-23T18:17:15.935Z loadProject: no active .sokonanoda document
2026-09-23T18:17:15.969Z active document changed: file:///tmp/sokonanoda-vscode-test-cwpDvX/restart.sokonanoda
2026-09-23T18:17:15.977Z soko/project ok: project=null reason=no-imports
2026-09-23T18:17:15.985Z client state: stopped
2026-09-23T18:17:15.988Z client state: starting
2026-09-23T18:17:16.023Z client state: running
2026-09-23T18:17:16.066Z active document changed: (none)
2026-09-23T18:17:16.066Z loadProject: no active .sokonanoda document
2026-09-23T18:17:16.223Z loadProject: no active .sokonanoda document
2026-09-23T18:17:16.367Z active document changed: file:///tmp/sokonanoda-vscode-test-cwpDvX/proj-ok/Main.sokonanoda
2026-09-23T18:17:16.377Z soko/project ok: project=Main (2 modules) reason=null
2026-09-23T18:17:16.384Z soko/project ok: project=Main (2 modules) reason=null
2026-09-23T18:17:16.506Z active document changed: (none)
2026-09-23T18:17:16.506Z loadProject: no active .sokonanoda document
2026-09-23T18:17:16.569Z loadProject: no active .sokonanoda document
2026-09-23T18:17:16.571Z active document changed: file:///tmp/sokonanoda-vscode-test-cwpDvX/single.sokonanoda
2026-09-23T18:17:16.583Z soko/project ok: project=null reason=no-imports
2026-09-23T18:17:16.585Z soko/project ok: project=null reason=no-imports
2026-09-23T18:17:16.691Z active document changed: (none)
2026-09-23T18:17:16.691Z loadProject: no active .sokonanoda document
2026-09-23T18:17:16.730Z active document changed: file:///tmp/sokonanoda-vscode-test-cwpDvX/proj-broken/Main.sokonanoda
2026-09-23T18:17:16.742Z soko/project ok: project=Main (1 modules) reason=null
2026-09-23T18:17:16.744Z soko/project ok: project=Main (1 modules) reason=null
2026-09-23T18:17:16.746Z soko/project ok: project=Main (1 modules) reason=null
2026-09-23T18:17:16.897Z active document changed: (none)
2026-09-23T18:17:16.897Z loadProject: no active .sokonanoda document
2026-09-23T18:17:16.922Z loadProject: no active .sokonanoda document
2026-09-23T18:17:16.990Z active document changed: file:///tmp/sokonanoda-vscode-test-cwpDvX/build-smoke.sokonanoda
2026-09-23T18:17:17.001Z soko/project ok: project=null reason=no-imports
2026-09-23T18:17:17.056Z soko/project ok: project=null reason=no-imports
2026-09-23T18:17:17.078Z soko/project ok: project=null reason=no-imports
2026-09-23T18:17:17.127Z active document changed: (none)
2026-09-23T18:17:17.128Z loadProject: no active .sokonanoda document
2026-09-23T18:17:17.171Z loadProject: no active .sokonanoda document
2026-09-23T18:17:17.253Z active document changed: file:///home/runner/work/sokonanoda-lang/sokonanoda-lang/editor/vscode/src/test/fixtures/workspace/units/u01.sokonanoda
2026-09-23T18:17:17.282Z soko/project ok: project=null reason=no-imports
2026-09-23T18:17:17.828Z soko/project ok: project=units.u01 (2 modules) reason=null
2026-09-23T18:17:17.906Z active document changed: (none)
2026-09-23T18:17:17.906Z loadProject: no active .sokonanoda document
2026-09-23T18:17:17.928Z active document changed: file:///home/runner/work/sokonanoda-lang/sokonanoda-lang/editor/vscode/src/test/fixtures/workspace/units/u01.sokonanoda
2026-09-23T18:17:17.942Z soko/project ok: project=units.u01 (2 modules) reason=null
2026-09-23T18:17:18.012Z active document changed: (none)
2026-09-23T18:17:18.012Z loadProject: no active .sokonanoda document
2026-09-23T18:17:18.052Z active document changed: file:///home/runner/work/sokonanoda-lang/sokonanoda-lang/editor/vscode/src/test/fixtures/workspace/units/u02.sokonanoda
2026-09-23T18:17:18.067Z soko/project ok: project=null reason=no-imports
2026-09-23T18:17:22.983Z client state: stopped
2026-09-23T18:17:22.985Z client state: starting
2026-09-23T18:17:22.994Z client state: running
PERF e2e cache: cold=4949ms warm=54ms entries=1
2026-09-23T18:17:23.070Z active document changed: (none)
2026-09-23T18:17:23.070Z loadProject: no active .sokonanoda document
2026-09-23T18:17:23.121Z active document changed: file:///home/runner/work/sokonanoda-lang/sokonanoda-lang/editor/vscode/src/test/fixtures/workspace/units/u01.sokonanoda
2026-09-23T18:17:23.129Z soko/project ok: project=units.u01 (2 modules) reason=null
2026-09-23T18:17:23.304Z soko/project ok: project=units.u01 (2 modules) reason=null
2026-09-23T18:17:23.722Z soko/project ok: project=units.u01 (2 modules) reason=null
2026-09-23T18:17:24.646Z active document changed: (none)
2026-09-23T18:17:24.646Z loadProject: no active .sokonanoda document
2026-09-23T18:17:24.669Z active document changed: file:///home/runner/work/sokonanoda-lang/sokonanoda-lang/editor/vscode/src/test/fixtures/workspace/units/u01.sokonanoda
2026-09-23T18:17:24.677Z soko/project ok: project=units.u01 (2 modules) reason=null
2026-09-23T18:17:25.868Z soko/project ok: project=units.u01 (2 modules) reason=null
PERF e2e fanout: entry diagnostics publishes=1
2026-09-23T18:17:26.191Z active document changed: (none)
2026-09-23T18:17:26.191Z loadProject: no active .sokonanoda document
2026-09-23T18:17:26.218Z active document changed: file:///home/runner/work/sokonanoda-lang/sokonanoda-lang/editor/vscode/src/test/fixtures/workspace/units/u01.sokonanoda
2026-09-23T18:17:26.228Z soko/project ok: project=units.u01 (2 modules) reason=null
2026-09-23T18:17:26.846Z soko/project ok: project=units.u01 (2 modules) reason=null
2026-09-23T18:17:26.945Z active document changed: (none)
2026-09-23T18:17:26.945Z loadProject: no active .sokonanoda document
2026-09-23T18:17:26.968Z active document changed: file:///home/runner/work/sokonanoda-lang/sokonanoda-lang/editor/vscode/src/test/fixtures/workspace/units/u01.sokonanoda
2026-09-23T18:17:26.982Z soko/project ok: project=units.u01 (2 modules) reason=null
2026-09-23T18:17:27.048Z active document changed: (none)
2026-09-23T18:17:27.048Z loadProject: no active .sokonanoda document
2026-09-23T18:17:27.074Z active document changed: file:///home/runner/work/sokonanoda-lang/sokonanoda-lang/editor/vscode/src/test/fixtures/workspace/units/u01.sokonanoda
2026-09-23T18:17:27.091Z soko/project ok: project=units.u01 (2 modules) reason=null
2026-09-23T18:17:27.177Z active document changed: (none)
2026-09-23T18:17:27.178Z loadProject: no active .sokonanoda document
2026-09-23T18:17:27.226Z client state: stopped
