# scripts/vscode-e2e.sh — VS Code 1.138.0 · extension v0.62.0 · 9f5a36582487a48ecd7268cd6967b258e23bcfbc
# 结果：16 passing / 0 failing / 0 pending（exit=0）

## doctor（服务器解析与版本自述）
--- doctor ---
sokonanoda doctor — 扩展 v0.62.0 (6 checks)
[ok] 1/6 resolution：bundled — /home/runner/work/sokonanoda-lang/sokonanoda-lang/editor/vscode/bin/linux-x64/sokonanoda-lsp (source=bundled)
[ok] 2/6 server-version：0.62.0 (pid 3088) == 扩展 v0.62.0 (source=bundled)
[ok] 3/6 host-version：运行宿主 v0.62.0
[ok] 4/6 ignored-override：没有被忽略的 serverPath/env 覆盖
[info] 5/6 download-cache：无下载缓存（仅影响 CLI/universal 兜底，不影响内置服务器）
[info] 6/6 obsolete-versions：检测到 0 个扩展版本快照、0 个 .obsolete 条目；完整重启 VS Code 会自动清理

## 用例
    ✔ .sokonanoda files get the sokonanoda language id (101ms)
    ✔ confusable-character highlight is off for sokonanoda files
    ✔ #check results appear as inlay hints (214ms)
    ✔ clean lesson publishes empty diagnostics (157ms)
    ✔ kernel-rejected declaration carries the kernel-rejected code (46ms)
    ✔ open exercise carries a sorry warning, not an error
    ✔ a declaration named Prop warns, not errors (40ms)
    ✔ open exercise shows a hover on the hole (130ms)
    ✔ notation input: the rewriter produces ∧ and hover teaches \and (145ms)
    ✔ restart server command re-syncs open documents (77ms)
    ✔ infoview command is registered and revealable (99ms)
    ✔ the project tree shows the real closure of an imported module (171ms)
    ✔ the project tree names the file a single-file document is (168ms)
    ✔ the project tree marks a broken import as the root cause (156ms)
    ✔ build / rebuild commands warm the compile cache through the CLI (89ms)
    ✔ doctor command returns a read-only source + version report

## 扩展接线日志（SOKO_E2E_LOG）
2026-09-20T14:35:30.242Z server command: /home/runner/work/sokonanoda-lang/sokonanoda-lang/editor/vscode/bin/linux-x64/sokonanoda-lsp (source=bundled)
2026-09-20T14:35:30.243Z client state: starting
2026-09-20T14:35:30.299Z client state: running
2026-09-20T14:35:30.309Z loadProject: no active .sokonanoda document
2026-09-20T14:35:30.621Z active document changed: file:///tmp/sokonanoda-vscode-test-F4Gf0D/check.sokonanoda
2026-09-20T14:35:30.630Z soko/project ok: project=null reason=no-imports
2026-09-20T14:35:30.736Z active document changed: (none)
2026-09-20T14:35:30.736Z loadProject: no active .sokonanoda document
2026-09-20T14:35:30.761Z loadProject: no active .sokonanoda document
2026-09-20T14:35:30.816Z active document changed: file:///tmp/sokonanoda-vscode-test-F4Gf0D/lesson-clean.sokonanoda
2026-09-20T14:35:30.827Z soko/project ok: project=null reason=no-imports
2026-09-20T14:35:30.911Z active document changed: (none)
2026-09-20T14:35:30.911Z loadProject: no active .sokonanoda document
2026-09-20T14:35:30.953Z active document changed: file:///tmp/sokonanoda-vscode-test-F4Gf0D/kernel-bad.sokonanoda
2026-09-20T14:35:30.962Z soko/project ok: project=null reason=no-imports
2026-09-20T14:35:30.977Z soko/project ok: project=null reason=no-imports
2026-09-20T14:35:30.999Z active document changed: (none)
2026-09-20T14:35:30.999Z loadProject: no active .sokonanoda document
2026-09-20T14:35:31.030Z active document changed: file:///tmp/sokonanoda-vscode-test-F4Gf0D/exercise.sokonanoda
2026-09-20T14:35:31.037Z soko/project ok: project=null reason=no-imports
2026-09-20T14:35:31.075Z active document changed: (none)
2026-09-20T14:35:31.075Z loadProject: no active .sokonanoda document
2026-09-20T14:35:31.111Z active document changed: file:///tmp/sokonanoda-vscode-test-F4Gf0D/reserved.sokonanoda
2026-09-20T14:35:31.118Z soko/project ok: project=null reason=no-imports
2026-09-20T14:35:31.159Z active document changed: (none)
2026-09-20T14:35:31.159Z loadProject: no active .sokonanoda document
2026-09-20T14:35:31.215Z active document changed: file:///tmp/sokonanoda-vscode-test-F4Gf0D/exercise-hover.sokonanoda
2026-09-20T14:35:31.228Z soko/project ok: project=null reason=no-imports
2026-09-20T14:35:31.301Z active document changed: (none)
2026-09-20T14:35:31.301Z loadProject: no active .sokonanoda document
2026-09-20T14:35:31.356Z active document changed: file:///tmp/sokonanoda-vscode-test-F4Gf0D/notation-input.sokonanoda
2026-09-20T14:35:31.382Z soko/project ok: project=null reason=no-imports
2026-09-20T14:35:31.407Z soko/project ok: project=null reason=no-imports
2026-09-20T14:35:31.481Z active document changed: (none)
2026-09-20T14:35:31.481Z loadProject: no active .sokonanoda document
2026-09-20T14:35:31.513Z active document changed: file:///tmp/sokonanoda-vscode-test-F4Gf0D/restart.sokonanoda
2026-09-20T14:35:31.520Z soko/project ok: project=null reason=no-imports
2026-09-20T14:35:31.524Z client state: stopped
2026-09-20T14:35:31.527Z client state: starting
2026-09-20T14:35:31.554Z client state: running
2026-09-20T14:35:31.591Z active document changed: (none)
2026-09-20T14:35:31.591Z loadProject: no active .sokonanoda document
2026-09-20T14:35:31.748Z active document changed: file:///tmp/sokonanoda-vscode-test-F4Gf0D/proj-ok/Main.sokonanoda
2026-09-20T14:35:31.761Z soko/project ok: project=Main (2 modules) reason=null
2026-09-20T14:35:31.762Z soko/project ok: project=Main (2 modules) reason=null
2026-09-20T14:35:31.769Z soko/project ok: project=Main (2 modules) reason=null
2026-09-20T14:35:31.896Z active document changed: (none)
2026-09-20T14:35:31.896Z loadProject: no active .sokonanoda document
2026-09-20T14:35:31.949Z active document changed: file:///tmp/sokonanoda-vscode-test-F4Gf0D/single.sokonanoda
2026-09-20T14:35:31.955Z soko/project ok: project=null reason=no-imports
2026-09-20T14:35:31.962Z soko/project ok: project=null reason=no-imports
2026-09-20T14:35:31.964Z soko/project ok: project=null reason=no-imports
2026-09-20T14:35:32.075Z active document changed: (none)
2026-09-20T14:35:32.075Z loadProject: no active .sokonanoda document
2026-09-20T14:35:32.127Z active document changed: file:///tmp/sokonanoda-vscode-test-F4Gf0D/proj-broken/Main.sokonanoda
2026-09-20T14:35:32.138Z soko/project ok: project=Main (1 modules) reason=null
2026-09-20T14:35:32.138Z soko/project ok: project=Main (1 modules) reason=null
2026-09-20T14:35:32.139Z soko/project ok: project=Main (1 modules) reason=null
2026-09-20T14:35:32.244Z active document changed: (none)
2026-09-20T14:35:32.244Z loadProject: no active .sokonanoda document
2026-09-20T14:35:32.270Z active document changed: file:///tmp/sokonanoda-vscode-test-F4Gf0D/build-smoke.sokonanoda
2026-09-20T14:35:32.276Z soko/project ok: project=null reason=no-imports
2026-09-20T14:35:32.311Z soko/project ok: project=null reason=no-imports
2026-09-20T14:35:32.337Z soko/project ok: project=null reason=no-imports
2026-09-20T14:35:32.361Z active document changed: (none)
2026-09-20T14:35:32.361Z loadProject: no active .sokonanoda document
2026-09-20T14:35:32.422Z client state: stopped
