# scripts/vscode-e2e.sh — VS Code 1.106.0 · extension v0.65.1 · b53bb112a60b88465adb1d624336f464bb18176c
# 结果：25 passing / 0 failing / 0 pending（exit=0）

## doctor（服务器解析与版本自述）
--- doctor ---
sokonanoda doctor — 扩展 v0.65.1 (6 checks)
[ok] 1/6 resolution：bundled — /home/runner/work/sokonanoda-lang/sokonanoda-lang/editor/vscode/bin/linux-x64/sokonanoda-lsp (source=bundled)
[ok] 2/6 server-version：0.65.1 (pid 3038) == 扩展 v0.65.1 (source=bundled)
[ok] 3/6 host-version：运行宿主 v0.65.1
[ok] 4/6 ignored-override：没有被忽略的 serverPath/env 覆盖
[info] 5/6 download-cache：无下载缓存（仅影响 CLI/universal 兜底，不影响内置服务器）
[info] 6/6 obsolete-versions：检测到 0 个扩展版本快照、0 个 .obsolete 条目；完整重启 VS Code 会自动清理

## 用例
    ✔ .sokonanoda files get the sokonanoda language id (64ms)
    ✔ confusable-character highlight is off for sokonanoda files
    ✔ #check results appear as inlay hints (178ms)
    ✔ clean lesson publishes empty diagnostics (131ms)
    ✔ kernel-rejected declaration carries the kernel-rejected code (50ms)
    ✔ open exercise carries a sorry warning, not an error (41ms)
    ✔ a declaration named Prop warns, not errors (39ms)
    ✔ open exercise shows a hover on the hole (95ms)
    ✔ notation input: the rewriter produces ∧ and hover teaches \and (149ms)
    ✔ restart server command re-syncs open documents (94ms)
    ✔ infoview command is registered and revealable (106ms)
    ✔ the project tree shows the real closure of an imported module (195ms)
    ✔ the project tree names the file a single-file document is (157ms)
    ✔ the project tree marks a broken import as the root cause (142ms)
    ✔ build / rebuild commands warm the compile cache through the CLI (88ms)
    ✔ doctor command returns a read-only source + version report (53ms)
    ✔ declarations panel lists a project unit's declarations (553ms)
    ✔ next hole jumps inside a project unit
    ✔ warmCacheOnOpen pre-builds the workspace at activation
    ✔ reopening a project unit hits the compile cache (3941ms)
    ✔ rewriting an unchanged project unit does not recompile (1541ms)
    ✔ editing a dependency refreshes the open unit once (1531ms)
    ✔ goal text uses the file's notation (756ms)
    ✔ go to definition on a notation symbol lands on its declaration (141ms)
    ✔ hover on a notation symbol shows the target's signature (128ms)

## 扩展接线日志（SOKO_E2E_LOG）
2026-09-23T16:03:34.083Z server command: /home/runner/work/sokonanoda-lang/sokonanoda-lang/editor/vscode/bin/linux-x64/sokonanoda-lsp (source=bundled)
2026-09-23T16:03:34.084Z client state: starting
2026-09-23T16:03:34.111Z client state: running
2026-09-23T16:03:34.119Z loadProject: no active .sokonanoda document
2026-09-23T16:03:34.321Z warmCacheOnOpen: exit=0
2026-09-23T16:03:34.351Z active document changed: file:///tmp/sokonanoda-vscode-test-AHQ9MY/check.sokonanoda
2026-09-23T16:03:34.358Z soko/project ok: project=null reason=no-imports
2026-09-23T16:03:34.458Z active document changed: (none)
2026-09-23T16:03:34.458Z loadProject: no active .sokonanoda document
2026-09-23T16:03:34.512Z active document changed: file:///tmp/sokonanoda-vscode-test-AHQ9MY/lesson-clean.sokonanoda
2026-09-23T16:03:34.522Z soko/project ok: project=null reason=no-imports
2026-09-23T16:03:34.531Z soko/project ok: project=null reason=no-imports
2026-09-23T16:03:34.601Z active document changed: (none)
2026-09-23T16:03:34.601Z loadProject: no active .sokonanoda document
2026-09-23T16:03:34.647Z active document changed: file:///tmp/sokonanoda-vscode-test-AHQ9MY/kernel-bad.sokonanoda
2026-09-23T16:03:34.654Z soko/project ok: project=null reason=no-imports
2026-09-23T16:03:34.706Z active document changed: (none)
2026-09-23T16:03:34.706Z loadProject: no active .sokonanoda document
2026-09-23T16:03:34.743Z active document changed: file:///tmp/sokonanoda-vscode-test-AHQ9MY/exercise.sokonanoda
2026-09-23T16:03:34.756Z soko/project ok: project=null reason=no-imports
2026-09-23T16:03:34.800Z active document changed: (none)
2026-09-23T16:03:34.800Z loadProject: no active .sokonanoda document
2026-09-23T16:03:34.836Z active document changed: file:///tmp/sokonanoda-vscode-test-AHQ9MY/reserved.sokonanoda
2026-09-23T16:03:34.843Z soko/project ok: project=null reason=no-imports
2026-09-23T16:03:34.887Z active document changed: (none)
2026-09-23T16:03:34.887Z loadProject: no active .sokonanoda document
2026-09-23T16:03:34.924Z active document changed: file:///tmp/sokonanoda-vscode-test-AHQ9MY/exercise-hover.sokonanoda
2026-09-23T16:03:34.932Z soko/project ok: project=null reason=no-imports
2026-09-23T16:03:34.990Z active document changed: (none)
2026-09-23T16:03:34.990Z loadProject: no active .sokonanoda document
2026-09-23T16:03:35.026Z active document changed: file:///tmp/sokonanoda-vscode-test-AHQ9MY/notation-input.sokonanoda
2026-09-23T16:03:35.034Z soko/project ok: project=null reason=no-imports
2026-09-23T16:03:35.160Z active document changed: (none)
2026-09-23T16:03:35.160Z loadProject: no active .sokonanoda document
2026-09-23T16:03:35.210Z active document changed: file:///tmp/sokonanoda-vscode-test-AHQ9MY/restart.sokonanoda
2026-09-23T16:03:35.222Z soko/project ok: project=null reason=no-imports
2026-09-23T16:03:35.223Z client state: stopped
2026-09-23T16:03:35.225Z client state: starting
2026-09-23T16:03:35.250Z client state: running
2026-09-23T16:03:35.290Z active document changed: (none)
2026-09-23T16:03:35.290Z loadProject: no active .sokonanoda document
2026-09-23T16:03:35.453Z loadProject: no active .sokonanoda document
2026-09-23T16:03:35.518Z active document changed: file:///tmp/sokonanoda-vscode-test-AHQ9MY/proj-ok/Main.sokonanoda
2026-09-23T16:03:35.546Z soko/project ok: project=Main (2 modules) reason=null
2026-09-23T16:03:35.549Z soko/project ok: project=Main (2 modules) reason=null
2026-09-23T16:03:35.660Z active document changed: (none)
2026-09-23T16:03:35.660Z loadProject: no active .sokonanoda document
2026-09-23T16:03:35.710Z active document changed: file:///tmp/sokonanoda-vscode-test-AHQ9MY/single.sokonanoda
2026-09-23T16:03:35.722Z soko/project ok: project=null reason=no-imports
2026-09-23T16:03:35.723Z soko/project ok: project=null reason=no-imports
2026-09-23T16:03:35.723Z soko/project ok: project=null reason=no-imports
2026-09-23T16:03:35.834Z active document changed: (none)
2026-09-23T16:03:35.834Z loadProject: no active .sokonanoda document
2026-09-23T16:03:35.870Z active document changed: file:///tmp/sokonanoda-vscode-test-AHQ9MY/proj-broken/Main.sokonanoda
2026-09-23T16:03:35.877Z soko/project ok: project=Main (1 modules) reason=null
2026-09-23T16:03:35.881Z soko/project ok: project=Main (1 modules) reason=null
2026-09-23T16:03:35.897Z soko/project ok: project=Main (1 modules) reason=null
2026-09-23T16:03:35.986Z active document changed: (none)
2026-09-23T16:03:35.986Z loadProject: no active .sokonanoda document
2026-09-23T16:03:36.019Z active document changed: file:///tmp/sokonanoda-vscode-test-AHQ9MY/build-smoke.sokonanoda
2026-09-23T16:03:36.026Z soko/project ok: project=null reason=no-imports
2026-09-23T16:03:36.062Z soko/project ok: project=null reason=no-imports
2026-09-23T16:03:36.078Z soko/project ok: project=null reason=no-imports
2026-09-23T16:03:36.113Z active document changed: (none)
2026-09-23T16:03:36.113Z loadProject: no active .sokonanoda document
2026-09-23T16:03:36.212Z loadProject: no active .sokonanoda document
2026-09-23T16:03:36.215Z active document changed: file:///home/runner/work/sokonanoda-lang/sokonanoda-lang/editor/vscode/src/test/fixtures/workspace/units/u01.sokonanoda
2026-09-23T16:03:36.228Z soko/project ok: project=null reason=no-imports
2026-09-23T16:03:36.645Z soko/project ok: project=units.u01 (2 modules) reason=null
2026-09-23T16:03:36.738Z active document changed: (none)
2026-09-23T16:03:36.739Z loadProject: no active .sokonanoda document
2026-09-23T16:03:36.759Z active document changed: file:///home/runner/work/sokonanoda-lang/sokonanoda-lang/editor/vscode/src/test/fixtures/workspace/units/u01.sokonanoda
2026-09-23T16:03:36.768Z soko/project ok: project=units.u01 (2 modules) reason=null
2026-09-23T16:03:36.830Z active document changed: (none)
2026-09-23T16:03:36.830Z loadProject: no active .sokonanoda document
2026-09-23T16:03:36.950Z active document changed: file:///home/runner/work/sokonanoda-lang/sokonanoda-lang/editor/vscode/src/test/fixtures/workspace/units/u02.sokonanoda
2026-09-23T16:03:36.969Z soko/project ok: project=null reason=no-imports
2026-09-23T16:03:40.758Z client state: stopped
2026-09-23T16:03:40.762Z client state: starting
2026-09-23T16:03:40.775Z client state: running
PERF e2e cache: cold=3885ms warm=53ms entries=1
2026-09-23T16:03:40.877Z active document changed: (none)
2026-09-23T16:03:40.877Z loadProject: no active .sokonanoda document
2026-09-23T16:03:40.907Z active document changed: file:///home/runner/work/sokonanoda-lang/sokonanoda-lang/editor/vscode/src/test/fixtures/workspace/units/u01.sokonanoda
2026-09-23T16:03:40.920Z soko/project ok: project=units.u01 (2 modules) reason=null
2026-09-23T16:03:41.082Z soko/project ok: project=units.u01 (2 modules) reason=null
2026-09-23T16:03:41.506Z soko/project ok: project=units.u01 (2 modules) reason=null
2026-09-23T16:03:42.430Z active document changed: (none)
2026-09-23T16:03:42.430Z loadProject: no active .sokonanoda document
2026-09-23T16:03:42.452Z active document changed: file:///home/runner/work/sokonanoda-lang/sokonanoda-lang/editor/vscode/src/test/fixtures/workspace/units/u01.sokonanoda
2026-09-23T16:03:42.464Z soko/project ok: project=units.u01 (2 modules) reason=null
2026-09-23T16:03:43.569Z soko/project ok: project=units.u01 (2 modules) reason=null
PERF e2e fanout: entry diagnostics publishes=1
2026-09-23T16:03:43.975Z active document changed: (none)
2026-09-23T16:03:43.975Z loadProject: no active .sokonanoda document
2026-09-23T16:03:44.015Z active document changed: file:///home/runner/work/sokonanoda-lang/sokonanoda-lang/editor/vscode/src/test/fixtures/workspace/units/u01.sokonanoda
2026-09-23T16:03:44.029Z soko/project ok: project=units.u01 (2 modules) reason=null
2026-09-23T16:03:44.662Z soko/project ok: project=units.u01 (2 modules) reason=null
2026-09-23T16:03:44.748Z active document changed: (none)
2026-09-23T16:03:44.748Z loadProject: no active .sokonanoda document
2026-09-23T16:03:44.785Z active document changed: file:///home/runner/work/sokonanoda-lang/sokonanoda-lang/editor/vscode/src/test/fixtures/workspace/units/u01.sokonanoda
2026-09-23T16:03:44.810Z soko/project ok: project=units.u01 (2 modules) reason=null
2026-09-23T16:03:44.904Z active document changed: (none)
2026-09-23T16:03:44.904Z loadProject: no active .sokonanoda document
2026-09-23T16:03:44.934Z active document changed: file:///home/runner/work/sokonanoda-lang/sokonanoda-lang/editor/vscode/src/test/fixtures/workspace/units/u01.sokonanoda
2026-09-23T16:03:44.947Z soko/project ok: project=units.u01 (2 modules) reason=null
2026-09-23T16:03:45.045Z active document changed: (none)
2026-09-23T16:03:45.045Z loadProject: no active .sokonanoda document
2026-09-23T16:03:45.106Z client state: stopped
