# scripts/vscode-e2e.sh — VS Code 1.106.0 · extension v0.65.1 · 45e3736433b93d5fa162bec2cae80a45e6931309
# 结果：25 passing / 0 failing / 0 pending（exit=0）

## doctor（服务器解析与版本自述）
--- doctor ---
sokonanoda doctor — 扩展 v0.65.1 (6 checks)
[ok] 1/6 resolution：bundled — /home/runner/work/sokonanoda-lang/sokonanoda-lang/editor/vscode/bin/linux-x64/sokonanoda-lsp (source=bundled)
[ok] 2/6 server-version：0.65.1 (pid 2834) == 扩展 v0.65.1 (source=bundled)
[ok] 3/6 host-version：运行宿主 v0.65.1
[ok] 4/6 ignored-override：没有被忽略的 serverPath/env 覆盖
[info] 5/6 download-cache：无下载缓存（仅影响 CLI/universal 兜底，不影响内置服务器）
[info] 6/6 obsolete-versions：检测到 0 个扩展版本快照、0 个 .obsolete 条目；完整重启 VS Code 会自动清理

## 用例
    ✔ .sokonanoda files get the sokonanoda language id (68ms)
    ✔ confusable-character highlight is off for sokonanoda files
    ✔ #check results appear as inlay hints (171ms)
    ✔ clean lesson publishes empty diagnostics (116ms)
    ✔ kernel-rejected declaration carries the kernel-rejected code (141ms)
    ✔ open exercise carries a sorry warning, not an error
    ✔ a declaration named Prop warns, not errors (40ms)
    ✔ open exercise shows a hover on the hole (85ms)
    ✔ notation input: the rewriter produces ∧ and hover teaches \and (102ms)
    ✔ restart server command re-syncs open documents (81ms)
    ✔ infoview command is registered and revealable (88ms)
    ✔ the project tree shows the real closure of an imported module (174ms)
    ✔ the project tree names the file a single-file document is (184ms)
    ✔ the project tree marks a broken import as the root cause (151ms)
    ✔ build / rebuild commands warm the compile cache through the CLI (104ms)
    ✔ doctor command returns a read-only source + version report
    ✔ declarations panel lists a project unit's declarations (451ms)
    ✔ next hole jumps inside a project unit (39ms)
    ✔ warmCacheOnOpen pre-builds the workspace at activation
    ✔ reopening a project unit hits the compile cache (2708ms)
    ✔ rewriting an unchanged project unit does not recompile (1532ms)
    ✔ editing a dependency refreshes the open unit once (1524ms)
    ✔ goal text uses the file's notation (735ms)
    ✔ go to definition on a notation symbol lands on its declaration (83ms)
    ✔ hover on a notation symbol shows the target's signature (93ms)

## 扩展接线日志（SOKO_E2E_LOG）
2026-09-23T16:18:50.876Z server command: /home/runner/work/sokonanoda-lang/sokonanoda-lang/editor/vscode/bin/linux-x64/sokonanoda-lsp (source=bundled)
2026-09-23T16:18:50.877Z client state: starting
2026-09-23T16:18:50.891Z client state: running
2026-09-23T16:18:50.897Z loadProject: no active .sokonanoda document
2026-09-23T16:18:51.053Z warmCacheOnOpen: exit=0
2026-09-23T16:18:51.089Z active document changed: file:///tmp/sokonanoda-vscode-test-T7AdO0/check.sokonanoda
2026-09-23T16:18:51.100Z soko/project ok: project=null reason=no-imports
2026-09-23T16:18:51.195Z active document changed: (none)
2026-09-23T16:18:51.195Z loadProject: no active .sokonanoda document
2026-09-23T16:18:51.245Z active document changed: file:///tmp/sokonanoda-vscode-test-T7AdO0/lesson-clean.sokonanoda
2026-09-23T16:18:51.254Z soko/project ok: project=null reason=no-imports
2026-09-23T16:18:51.268Z soko/project ok: project=null reason=no-imports
2026-09-23T16:18:51.319Z active document changed: (none)
2026-09-23T16:18:51.319Z loadProject: no active .sokonanoda document
2026-09-23T16:18:51.356Z active document changed: file:///tmp/sokonanoda-vscode-test-T7AdO0/kernel-bad.sokonanoda
2026-09-23T16:18:51.365Z soko/project ok: project=null reason=no-imports
2026-09-23T16:18:51.467Z active document changed: (none)
2026-09-23T16:18:51.467Z loadProject: no active .sokonanoda document
2026-09-23T16:18:51.496Z active document changed: file:///tmp/sokonanoda-vscode-test-T7AdO0/exercise.sokonanoda
2026-09-23T16:18:51.507Z soko/project ok: project=null reason=no-imports
2026-09-23T16:18:51.539Z active document changed: (none)
2026-09-23T16:18:51.539Z loadProject: no active .sokonanoda document
2026-09-23T16:18:51.574Z active document changed: file:///tmp/sokonanoda-vscode-test-T7AdO0/reserved.sokonanoda
2026-09-23T16:18:51.585Z soko/project ok: project=null reason=no-imports
2026-09-23T16:18:51.621Z active document changed: (none)
2026-09-23T16:18:51.621Z loadProject: no active .sokonanoda document
2026-09-23T16:18:51.661Z active document changed: file:///tmp/sokonanoda-vscode-test-T7AdO0/exercise-hover.sokonanoda
2026-09-23T16:18:51.670Z soko/project ok: project=null reason=no-imports
2026-09-23T16:18:51.712Z active document changed: (none)
2026-09-23T16:18:51.712Z loadProject: no active .sokonanoda document
2026-09-23T16:18:51.746Z active document changed: file:///tmp/sokonanoda-vscode-test-T7AdO0/notation-input.sokonanoda
2026-09-23T16:18:51.758Z soko/project ok: project=null reason=no-imports
2026-09-23T16:18:51.838Z active document changed: (none)
2026-09-23T16:18:51.838Z loadProject: no active .sokonanoda document
2026-09-23T16:18:51.873Z active document changed: file:///tmp/sokonanoda-vscode-test-T7AdO0/restart.sokonanoda
2026-09-23T16:18:51.882Z soko/project ok: project=null reason=no-imports
2026-09-23T16:18:51.883Z client state: stopped
2026-09-23T16:18:51.886Z client state: starting
2026-09-23T16:18:51.913Z client state: running
2026-09-23T16:18:51.935Z active document changed: (none)
2026-09-23T16:18:51.935Z loadProject: no active .sokonanoda document
2026-09-23T16:18:52.070Z active document changed: file:///tmp/sokonanoda-vscode-test-T7AdO0/proj-ok/Main.sokonanoda
2026-09-23T16:18:52.095Z soko/project ok: project=Main (2 modules) reason=null
2026-09-23T16:18:52.096Z soko/project ok: project=Main (2 modules) reason=null
2026-09-23T16:18:52.125Z soko/project ok: project=Main (2 modules) reason=null
2026-09-23T16:18:52.211Z active document changed: (none)
2026-09-23T16:18:52.211Z loadProject: no active .sokonanoda document
2026-09-23T16:18:52.288Z active document changed: file:///tmp/sokonanoda-vscode-test-T7AdO0/single.sokonanoda
2026-09-23T16:18:52.297Z soko/project ok: project=null reason=no-imports
2026-09-23T16:18:52.298Z soko/project ok: project=null reason=no-imports
2026-09-23T16:18:52.299Z soko/project ok: project=null reason=no-imports
2026-09-23T16:18:52.405Z active document changed: (none)
2026-09-23T16:18:52.405Z loadProject: no active .sokonanoda document
2026-09-23T16:18:52.453Z active document changed: file:///tmp/sokonanoda-vscode-test-T7AdO0/proj-broken/Main.sokonanoda
2026-09-23T16:18:52.462Z soko/project ok: project=Main (1 modules) reason=null
2026-09-23T16:18:52.462Z soko/project ok: project=Main (1 modules) reason=null
2026-09-23T16:18:52.471Z soko/project ok: project=Main (1 modules) reason=null
2026-09-23T16:18:52.567Z active document changed: (none)
2026-09-23T16:18:52.567Z loadProject: no active .sokonanoda document
2026-09-23T16:18:52.609Z active document changed: file:///tmp/sokonanoda-vscode-test-T7AdO0/build-smoke.sokonanoda
2026-09-23T16:18:52.626Z soko/project ok: project=null reason=no-imports
2026-09-23T16:18:52.652Z soko/project ok: project=null reason=no-imports
2026-09-23T16:18:52.658Z soko/project ok: project=null reason=no-imports
2026-09-23T16:18:52.676Z soko/project ok: project=null reason=no-imports
2026-09-23T16:18:52.705Z active document changed: (none)
2026-09-23T16:18:52.705Z loadProject: no active .sokonanoda document
2026-09-23T16:18:52.787Z active document changed: file:///home/runner/work/sokonanoda-lang/sokonanoda-lang/editor/vscode/src/test/fixtures/workspace/units/u01.sokonanoda
2026-09-23T16:18:52.802Z soko/project ok: project=null reason=no-imports
2026-09-23T16:18:52.804Z soko/project ok: project=null reason=no-imports
2026-09-23T16:18:53.184Z soko/project ok: project=units.u01 (2 modules) reason=null
2026-09-23T16:18:53.210Z active document changed: (none)
2026-09-23T16:18:53.210Z loadProject: no active .sokonanoda document
2026-09-23T16:18:53.225Z active document changed: file:///home/runner/work/sokonanoda-lang/sokonanoda-lang/editor/vscode/src/test/fixtures/workspace/units/u01.sokonanoda
2026-09-23T16:18:53.251Z soko/project ok: project=units.u01 (2 modules) reason=null
2026-09-23T16:18:53.344Z active document changed: (none)
2026-09-23T16:18:53.344Z loadProject: no active .sokonanoda document
2026-09-23T16:18:53.415Z active document changed: file:///home/runner/work/sokonanoda-lang/sokonanoda-lang/editor/vscode/src/test/fixtures/workspace/units/u02.sokonanoda
2026-09-23T16:18:53.425Z soko/project ok: project=null reason=no-imports
2026-09-23T16:18:56.009Z client state: stopped
2026-09-23T16:18:56.011Z client state: starting
2026-09-23T16:18:56.020Z client state: running
PERF e2e cache: cold=2640ms warm=66ms entries=1
2026-09-23T16:18:56.080Z active document changed: (none)
2026-09-23T16:18:56.080Z loadProject: no active .sokonanoda document
2026-09-23T16:18:56.104Z active document changed: file:///home/runner/work/sokonanoda-lang/sokonanoda-lang/editor/vscode/src/test/fixtures/workspace/units/u01.sokonanoda
2026-09-23T16:18:56.110Z soko/project ok: project=units.u01 (2 modules) reason=null
2026-09-23T16:18:56.260Z soko/project ok: project=units.u01 (2 modules) reason=null
2026-09-23T16:18:56.694Z soko/project ok: project=units.u01 (2 modules) reason=null
2026-09-23T16:18:57.619Z active document changed: (none)
2026-09-23T16:18:57.619Z loadProject: no active .sokonanoda document
2026-09-23T16:18:57.635Z active document changed: file:///home/runner/work/sokonanoda-lang/sokonanoda-lang/editor/vscode/src/test/fixtures/workspace/units/u01.sokonanoda
2026-09-23T16:18:57.641Z soko/project ok: project=units.u01 (2 modules) reason=null
2026-09-23T16:18:58.517Z soko/project ok: project=units.u01 (2 modules) reason=null
PERF e2e fanout: entry diagnostics publishes=1
2026-09-23T16:18:59.151Z active document changed: (none)
2026-09-23T16:18:59.152Z loadProject: no active .sokonanoda document
2026-09-23T16:18:59.174Z active document changed: file:///home/runner/work/sokonanoda-lang/sokonanoda-lang/editor/vscode/src/test/fixtures/workspace/units/u01.sokonanoda
2026-09-23T16:18:59.185Z soko/project ok: project=units.u01 (2 modules) reason=null
2026-09-23T16:18:59.813Z soko/project ok: project=units.u01 (2 modules) reason=null
2026-09-23T16:18:59.895Z active document changed: (none)
2026-09-23T16:18:59.895Z loadProject: no active .sokonanoda document
2026-09-23T16:18:59.917Z active document changed: file:///home/runner/work/sokonanoda-lang/sokonanoda-lang/editor/vscode/src/test/fixtures/workspace/units/u01.sokonanoda
2026-09-23T16:18:59.928Z soko/project ok: project=units.u01 (2 modules) reason=null
2026-09-23T16:18:59.990Z active document changed: (none)
2026-09-23T16:18:59.991Z loadProject: no active .sokonanoda document
2026-09-23T16:19:00.019Z active document changed: file:///home/runner/work/sokonanoda-lang/sokonanoda-lang/editor/vscode/src/test/fixtures/workspace/units/u01.sokonanoda
2026-09-23T16:19:00.033Z soko/project ok: project=units.u01 (2 modules) reason=null
2026-09-23T16:19:00.094Z active document changed: (none)
2026-09-23T16:19:00.094Z loadProject: no active .sokonanoda document
2026-09-23T16:19:00.130Z client state: stopped
