# scripts/vscode-e2e.sh — VS Code 1.138.0 · extension v0.88.0 · 14be38cabcfabe86fda0c1a5524e2765695adbd0
# 结果：49 passing / 0 failing / 0 pending（exit=0）

## doctor（服务器解析与版本自述）
--- doctor ---
sokonanoda doctor — 扩展 v0.88.0 (6 checks)
[ok] 1/6 resolution：bundled — /Users/penglingwei/Documents/lean/sokonanoda/sokonanoda-lang/editor/vscode/bin/darwin-arm64/sokonanoda-lsp (source=bundled)
[ok] 2/6 server-version：0.88.0 (pid 61602) == 扩展 v0.88.0 (source=bundled)
[ok] 3/6 host-version：运行宿主 v0.88.0
[ok] 4/6 ignored-override：没有被忽略的 serverPath/env 覆盖
[info] 5/6 download-cache：缓存 marker 0.73.0 darwin-arm64 != 扩展 v0.88.0；可运行 sokonanoda update
[info] 6/6 obsolete-versions：检测到 0 个扩展版本快照、0 个 .obsolete 条目；完整重启 VS Code 会自动清理

## 用例
    ✔ .sokonanoda files get the sokonanoda language id
    ✔ confusable-character highlight is off for sokonanoda files
    ✔ `#check` results are NOT inlay hints (they live in the Infoview) (77ms)
    ✔ C3：`#check`/`#print` 的输出出现在 Infoview 的「命令输出」块里 (545ms)
    ✔ C3（项目模式）：带 import 的文件里 `#print` 的输出也要到 Infoview (521ms)
    ✔ C3 重复输出：项目文件里连续编辑，`#check` 的输出始终只有一条 (3601ms)
    ✔ C3 重复输出（产物回放）：从模块根产物回放之后再编辑，`#check`/`#print` 仍恰好一条 (4572ms)
    ✔ hover 收口 + 产物写者照实：卡片三处同形，产物版本不说谎（2026-10-10 第 3 轮） (544ms)
    ✔ G-108/G-109：报错里的名字仍可 F12；`apply` 按 defeq 展开闭合目标（2026-10-10） (132ms)
    ✔ clean lesson publishes empty diagnostics
    ✔ kernel-rejected declaration carries the kernel-rejected code
    ✔ open exercise carries a sorry warning, not an error
    ✔ a declaration named Prop warns, not errors
    ✔ open exercise shows a hover on the hole
    ✔ hover 的类型文本折成记法（T-U12 面 #3，e2e 那一份） (328ms)
    ✔ notation input: the rewriter produces ∧ and hover teaches \and (62ms)
    ✔ notation input: greek letters and the anon-ctor brackets, in a real host (51ms)
    ✔ restart server command re-syncs open documents (231ms)
    ✔ infoview command is registered and revealable
    ✔ the project tree shows the real closure of an imported module (221ms)
    ✔ the project tree names the file a single-file document is (116ms)
    ✔ the project tree marks a broken import as the root cause (117ms)
    ✔ build / rebuild commands warm the compile cache through the CLI (163ms)
    ✔ Clean Cache empties the project store and does not compile (E31) (1669ms)
    ✔ Rebuild shows a non-zero percent while it is still running (②) (170ms)
    ✔ the Infoview receives the project view (E30)
    ✔ Infoview 'definition' lands exactly where the editor F12 lands (E27) (51ms)
    ✔ import 行的模块名是链接，指向被导入的文件（documentLink） (39ms)
    ✔ doctor command returns a read-only source + version report
    ✔ declarations panel lists a project unit's declarations
    ✔ open declaration ships coloured goal runs to the Infoview
    ✔ next hole jumps inside a project unit
    ✔ warmCacheOnOpen pre-builds the workspace at activation
    ✔ reopening a project unit hits the compile cache (182ms)
    ✔ rewriting an unchanged project unit does not recompile (2231ms)
    ✔ editing a dependency refreshes the open unit once (4862ms)
    ✔ goal text uses the file's notation (327ms)
    ✔ goal text folds a binder notation whose type contains a lambda (220ms)
    ✔ B2：光标在末条 tactic 之内 ⇒ 目标是它**作用后**的状态（闭合 ⇒ 无目标） (321ms)
    ✔ Infoview 的 `⊢` 用记法箭头 `→`，且 runs 与 text 同源 (323ms)
    ✔ Infoview 里集合字面量显示成 `{a}`（不是 `Set.singleton α a`） (324ms)
    ✔ go to definition on a `{a}` set literal lands on `Set.singleton` (46ms)
    ✔ go to definition on a prelude name lands in the prelude source (57ms)
    ✔ go to definition on a notation symbol lands on its declaration
    ✔ P7：tactic 关键字上按 F12 ⇒ 真的打开**插件自带**的那篇文档（2026-10-10） (12659ms)
    ✔ hover on a notation symbol shows the target's signature
    ✔ edit responsiveness: last keystroke reaches diagnostics and the goal panel (1568ms)
    ✔ edit responsiveness (project mode): A/B flicker with the show delay off vs on (3332ms)
    ✔ edit responsiveness (project mode): first keystroke after open vs steady state (797ms)

## 扩展接线日志（SOKO_E2E_LOG）
2026-10-10T15:44:50.727Z server command: /Users/penglingwei/Documents/lean/sokonanoda/sokonanoda-lang/editor/vscode/bin/darwin-arm64/sokonanoda-lsp (source=bundled)
2026-10-10T15:44:50.727Z client state: starting
2026-10-10T15:44:50.832Z warmCacheOnOpen: exit=0
2026-10-10T15:44:51.202Z client state: running
2026-10-10T15:44:51.205Z loadProject: no active .sokonanoda document
2026-10-10T15:44:51.274Z active document changed: file:///var/folders/81/6wvjcvys3y300jnj259_2jbw0000gn/T/sokonanoda-vscode-test-u1hVBf/check-no-inlay.sokonanoda
2026-10-10T15:44:51.290Z soko/project ok: project=null reason=no-imports
2026-10-10T15:44:51.331Z active document changed: (none)
2026-10-10T15:44:51.332Z loadProject: no active .sokonanoda document
2026-10-10T15:44:51.370Z active document changed: file:///var/folders/81/6wvjcvys3y300jnj259_2jbw0000gn/T/sokonanoda-vscode-test-u1hVBf/c3-command-output.sokonanoda
2026-10-10T15:44:51.371Z soko/project ok: project=null reason=no-imports
2026-10-10T15:44:51.570Z soko/project ok: project=null reason=no-imports
2026-10-10T15:44:51.887Z active document changed: (none)
2026-10-10T15:44:51.887Z loadProject: no active .sokonanoda document
2026-10-10T15:44:51.902Z active document changed: file:///var/folders/81/6wvjcvys3y300jnj259_2jbw0000gn/T/sokonanoda-vscode-test-u1hVBf/c3-project/Main.sokonanoda
2026-10-10T15:44:51.904Z soko/project ok: project=Main (2 modules) reason=null
2026-10-10T15:44:52.107Z soko/project ok: project=Main (2 modules) reason=null
2026-10-10T15:44:52.443Z active document changed: (none)
2026-10-10T15:44:52.443Z loadProject: no active .sokonanoda document
2026-10-10T15:44:52.456Z active document changed: file:///var/folders/81/6wvjcvys3y300jnj259_2jbw0000gn/T/sokonanoda-vscode-test-u1hVBf/check-repeat/Main.sokonanoda
2026-10-10T15:44:52.458Z soko/project ok: project=Main (2 modules) reason=null
2026-10-10T15:44:52.661Z soko/project ok: project=Main (2 modules) reason=null
2026-10-10T15:44:52.888Z soko/project ok: project=Main (2 modules) reason=null
2026-10-10T15:44:53.220Z soko/project ok: project=Main (2 modules) reason=null
2026-10-10T15:44:53.524Z soko/project ok: project=Main (2 modules) reason=null
2026-10-10T15:44:56.068Z active document changed: (none)
2026-10-10T15:44:56.068Z loadProject: no active .sokonanoda document
2026-10-10T15:44:56.091Z active document changed: file:///var/folders/81/6wvjcvys3y300jnj259_2jbw0000gn/T/sokonanoda-vscode-test-u1hVBf/check-replay/Main.sokonanoda
2026-10-10T15:44:56.093Z soko/project ok: project=null reason=no-imports
2026-10-10T15:44:56.356Z soko/project ok: project=Main (2 modules) reason=null
2026-10-10T15:44:56.723Z client state: stopped
2026-10-10T15:44:56.728Z client state: starting
2026-10-10T15:44:56.747Z client state: running
2026-10-10T15:44:56.930Z soko/project ok: project=Main (2 modules) reason=null
2026-10-10T15:44:57.580Z soko/project ok: project=Main (2 modules) reason=null
2026-10-10T15:44:58.151Z soko/project ok: project=Main (2 modules) reason=null
2026-10-10T15:45:00.655Z active document changed: (none)
2026-10-10T15:45:00.655Z loadProject: no active .sokonanoda document
2026-10-10T15:45:00.676Z active document changed: file:///var/folders/81/6wvjcvys3y300jnj259_2jbw0000gn/T/sokonanoda-vscode-test-u1hVBf/hover-card/Main.sokonanoda
2026-10-10T15:45:00.678Z soko/project ok: project=null reason=no-imports
2026-10-10T15:45:00.881Z soko/project ok: project=Main (2 modules) reason=null
2026-10-10T15:45:01.153Z soko/project ok: project=Main (2 modules) reason=null
2026-10-10T15:45:01.214Z active document changed: (none)
2026-10-10T15:45:01.214Z loadProject: no active .sokonanoda document
2026-10-10T15:45:01.234Z active document changed: file:///var/folders/81/6wvjcvys3y300jnj259_2jbw0000gn/T/sokonanoda-vscode-test-u1hVBf/g108-g109/Main.sokonanoda
2026-10-10T15:45:01.236Z soko/project ok: project=null reason=no-imports
2026-10-10T15:45:01.354Z active document changed: (none)
2026-10-10T15:45:01.354Z loadProject: no active .sokonanoda document
2026-10-10T15:45:01.367Z active document changed: file:///var/folders/81/6wvjcvys3y300jnj259_2jbw0000gn/T/sokonanoda-vscode-test-u1hVBf/lesson-clean.sokonanoda
2026-10-10T15:45:01.369Z soko/project ok: project=null reason=no-imports
2026-10-10T15:45:01.381Z active document changed: (none)
2026-10-10T15:45:01.381Z loadProject: no active .sokonanoda document
2026-10-10T15:45:01.393Z active document changed: file:///var/folders/81/6wvjcvys3y300jnj259_2jbw0000gn/T/sokonanoda-vscode-test-u1hVBf/kernel-bad.sokonanoda
2026-10-10T15:45:01.396Z soko/project ok: project=null reason=no-imports
2026-10-10T15:45:01.407Z active document changed: (none)
2026-10-10T15:45:01.407Z loadProject: no active .sokonanoda document
2026-10-10T15:45:01.422Z active document changed: file:///var/folders/81/6wvjcvys3y300jnj259_2jbw0000gn/T/sokonanoda-vscode-test-u1hVBf/exercise.sokonanoda
2026-10-10T15:45:01.424Z soko/project ok: project=null reason=no-imports
2026-10-10T15:45:01.435Z active document changed: (none)
2026-10-10T15:45:01.436Z loadProject: no active .sokonanoda document
2026-10-10T15:45:01.448Z active document changed: file:///var/folders/81/6wvjcvys3y300jnj259_2jbw0000gn/T/sokonanoda-vscode-test-u1hVBf/reserved.sokonanoda
2026-10-10T15:45:01.450Z soko/project ok: project=null reason=no-imports
2026-10-10T15:45:01.465Z active document changed: (none)
2026-10-10T15:45:01.465Z loadProject: no active .sokonanoda document
2026-10-10T15:45:01.476Z active document changed: file:///var/folders/81/6wvjcvys3y300jnj259_2jbw0000gn/T/sokonanoda-vscode-test-u1hVBf/exercise-hover.sokonanoda
2026-10-10T15:45:01.478Z soko/project ok: project=null reason=no-imports
2026-10-10T15:45:01.494Z active document changed: (none)
2026-10-10T15:45:01.494Z loadProject: no active .sokonanoda document
2026-10-10T15:45:01.507Z active document changed: file:///Users/penglingwei/Documents/lean/sokonanoda/sokonanoda-lang/editor/vscode/src/test/fixtures/workspace/units/u01.sokonanoda
2026-10-10T15:45:01.509Z soko/project ok: project=null reason=no-imports
2026-10-10T15:45:01.730Z soko/project ok: project=units.u01 (2 modules) reason=null
2026-10-10T15:45:01.830Z active document changed: (none)
2026-10-10T15:45:01.830Z loadProject: no active .sokonanoda document
2026-10-10T15:45:01.851Z active document changed: file:///var/folders/81/6wvjcvys3y300jnj259_2jbw0000gn/T/sokonanoda-vscode-test-u1hVBf/notation-input.sokonanoda
2026-10-10T15:45:01.861Z soko/project ok: project=null reason=no-imports
2026-10-10T15:45:01.910Z active document changed: (none)
2026-10-10T15:45:01.910Z loadProject: no active .sokonanoda document
2026-10-10T15:45:01.922Z active document changed: file:///var/folders/81/6wvjcvys3y300jnj259_2jbw0000gn/T/sokonanoda-vscode-test-u1hVBf/notation-input-greek.sokonanoda
2026-10-10T15:45:01.924Z soko/project ok: project=null reason=no-imports
2026-10-10T15:45:01.974Z active document changed: (none)
2026-10-10T15:45:01.974Z loadProject: no active .sokonanoda document
2026-10-10T15:45:01.990Z active document changed: file:///var/folders/81/6wvjcvys3y300jnj259_2jbw0000gn/T/sokonanoda-vscode-test-u1hVBf/restart.sokonanoda
2026-10-10T15:45:01.991Z soko/project ok: project=null reason=no-imports
2026-10-10T15:45:01.997Z client state: stopped
2026-10-10T15:45:01.998Z client state: starting
2026-10-10T15:45:02.002Z client state: running
2026-10-10T15:45:02.212Z active document changed: (none)
2026-10-10T15:45:02.212Z loadProject: no active .sokonanoda document
2026-10-10T15:45:02.258Z active document changed: file:///var/folders/81/6wvjcvys3y300jnj259_2jbw0000gn/T/sokonanoda-vscode-test-u1hVBf/proj-ok/Main.sokonanoda
2026-10-10T15:45:02.259Z soko/project ok: project=null reason=no-imports
2026-10-10T15:45:02.264Z soko/project ok: project=Main (2 modules) reason=null
2026-10-10T15:45:02.367Z soko/project ok: project=Main (2 modules) reason=null
2026-10-10T15:45:02.463Z soko/project ok: project=Main (2 modules) reason=null
2026-10-10T15:45:02.469Z active document changed: (none)
2026-10-10T15:45:02.469Z loadProject: no active .sokonanoda document
2026-10-10T15:45:02.480Z active document changed: file:///var/folders/81/6wvjcvys3y300jnj259_2jbw0000gn/T/sokonanoda-vscode-test-u1hVBf/single.sokonanoda
2026-10-10T15:45:02.482Z soko/project ok: project=null reason=no-imports
2026-10-10T15:45:02.486Z soko/project ok: project=null reason=no-imports
2026-10-10T15:45:02.589Z active document changed: (none)
2026-10-10T15:45:02.590Z loadProject: no active .sokonanoda document
2026-10-10T15:45:02.599Z active document changed: file:///var/folders/81/6wvjcvys3y300jnj259_2jbw0000gn/T/sokonanoda-vscode-test-u1hVBf/proj-broken/Main.sokonanoda
2026-10-10T15:45:02.601Z soko/project ok: project=Main (1 modules) reason=null
2026-10-10T15:45:02.606Z soko/project ok: project=Main (1 modules) reason=null
2026-10-10T15:45:02.710Z active document changed: (none)
2026-10-10T15:45:02.711Z loadProject: no active .sokonanoda document
2026-10-10T15:45:02.720Z active document changed: file:///Users/penglingwei/Documents/lean/sokonanoda/sokonanoda-lang/editor/vscode/src/test/fixtures/workspace/units/u01.sokonanoda
2026-10-10T15:45:02.722Z soko/project ok: project=units.u01 (2 modules) reason=null
2026-10-10T15:45:02.771Z soko/project ok: project=units.u01 (2 modules) reason=null
2026-10-10T15:45:02.801Z soko/project ok: project=units.u01 (2 modules) reason=null
2026-10-10T15:45:02.876Z soko/project ok: project=units.u01 (2 modules) reason=null
2026-10-10T15:45:02.888Z active document changed: (none)
2026-10-10T15:45:02.888Z loadProject: no active .sokonanoda document
2026-10-10T15:45:02.903Z active document changed: file:///Users/penglingwei/Documents/lean/sokonanoda/sokonanoda-lang/editor/vscode/src/test/fixtures/workspace/units/u01.sokonanoda
2026-10-10T15:45:02.905Z soko/project ok: project=units.u01 (2 modules) reason=null
2026-10-10T15:45:02.925Z soko/project ok: project=units.u01 (2 modules) reason=null
2026-10-10T15:45:02.932Z soko/project ok: project=units.u01 (2 modules) reason=null
2026-10-10T15:45:04.560Z soko/project ok: project=units.u01 (2 modules) reason=null
2026-10-10T15:45:04.575Z active document changed: (none)
2026-10-10T15:45:04.575Z loadProject: no active .sokonanoda document
2026-10-10T15:45:04.591Z active document changed: file:///Users/penglingwei/Documents/lean/sokonanoda/sokonanoda-lang/editor/vscode/src/test/fixtures/workspace/units/u01.sokonanoda
2026-10-10T15:45:04.594Z soko/project ok: project=units.u01 (2 modules) reason=null
2026-10-10T15:45:04.615Z soko/project ok: project=units.u01 (2 modules) reason=null
2026-10-10T15:45:04.743Z soko/project ok: project=units.u01 (2 modules) reason=null
2026-10-10T15:45:04.755Z active document changed: (none)
2026-10-10T15:45:04.755Z loadProject: no active .sokonanoda document
2026-10-10T15:45:04.765Z active document changed: file:///Users/penglingwei/Documents/lean/sokonanoda/sokonanoda-lang/editor/vscode/src/test/fixtures/workspace/units/u01.sokonanoda
2026-10-10T15:45:04.768Z soko/project ok: project=units.u01 (2 modules) reason=null
2026-10-10T15:45:04.796Z active document changed: (none)
2026-10-10T15:45:04.796Z loadProject: no active .sokonanoda document
2026-10-10T15:45:04.804Z active document changed: file:///Users/penglingwei/Documents/lean/sokonanoda/sokonanoda-lang/editor/vscode/src/test/fixtures/workspace/units/u01.sokonanoda
2026-10-10T15:45:04.807Z soko/project ok: project=units.u01 (2 modules) reason=null
2026-10-10T15:45:04.840Z active document changed: (none)
2026-10-10T15:45:04.840Z loadProject: no active .sokonanoda document
2026-10-10T15:45:04.843Z active document changed: file:///Users/penglingwei/Documents/lean/sokonanoda/sokonanoda-lang/editor/vscode/src/test/fixtures/workspace/lib/Set.sokonanoda
2026-10-10T15:45:04.846Z soko/project ok: project=null reason=no-imports
2026-10-10T15:45:04.864Z active document changed: (none)
2026-10-10T15:45:04.864Z loadProject: no active .sokonanoda document
2026-10-10T15:45:04.881Z active document changed: file:///var/folders/81/6wvjcvys3y300jnj259_2jbw0000gn/T/sokonanoda-vscode-test-u1hVBf/import-links/Entry.sokonanoda
2026-10-10T15:45:04.883Z soko/project ok: project=Entry (2 modules) reason=null
2026-10-10T15:45:04.908Z active document changed: (none)
2026-10-10T15:45:04.908Z loadProject: no active .sokonanoda document
2026-10-10T15:45:04.922Z active document changed: file:///Users/penglingwei/Documents/lean/sokonanoda/sokonanoda-lang/editor/vscode/src/test/fixtures/workspace/units/u01.sokonanoda
2026-10-10T15:45:04.925Z soko/project ok: project=units.u01 (2 modules) reason=null
2026-10-10T15:45:04.959Z active document changed: (none)
2026-10-10T15:45:04.960Z loadProject: no active .sokonanoda document
2026-10-10T15:45:04.970Z active document changed: file:///Users/penglingwei/Documents/lean/sokonanoda/sokonanoda-lang/editor/vscode/src/test/fixtures/workspace/units/u01.sokonanoda
2026-10-10T15:45:04.973Z soko/project ok: project=units.u01 (2 modules) reason=null
2026-10-10T15:45:05.003Z active document changed: (none)
2026-10-10T15:45:05.003Z loadProject: no active .sokonanoda document
2026-10-10T15:45:05.012Z active document changed: file:///Users/penglingwei/Documents/lean/sokonanoda/sokonanoda-lang/editor/vscode/src/test/fixtures/workspace/units/u01.sokonanoda
2026-10-10T15:45:05.014Z soko/project ok: project=units.u01 (2 modules) reason=null
2026-10-10T15:45:05.038Z active document changed: (none)
2026-10-10T15:45:05.038Z loadProject: no active .sokonanoda document
2026-10-10T15:45:05.040Z loadProject: no active .sokonanoda document
2026-10-10T15:45:05.053Z active document changed: file:///Users/penglingwei/Documents/lean/sokonanoda/sokonanoda-lang/editor/vscode/src/test/fixtures/workspace/units/u02-cold-open.sokonanoda
2026-10-10T15:45:05.055Z soko/project ok: project=null reason=no-imports
2026-10-10T15:45:05.169Z client state: stopped
2026-10-10T15:45:05.170Z client state: starting
2026-10-10T15:45:05.175Z client state: running
PERF e2e cache: cold=123ms warm=58ms
2026-10-10T15:45:05.230Z active document changed: (none)
2026-10-10T15:45:05.230Z loadProject: no active .sokonanoda document
2026-10-10T15:45:05.240Z active document changed: file:///Users/penglingwei/Documents/lean/sokonanoda/sokonanoda-lang/editor/vscode/src/test/fixtures/workspace/units/u01.sokonanoda
2026-10-10T15:45:05.247Z soko/project ok: project=null reason=no-imports
2026-10-10T15:45:05.488Z soko/project ok: project=units.u01 (2 modules) reason=null
2026-10-10T15:45:05.854Z soko/project ok: project=units.u01 (2 modules) reason=null
2026-10-10T15:45:06.528Z soko/project ok: project=units.u01 (2 modules) reason=null
2026-10-10T15:45:07.473Z active document changed: (none)
2026-10-10T15:45:07.474Z loadProject: no active .sokonanoda document
2026-10-10T15:45:07.494Z active document changed: file:///Users/penglingwei/Documents/lean/sokonanoda/sokonanoda-lang/editor/vscode/src/test/fixtures/workspace/units/u01.sokonanoda
2026-10-10T15:45:07.497Z soko/project ok: project=units.u01 (2 modules) reason=null
2026-10-10T15:45:07.998Z soko/project ok: project=units.u01 (2 modules) reason=null
PERF e2e fanout: entry diagnostics signature=152 字节 · 稳定 ✓
2026-10-10T15:45:12.349Z active document changed: (none)
2026-10-10T15:45:12.350Z loadProject: no active .sokonanoda document
2026-10-10T15:45:12.370Z active document changed: file:///Users/penglingwei/Documents/lean/sokonanoda/sokonanoda-lang/editor/vscode/src/test/fixtures/workspace/units/u01.sokonanoda
2026-10-10T15:45:12.373Z soko/project ok: project=units.u01 (2 modules) reason=null
2026-10-10T15:45:12.661Z soko/project ok: project=units.u01 (2 modules) reason=null
2026-10-10T15:45:12.685Z active document changed: (none)
2026-10-10T15:45:12.685Z loadProject: no active .sokonanoda document
2026-10-10T15:45:12.698Z active document changed: file:///Users/penglingwei/Documents/lean/sokonanoda/sokonanoda-lang/editor/vscode/src/test/fixtures/workspace/units/u01.sokonanoda
2026-10-10T15:45:12.701Z soko/project ok: project=units.u01 (2 modules) reason=null
2026-10-10T15:45:12.895Z soko/project ok: project=units.u01 (2 modules) reason=null
2026-10-10T15:45:12.914Z active document changed: (none)
2026-10-10T15:45:12.914Z loadProject: no active .sokonanoda document
2026-10-10T15:45:12.926Z active document changed: file:///Users/penglingwei/Documents/lean/sokonanoda/sokonanoda-lang/editor/vscode/src/test/fixtures/workspace/units/u01.sokonanoda
2026-10-10T15:45:12.929Z soko/project ok: project=units.u01 (2 modules) reason=null
2026-10-10T15:45:13.245Z active document changed: (none)
2026-10-10T15:45:13.246Z loadProject: no active .sokonanoda document
2026-10-10T15:45:13.261Z active document changed: file:///Users/penglingwei/Documents/lean/sokonanoda/sokonanoda-lang/editor/vscode/src/test/fixtures/workspace/units/u01.sokonanoda
2026-10-10T15:45:13.265Z soko/project ok: project=units.u01 (2 modules) reason=null
2026-10-10T15:45:13.581Z active document changed: (none)
2026-10-10T15:45:13.582Z loadProject: no active .sokonanoda document
2026-10-10T15:45:13.599Z active document changed: file:///Users/penglingwei/Documents/lean/sokonanoda/sokonanoda-lang/editor/vscode/src/test/fixtures/workspace/units/u01.sokonanoda
2026-10-10T15:45:13.602Z soko/project ok: project=units.u01 (2 modules) reason=null
2026-10-10T15:45:13.913Z active document changed: (none)
2026-10-10T15:45:13.914Z loadProject: no active .sokonanoda document
2026-10-10T15:45:13.930Z active document changed: file:///Users/penglingwei/Documents/lean/sokonanoda/sokonanoda-lang/editor/vscode/src/test/fixtures/workspace/units/u01.sokonanoda
2026-10-10T15:45:13.934Z soko/project ok: project=units.u01 (2 modules) reason=null
2026-10-10T15:45:13.967Z active document changed: (none)
2026-10-10T15:45:13.967Z loadProject: no active .sokonanoda document
2026-10-10T15:45:13.984Z active document changed: file:///Users/penglingwei/Documents/lean/sokonanoda/sokonanoda-lang/editor/vscode/src/test/fixtures/workspace/units/u01.sokonanoda
2026-10-10T15:45:13.986Z soko/project ok: project=units.u01 (2 modules) reason=null
2026-10-10T15:45:14.031Z active document changed: (none)
2026-10-10T15:45:14.031Z loadProject: no active .sokonanoda document
2026-10-10T15:45:14.038Z active document changed: file:///Users/penglingwei/Documents/lean/sokonanoda/sokonanoda-lang/editor/vscode/src/test/fixtures/workspace/units/u01.sokonanoda
2026-10-10T15:45:14.041Z soko/project ok: project=units.u01 (2 modules) reason=null
2026-10-10T15:45:14.068Z active document changed: (none)
2026-10-10T15:45:14.068Z loadProject: no active .sokonanoda document
2026-10-10T15:45:14.080Z active document changed: file:///var/folders/81/6wvjcvys3y300jnj259_2jbw0000gn/T/sokonanoda-vscode-test-u1hVBf/p7-docs-intro.sokonanoda
2026-10-10T15:45:14.082Z soko/project ok: project=null reason=no-imports
2026-10-10T15:45:14.265Z soko/project ok: project=null reason=no-imports
2026-10-10T15:45:18.268Z active document changed: (none)
2026-10-10T15:45:18.268Z loadProject: no active .sokonanoda document
2026-10-10T15:45:18.388Z active document changed: file:///var/folders/81/6wvjcvys3y300jnj259_2jbw0000gn/T/sokonanoda-vscode-test-u1hVBf/p7-docs-constructor.sokonanoda
2026-10-10T15:45:18.390Z soko/project ok: project=null reason=no-imports
2026-10-10T15:45:18.591Z soko/project ok: project=null reason=no-imports
2026-10-10T15:45:22.525Z active document changed: (none)
2026-10-10T15:45:22.526Z loadProject: no active .sokonanoda document
2026-10-10T15:45:22.613Z active document changed: file:///var/folders/81/6wvjcvys3y300jnj259_2jbw0000gn/T/sokonanoda-vscode-test-u1hVBf/p7-docs-match.sokonanoda
2026-10-10T15:45:22.615Z soko/project ok: project=null reason=no-imports
2026-10-10T15:45:22.818Z soko/project ok: project=null reason=no-imports
2026-10-10T15:45:26.716Z active document changed: (none)
2026-10-10T15:45:26.716Z loadProject: no active .sokonanoda document
2026-10-10T15:45:26.755Z active document changed: file:///Users/penglingwei/Documents/lean/sokonanoda/sokonanoda-lang/editor/vscode/src/test/fixtures/workspace/units/u01.sokonanoda
2026-10-10T15:45:26.758Z soko/project ok: project=units.u01 (2 modules) reason=null
2026-10-10T15:45:26.784Z active document changed: (none)
2026-10-10T15:45:26.784Z loadProject: no active .sokonanoda document
2026-10-10T15:45:26.797Z active document changed: file:///var/folders/81/6wvjcvys3y300jnj259_2jbw0000gn/T/sokonanoda-vscode-test-u1hVBf/typing-latency.sokonanoda
2026-10-10T15:45:26.798Z soko/project ok: project=null reason=no-imports
2026-10-10T15:45:27.409Z soko/project ok: project=null reason=parse-error
2026-10-10T15:45:27.665Z soko/project ok: project=null reason=no-imports
2026-10-10T15:45:28.350Z soko/project ok: project=null reason=no-imports
PERF editor_keystroke_latency file=typing-latency.sokonanoda decls=24 diagnostics_ms=109 panel_ms=260 flicker_frames=0 keystrokes=8 lights_per_keystroke=0.00 tree_fires=6 typed=" intro hq"
2026-10-10T15:45:28.360Z active document changed: (none)
2026-10-10T15:45:28.361Z loadProject: no active .sokonanoda document
2026-10-10T15:45:28.375Z active document changed: file:///var/folders/81/6wvjcvys3y300jnj259_2jbw0000gn/T/sokonanoda-vscode-test-u1hVBf/latency-project/units/typing.sokonanoda
2026-10-10T15:45:28.377Z soko/project ok: project=null reason=no-imports
2026-10-10T15:45:28.596Z soko/project ok: project=units.typing (2 modules) reason=null
2026-10-10T15:45:29.672Z soko/project ok: project=units.typing (2 modules) reason=null
2026-10-10T15:45:31.253Z soko/project ok: project=units.typing (2 modules) reason=null
PERF editor_keystroke_latency_project keystrokes=9 lights_showdelay_0=18 lights_default=0
2026-10-10T15:45:31.706Z active document changed: (none)
2026-10-10T15:45:31.706Z loadProject: no active .sokonanoda document
2026-10-10T15:45:31.731Z active document changed: file:///var/folders/81/6wvjcvys3y300jnj259_2jbw0000gn/T/sokonanoda-vscode-test-u1hVBf/latency-steady/units/typing.sokonanoda
2026-10-10T15:45:31.733Z soko/project ok: project=null reason=no-imports
2026-10-10T15:45:32.504Z soko/project ok: project=units.typing (2 modules) reason=null
2026-10-10T15:45:32.517Z active document changed: (none)
2026-10-10T15:45:32.517Z loadProject: no active .sokonanoda document
2026-10-10T15:45:32.575Z client state: stopped
